
*** Running vivado
    with args -log ORB_accel_wrapper.vds -m64 -product Vivado -mode batch -messageDb vivado.pb -notrace -source ORB_accel_wrapper.tcl



****** Vivado v2020.2 (64-bit)
  **** SW Build 3064766 on Wed Nov 18 09:12:45 MST 2020
  **** IP Build 3064653 on Wed Nov 18 14:17:31 MST 2020
    ** Copyright 1986-2020 Xilinx, Inc. All Rights Reserved.

source ORB_accel_wrapper.tcl -notrace
INFO: [IP_Flow 19-234] Refreshing IP repositories
INFO: [IP_Flow 19-1700] Loaded user IP repository 'c:/Users/lxl/Documents/vitis_hls_ws/Project/Project/hls_project'.
INFO: [IP_Flow 19-2313] Loaded Vivado IP repository 'C:/Xilinx/Vivado/2020.2/data/ip'.
WARNING: [IP_Flow 19-4995] The host OS only allows 260 characters in a normal path. The IP cache path is more than 80 characters. If you experience issues with IP caching, please consider changing the IP cache to a location with a shorter path. Alternately consider using the OS subst command to map part of the path to a drive letter. 
Current IP cache path is c:/Users/lxl/Documents/vitis_hls_ws/Project/Project/vivado_project/ORB_accel.cache/ip 
Command: synth_design -top ORB_accel_wrapper -part xczu7ev-ffvc1156-2-e
Starting synth_design
Attempting to get a license for feature 'Synthesis' and/or device 'xczu7ev'
INFO: [Common 17-349] Got license for feature 'Synthesis' and/or device 'xczu7ev'
INFO: [Device 21-403] Loading part xczu7ev-ffvc1156-2-e
INFO: [Synth 8-7079] Multithreading enabled for synth_design using a maximum of 2 processes.
INFO: [Synth 8-7078] Launching helper process for spawning children vivado processes
INFO: [Synth 8-7075] Helper process launched with PID 6456
---------------------------------------------------------------------------------
Starting RTL Elaboration : Time (s): cpu = 00:00:02 ; elapsed = 00:00:03 . Memory (MB): peak = 1832.586 ; gain = 117.758
---------------------------------------------------------------------------------
INFO: [Synth 8-6157] synthesizing module 'ORB_accel_wrapper' [C:/Users/lxl/Documents/vitis_hls_ws/Project/Project/vivado_project/ORB_accel.gen/sources_1/bd/ORB_accel/hdl/ORB_accel_wrapper.v:12]
INFO: [Synth 8-6157] synthesizing module 'ORB_accel' [c:/Users/lxl/Documents/vitis_hls_ws/Project/Project/vivado_project/ORB_accel.gen/sources_1/bd/ORB_accel/synth/ORB_accel.v:13]
INFO: [Synth 8-6157] synthesizing module 'ORB_accel_ORB_accel_0_0' [C:/Users/lxl/Documents/vitis_hls_ws/Project/Project/vivado_project/ORB_accel.runs/synth_1/.Xil/Vivado-6840-LXL-MAGIC/realtime/ORB_accel_ORB_accel_0_0_stub.v:6]
INFO: [Synth 8-6155] done synthesizing module 'ORB_accel_ORB_accel_0_0' (1#1) [C:/Users/lxl/Documents/vitis_hls_ws/Project/Project/vivado_project/ORB_accel.runs/synth_1/.Xil/Vivado-6840-LXL-MAGIC/realtime/ORB_accel_ORB_accel_0_0_stub.v:6]
WARNING: [Synth 8-7071] port 'interrupt' of module 'ORB_accel_ORB_accel_0_0' is unconnected for instance 'ORB_accel_0' [c:/Users/lxl/Documents/vitis_hls_ws/Project/Project/vivado_project/ORB_accel.gen/sources_1/bd/ORB_accel/synth/ORB_accel.v:170]
WARNING: [Synth 8-7071] port 'dst_TUSER' of module 'ORB_accel_ORB_accel_0_0' is unconnected for instance 'ORB_accel_0' [c:/Users/lxl/Documents/vitis_hls_ws/Project/Project/vivado_project/ORB_accel.gen/sources_1/bd/ORB_accel/synth/ORB_accel.v:170]
WARNING: [Synth 8-7023] instance 'ORB_accel_0' of module 'ORB_accel_ORB_accel_0_0' has 38 connections declared, but only 36 given [c:/Users/lxl/Documents/vitis_hls_ws/Project/Project/vivado_project/ORB_accel.gen/sources_1/bd/ORB_accel/synth/ORB_accel.v:170]
INFO: [Synth 8-6157] synthesizing module 'ORB_accel_axi_dma_0_0' [C:/Users/lxl/Documents/vitis_hls_ws/Project/Project/vivado_project/ORB_accel.runs/synth_1/.Xil/Vivado-6840-LXL-MAGIC/realtime/ORB_accel_axi_dma_0_0_stub.v:6]
INFO: [Synth 8-6155] done synthesizing module 'ORB_accel_axi_dma_0_0' (2#1) [C:/Users/lxl/Documents/vitis_hls_ws/Project/Project/vivado_project/ORB_accel.runs/synth_1/.Xil/Vivado-6840-LXL-MAGIC/realtime/ORB_accel_axi_dma_0_0_stub.v:6]
WARNING: [Synth 8-7071] port 'mm2s_prmry_reset_out_n' of module 'ORB_accel_axi_dma_0_0' is unconnected for instance 'axi_dma_0' [c:/Users/lxl/Documents/vitis_hls_ws/Project/Project/vivado_project/ORB_accel.gen/sources_1/bd/ORB_accel/synth/ORB_accel.v:207]
WARNING: [Synth 8-7071] port 's2mm_prmry_reset_out_n' of module 'ORB_accel_axi_dma_0_0' is unconnected for instance 'axi_dma_0' [c:/Users/lxl/Documents/vitis_hls_ws/Project/Project/vivado_project/ORB_accel.gen/sources_1/bd/ORB_accel/synth/ORB_accel.v:207]
WARNING: [Synth 8-7071] port 'mm2s_introut' of module 'ORB_accel_axi_dma_0_0' is unconnected for instance 'axi_dma_0' [c:/Users/lxl/Documents/vitis_hls_ws/Project/Project/vivado_project/ORB_accel.gen/sources_1/bd/ORB_accel/synth/ORB_accel.v:207]
WARNING: [Synth 8-7071] port 's2mm_introut' of module 'ORB_accel_axi_dma_0_0' is unconnected for instance 'axi_dma_0' [c:/Users/lxl/Documents/vitis_hls_ws/Project/Project/vivado_project/ORB_accel.gen/sources_1/bd/ORB_accel/synth/ORB_accel.v:207]
WARNING: [Synth 8-7071] port 'axi_dma_tstvec' of module 'ORB_accel_axi_dma_0_0' is unconnected for instance 'axi_dma_0' [c:/Users/lxl/Documents/vitis_hls_ws/Project/Project/vivado_project/ORB_accel.gen/sources_1/bd/ORB_accel/synth/ORB_accel.v:207]
WARNING: [Synth 8-7023] instance 'axi_dma_0' of module 'ORB_accel_axi_dma_0_0' has 64 connections declared, but only 59 given [c:/Users/lxl/Documents/vitis_hls_ws/Project/Project/vivado_project/ORB_accel.gen/sources_1/bd/ORB_accel/synth/ORB_accel.v:207]
INFO: [Synth 8-6157] synthesizing module 'ORB_accel_axi_smc_0' [C:/Users/lxl/Documents/vitis_hls_ws/Project/Project/vivado_project/ORB_accel.runs/synth_1/.Xil/Vivado-6840-LXL-MAGIC/realtime/ORB_accel_axi_smc_0_stub.v:6]
INFO: [Synth 8-6155] done synthesizing module 'ORB_accel_axi_smc_0' (3#1) [C:/Users/lxl/Documents/vitis_hls_ws/Project/Project/vivado_project/ORB_accel.runs/synth_1/.Xil/Vivado-6840-LXL-MAGIC/realtime/ORB_accel_axi_smc_0_stub.v:6]
INFO: [Synth 8-6157] synthesizing module 'ORB_accel_axi_smc_1_0' [C:/Users/lxl/Documents/vitis_hls_ws/Project/Project/vivado_project/ORB_accel.runs/synth_1/.Xil/Vivado-6840-LXL-MAGIC/realtime/ORB_accel_axi_smc_1_0_stub.v:6]
INFO: [Synth 8-6155] done synthesizing module 'ORB_accel_axi_smc_1_0' (4#1) [C:/Users/lxl/Documents/vitis_hls_ws/Project/Project/vivado_project/ORB_accel.runs/synth_1/.Xil/Vivado-6840-LXL-MAGIC/realtime/ORB_accel_axi_smc_1_0_stub.v:6]
INFO: [Synth 8-6157] synthesizing module 'ORB_accel_axis_dwidth_converter_0_0' [C:/Users/lxl/Documents/vitis_hls_ws/Project/Project/vivado_project/ORB_accel.runs/synth_1/.Xil/Vivado-6840-LXL-MAGIC/realtime/ORB_accel_axis_dwidth_converter_0_0_stub.v:6]
INFO: [Synth 8-6155] done synthesizing module 'ORB_accel_axis_dwidth_converter_0_0' (5#1) [C:/Users/lxl/Documents/vitis_hls_ws/Project/Project/vivado_project/ORB_accel.runs/synth_1/.Xil/Vivado-6840-LXL-MAGIC/realtime/ORB_accel_axis_dwidth_converter_0_0_stub.v:6]
WARNING: [Synth 8-7071] port 'm_axis_tstrb' of module 'ORB_accel_axis_dwidth_converter_0_0' is unconnected for instance 'axis_dwidth_converter_0' [c:/Users/lxl/Documents/vitis_hls_ws/Project/Project/vivado_project/ORB_accel.gen/sources_1/bd/ORB_accel/synth/ORB_accel.v:339]
WARNING: [Synth 8-7071] port 'm_axis_tid' of module 'ORB_accel_axis_dwidth_converter_0_0' is unconnected for instance 'axis_dwidth_converter_0' [c:/Users/lxl/Documents/vitis_hls_ws/Project/Project/vivado_project/ORB_accel.gen/sources_1/bd/ORB_accel/synth/ORB_accel.v:339]
WARNING: [Synth 8-7071] port 'm_axis_tdest' of module 'ORB_accel_axis_dwidth_converter_0_0' is unconnected for instance 'axis_dwidth_converter_0' [c:/Users/lxl/Documents/vitis_hls_ws/Project/Project/vivado_project/ORB_accel.gen/sources_1/bd/ORB_accel/synth/ORB_accel.v:339]
WARNING: [Synth 8-7023] instance 'axis_dwidth_converter_0' of module 'ORB_accel_axis_dwidth_converter_0_0' has 18 connections declared, but only 15 given [c:/Users/lxl/Documents/vitis_hls_ws/Project/Project/vivado_project/ORB_accel.gen/sources_1/bd/ORB_accel/synth/ORB_accel.v:339]
INFO: [Synth 8-6157] synthesizing module 'ORB_accel_ps8_0_axi_periph_0' [c:/Users/lxl/Documents/vitis_hls_ws/Project/Project/vivado_project/ORB_accel.gen/sources_1/bd/ORB_accel/synth/ORB_accel.v:552]
INFO: [Synth 8-6157] synthesizing module 'm00_couplers_imp_LIPYZ' [c:/Users/lxl/Documents/vitis_hls_ws/Project/Project/vivado_project/ORB_accel.gen/sources_1/bd/ORB_accel/synth/ORB_accel.v:1086]
INFO: [Synth 8-6155] done synthesizing module 'm00_couplers_imp_LIPYZ' (6#1) [c:/Users/lxl/Documents/vitis_hls_ws/Project/Project/vivado_project/ORB_accel.gen/sources_1/bd/ORB_accel/synth/ORB_accel.v:1086]
INFO: [Synth 8-6157] synthesizing module 'm01_couplers_imp_1NBAA3N' [c:/Users/lxl/Documents/vitis_hls_ws/Project/Project/vivado_project/ORB_accel.gen/sources_1/bd/ORB_accel/synth/ORB_accel.v:1211]
INFO: [Synth 8-6155] done synthesizing module 'm01_couplers_imp_1NBAA3N' (7#1) [c:/Users/lxl/Documents/vitis_hls_ws/Project/Project/vivado_project/ORB_accel.gen/sources_1/bd/ORB_accel/synth/ORB_accel.v:1211]
INFO: [Synth 8-6157] synthesizing module 's00_couplers_imp_16QR5IF' [c:/Users/lxl/Documents/vitis_hls_ws/Project/Project/vivado_project/ORB_accel.gen/sources_1/bd/ORB_accel/synth/ORB_accel.v:1343]
INFO: [Synth 8-6157] synthesizing module 'ORB_accel_auto_ds_0' [C:/Users/lxl/Documents/vitis_hls_ws/Project/Project/vivado_project/ORB_accel.runs/synth_1/.Xil/Vivado-6840-LXL-MAGIC/realtime/ORB_accel_auto_ds_0_stub.v:6]
INFO: [Synth 8-6155] done synthesizing module 'ORB_accel_auto_ds_0' (8#1) [C:/Users/lxl/Documents/vitis_hls_ws/Project/Project/vivado_project/ORB_accel.runs/synth_1/.Xil/Vivado-6840-LXL-MAGIC/realtime/ORB_accel_auto_ds_0_stub.v:6]
INFO: [Synth 8-6157] synthesizing module 'ORB_accel_auto_pc_0' [C:/Users/lxl/Documents/vitis_hls_ws/Project/Project/vivado_project/ORB_accel.runs/synth_1/.Xil/Vivado-6840-LXL-MAGIC/realtime/ORB_accel_auto_pc_0_stub.v:6]
INFO: [Synth 8-6155] done synthesizing module 'ORB_accel_auto_pc_0' (9#1) [C:/Users/lxl/Documents/vitis_hls_ws/Project/Project/vivado_project/ORB_accel.runs/synth_1/.Xil/Vivado-6840-LXL-MAGIC/realtime/ORB_accel_auto_pc_0_stub.v:6]
INFO: [Synth 8-6155] done synthesizing module 's00_couplers_imp_16QR5IF' (10#1) [c:/Users/lxl/Documents/vitis_hls_ws/Project/Project/vivado_project/ORB_accel.gen/sources_1/bd/ORB_accel/synth/ORB_accel.v:1343]
INFO: [Synth 8-6157] synthesizing module 'ORB_accel_xbar_0' [C:/Users/lxl/Documents/vitis_hls_ws/Project/Project/vivado_project/ORB_accel.runs/synth_1/.Xil/Vivado-6840-LXL-MAGIC/realtime/ORB_accel_xbar_0_stub.v:6]
INFO: [Synth 8-6155] done synthesizing module 'ORB_accel_xbar_0' (11#1) [C:/Users/lxl/Documents/vitis_hls_ws/Project/Project/vivado_project/ORB_accel.runs/synth_1/.Xil/Vivado-6840-LXL-MAGIC/realtime/ORB_accel_xbar_0_stub.v:6]
WARNING: [Synth 8-7071] port 'm_axi_awprot' of module 'ORB_accel_xbar_0' is unconnected for instance 'xbar' [c:/Users/lxl/Documents/vitis_hls_ws/Project/Project/vivado_project/ORB_accel.gen/sources_1/bd/ORB_accel/synth/ORB_accel.v:1045]
WARNING: [Synth 8-7071] port 'm_axi_arprot' of module 'ORB_accel_xbar_0' is unconnected for instance 'xbar' [c:/Users/lxl/Documents/vitis_hls_ws/Project/Project/vivado_project/ORB_accel.gen/sources_1/bd/ORB_accel/synth/ORB_accel.v:1045]
WARNING: [Synth 8-7023] instance 'xbar' of module 'ORB_accel_xbar_0' has 40 connections declared, but only 38 given [c:/Users/lxl/Documents/vitis_hls_ws/Project/Project/vivado_project/ORB_accel.gen/sources_1/bd/ORB_accel/synth/ORB_accel.v:1045]
INFO: [Synth 8-6155] done synthesizing module 'ORB_accel_ps8_0_axi_periph_0' (12#1) [c:/Users/lxl/Documents/vitis_hls_ws/Project/Project/vivado_project/ORB_accel.gen/sources_1/bd/ORB_accel/synth/ORB_accel.v:552]
INFO: [Synth 8-6157] synthesizing module 'ORB_accel_rst_ps8_0_100M_0' [C:/Users/lxl/Documents/vitis_hls_ws/Project/Project/vivado_project/ORB_accel.runs/synth_1/.Xil/Vivado-6840-LXL-MAGIC/realtime/ORB_accel_rst_ps8_0_100M_0_stub.v:6]
INFO: [Synth 8-6155] done synthesizing module 'ORB_accel_rst_ps8_0_100M_0' (13#1) [C:/Users/lxl/Documents/vitis_hls_ws/Project/Project/vivado_project/ORB_accel.runs/synth_1/.Xil/Vivado-6840-LXL-MAGIC/realtime/ORB_accel_rst_ps8_0_100M_0_stub.v:6]
WARNING: [Synth 8-7071] port 'mb_reset' of module 'ORB_accel_rst_ps8_0_100M_0' is unconnected for instance 'rst_ps8_0_100M' [c:/Users/lxl/Documents/vitis_hls_ws/Project/Project/vivado_project/ORB_accel.gen/sources_1/bd/ORB_accel/synth/ORB_accel.v:434]
WARNING: [Synth 8-7071] port 'bus_struct_reset' of module 'ORB_accel_rst_ps8_0_100M_0' is unconnected for instance 'rst_ps8_0_100M' [c:/Users/lxl/Documents/vitis_hls_ws/Project/Project/vivado_project/ORB_accel.gen/sources_1/bd/ORB_accel/synth/ORB_accel.v:434]
WARNING: [Synth 8-7071] port 'peripheral_reset' of module 'ORB_accel_rst_ps8_0_100M_0' is unconnected for instance 'rst_ps8_0_100M' [c:/Users/lxl/Documents/vitis_hls_ws/Project/Project/vivado_project/ORB_accel.gen/sources_1/bd/ORB_accel/synth/ORB_accel.v:434]
WARNING: [Synth 8-7071] port 'interconnect_aresetn' of module 'ORB_accel_rst_ps8_0_100M_0' is unconnected for instance 'rst_ps8_0_100M' [c:/Users/lxl/Documents/vitis_hls_ws/Project/Project/vivado_project/ORB_accel.gen/sources_1/bd/ORB_accel/synth/ORB_accel.v:434]
WARNING: [Synth 8-7023] instance 'rst_ps8_0_100M' of module 'ORB_accel_rst_ps8_0_100M_0' has 10 connections declared, but only 6 given [c:/Users/lxl/Documents/vitis_hls_ws/Project/Project/vivado_project/ORB_accel.gen/sources_1/bd/ORB_accel/synth/ORB_accel.v:434]
INFO: [Synth 8-6157] synthesizing module 'ORB_accel_zynq_ultra_ps_e_0_0' [C:/Users/lxl/Documents/vitis_hls_ws/Project/Project/vivado_project/ORB_accel.runs/synth_1/.Xil/Vivado-6840-LXL-MAGIC/realtime/ORB_accel_zynq_ultra_ps_e_0_0_stub.v:6]
INFO: [Synth 8-6155] done synthesizing module 'ORB_accel_zynq_ultra_ps_e_0_0' (14#1) [C:/Users/lxl/Documents/vitis_hls_ws/Project/Project/vivado_project/ORB_accel.runs/synth_1/.Xil/Vivado-6840-LXL-MAGIC/realtime/ORB_accel_zynq_ultra_ps_e_0_0_stub.v:6]
WARNING: [Synth 8-7071] port 'maxigp0_awuser' of module 'ORB_accel_zynq_ultra_ps_e_0_0' is unconnected for instance 'zynq_ultra_ps_e_0' [c:/Users/lxl/Documents/vitis_hls_ws/Project/Project/vivado_project/ORB_accel.gen/sources_1/bd/ORB_accel/synth/ORB_accel.v:441]
WARNING: [Synth 8-7071] port 'maxigp0_aruser' of module 'ORB_accel_zynq_ultra_ps_e_0_0' is unconnected for instance 'zynq_ultra_ps_e_0' [c:/Users/lxl/Documents/vitis_hls_ws/Project/Project/vivado_project/ORB_accel.gen/sources_1/bd/ORB_accel/synth/ORB_accel.v:441]
WARNING: [Synth 8-7071] port 'saxigp3_awready' of module 'ORB_accel_zynq_ultra_ps_e_0_0' is unconnected for instance 'zynq_ultra_ps_e_0' [c:/Users/lxl/Documents/vitis_hls_ws/Project/Project/vivado_project/ORB_accel.gen/sources_1/bd/ORB_accel/synth/ORB_accel.v:441]
WARNING: [Synth 8-7071] port 'saxigp3_wready' of module 'ORB_accel_zynq_ultra_ps_e_0_0' is unconnected for instance 'zynq_ultra_ps_e_0' [c:/Users/lxl/Documents/vitis_hls_ws/Project/Project/vivado_project/ORB_accel.gen/sources_1/bd/ORB_accel/synth/ORB_accel.v:441]
WARNING: [Synth 8-7071] port 'saxigp3_bid' of module 'ORB_accel_zynq_ultra_ps_e_0_0' is unconnected for instance 'zynq_ultra_ps_e_0' [c:/Users/lxl/Documents/vitis_hls_ws/Project/Project/vivado_project/ORB_accel.gen/sources_1/bd/ORB_accel/synth/ORB_accel.v:441]
WARNING: [Synth 8-7071] port 'saxigp3_bresp' of module 'ORB_accel_zynq_ultra_ps_e_0_0' is unconnected for instance 'zynq_ultra_ps_e_0' [c:/Users/lxl/Documents/vitis_hls_ws/Project/Project/vivado_project/ORB_accel.gen/sources_1/bd/ORB_accel/synth/ORB_accel.v:441]
WARNING: [Synth 8-7071] port 'saxigp3_bvalid' of module 'ORB_accel_zynq_ultra_ps_e_0_0' is unconnected for instance 'zynq_ultra_ps_e_0' [c:/Users/lxl/Documents/vitis_hls_ws/Project/Project/vivado_project/ORB_accel.gen/sources_1/bd/ORB_accel/synth/ORB_accel.v:441]
WARNING: [Synth 8-7071] port 'saxigp3_rid' of module 'ORB_accel_zynq_ultra_ps_e_0_0' is unconnected for instance 'zynq_ultra_ps_e_0' [c:/Users/lxl/Documents/vitis_hls_ws/Project/Project/vivado_project/ORB_accel.gen/sources_1/bd/ORB_accel/synth/ORB_accel.v:441]
WARNING: [Synth 8-7071] port 'saxigp4_bid' of module 'ORB_accel_zynq_ultra_ps_e_0_0' is unconnected for instance 'zynq_ultra_ps_e_0' [c:/Users/lxl/Documents/vitis_hls_ws/Project/Project/vivado_project/ORB_accel.gen/sources_1/bd/ORB_accel/synth/ORB_accel.v:441]
WARNING: [Synth 8-7071] port 'saxigp4_arready' of module 'ORB_accel_zynq_ultra_ps_e_0_0' is unconnected for instance 'zynq_ultra_ps_e_0' [c:/Users/lxl/Documents/vitis_hls_ws/Project/Project/vivado_project/ORB_accel.gen/sources_1/bd/ORB_accel/synth/ORB_accel.v:441]
WARNING: [Synth 8-7071] port 'saxigp4_rid' of module 'ORB_accel_zynq_ultra_ps_e_0_0' is unconnected for instance 'zynq_ultra_ps_e_0' [c:/Users/lxl/Documents/vitis_hls_ws/Project/Project/vivado_project/ORB_accel.gen/sources_1/bd/ORB_accel/synth/ORB_accel.v:441]
WARNING: [Synth 8-7071] port 'saxigp4_rdata' of module 'ORB_accel_zynq_ultra_ps_e_0_0' is unconnected for instance 'zynq_ultra_ps_e_0' [c:/Users/lxl/Documents/vitis_hls_ws/Project/Project/vivado_project/ORB_accel.gen/sources_1/bd/ORB_accel/synth/ORB_accel.v:441]
WARNING: [Synth 8-7071] port 'saxigp4_rresp' of module 'ORB_accel_zynq_ultra_ps_e_0_0' is unconnected for instance 'zynq_ultra_ps_e_0' [c:/Users/lxl/Documents/vitis_hls_ws/Project/Project/vivado_project/ORB_accel.gen/sources_1/bd/ORB_accel/synth/ORB_accel.v:441]
WARNING: [Synth 8-7071] port 'saxigp4_rlast' of module 'ORB_accel_zynq_ultra_ps_e_0_0' is unconnected for instance 'zynq_ultra_ps_e_0' [c:/Users/lxl/Documents/vitis_hls_ws/Project/Project/vivado_project/ORB_accel.gen/sources_1/bd/ORB_accel/synth/ORB_accel.v:441]
WARNING: [Synth 8-7071] port 'saxigp4_rvalid' of module 'ORB_accel_zynq_ultra_ps_e_0_0' is unconnected for instance 'zynq_ultra_ps_e_0' [c:/Users/lxl/Documents/vitis_hls_ws/Project/Project/vivado_project/ORB_accel.gen/sources_1/bd/ORB_accel/synth/ORB_accel.v:441]
WARNING: [Synth 8-7023] instance 'zynq_ultra_ps_e_0' of module 'ORB_accel_zynq_ultra_ps_e_0_0' has 123 connections declared, but only 108 given [c:/Users/lxl/Documents/vitis_hls_ws/Project/Project/vivado_project/ORB_accel.gen/sources_1/bd/ORB_accel/synth/ORB_accel.v:441]
INFO: [Synth 8-6155] done synthesizing module 'ORB_accel' (15#1) [c:/Users/lxl/Documents/vitis_hls_ws/Project/Project/vivado_project/ORB_accel.gen/sources_1/bd/ORB_accel/synth/ORB_accel.v:13]
INFO: [Synth 8-6155] done synthesizing module 'ORB_accel_wrapper' (16#1) [C:/Users/lxl/Documents/vitis_hls_ws/Project/Project/vivado_project/ORB_accel.gen/sources_1/bd/ORB_accel/hdl/ORB_accel_wrapper.v:12]
---------------------------------------------------------------------------------
Finished RTL Elaboration : Time (s): cpu = 00:00:03 ; elapsed = 00:00:04 . Memory (MB): peak = 1890.250 ; gain = 175.422
---------------------------------------------------------------------------------
---------------------------------------------------------------------------------
Start Handling Custom Attributes
---------------------------------------------------------------------------------
---------------------------------------------------------------------------------
Finished Handling Custom Attributes : Time (s): cpu = 00:00:03 ; elapsed = 00:00:04 . Memory (MB): peak = 1908.180 ; gain = 193.352
---------------------------------------------------------------------------------
---------------------------------------------------------------------------------
Finished RTL Optimization Phase 1 : Time (s): cpu = 00:00:03 ; elapsed = 00:00:04 . Memory (MB): peak = 1908.180 ; gain = 193.352
---------------------------------------------------------------------------------
Netlist sorting complete. Time (s): cpu = 00:00:00 ; elapsed = 00:00:00.026 . Memory (MB): peak = 1908.180 ; gain = 0.000
INFO: [Project 1-570] Preparing netlist for logic optimization

Processing XDC Constraints
Initializing timing engine
Parsing XDC File [c:/Users/lxl/Documents/vitis_hls_ws/Project/Project/vivado_project/ORB_accel.gen/sources_1/bd/ORB_accel/ip/ORB_accel_ORB_accel_0_0/ORB_accel_ORB_accel_0_0/ORB_accel_ORB_accel_0_0_in_context.xdc] for cell 'ORB_accel_i/ORB_accel_0'
Finished Parsing XDC File [c:/Users/lxl/Documents/vitis_hls_ws/Project/Project/vivado_project/ORB_accel.gen/sources_1/bd/ORB_accel/ip/ORB_accel_ORB_accel_0_0/ORB_accel_ORB_accel_0_0/ORB_accel_ORB_accel_0_0_in_context.xdc] for cell 'ORB_accel_i/ORB_accel_0'
Parsing XDC File [c:/Users/lxl/Documents/vitis_hls_ws/Project/Project/vivado_project/ORB_accel.gen/sources_1/bd/ORB_accel/ip/ORB_accel_axi_dma_0_0/ORB_accel_axi_dma_0_0/ORB_accel_axi_dma_0_0_in_context.xdc] for cell 'ORB_accel_i/axi_dma_0'
Finished Parsing XDC File [c:/Users/lxl/Documents/vitis_hls_ws/Project/Project/vivado_project/ORB_accel.gen/sources_1/bd/ORB_accel/ip/ORB_accel_axi_dma_0_0/ORB_accel_axi_dma_0_0/ORB_accel_axi_dma_0_0_in_context.xdc] for cell 'ORB_accel_i/axi_dma_0'
Parsing XDC File [c:/Users/lxl/Documents/vitis_hls_ws/Project/Project/vivado_project/ORB_accel.gen/sources_1/bd/ORB_accel/ip/ORB_accel_axi_smc_0/ORB_accel_axi_smc_0/ORB_accel_axi_smc_0_in_context.xdc] for cell 'ORB_accel_i/axi_smc'
Finished Parsing XDC File [c:/Users/lxl/Documents/vitis_hls_ws/Project/Project/vivado_project/ORB_accel.gen/sources_1/bd/ORB_accel/ip/ORB_accel_axi_smc_0/ORB_accel_axi_smc_0/ORB_accel_axi_smc_0_in_context.xdc] for cell 'ORB_accel_i/axi_smc'
Parsing XDC File [c:/Users/lxl/Documents/vitis_hls_ws/Project/Project/vivado_project/ORB_accel.gen/sources_1/bd/ORB_accel/ip/ORB_accel_axi_smc_1_0/ORB_accel_axi_smc_1_0/ORB_accel_axi_smc_1_0_in_context.xdc] for cell 'ORB_accel_i/axi_smc_1'
Finished Parsing XDC File [c:/Users/lxl/Documents/vitis_hls_ws/Project/Project/vivado_project/ORB_accel.gen/sources_1/bd/ORB_accel/ip/ORB_accel_axi_smc_1_0/ORB_accel_axi_smc_1_0/ORB_accel_axi_smc_1_0_in_context.xdc] for cell 'ORB_accel_i/axi_smc_1'
Parsing XDC File [c:/Users/lxl/Documents/vitis_hls_ws/Project/Project/vivado_project/ORB_accel.gen/sources_1/bd/ORB_accel/ip/ORB_accel_axis_dwidth_converter_0_0/ORB_accel_axis_dwidth_converter_0_0/ORB_accel_axis_dwidth_converter_0_0_in_context.xdc] for cell 'ORB_accel_i/axis_dwidth_converter_0'
Finished Parsing XDC File [c:/Users/lxl/Documents/vitis_hls_ws/Project/Project/vivado_project/ORB_accel.gen/sources_1/bd/ORB_accel/ip/ORB_accel_axis_dwidth_converter_0_0/ORB_accel_axis_dwidth_converter_0_0/ORB_accel_axis_dwidth_converter_0_0_in_context.xdc] for cell 'ORB_accel_i/axis_dwidth_converter_0'
Parsing XDC File [c:/Users/lxl/Documents/vitis_hls_ws/Project/Project/vivado_project/ORB_accel.gen/sources_1/bd/ORB_accel/ip/ORB_accel_xbar_0/ORB_accel_xbar_0/ORB_accel_xbar_0_in_context.xdc] for cell 'ORB_accel_i/ps8_0_axi_periph/xbar'
Finished Parsing XDC File [c:/Users/lxl/Documents/vitis_hls_ws/Project/Project/vivado_project/ORB_accel.gen/sources_1/bd/ORB_accel/ip/ORB_accel_xbar_0/ORB_accel_xbar_0/ORB_accel_xbar_0_in_context.xdc] for cell 'ORB_accel_i/ps8_0_axi_periph/xbar'
Parsing XDC File [c:/Users/lxl/Documents/vitis_hls_ws/Project/Project/vivado_project/ORB_accel.gen/sources_1/bd/ORB_accel/ip/ORB_accel_auto_ds_0/ORB_accel_auto_ds_0/ORB_accel_auto_ds_0_in_context.xdc] for cell 'ORB_accel_i/ps8_0_axi_periph/s00_couplers/auto_ds'
Finished Parsing XDC File [c:/Users/lxl/Documents/vitis_hls_ws/Project/Project/vivado_project/ORB_accel.gen/sources_1/bd/ORB_accel/ip/ORB_accel_auto_ds_0/ORB_accel_auto_ds_0/ORB_accel_auto_ds_0_in_context.xdc] for cell 'ORB_accel_i/ps8_0_axi_periph/s00_couplers/auto_ds'
Parsing XDC File [c:/Users/lxl/Documents/vitis_hls_ws/Project/Project/vivado_project/ORB_accel.gen/sources_1/bd/ORB_accel/ip/ORB_accel_auto_pc_0/ORB_accel_auto_pc_0/ORB_accel_auto_pc_0_in_context.xdc] for cell 'ORB_accel_i/ps8_0_axi_periph/s00_couplers/auto_pc'
Finished Parsing XDC File [c:/Users/lxl/Documents/vitis_hls_ws/Project/Project/vivado_project/ORB_accel.gen/sources_1/bd/ORB_accel/ip/ORB_accel_auto_pc_0/ORB_accel_auto_pc_0/ORB_accel_auto_pc_0_in_context.xdc] for cell 'ORB_accel_i/ps8_0_axi_periph/s00_couplers/auto_pc'
Parsing XDC File [c:/Users/lxl/Documents/vitis_hls_ws/Project/Project/vivado_project/ORB_accel.gen/sources_1/bd/ORB_accel/ip/ORB_accel_rst_ps8_0_100M_0/ORB_accel_rst_ps8_0_100M_0/ORB_accel_rst_ps8_0_100M_0_in_context.xdc] for cell 'ORB_accel_i/rst_ps8_0_100M'
Finished Parsing XDC File [c:/Users/lxl/Documents/vitis_hls_ws/Project/Project/vivado_project/ORB_accel.gen/sources_1/bd/ORB_accel/ip/ORB_accel_rst_ps8_0_100M_0/ORB_accel_rst_ps8_0_100M_0/ORB_accel_rst_ps8_0_100M_0_in_context.xdc] for cell 'ORB_accel_i/rst_ps8_0_100M'
Parsing XDC File [c:/Users/lxl/Documents/vitis_hls_ws/Project/Project/vivado_project/ORB_accel.gen/sources_1/bd/ORB_accel/ip/ORB_accel_zynq_ultra_ps_e_0_0/ORB_accel_zynq_ultra_ps_e_0_0/ORB_accel_zynq_ultra_ps_e_0_0_in_context.xdc] for cell 'ORB_accel_i/zynq_ultra_ps_e_0'
Finished Parsing XDC File [c:/Users/lxl/Documents/vitis_hls_ws/Project/Project/vivado_project/ORB_accel.gen/sources_1/bd/ORB_accel/ip/ORB_accel_zynq_ultra_ps_e_0_0/ORB_accel_zynq_ultra_ps_e_0_0/ORB_accel_zynq_ultra_ps_e_0_0_in_context.xdc] for cell 'ORB_accel_i/zynq_ultra_ps_e_0'
Parsing XDC File [C:/Users/lxl/Documents/vitis_hls_ws/Project/Project/vivado_project/ORB_accel.runs/synth_1/dont_touch.xdc]
Finished Parsing XDC File [C:/Users/lxl/Documents/vitis_hls_ws/Project/Project/vivado_project/ORB_accel.runs/synth_1/dont_touch.xdc]
Completed Processing XDC Constraints

Netlist sorting complete. Time (s): cpu = 00:00:00 ; elapsed = 00:00:00 . Memory (MB): peak = 1947.102 ; gain = 0.000
INFO: [Project 1-111] Unisim Transformation Summary:
No Unisim elements were transformed.

Constraint Validation Runtime : Time (s): cpu = 00:00:00 ; elapsed = 00:00:00.006 . Memory (MB): peak = 1947.102 ; gain = 0.000
---------------------------------------------------------------------------------
Finished Constraint Validation : Time (s): cpu = 00:00:09 ; elapsed = 00:00:11 . Memory (MB): peak = 1947.102 ; gain = 232.273
---------------------------------------------------------------------------------
---------------------------------------------------------------------------------
Start Loading Part and Timing Information
---------------------------------------------------------------------------------
Loading part: xczu7ev-ffvc1156-2-e
INFO: [Synth 8-6742] Reading net delay rules and data
---------------------------------------------------------------------------------
Finished Loading Part and Timing Information : Time (s): cpu = 00:00:09 ; elapsed = 00:00:11 . Memory (MB): peak = 1947.102 ; gain = 232.273
---------------------------------------------------------------------------------
---------------------------------------------------------------------------------
Start Applying 'set_property' XDC Constraints
---------------------------------------------------------------------------------
Applied set_property KEEP_HIERARCHY = SOFT for ORB_accel_i. (constraint file  auto generated constraint).
Applied set_property KEEP_HIERARCHY = SOFT for ORB_accel_i/ORB_accel_0. (constraint file  auto generated constraint).
Applied set_property KEEP_HIERARCHY = SOFT for ORB_accel_i/axi_dma_0. (constraint file  auto generated constraint).
Applied set_property KEEP_HIERARCHY = SOFT for ORB_accel_i/axi_smc. (constraint file  auto generated constraint).
Applied set_property KEEP_HIERARCHY = SOFT for ORB_accel_i/axi_smc_1. (constraint file  auto generated constraint).
Applied set_property KEEP_HIERARCHY = SOFT for ORB_accel_i/axis_dwidth_converter_0. (constraint file  auto generated constraint).
Applied set_property KEEP_HIERARCHY = SOFT for ORB_accel_i/ps8_0_axi_periph/xbar. (constraint file  auto generated constraint).
Applied set_property KEEP_HIERARCHY = SOFT for ORB_accel_i/ps8_0_axi_periph/s00_couplers/auto_ds. (constraint file  auto generated constraint).
Applied set_property KEEP_HIERARCHY = SOFT for ORB_accel_i/ps8_0_axi_periph/s00_couplers/auto_pc. (constraint file  auto generated constraint).
Applied set_property KEEP_HIERARCHY = SOFT for ORB_accel_i/ps8_0_axi_periph. (constraint file  auto generated constraint).
Applied set_property KEEP_HIERARCHY = SOFT for ORB_accel_i/rst_ps8_0_100M. (constraint file  auto generated constraint).
Applied set_property KEEP_HIERARCHY = SOFT for ORB_accel_i/zynq_ultra_ps_e_0. (constraint file  auto generated constraint).
---------------------------------------------------------------------------------
Finished applying 'set_property' XDC Constraints : Time (s): cpu = 00:00:09 ; elapsed = 00:00:11 . Memory (MB): peak = 1947.102 ; gain = 232.273
---------------------------------------------------------------------------------
---------------------------------------------------------------------------------
Finished RTL Optimization Phase 2 : Time (s): cpu = 00:00:09 ; elapsed = 00:00:12 . Memory (MB): peak = 1947.102 ; gain = 232.273
---------------------------------------------------------------------------------
---------------------------------------------------------------------------------
Start RTL Component Statistics 
---------------------------------------------------------------------------------
Detailed RTL Component Info : 
---------------------------------------------------------------------------------
Finished RTL Component Statistics 
---------------------------------------------------------------------------------
---------------------------------------------------------------------------------
Start Part Resource Summary
---------------------------------------------------------------------------------
Part Resources:
DSPs: 1728 (col length:144)
BRAMs: 624 (col length: RAMB18 144 RAMB36 72)
---------------------------------------------------------------------------------
Finished Part Resource Summary
---------------------------------------------------------------------------------
---------------------------------------------------------------------------------
Start Cross Boundary and Area Optimization
---------------------------------------------------------------------------------
---------------------------------------------------------------------------------
Finished Cross Boundary and Area Optimization : Time (s): cpu = 00:00:10 ; elapsed = 00:00:13 . Memory (MB): peak = 1947.102 ; gain = 232.273
---------------------------------------------------------------------------------
---------------------------------------------------------------------------------
Start Applying XDC Timing Constraints
---------------------------------------------------------------------------------
---------------------------------------------------------------------------------
Finished Applying XDC Timing Constraints : Time (s): cpu = 00:00:19 ; elapsed = 00:00:23 . Memory (MB): peak = 2549.852 ; gain = 835.023
---------------------------------------------------------------------------------
---------------------------------------------------------------------------------
Start Timing Optimization
---------------------------------------------------------------------------------
---------------------------------------------------------------------------------
Finished Timing Optimization : Time (s): cpu = 00:00:19 ; elapsed = 00:00:23 . Memory (MB): peak = 2549.852 ; gain = 835.023
---------------------------------------------------------------------------------
---------------------------------------------------------------------------------
Start Technology Mapping
---------------------------------------------------------------------------------
---------------------------------------------------------------------------------
Finished Technology Mapping : Time (s): cpu = 00:00:19 ; elapsed = 00:00:23 . Memory (MB): peak = 2570.086 ; gain = 855.258
---------------------------------------------------------------------------------
---------------------------------------------------------------------------------
Start IO Insertion
---------------------------------------------------------------------------------
---------------------------------------------------------------------------------
Start Flattening Before IO Insertion
---------------------------------------------------------------------------------
---------------------------------------------------------------------------------
Finished Flattening Before IO Insertion
---------------------------------------------------------------------------------
---------------------------------------------------------------------------------
Start Final Netlist Cleanup
---------------------------------------------------------------------------------
---------------------------------------------------------------------------------
Finished Final Netlist Cleanup
---------------------------------------------------------------------------------
---------------------------------------------------------------------------------
Finished IO Insertion : Time (s): cpu = 00:00:20 ; elapsed = 00:00:25 . Memory (MB): peak = 2576.898 ; gain = 862.070
---------------------------------------------------------------------------------
---------------------------------------------------------------------------------
Start Renaming Generated Instances
---------------------------------------------------------------------------------
---------------------------------------------------------------------------------
Finished Renaming Generated Instances : Time (s): cpu = 00:00:20 ; elapsed = 00:00:25 . Memory (MB): peak = 2576.898 ; gain = 862.070
---------------------------------------------------------------------------------
---------------------------------------------------------------------------------
Start Rebuilding User Hierarchy
---------------------------------------------------------------------------------
---------------------------------------------------------------------------------
Finished Rebuilding User Hierarchy : Time (s): cpu = 00:00:20 ; elapsed = 00:00:25 . Memory (MB): peak = 2576.898 ; gain = 862.070
---------------------------------------------------------------------------------
---------------------------------------------------------------------------------
Start Renaming Generated Ports
---------------------------------------------------------------------------------
---------------------------------------------------------------------------------
Finished Renaming Generated Ports : Time (s): cpu = 00:00:20 ; elapsed = 00:00:25 . Memory (MB): peak = 2576.898 ; gain = 862.070
---------------------------------------------------------------------------------
---------------------------------------------------------------------------------
Start Handling Custom Attributes
---------------------------------------------------------------------------------
---------------------------------------------------------------------------------
Finished Handling Custom Attributes : Time (s): cpu = 00:00:20 ; elapsed = 00:00:25 . Memory (MB): peak = 2576.898 ; gain = 862.070
---------------------------------------------------------------------------------
---------------------------------------------------------------------------------
Start Renaming Generated Nets
---------------------------------------------------------------------------------
---------------------------------------------------------------------------------
Finished Renaming Generated Nets : Time (s): cpu = 00:00:20 ; elapsed = 00:00:25 . Memory (MB): peak = 2576.898 ; gain = 862.070
---------------------------------------------------------------------------------
---------------------------------------------------------------------------------
Start Writing Synthesis Report
---------------------------------------------------------------------------------

Report BlackBoxes: 
+------+------------------------------------+----------+
|      |BlackBox name                       |Instances |
+------+------------------------------------+----------+
|1     |ORB_accel_xbar_0                    |         1|
|2     |ORB_accel_auto_ds_0                 |         1|
|3     |ORB_accel_auto_pc_0                 |         1|
|4     |ORB_accel_ORB_accel_0_0             |         1|
|5     |ORB_accel_axi_dma_0_0               |         1|
|6     |ORB_accel_axi_smc_0                 |         1|
|7     |ORB_accel_axi_smc_1_0               |         1|
|8     |ORB_accel_axis_dwidth_converter_0_0 |         1|
|9     |ORB_accel_rst_ps8_0_100M_0          |         1|
|10    |ORB_accel_zynq_ultra_ps_e_0_0       |         1|
+------+------------------------------------+----------+

Report Cell Usage: 
+------+----------------------------------+------+
|      |Cell                              |Count |
+------+----------------------------------+------+
|1     |ORB_accel_ORB_accel_0             |     1|
|2     |ORB_accel_auto_ds                 |     1|
|3     |ORB_accel_auto_pc                 |     1|
|4     |ORB_accel_axi_dma_0               |     1|
|5     |ORB_accel_axi_smc                 |     1|
|6     |ORB_accel_axi_smc_1               |     1|
|7     |ORB_accel_axis_dwidth_converter_0 |     1|
|8     |ORB_accel_rst_ps8_0_100M          |     1|
|9     |ORB_accel_xbar                    |     1|
|10    |ORB_accel_zynq_ultra_ps_e_0       |     1|
+------+----------------------------------+------+
---------------------------------------------------------------------------------
Finished Writing Synthesis Report : Time (s): cpu = 00:00:20 ; elapsed = 00:00:25 . Memory (MB): peak = 2576.898 ; gain = 862.070
---------------------------------------------------------------------------------
Synthesis finished with 0 errors, 0 critical warnings and 0 warnings.
Synthesis Optimization Runtime : Time (s): cpu = 00:00:14 ; elapsed = 00:00:21 . Memory (MB): peak = 2576.898 ; gain = 823.148
Synthesis Optimization Complete : Time (s): cpu = 00:00:20 ; elapsed = 00:00:25 . Memory (MB): peak = 2576.898 ; gain = 862.070
INFO: [Project 1-571] Translating synthesized netlist
Netlist sorting complete. Time (s): cpu = 00:00:00 ; elapsed = 00:00:00.022 . Memory (MB): peak = 2576.898 ; gain = 0.000
INFO: [Project 1-570] Preparing netlist for logic optimization
INFO: [Opt 31-138] Pushed 0 inverter(s) to 0 load pin(s).
Netlist sorting complete. Time (s): cpu = 00:00:00 ; elapsed = 00:00:00 . Memory (MB): peak = 2620.375 ; gain = 0.000
INFO: [Project 1-111] Unisim Transformation Summary:
No Unisim elements were transformed.

INFO: [Common 17-83] Releasing license: Synthesis
48 Infos, 38 Warnings, 0 Critical Warnings and 0 Errors encountered.
synth_design completed successfully
synth_design: Time (s): cpu = 00:00:25 ; elapsed = 00:00:35 . Memory (MB): peak = 2625.406 ; gain = 1523.500
INFO: [Common 17-1381] The checkpoint 'C:/Users/lxl/Documents/vitis_hls_ws/Project/Project/vivado_project/ORB_accel.runs/synth_1/ORB_accel_wrapper.dcp' has been generated.
INFO: [runtcl-4] Executing : report_utilization -file ORB_accel_wrapper_utilization_synth.rpt -pb ORB_accel_wrapper_utilization_synth.pb
INFO: [Common 17-206] Exiting Vivado at Wed Jan 17 17:21:27 2024...
