#-----------------------------------------------------------
# Vivado v2020.2 (64-bit)
# SW Build 3064766 on Wed Nov 18 09:12:45 MST 2020
# IP Build 3064653 on Wed Nov 18 14:17:31 MST 2020
# Start of session at: Wed Jan 17 17:07:15 2024
# Process ID: 25580
# Current directory: C:/Users/lxl/Documents/vitis_hls_ws/Project/Project
# Command line: vivado.exe -mode batch -source ./scripts/block_design.tcl -notrace
# Log file: C:/Users/lxl/Documents/vitis_hls_ws/Project/Project/vivado.log
# Journal file: C:/Users/lxl/Documents/vitis_hls_ws/Project/Project\vivado.jou
#-----------------------------------------------------------
source ./scripts/block_design.tcl -notrace
INFO: [IP_Flow 19-234] Refreshing IP repositories
INFO: [IP_Flow 19-1700] Loaded user IP repository 'c:/Users/lxl/Documents/vitis_hls_ws/Project/Project/hls_project'.
INFO: [IP_Flow 19-2313] Loaded Vivado IP repository 'C:/Xilinx/Vivado/2020.2/data/ip'.
INFO: [BD::TCL 103-2003] Currently there is no design <ORB_accel> in project, so creating one...
Wrote  : <C:\Users\lxl\Documents\vitis_hls_ws\Project\Project\vivado_project\ORB_accel.srcs\sources_1\bd\ORB_accel\ORB_accel.bd> 
INFO: [BD::TCL 103-2004] Making design <ORB_accel> as current_bd_design.
INFO: [BD::TCL 103-2005] Currently the variable <design_name> is equal to "ORB_accel".
INFO: [BD::TCL 103-2011] Checking if the following IPs exist in the project's IP catalog:  
xilinx.com:hls:ORB_accel:1.0 xilinx.com:ip:axi_dma:7.1 xilinx.com:ip:smartconnect:1.0 xilinx.com:ip:axis_dwidth_converter:1.1 xilinx.com:ip:proc_sys_reset:5.0 xilinx.com:ip:zynq_ultra_ps_e:3.3  .
CRITICAL WARNING: [BD 41-1276] Cannot set the parameter PSU__SD1__CLK_100_SDR_OTAP_DLY on /zynq_ultra_ps_e_0. Parameter does not exist
CRITICAL WARNING: [BD 41-1276] Cannot set the parameter PSU__SD1__CLK_200_SDR_OTAP_DLY on /zynq_ultra_ps_e_0. Parameter does not exist
CRITICAL WARNING: [BD 41-1276] Cannot set the parameter PSU__SD1__CLK_50_DDR_ITAP_DLY on /zynq_ultra_ps_e_0. Parameter does not exist
CRITICAL WARNING: [BD 41-1276] Cannot set the parameter PSU__SD1__CLK_50_DDR_OTAP_DLY on /zynq_ultra_ps_e_0. Parameter does not exist
CRITICAL WARNING: [BD 41-1276] Cannot set the parameter PSU__SD1__CLK_50_SDR_ITAP_DLY on /zynq_ultra_ps_e_0. Parameter does not exist
CRITICAL WARNING: [BD 41-1276] Cannot set the parameter PSU__SD1__CLK_50_SDR_OTAP_DLY on /zynq_ultra_ps_e_0. Parameter does not exist
INFO: [PSU-1]  DP_AUDIO clock source: RPLL is also being used by other peripheral clocks. Their outputs may get impacted if any driver changes DP_AUDIO PLL source to support runtime audio change 
Slave segment '/zynq_ultra_ps_e_0/SAXIGP3/HP1_DDR_LOW' is being assigned into address space '/axi_dma_0/Data_MM2S' at <0x0000_0000 [ 2G ]>.
Slave segment '/zynq_ultra_ps_e_0/SAXIGP3/HP1_QSPI' is being assigned into address space '/axi_dma_0/Data_MM2S' at <0xC000_0000 [ 512M ]>.
Slave segment '/zynq_ultra_ps_e_0/SAXIGP4/HP2_DDR_LOW' is being assigned into address space '/axi_dma_0/Data_S2MM' at <0x0000_0000 [ 2G ]>.
Slave segment '/zynq_ultra_ps_e_0/SAXIGP4/HP2_QSPI' is being assigned into address space '/axi_dma_0/Data_S2MM' at <0xC000_0000 [ 512M ]>.
Slave segment '/ORB_accel_0/s_axi_control/Reg' is being assigned into address space '/zynq_ultra_ps_e_0/Data' at <0xA001_0000 [ 64K ]>.
Slave segment '/axi_dma_0/S_AXI_LITE/Reg' is being assigned into address space '/zynq_ultra_ps_e_0/Data' at <0xA000_0000 [ 64K ]>.
Slave segment '/zynq_ultra_ps_e_0/SAXIGP3/HP1_LPS_OCM' is being assigned into address space '/axi_dma_0/Data_MM2S' at <0xFF00_0000 [ 16M ]>.
Excluding slave segment /zynq_ultra_ps_e_0/SAXIGP3/HP1_LPS_OCM from address space /axi_dma_0/Data_MM2S.
Slave segment '/zynq_ultra_ps_e_0/SAXIGP4/HP2_LPS_OCM' is being assigned into address space '/axi_dma_0/Data_S2MM' at <0xFF00_0000 [ 16M ]>.
Excluding slave segment /zynq_ultra_ps_e_0/SAXIGP4/HP2_LPS_OCM from address space /axi_dma_0/Data_S2MM.
INFO: [PSU-1]  DP_AUDIO clock source: RPLL is also being used by other peripheral clocks. Their outputs may get impacted if any driver changes DP_AUDIO PLL source to support runtime audio change 
WARNING: [xilinx.com:ip:axis_dwidth_converter:1.1-1] /axis_dwidth_converter_0Slave interface TUSER_WIDTH (1) is not an integer multiple of number of slave interface TDATA_NUM_BYTES (37). TUSER_BITS_PER_BYTE forced to 0.
WARNING: [BD 41-237] Bus Interface property AWUSER_WIDTH does not match between /zynq_ultra_ps_e_0/S_AXI_HP1_FPD(1) and /axi_smc/M00_AXI(0)
WARNING: [BD 41-237] Bus Interface property ARUSER_WIDTH does not match between /zynq_ultra_ps_e_0/S_AXI_HP1_FPD(1) and /axi_smc/M00_AXI(0)
WARNING: [BD 41-237] Bus Interface property AWUSER_WIDTH does not match between /zynq_ultra_ps_e_0/S_AXI_HP2_FPD(1) and /axi_smc_1/M00_AXI(0)
WARNING: [BD 41-237] Bus Interface property ARUSER_WIDTH does not match between /zynq_ultra_ps_e_0/S_AXI_HP2_FPD(1) and /axi_smc_1/M00_AXI(0)
WARNING: [BD 41-237] Bus Interface property AWUSER_WIDTH does not match between /ps8_0_axi_periph/s00_couplers/auto_ds/S_AXI(0) and /zynq_ultra_ps_e_0/M_AXI_HPM0_FPD(16)
WARNING: [BD 41-237] Bus Interface property ARUSER_WIDTH does not match between /ps8_0_axi_periph/s00_couplers/auto_ds/S_AXI(0) and /zynq_ultra_ps_e_0/M_AXI_HPM0_FPD(16)
Wrote  : <C:\Users\lxl\Documents\vitis_hls_ws\Project\Project\vivado_project\ORB_accel.srcs\sources_1\bd\ORB_accel\ORB_accel.bd> 
INFO: [Common 17-206] Exiting Vivado at Wed Jan 17 17:07:34 2024...
