

================================================================
== Synthesis Summary Report of 'ORB_accel'
================================================================
+ General Information: 
    * Date:           Sun Jan 21 17:48:54 2024
    * Version:        2020.2 (Build 3064766 on Wed Nov 18 09:12:45 MST 2020)
    * Project:        hls_project
    * Solution:       solution1 (Vivado IP Flow Target)
    * Product family: zynquplus
    * Target device:  xczu7ev-ffvc1156-2-e
    

+ Performance & Resource Estimates: 
    
    PS: '+' for module; 'o' for loop; '*' for dataflow
    +---------------------------------------------------------------------+------+-------+---------+-----------+----------+---------+------+----------+-----------+----------+-------------+--------------+-----+
    |                               Modules                               | Issue|       | Latency |  Latency  | Iteration|         | Trip |          |           |          |             |              |     |
    |                               & Loops                               | Type | Slack | (cycles)|    (ns)   |  Latency | Interval| Count| Pipelined|   BRAM    |    DSP   |      FF     |      LUT     | URAM|
    +---------------------------------------------------------------------+------+-------+---------+-----------+----------+---------+------+----------+-----------+----------+-------------+--------------+-----+
    |+ ORB_accel                                                          |     -|  -0.00|        -|          -|         -|        -|     -|        no|  231 (37%)|  110 (6%)|  99312 (21%)|  188073 (81%)|    -|
    | + grp_process_ORB_8_0_1080_1920_1_s_fu_8070*                        |     -|  -0.00|        -|          -|         -|        -|     -|  dataflow|  182 (29%)|  110 (6%)|  72274 (15%)|  124915 (54%)|    -|
    |  + grp_process_rBRIEF_8_1080_1920_s_fu_360                          |     -|  -0.00|        -|          -|         -|        -|     -|        no|  145 (23%)|   89 (5%)|  56766 (12%)|  103423 (44%)|    -|
    |   + grp_descriptor_fu_13424                                         |     -|  -1.17|       60|    600.000|         -|       60|     -|        no|    35 (5%)|   50 (2%)|   1420 (~0%)|   50556 (21%)|    -|
    |    + p_Val2_6_round_fixed_16_9_s_fu_11641                           |    II|  -4.41|        0|      0.000|         -|        1|     -|       yes|          -|         -|            -|     100 (~0%)|    -|
    |    + p_Val2_8_round_fixed_16_9_s_fu_11646                           |    II|  -4.41|        0|      0.000|         -|        1|     -|       yes|          -|         -|            -|     100 (~0%)|    -|
    |    + p_Val2_12_round_fixed_16_9_s_fu_11651                          |    II|  -4.41|        0|      0.000|         -|        1|     -|       yes|          -|         -|            -|     100 (~0%)|    -|
    |    + p_Val2_14_round_fixed_16_9_s_fu_11656                          |    II|  -4.41|        0|      0.000|         -|        1|     -|       yes|          -|         -|            -|     100 (~0%)|    -|
    |    + p_Val2_17_round_fixed_16_9_s_fu_11661                          |    II|  -4.41|        0|      0.000|         -|        1|     -|       yes|          -|         -|            -|     100 (~0%)|    -|
    |    + p_Val2_19_round_fixed_16_9_s_fu_11666                          |    II|  -4.41|        0|      0.000|         -|        1|     -|       yes|          -|         -|            -|     100 (~0%)|    -|
    |    + p_Val2_22_round_fixed_16_9_s_fu_11671                          |    II|  -4.41|        0|      0.000|         -|        1|     -|       yes|          -|         -|            -|     100 (~0%)|    -|
    |    + p_Val2_24_round_fixed_16_9_s_fu_11676                          |    II|  -4.41|        0|      0.000|         -|        1|     -|       yes|          -|         -|            -|     100 (~0%)|    -|
    |    + p_Val2_27_round_fixed_16_9_s_fu_11681                          |    II|  -4.41|        0|      0.000|         -|        1|     -|       yes|          -|         -|            -|     100 (~0%)|    -|
    |    + p_Val2_29_round_fixed_16_9_s_fu_11686                          |    II|  -4.41|        0|      0.000|         -|        1|     -|       yes|          -|         -|            -|     100 (~0%)|    -|
    |    + p_Val2_32_round_fixed_16_9_s_fu_11691                          |    II|  -4.41|        0|      0.000|         -|        1|     -|       yes|          -|         -|            -|     100 (~0%)|    -|
    |    + p_Val2_34_round_fixed_16_9_s_fu_11696                          |    II|  -4.41|        0|      0.000|         -|        1|     -|       yes|          -|         -|            -|     100 (~0%)|    -|
    |    + p_Val2_37_round_fixed_16_9_s_fu_11701                          |    II|  -4.41|        0|      0.000|         -|        1|     -|       yes|          -|         -|            -|     100 (~0%)|    -|
    |    + p_Val2_39_round_fixed_16_9_s_fu_11706                          |    II|  -4.41|        0|      0.000|         -|        1|     -|       yes|          -|         -|            -|     100 (~0%)|    -|
    |    + p_Val2_42_round_fixed_16_9_s_fu_11711                          |    II|  -4.41|        0|      0.000|         -|        1|     -|       yes|          -|         -|            -|     100 (~0%)|    -|
    |    + p_Val2_44_round_fixed_16_9_s_fu_11716                          |    II|  -4.41|        0|      0.000|         -|        1|     -|       yes|          -|         -|            -|     100 (~0%)|    -|
    |    + p_Val2_s_round_fixed_16_9_s_fu_11721                           |    II|  -4.41|        0|      0.000|         -|        1|     -|       yes|          -|         -|            -|     100 (~0%)|    -|
    |    + p_Val2_7_round_fixed_16_9_s_fu_11726                           |    II|  -4.41|        0|      0.000|         -|        1|     -|       yes|          -|         -|            -|     100 (~0%)|    -|
    |    + p_Val2_11_round_fixed_16_9_s_fu_11731                          |    II|  -4.41|        0|      0.000|         -|        1|     -|       yes|          -|         -|            -|     100 (~0%)|    -|
    |    + p_Val2_13_round_fixed_16_9_s_fu_11736                          |    II|  -4.41|        0|      0.000|         -|        1|     -|       yes|          -|         -|            -|     100 (~0%)|    -|
    |    + p_Val2_16_round_fixed_16_9_s_fu_11741                          |    II|  -4.41|        0|      0.000|         -|        1|     -|       yes|          -|         -|            -|     100 (~0%)|    -|
    |    + p_Val2_18_round_fixed_16_9_s_fu_11746                          |    II|  -4.41|        0|      0.000|         -|        1|     -|       yes|          -|         -|            -|     100 (~0%)|    -|
    |    + p_Val2_21_round_fixed_16_9_s_fu_11751                          |    II|  -4.41|        0|      0.000|         -|        1|     -|       yes|          -|         -|            -|     100 (~0%)|    -|
    |    + p_Val2_23_round_fixed_16_9_s_fu_11756                          |    II|  -4.41|        0|      0.000|         -|        1|     -|       yes|          -|         -|            -|     100 (~0%)|    -|
    |    + p_Val2_26_round_fixed_16_9_s_fu_11761                          |    II|  -4.41|        0|      0.000|         -|        1|     -|       yes|          -|         -|            -|     100 (~0%)|    -|
    |    + p_Val2_28_round_fixed_16_9_s_fu_11766                          |    II|  -4.41|        0|      0.000|         -|        1|     -|       yes|          -|         -|            -|     100 (~0%)|    -|
    |    + p_Val2_31_round_fixed_16_9_s_fu_11771                          |    II|  -4.41|        0|      0.000|         -|        1|     -|       yes|          -|         -|            -|     100 (~0%)|    -|
    |    + p_Val2_33_round_fixed_16_9_s_fu_11776                          |    II|  -4.41|        0|      0.000|         -|        1|     -|       yes|          -|         -|            -|     100 (~0%)|    -|
    |    + p_Val2_36_round_fixed_16_9_s_fu_11781                          |    II|  -4.41|        0|      0.000|         -|        1|     -|       yes|          -|         -|            -|     100 (~0%)|    -|
    |    + p_Val2_38_round_fixed_16_9_s_fu_11786                          |    II|  -4.41|        0|      0.000|         -|        1|     -|       yes|          -|         -|            -|     100 (~0%)|    -|
    |    + p_Val2_41_round_fixed_16_9_s_fu_11791                          |    II|  -4.41|        0|      0.000|         -|        1|     -|       yes|          -|         -|            -|     100 (~0%)|    -|
    |    + p_Val2_43_round_fixed_16_9_s_fu_11796                          |    II|  -4.41|        0|      0.000|         -|        1|     -|       yes|          -|         -|            -|     100 (~0%)|    -|
    |    o VITIS_LOOP_87_1                                                |     -|  -7.30|       12|    120.000|         2|        1|    12|       yes|          -|         -|            -|             -|    -|
    |    o loop_descriptor                                                |     -|  -7.30|       38|    380.000|         8|        1|    32|       yes|          -|         -|            -|             -|    -|
    |   + grp_IC_Angle_31_fu_14828                                        |     -|  -0.00|       20|    200.000|         -|        1|     -|       yes|          -|   39 (2%)|   32527 (7%)|   45636 (19%)|    -|
    |    + grp_generic_atan2_20_20_s_fu_6066                              |     -|  -0.00|        6|     60.000|         -|        1|     -|       yes|          -|         -|   1939 (~0%)|     6487 (2%)|    -|
    |   o loop_row                                                        |     -|  -7.30|        -|          -|         -|        -|     -|        no|          -|         -|            -|             -|    -|
    |    o loop_col                                                       |     -|  -7.30|        -|          -|        90|        -|     -|        no|          -|         -|            -|             -|    -|
    |     o VITIS_LOOP_262_1                                              |     -|  -7.30|        4|     40.000|         1|        -|     4|        no|          -|         -|            -|             -|    -|
    |  + grp_process_blur_8_0_1080_1920_1_s_fu_374                        |     -|  -1.21|        -|          -|         -|        -|     -|        no|    6 (~0%)|  11 (~0%)|    4902 (1%)|     7603 (3%)|    -|
    |   o loop_init_line                                                  |    II|  -7.30|        -|          -|         8|        8|     -|       yes|          -|         -|            -|             -|    -|
    |   o VITIS_LOOP_174_2                                                |     -|  -7.30|        -|          -|        31|        1|     -|       yes|          -|         -|            -|             -|    -|
    |  + grp_process_fast_8_1080_1920_1_s_fu_385                          |     -|  -0.03|        -|          -|         -|        -|     -|        no|    6 (~0%)|         -|   3091 (~0%)|     5016 (2%)|    -|
    |   + grp_fast_score_fu_531                                           |    II|  -0.03|        3|     30.000|         -|        1|     -|       yes|          -|         -|    919 (~0%)|     2425 (1%)|    -|
    |   o loop_buffer_row                                                 |     -|  -7.30|        -|          -|         -|        -|     -|        no|          -|         -|            -|             -|    -|
    |    o loop_buffer_col                                                |     -|  -7.30|        -|          -|        10|        1|     -|       yes|          -|         -|            -|             -|    -|
    |   o VITIS_LOOP_152_4                                                |     -|  -7.30|     8194|  8.194e+04|         2|        1|  8194|       yes|          -|         -|            -|             -|    -|
    |  + grp_process_resize_8_0_1080_1920_1_s_fu_399                      |     -|  -0.33|  2089421|  2.089e+07|         -|  2089421|     -|        no|    3 (~0%)|   6 (~0%)|   2230 (~0%)|     3277 (1%)|    -|
    |   + grp_resize_1_0_1080_1920_1080_1920_1_8_s_fu_80                  |     -|  -0.33|  2089420|  2.089e+07|         -|  2089420|     -|        no|    3 (~0%)|   6 (~0%)|   2181 (~0%)|     3171 (1%)|    -|
    |    + grp_resizeNNBilinear_0_1080_1920_1_1080_1920_1_8_s_fu_48       |     -|  -0.33|  2089419|  2.089e+07|         -|  2089419|     -|        no|    3 (~0%)|   6 (~0%)|   2178 (~0%)|     3139 (1%)|    -|
    |     + grp_xfUDivResize_fu_566                                       |     -|  -5.79|       47|    470.000|         -|       47|     -|        no|          -|         -|    616 (~0%)|     545 (~0%)|    -|
    |     + grp_scaleCompute_17_42_20_48_16_1_s_fu_583                    |    II|  -2.24|        0|      0.000|         -|        1|     -|       yes|          -|   2 (~0%)|            -|     142 (~0%)|    -|
    |     o VITIS_LOOP_332_1_VITIS_LOOP_337_2                             |     -|  -7.30|     3840|  3.840e+04|         2|        1|  3840|       yes|          -|         -|            -|             -|    -|
    |     o VITIS_LOOP_382_4                                              |     -|  -7.30|  2085480|  2.085e+07|      1931|        -|  1080|        no|          -|         -|            -|             -|    -|
    |      o VITIS_LOOP_389_5                                             |     -|  -7.30|     1927|  1.927e+04|         9|        1|  1920|       yes|          -|         -|            -|             -|    -|
    |  + grp_process_nms_8_1080_1920_1_s_fu_411                           |     -|  -2.38|        -|          -|         -|        -|     -|        no|    2 (~0%)|         -|    254 (~0%)|     645 (~0%)|    -|
    |   o loop_buffer_row                                                 |     -|  -7.30|        -|          -|         -|        -|     -|        no|          -|         -|            -|             -|    -|
    |    o loop_buffer_col                                                |     -|  -7.30|        -|          -|         2|        1|     -|       yes|          -|         -|            -|             -|    -|
    |   o VITIS_LOOP_212_2                                                |     -|  -7.30|        -|          -|         2|        1|     -|       yes|          -|         -|            -|             -|    -|
    |  + grp_process_output_8_0_1080_1920_1_s_fu_425                      |     -|  -3.36|        -|          -|         -|        -|     -|        no|          -|   1 (~0%)|    744 (~0%)|     376 (~0%)|    -|
    |   o VITIS_LOOP_294_1                                                |     -|  -7.30|        -|          -|         4|        1|     -|       yes|          -|         -|            -|             -|    -|
    |  + grp_process_input_8_0_1080_1920_1_s_fu_450                       |     -|  -4.93|        -|          -|         -|        -|     -|        no|          -|   1 (~0%)|    137 (~0%)|     650 (~0%)|    -|
    |   o VITIS_LOOP_75_1                                                 |    II|  -7.30|        -|          -|         9|        8|     -|       yes|          -|         -|            -|             -|    -|
    |  + grp_process_stream2xfMat_8_0_1080_1920_1_s_fu_471                |     -|  -3.62|        -|          -|         -|        -|     -|        no|          -|   1 (~0%)|    129 (~0%)|     666 (~0%)|    -|
    |   o VITIS_LOOP_88_1                                                 |    II|  -7.30|        -|          -|         9|        8|     -|       yes|          -|         -|            -|             -|    -|
    |  + grp_process_xfMat2stream_8_0_1080_1920_1_s_fu_481                |     -|  -3.62|        -|          -|         -|        -|     -|        no|          -|   1 (~0%)|    129 (~0%)|     648 (~0%)|    -|
    |   o VITIS_LOOP_101_1                                                |    II|  -7.30|        -|          -|         9|        8|     -|       yes|          -|         -|            -|             -|    -|
    |  + call_ln509_process_ORB_8_0_1080_1920_1_entry336_fu_489           |     -|  -5.39|        0|      0.000|         -|        0|     -|        no|          -|         -|      3 (~0%)|      83 (~0%)|    -|
    |  + call_ln508_process_ORB_8_0_1080_1920_1_Block_split1_proc_fu_510  |     -|  -3.60|        0|      0.000|         -|        0|     -|        no|          -|         -|      3 (~0%)|     110 (~0%)|    -|
    | o VITIS_LOOP_390_2                                                  |     -|  -7.30|        -|          -|         3|        1|     -|       yes|          -|         -|            -|             -|    -|
    | o VITIS_LOOP_390_2                                                  |     -|  -7.30|        -|          -|         3|        1|     -|       yes|          -|         -|            -|             -|    -|
    | o VITIS_LOOP_390_2                                                  |     -|  -7.30|        -|          -|         3|        1|     -|       yes|          -|         -|            -|             -|    -|
    | o VITIS_LOOP_390_2                                                  |     -|  -7.30|        -|          -|         3|        1|     -|       yes|          -|         -|            -|             -|    -|
    | o VITIS_LOOP_390_2                                                  |     -|  -7.30|        -|          -|         3|        1|     -|       yes|          -|         -|            -|             -|    -|
    | o VITIS_LOOP_390_2                                                  |     -|  -7.30|        -|          -|         3|        1|     -|       yes|          -|         -|            -|             -|    -|
    | o VITIS_LOOP_390_2                                                  |     -|  -7.30|        -|          -|         3|        1|     -|       yes|          -|         -|            -|             -|    -|
    | o VITIS_LOOP_390_2                                                  |     -|  -7.30|        -|          -|         3|        1|     -|       yes|          -|         -|            -|             -|    -|
    | o VITIS_LOOP_390_2                                                  |     -|  -7.30|        -|          -|         3|        1|     -|       yes|          -|         -|            -|             -|    -|
    | o VITIS_LOOP_390_2                                                  |     -|  -7.30|        -|          -|         3|        1|     -|       yes|          -|         -|            -|             -|    -|
    | o VITIS_LOOP_390_2                                                  |     -|  -7.30|        -|          -|         3|        1|     -|       yes|          -|         -|            -|             -|    -|
    | o VITIS_LOOP_390_2                                                  |     -|  -7.30|        -|          -|         3|        1|     -|       yes|          -|         -|            -|             -|    -|
    | o VITIS_LOOP_390_2                                                  |     -|  -7.30|        -|          -|         3|        1|     -|       yes|          -|         -|            -|             -|    -|
    | o VITIS_LOOP_390_2                                                  |     -|  -7.30|        -|          -|         3|        1|     -|       yes|          -|         -|            -|             -|    -|
    | o VITIS_LOOP_390_2                                                  |     -|  -7.30|        -|          -|         3|        1|     -|       yes|          -|         -|            -|             -|    -|
    | o VITIS_LOOP_390_2                                                  |     -|  -7.30|        -|          -|         3|        1|     -|       yes|          -|         -|            -|             -|    -|
    | o VITIS_LOOP_390_2                                                  |     -|  -7.30|        -|          -|         3|        1|     -|       yes|          -|         -|            -|             -|    -|
    | o VITIS_LOOP_390_2                                                  |     -|  -7.30|        -|          -|         3|        1|     -|       yes|          -|         -|            -|             -|    -|
    | o VITIS_LOOP_390_2                                                  |     -|  -7.30|        -|          -|         3|        1|     -|       yes|          -|         -|            -|             -|    -|
    | o VITIS_LOOP_390_2                                                  |     -|  -7.30|        -|          -|         3|        1|     -|       yes|          -|         -|            -|             -|    -|
    | o VITIS_LOOP_390_2                                                  |     -|  -7.30|        -|          -|         3|        1|     -|       yes|          -|         -|            -|             -|    -|
    | o VITIS_LOOP_390_2                                                  |     -|  -7.30|        -|          -|         3|        1|     -|       yes|          -|         -|            -|             -|    -|
    | o VITIS_LOOP_390_2                                                  |     -|  -7.30|        -|          -|         3|        1|     -|       yes|          -|         -|            -|             -|    -|
    | o VITIS_LOOP_390_2                                                  |     -|  -7.30|        -|          -|         3|        1|     -|       yes|          -|         -|            -|             -|    -|
    | o VITIS_LOOP_390_2                                                  |     -|  -7.30|        -|          -|         3|        1|     -|       yes|          -|         -|            -|             -|    -|
    | o VITIS_LOOP_390_2                                                  |     -|  -7.30|        -|          -|         3|        1|     -|       yes|          -|         -|            -|             -|    -|
    | o VITIS_LOOP_390_2                                                  |     -|  -7.30|        -|          -|         3|        1|     -|       yes|          -|         -|            -|             -|    -|
    | o VITIS_LOOP_390_2                                                  |     -|  -7.30|        -|          -|         3|        1|     -|       yes|          -|         -|            -|             -|    -|
    | o VITIS_LOOP_390_2                                                  |     -|  -7.30|        -|          -|         3|        1|     -|       yes|          -|         -|            -|             -|    -|
    | o VITIS_LOOP_390_2                                                  |     -|  -7.30|        -|          -|         3|        1|     -|       yes|          -|         -|            -|             -|    -|
    | o VITIS_LOOP_390_2                                                  |     -|  -7.30|        -|          -|         3|        1|     -|       yes|          -|         -|            -|             -|    -|
    | o VITIS_LOOP_390_2                                                  |     -|  -7.30|        -|          -|         3|        1|     -|       yes|          -|         -|            -|             -|    -|
    | o VITIS_LOOP_390_2                                                  |     -|  -7.30|        -|          -|         3|        1|     -|       yes|          -|         -|            -|             -|    -|
    | o VITIS_LOOP_390_2                                                  |     -|  -7.30|        -|          -|         3|        1|     -|       yes|          -|         -|            -|             -|    -|
    | o VITIS_LOOP_390_2                                                  |     -|  -7.30|        -|          -|         3|        1|     -|       yes|          -|         -|            -|             -|    -|
    | o VITIS_LOOP_390_2                                                  |     -|  -7.30|        -|          -|         3|        1|     -|       yes|          -|         -|            -|             -|    -|
    | o VITIS_LOOP_390_2                                                  |     -|  -7.30|        -|          -|         3|        1|     -|       yes|          -|         -|            -|             -|    -|
    | o VITIS_LOOP_390_2                                                  |     -|  -7.30|        -|          -|         3|        1|     -|       yes|          -|         -|            -|             -|    -|
    | o VITIS_LOOP_390_2                                                  |     -|  -7.30|        -|          -|         3|        1|     -|       yes|          -|         -|            -|             -|    -|
    | o VITIS_LOOP_390_2                                                  |     -|  -7.30|        -|          -|         3|        1|     -|       yes|          -|         -|            -|             -|    -|
    | o VITIS_LOOP_390_2                                                  |     -|  -7.30|        -|          -|         3|        1|     -|       yes|          -|         -|            -|             -|    -|
    | o VITIS_LOOP_390_2                                                  |     -|  -7.30|        -|          -|         3|        1|     -|       yes|          -|         -|            -|             -|    -|
    | o VITIS_LOOP_390_2                                                  |     -|  -7.30|        -|          -|         3|        1|     -|       yes|          -|         -|            -|             -|    -|
    | o VITIS_LOOP_390_2                                                  |     -|  -7.30|        -|          -|         3|        1|     -|       yes|          -|         -|            -|             -|    -|
    | o VITIS_LOOP_390_2                                                  |     -|  -7.30|        -|          -|         3|        1|     -|       yes|          -|         -|            -|             -|    -|
    | o VITIS_LOOP_390_2                                                  |     -|  -7.30|        -|          -|         3|        1|     -|       yes|          -|         -|            -|             -|    -|
    | o VITIS_LOOP_390_2                                                  |     -|  -7.30|        -|          -|         3|        1|     -|       yes|          -|         -|            -|             -|    -|
    | o VITIS_LOOP_390_2                                                  |     -|  -7.30|        -|          -|         3|        1|     -|       yes|          -|         -|            -|             -|    -|
    | o VITIS_LOOP_390_2                                                  |     -|  -7.30|        -|          -|         3|        1|     -|       yes|          -|         -|            -|             -|    -|
    | o VITIS_LOOP_390_2                                                  |     -|  -7.30|        -|          -|         3|        1|     -|       yes|          -|         -|            -|             -|    -|
    | o VITIS_LOOP_390_2                                                  |     -|  -7.30|        -|          -|         3|        1|     -|       yes|          -|         -|            -|             -|    -|
    | o VITIS_LOOP_390_2                                                  |     -|  -7.30|        -|          -|         3|        1|     -|       yes|          -|         -|            -|             -|    -|
    | o VITIS_LOOP_390_2                                                  |     -|  -7.30|        -|          -|         3|        1|     -|       yes|          -|         -|            -|             -|    -|
    | o VITIS_LOOP_390_2                                                  |     -|  -7.30|        -|          -|         3|        1|     -|       yes|          -|         -|            -|             -|    -|
    | o VITIS_LOOP_390_2                                                  |     -|  -7.30|        -|          -|         3|        1|     -|       yes|          -|         -|            -|             -|    -|
    | o VITIS_LOOP_390_2                                                  |     -|  -7.30|        -|          -|         3|        1|     -|       yes|          -|         -|            -|             -|    -|
    | o VITIS_LOOP_390_2                                                  |     -|  -7.30|        -|          -|         3|        1|     -|       yes|          -|         -|            -|             -|    -|
    | o VITIS_LOOP_390_2                                                  |     -|  -7.30|        -|          -|         3|        1|     -|       yes|          -|         -|            -|             -|    -|
    | o VITIS_LOOP_390_2                                                  |     -|  -7.30|        -|          -|         3|        1|     -|       yes|          -|         -|            -|             -|    -|
    | o VITIS_LOOP_390_2                                                  |     -|  -7.30|        -|          -|         3|        1|     -|       yes|          -|         -|            -|             -|    -|
    | o VITIS_LOOP_390_2                                                  |     -|  -7.30|        -|          -|         3|        1|     -|       yes|          -|         -|            -|             -|    -|
    | o VITIS_LOOP_390_2                                                  |     -|  -7.30|        -|          -|         3|        1|     -|       yes|          -|         -|            -|             -|    -|
    | o VITIS_LOOP_390_2                                                  |     -|  -7.30|        -|          -|         3|        1|     -|       yes|          -|         -|            -|             -|    -|
    | o VITIS_LOOP_390_2                                                  |     -|  -7.30|        -|          -|         3|        1|     -|       yes|          -|         -|            -|             -|    -|
    | o VITIS_LOOP_390_2                                                  |     -|  -7.30|        -|          -|         3|        1|     -|       yes|          -|         -|            -|             -|    -|
    | o VITIS_LOOP_390_2                                                  |     -|  -7.30|        -|          -|         3|        1|     -|       yes|          -|         -|            -|             -|    -|
    | o VITIS_LOOP_390_2                                                  |     -|  -7.30|        -|          -|         3|        1|     -|       yes|          -|         -|            -|             -|    -|
    | o VITIS_LOOP_390_2                                                  |     -|  -7.30|        -|          -|         3|        1|     -|       yes|          -|         -|            -|             -|    -|
    | o VITIS_LOOP_390_2                                                  |     -|  -7.30|        -|          -|         3|        1|     -|       yes|          -|         -|            -|             -|    -|
    | o VITIS_LOOP_390_2                                                  |     -|  -7.30|        -|          -|         3|        1|     -|       yes|          -|         -|            -|             -|    -|
    | o VITIS_LOOP_390_2                                                  |     -|  -7.30|        -|          -|         3|        1|     -|       yes|          -|         -|            -|             -|    -|
    | o VITIS_LOOP_390_2                                                  |     -|  -7.30|        -|          -|         3|        1|     -|       yes|          -|         -|            -|             -|    -|
    | o VITIS_LOOP_390_2                                                  |     -|  -7.30|        -|          -|         3|        1|     -|       yes|          -|         -|            -|             -|    -|
    | o VITIS_LOOP_390_2                                                  |     -|  -7.30|        -|          -|         3|        1|     -|       yes|          -|         -|            -|             -|    -|
    | o VITIS_LOOP_390_2                                                  |     -|  -7.30|        -|          -|         3|        1|     -|       yes|          -|         -|            -|             -|    -|
    | o VITIS_LOOP_390_2                                                  |     -|  -7.30|        -|          -|         3|        1|     -|       yes|          -|         -|            -|             -|    -|
    | o VITIS_LOOP_390_2                                                  |     -|  -7.30|        -|          -|         3|        1|     -|       yes|          -|         -|            -|             -|    -|
    | o VITIS_LOOP_390_2                                                  |     -|  -7.30|        -|          -|         3|        1|     -|       yes|          -|         -|            -|             -|    -|
    | o VITIS_LOOP_390_2                                                  |     -|  -7.30|        -|          -|         3|        1|     -|       yes|          -|         -|            -|             -|    -|
    | o VITIS_LOOP_390_2                                                  |     -|  -7.30|        -|          -|         3|        1|     -|       yes|          -|         -|            -|             -|    -|
    | o VITIS_LOOP_390_2                                                  |     -|  -7.30|        -|          -|         3|        1|     -|       yes|          -|         -|            -|             -|    -|
    | o VITIS_LOOP_390_2                                                  |     -|  -7.30|        -|          -|         3|        1|     -|       yes|          -|         -|            -|             -|    -|
    | o VITIS_LOOP_390_2                                                  |     -|  -7.30|        -|          -|         3|        1|     -|       yes|          -|         -|            -|             -|    -|
    | o VITIS_LOOP_390_2                                                  |     -|  -7.30|        -|          -|         3|        1|     -|       yes|          -|         -|            -|             -|    -|
    | o VITIS_LOOP_390_2                                                  |     -|  -7.30|        -|          -|         3|        1|     -|       yes|          -|         -|            -|             -|    -|
    | o VITIS_LOOP_390_2                                                  |     -|  -7.30|        -|          -|         3|        1|     -|       yes|          -|         -|            -|             -|    -|
    | o VITIS_LOOP_390_2                                                  |     -|  -7.30|        -|          -|         3|        1|     -|       yes|          -|         -|            -|             -|    -|
    | o VITIS_LOOP_390_2                                                  |     -|  -7.30|        -|          -|         3|        1|     -|       yes|          -|         -|            -|             -|    -|
    | o VITIS_LOOP_390_2                                                  |     -|  -7.30|        -|          -|         3|        1|     -|       yes|          -|         -|            -|             -|    -|
    | o VITIS_LOOP_390_2                                                  |     -|  -7.30|        -|          -|         3|        1|     -|       yes|          -|         -|            -|             -|    -|
    | o VITIS_LOOP_390_2                                                  |     -|  -7.30|        -|          -|         3|        1|     -|       yes|          -|         -|            -|             -|    -|
    | o VITIS_LOOP_390_2                                                  |     -|  -7.30|        -|          -|         3|        1|     -|       yes|          -|         -|            -|             -|    -|
    | o VITIS_LOOP_390_2                                                  |     -|  -7.30|        -|          -|         3|        1|     -|       yes|          -|         -|            -|             -|    -|
    | o VITIS_LOOP_390_2                                                  |     -|  -7.30|        -|          -|         3|        1|     -|       yes|          -|         -|            -|             -|    -|
    | o VITIS_LOOP_390_2                                                  |     -|  -7.30|        -|          -|         3|        1|     -|       yes|          -|         -|            -|             -|    -|
    | o VITIS_LOOP_390_2                                                  |     -|  -7.30|        -|          -|         3|        1|     -|       yes|          -|         -|            -|             -|    -|
    | o VITIS_LOOP_390_2                                                  |     -|  -7.30|        -|          -|         3|        1|     -|       yes|          -|         -|            -|             -|    -|
    | o VITIS_LOOP_390_2                                                  |     -|  -7.30|        -|          -|         3|        1|     -|       yes|          -|         -|            -|             -|    -|
    | o VITIS_LOOP_390_2                                                  |     -|  -7.30|        -|          -|         3|        1|     -|       yes|          -|         -|            -|             -|    -|
    | o VITIS_LOOP_390_2                                                  |     -|  -7.30|        -|          -|         3|        1|     -|       yes|          -|         -|            -|             -|    -|
    | o VITIS_LOOP_390_2                                                  |     -|  -7.30|        -|          -|         3|        1|     -|       yes|          -|         -|            -|             -|    -|
    | o VITIS_LOOP_390_2                                                  |     -|  -7.30|        -|          -|         3|        1|     -|       yes|          -|         -|            -|             -|    -|
    | o VITIS_LOOP_390_2                                                  |     -|  -7.30|        -|          -|         3|        1|     -|       yes|          -|         -|            -|             -|    -|
    | o VITIS_LOOP_390_2                                                  |     -|  -7.30|        -|          -|         3|        1|     -|       yes|          -|         -|            -|             -|    -|
    | o VITIS_LOOP_390_2                                                  |     -|  -7.30|        -|          -|         3|        1|     -|       yes|          -|         -|            -|             -|    -|
    | o VITIS_LOOP_390_2                                                  |     -|  -7.30|        -|          -|         3|        1|     -|       yes|          -|         -|            -|             -|    -|
    | o VITIS_LOOP_390_2                                                  |     -|  -7.30|        -|          -|         3|        1|     -|       yes|          -|         -|            -|             -|    -|
    | o VITIS_LOOP_390_2                                                  |     -|  -7.30|        -|          -|         3|        1|     -|       yes|          -|         -|            -|             -|    -|
    | o VITIS_LOOP_390_2                                                  |     -|  -7.30|        -|          -|         3|        1|     -|       yes|          -|         -|            -|             -|    -|
    | o VITIS_LOOP_390_2                                                  |     -|  -7.30|        -|          -|         3|        1|     -|       yes|          -|         -|            -|             -|    -|
    | o VITIS_LOOP_390_2                                                  |     -|  -7.30|        -|          -|         3|        1|     -|       yes|          -|         -|            -|             -|    -|
    | o VITIS_LOOP_390_2                                                  |     -|  -7.30|        -|          -|         3|        1|     -|       yes|          -|         -|            -|             -|    -|
    | o VITIS_LOOP_390_2                                                  |     -|  -7.30|        -|          -|         3|        1|     -|       yes|          -|         -|            -|             -|    -|
    | o VITIS_LOOP_390_2                                                  |     -|  -7.30|        -|          -|         3|        1|     -|       yes|          -|         -|            -|             -|    -|
    | o VITIS_LOOP_390_2                                                  |     -|  -7.30|        -|          -|         3|        1|     -|       yes|          -|         -|            -|             -|    -|
    | o VITIS_LOOP_390_2                                                  |     -|  -7.30|        -|          -|         3|        1|     -|       yes|          -|         -|            -|             -|    -|
    | o VITIS_LOOP_390_2                                                  |     -|  -7.30|        -|          -|         3|        1|     -|       yes|          -|         -|            -|             -|    -|
    | o VITIS_LOOP_390_2                                                  |     -|  -7.30|        -|          -|         3|        1|     -|       yes|          -|         -|            -|             -|    -|
    | o VITIS_LOOP_390_2                                                  |     -|  -7.30|        -|          -|         3|        1|     -|       yes|          -|         -|            -|             -|    -|
    | o VITIS_LOOP_390_2                                                  |     -|  -7.30|        -|          -|         3|        1|     -|       yes|          -|         -|            -|             -|    -|
    | o VITIS_LOOP_390_2                                                  |     -|  -7.30|        -|          -|         3|        1|     -|       yes|          -|         -|            -|             -|    -|
    | o VITIS_LOOP_390_2                                                  |     -|  -7.30|        -|          -|         3|        1|     -|       yes|          -|         -|            -|             -|    -|
    | o VITIS_LOOP_390_2                                                  |     -|  -7.30|        -|          -|         3|        1|     -|       yes|          -|         -|            -|             -|    -|
    | o VITIS_LOOP_390_2                                                  |     -|  -7.30|        -|          -|         3|        1|     -|       yes|          -|         -|            -|             -|    -|
    | o VITIS_LOOP_390_2                                                  |     -|  -7.30|        -|          -|         3|        1|     -|       yes|          -|         -|            -|             -|    -|
    | o VITIS_LOOP_390_2                                                  |     -|  -7.30|        -|          -|         3|        1|     -|       yes|          -|         -|            -|             -|    -|
    | o VITIS_LOOP_390_2                                                  |     -|  -7.30|        -|          -|         3|        1|     -|       yes|          -|         -|            -|             -|    -|
    | o VITIS_LOOP_390_2                                                  |     -|  -7.30|        -|          -|         3|        1|     -|       yes|          -|         -|            -|             -|    -|
    | o VITIS_LOOP_390_2                                                  |     -|  -7.30|        -|          -|         3|        1|     -|       yes|          -|         -|            -|             -|    -|
    | o VITIS_LOOP_390_2                                                  |     -|  -7.30|        -|          -|         3|        1|     -|       yes|          -|         -|            -|             -|    -|
    | o VITIS_LOOP_390_2                                                  |     -|  -7.30|        -|          -|         3|        1|     -|       yes|          -|         -|            -|             -|    -|
    | o VITIS_LOOP_390_2                                                  |     -|  -7.30|        -|          -|         3|        1|     -|       yes|          -|         -|            -|             -|    -|
    | o VITIS_LOOP_390_2                                                  |     -|  -7.30|        -|          -|         3|        1|     -|       yes|          -|         -|            -|             -|    -|
    | o VITIS_LOOP_390_2                                                  |     -|  -7.30|        -|          -|         3|        1|     -|       yes|          -|         -|            -|             -|    -|
    | o VITIS_LOOP_390_2                                                  |     -|  -7.30|        -|          -|         3|        1|     -|       yes|          -|         -|            -|             -|    -|
    | o VITIS_LOOP_390_2                                                  |     -|  -7.30|        -|          -|         3|        1|     -|       yes|          -|         -|            -|             -|    -|
    | o VITIS_LOOP_390_2                                                  |     -|  -7.30|        -|          -|         3|        1|     -|       yes|          -|         -|            -|             -|    -|
    | o VITIS_LOOP_390_2                                                  |     -|  -7.30|        -|          -|         3|        1|     -|       yes|          -|         -|            -|             -|    -|
    | o VITIS_LOOP_390_2                                                  |     -|  -7.30|        -|          -|         3|        1|     -|       yes|          -|         -|            -|             -|    -|
    | o VITIS_LOOP_390_2                                                  |     -|  -7.30|        -|          -|         3|        1|     -|       yes|          -|         -|            -|             -|    -|
    | o VITIS_LOOP_390_2                                                  |     -|  -7.30|        -|          -|         3|        1|     -|       yes|          -|         -|            -|             -|    -|
    | o VITIS_LOOP_390_2                                                  |     -|  -7.30|        -|          -|         3|        1|     -|       yes|          -|         -|            -|             -|    -|
    | o VITIS_LOOP_390_2                                                  |     -|  -7.30|        -|          -|         3|        1|     -|       yes|          -|         -|            -|             -|    -|
    | o VITIS_LOOP_390_2                                                  |     -|  -7.30|        -|          -|         3|        1|     -|       yes|          -|         -|            -|             -|    -|
    | o VITIS_LOOP_390_2                                                  |     -|  -7.30|        -|          -|         3|        1|     -|       yes|          -|         -|            -|             -|    -|
    | o VITIS_LOOP_390_2                                                  |     -|  -7.30|        -|          -|         3|        1|     -|       yes|          -|         -|            -|             -|    -|
    | o VITIS_LOOP_390_2                                                  |     -|  -7.30|        -|          -|         3|        1|     -|       yes|          -|         -|            -|             -|    -|
    | o VITIS_LOOP_390_2                                                  |     -|  -7.30|        -|          -|         3|        1|     -|       yes|          -|         -|            -|             -|    -|
    | o VITIS_LOOP_390_2                                                  |     -|  -7.30|        -|          -|         3|        1|     -|       yes|          -|         -|            -|             -|    -|
    | o VITIS_LOOP_390_2                                                  |     -|  -7.30|        -|          -|         3|        1|     -|       yes|          -|         -|            -|             -|    -|
    | o VITIS_LOOP_390_2                                                  |     -|  -7.30|        -|          -|         3|        1|     -|       yes|          -|         -|            -|             -|    -|
    | o VITIS_LOOP_390_2                                                  |     -|  -7.30|        -|          -|         3|        1|     -|       yes|          -|         -|            -|             -|    -|
    | o VITIS_LOOP_390_2                                                  |     -|  -7.30|        -|          -|         3|        1|     -|       yes|          -|         -|            -|             -|    -|
    | o VITIS_LOOP_390_2                                                  |     -|  -7.30|        -|          -|         3|        1|     -|       yes|          -|         -|            -|             -|    -|
    | o VITIS_LOOP_390_2                                                  |     -|  -7.30|        -|          -|         3|        1|     -|       yes|          -|         -|            -|             -|    -|
    | o VITIS_LOOP_390_2                                                  |     -|  -7.30|        -|          -|         3|        1|     -|       yes|          -|         -|            -|             -|    -|
    | o VITIS_LOOP_390_2                                                  |     -|  -7.30|        -|          -|         3|        1|     -|       yes|          -|         -|            -|             -|    -|
    | o VITIS_LOOP_390_2                                                  |     -|  -7.30|        -|          -|         3|        1|     -|       yes|          -|         -|            -|             -|    -|
    | o VITIS_LOOP_390_2                                                  |     -|  -7.30|        -|          -|         3|        1|     -|       yes|          -|         -|            -|             -|    -|
    | o VITIS_LOOP_390_2                                                  |     -|  -7.30|        -|          -|         3|        1|     -|       yes|          -|         -|            -|             -|    -|
    | o VITIS_LOOP_390_2                                                  |     -|  -7.30|        -|          -|         3|        1|     -|       yes|          -|         -|            -|             -|    -|
    | o VITIS_LOOP_390_2                                                  |     -|  -7.30|        -|          -|         3|        1|     -|       yes|          -|         -|            -|             -|    -|
    | o VITIS_LOOP_390_2                                                  |     -|  -7.30|        -|          -|         3|        1|     -|       yes|          -|         -|            -|             -|    -|
    | o VITIS_LOOP_390_2                                                  |     -|  -7.30|        -|          -|         3|        1|     -|       yes|          -|         -|            -|             -|    -|
    | o VITIS_LOOP_390_2                                                  |     -|  -7.30|        -|          -|         3|        1|     -|       yes|          -|         -|            -|             -|    -|
    | o VITIS_LOOP_390_2                                                  |     -|  -7.30|        -|          -|         3|        1|     -|       yes|          -|         -|            -|             -|    -|
    | o VITIS_LOOP_390_2                                                  |     -|  -7.30|        -|          -|         3|        1|     -|       yes|          -|         -|            -|             -|    -|
    | o VITIS_LOOP_390_2                                                  |     -|  -7.30|        -|          -|         3|        1|     -|       yes|          -|         -|            -|             -|    -|
    | o VITIS_LOOP_390_2                                                  |     -|  -7.30|        -|          -|         3|        1|     -|       yes|          -|         -|            -|             -|    -|
    | o VITIS_LOOP_390_2                                                  |     -|  -7.30|        -|          -|         3|        1|     -|       yes|          -|         -|            -|             -|    -|
    | o VITIS_LOOP_390_2                                                  |     -|  -7.30|        -|          -|         3|        1|     -|       yes|          -|         -|            -|             -|    -|
    | o VITIS_LOOP_390_2                                                  |     -|  -7.30|        -|          -|         3|        1|     -|       yes|          -|         -|            -|             -|    -|
    | o VITIS_LOOP_390_2                                                  |     -|  -7.30|        -|          -|         3|        1|     -|       yes|          -|         -|            -|             -|    -|
    | o VITIS_LOOP_390_2                                                  |     -|  -7.30|        -|          -|         3|        1|     -|       yes|          -|         -|            -|             -|    -|
    | o VITIS_LOOP_390_2                                                  |     -|  -7.30|        -|          -|         3|        1|     -|       yes|          -|         -|            -|             -|    -|
    | o VITIS_LOOP_390_2                                                  |     -|  -7.30|        -|          -|         3|        1|     -|       yes|          -|         -|            -|             -|    -|
    | o VITIS_LOOP_390_2                                                  |     -|  -7.30|        -|          -|         3|        1|     -|       yes|          -|         -|            -|             -|    -|
    | o VITIS_LOOP_390_2                                                  |     -|  -7.30|        -|          -|         3|        1|     -|       yes|          -|         -|            -|             -|    -|
    | o VITIS_LOOP_390_2                                                  |     -|  -7.30|        -|          -|         3|        1|     -|       yes|          -|         -|            -|             -|    -|
    | o VITIS_LOOP_390_2                                                  |     -|  -7.30|        -|          -|         3|        1|     -|       yes|          -|         -|            -|             -|    -|
    | o VITIS_LOOP_390_2                                                  |     -|  -7.30|        -|          -|         3|        1|     -|       yes|          -|         -|            -|             -|    -|
    | o VITIS_LOOP_390_2                                                  |     -|  -7.30|        -|          -|         3|        1|     -|       yes|          -|         -|            -|             -|    -|
    | o VITIS_LOOP_390_2                                                  |     -|  -7.30|        -|          -|         3|        1|     -|       yes|          -|         -|            -|             -|    -|
    | o VITIS_LOOP_390_2                                                  |     -|  -7.30|        -|          -|         3|        1|     -|       yes|          -|         -|            -|             -|    -|
    | o VITIS_LOOP_390_2                                                  |     -|  -7.30|        -|          -|         3|        1|     -|       yes|          -|         -|            -|             -|    -|
    | o VITIS_LOOP_390_2                                                  |     -|  -7.30|        -|          -|         3|        1|     -|       yes|          -|         -|            -|             -|    -|
    | o VITIS_LOOP_390_2                                                  |     -|  -7.30|        -|          -|         3|        1|     -|       yes|          -|         -|            -|             -|    -|
    | o VITIS_LOOP_390_2                                                  |     -|  -7.30|        -|          -|         3|        1|     -|       yes|          -|         -|            -|             -|    -|
    | o VITIS_LOOP_390_2                                                  |     -|  -7.30|        -|          -|         3|        1|     -|       yes|          -|         -|            -|             -|    -|
    | o VITIS_LOOP_390_2                                                  |     -|  -7.30|        -|          -|         3|        1|     -|       yes|          -|         -|            -|             -|    -|
    | o VITIS_LOOP_390_2                                                  |     -|  -7.30|        -|          -|         3|        1|     -|       yes|          -|         -|            -|             -|    -|
    | o VITIS_LOOP_390_2                                                  |     -|  -7.30|        -|          -|         3|        1|     -|       yes|          -|         -|            -|             -|    -|
    | o VITIS_LOOP_390_2                                                  |     -|  -7.30|        -|          -|         3|        1|     -|       yes|          -|         -|            -|             -|    -|
    | o VITIS_LOOP_390_2                                                  |     -|  -7.30|        -|          -|         3|        1|     -|       yes|          -|         -|            -|             -|    -|
    | o VITIS_LOOP_390_2                                                  |     -|  -7.30|        -|          -|         3|        1|     -|       yes|          -|         -|            -|             -|    -|
    | o VITIS_LOOP_390_2                                                  |     -|  -7.30|        -|          -|         3|        1|     -|       yes|          -|         -|            -|             -|    -|
    | o VITIS_LOOP_390_2                                                  |     -|  -7.30|        -|          -|         3|        1|     -|       yes|          -|         -|            -|             -|    -|
    | o VITIS_LOOP_390_2                                                  |     -|  -7.30|        -|          -|         3|        1|     -|       yes|          -|         -|            -|             -|    -|
    | o VITIS_LOOP_390_2                                                  |     -|  -7.30|        -|          -|         3|        1|     -|       yes|          -|         -|            -|             -|    -|
    | o VITIS_LOOP_390_2                                                  |     -|  -7.30|        -|          -|         3|        1|     -|       yes|          -|         -|            -|             -|    -|
    | o VITIS_LOOP_390_2                                                  |     -|  -7.30|        -|          -|         3|        1|     -|       yes|          -|         -|            -|             -|    -|
    | o VITIS_LOOP_390_2                                                  |     -|  -7.30|        -|          -|         3|        1|     -|       yes|          -|         -|            -|             -|    -|
    | o VITIS_LOOP_390_2                                                  |     -|  -7.30|        -|          -|         3|        1|     -|       yes|          -|         -|            -|             -|    -|
    | o VITIS_LOOP_390_2                                                  |     -|  -7.30|        -|          -|         3|        1|     -|       yes|          -|         -|            -|             -|    -|
    | o VITIS_LOOP_390_2                                                  |     -|  -7.30|        -|          -|         3|        1|     -|       yes|          -|         -|            -|             -|    -|
    | o VITIS_LOOP_390_2                                                  |     -|  -7.30|        -|          -|         3|        1|     -|       yes|          -|         -|            -|             -|    -|
    | o VITIS_LOOP_390_2                                                  |     -|  -7.30|        -|          -|         3|        1|     -|       yes|          -|         -|            -|             -|    -|
    | o VITIS_LOOP_390_2                                                  |     -|  -7.30|        -|          -|         3|        1|     -|       yes|          -|         -|            -|             -|    -|
    | o VITIS_LOOP_390_2                                                  |     -|  -7.30|        -|          -|         3|        1|     -|       yes|          -|         -|            -|             -|    -|
    | o VITIS_LOOP_390_2                                                  |     -|  -7.30|        -|          -|         3|        1|     -|       yes|          -|         -|            -|             -|    -|
    | o VITIS_LOOP_390_2                                                  |     -|  -7.30|        -|          -|         3|        1|     -|       yes|          -|         -|            -|             -|    -|
    | o VITIS_LOOP_390_2                                                  |     -|  -7.30|        -|          -|         3|        1|     -|       yes|          -|         -|            -|             -|    -|
    | o VITIS_LOOP_390_2                                                  |     -|  -7.30|        -|          -|         3|        1|     -|       yes|          -|         -|            -|             -|    -|
    | o VITIS_LOOP_390_2                                                  |     -|  -7.30|        -|          -|         3|        1|     -|       yes|          -|         -|            -|             -|    -|
    | o VITIS_LOOP_390_2                                                  |     -|  -7.30|        -|          -|         3|        1|     -|       yes|          -|         -|            -|             -|    -|
    | o VITIS_LOOP_390_2                                                  |     -|  -7.30|        -|          -|         3|        1|     -|       yes|          -|         -|            -|             -|    -|
    | o VITIS_LOOP_390_2                                                  |     -|  -7.30|        -|          -|         3|        1|     -|       yes|          -|         -|            -|             -|    -|
    | o VITIS_LOOP_390_2                                                  |     -|  -7.30|        -|          -|         3|        1|     -|       yes|          -|         -|            -|             -|    -|
    | o VITIS_LOOP_390_2                                                  |     -|  -7.30|        -|          -|         3|        1|     -|       yes|          -|         -|            -|             -|    -|
    | o VITIS_LOOP_390_2                                                  |     -|  -7.30|        -|          -|         3|        1|     -|       yes|          -|         -|            -|             -|    -|
    | o VITIS_LOOP_390_2                                                  |     -|  -7.30|        -|          -|         3|        1|     -|       yes|          -|         -|            -|             -|    -|
    | o VITIS_LOOP_390_2                                                  |     -|  -7.30|        -|          -|         3|        1|     -|       yes|          -|         -|            -|             -|    -|
    | o VITIS_LOOP_390_2                                                  |     -|  -7.30|        -|          -|         3|        1|     -|       yes|          -|         -|            -|             -|    -|
    | o VITIS_LOOP_390_2                                                  |     -|  -7.30|        -|          -|         3|        1|     -|       yes|          -|         -|            -|             -|    -|
    | o VITIS_LOOP_390_2                                                  |     -|  -7.30|        -|          -|         3|        1|     -|       yes|          -|         -|            -|             -|    -|
    | o VITIS_LOOP_390_2                                                  |     -|  -7.30|        -|          -|         3|        1|     -|       yes|          -|         -|            -|             -|    -|
    | o VITIS_LOOP_390_2                                                  |     -|  -7.30|        -|          -|         3|        1|     -|       yes|          -|         -|            -|             -|    -|
    | o VITIS_LOOP_390_2                                                  |     -|  -7.30|        -|          -|         3|        1|     -|       yes|          -|         -|            -|             -|    -|
    | o VITIS_LOOP_390_2                                                  |     -|  -7.30|        -|          -|         3|        1|     -|       yes|          -|         -|            -|             -|    -|
    | o VITIS_LOOP_390_2                                                  |     -|  -7.30|        -|          -|         3|        1|     -|       yes|          -|         -|            -|             -|    -|
    | o VITIS_LOOP_390_2                                                  |     -|  -7.30|        -|          -|         3|        1|     -|       yes|          -|         -|            -|             -|    -|
    | o VITIS_LOOP_390_2                                                  |     -|  -7.30|        -|          -|         3|        1|     -|       yes|          -|         -|            -|             -|    -|
    | o VITIS_LOOP_390_2                                                  |     -|  -7.30|        -|          -|         3|        1|     -|       yes|          -|         -|            -|             -|    -|
    | o VITIS_LOOP_390_2                                                  |     -|  -7.30|        -|          -|         3|        1|     -|       yes|          -|         -|            -|             -|    -|
    | o VITIS_LOOP_390_2                                                  |     -|  -7.30|        -|          -|         3|        1|     -|       yes|          -|         -|            -|             -|    -|
    | o VITIS_LOOP_390_2                                                  |     -|  -7.30|        -|          -|         3|        1|     -|       yes|          -|         -|            -|             -|    -|
    | o VITIS_LOOP_390_2                                                  |     -|  -7.30|        -|          -|         3|        1|     -|       yes|          -|         -|            -|             -|    -|
    | o VITIS_LOOP_390_2                                                  |     -|  -7.30|        -|          -|         3|        1|     -|       yes|          -|         -|            -|             -|    -|
    | o VITIS_LOOP_390_2                                                  |     -|  -7.30|        -|          -|         3|        1|     -|       yes|          -|         -|            -|             -|    -|
    | o VITIS_LOOP_390_2                                                  |     -|  -7.30|        -|          -|         3|        1|     -|       yes|          -|         -|            -|             -|    -|
    | o VITIS_LOOP_390_2                                                  |     -|  -7.30|        -|          -|         3|        1|     -|       yes|          -|         -|            -|             -|    -|
    | o VITIS_LOOP_390_2                                                  |     -|  -7.30|        -|          -|         3|        1|     -|       yes|          -|         -|            -|             -|    -|
    | o VITIS_LOOP_390_2                                                  |     -|  -7.30|        -|          -|         3|        1|     -|       yes|          -|         -|            -|             -|    -|
    | o VITIS_LOOP_390_2                                                  |     -|  -7.30|        -|          -|         3|        1|     -|       yes|          -|         -|            -|             -|    -|
    | o VITIS_LOOP_390_2                                                  |     -|  -7.30|        -|          -|         3|        1|     -|       yes|          -|         -|            -|             -|    -|
    | o VITIS_LOOP_390_2                                                  |     -|  -7.30|        -|          -|         3|        1|     -|       yes|          -|         -|            -|             -|    -|
    | o VITIS_LOOP_390_2                                                  |     -|  -7.30|        -|          -|         3|        1|     -|       yes|          -|         -|            -|             -|    -|
    | o VITIS_LOOP_390_2                                                  |     -|  -7.30|        -|          -|         3|        1|     -|       yes|          -|         -|            -|             -|    -|
    | o VITIS_LOOP_390_2                                                  |     -|  -7.30|        -|          -|         3|        1|     -|       yes|          -|         -|            -|             -|    -|
    | o VITIS_LOOP_390_2                                                  |     -|  -7.30|        -|          -|         3|        1|     -|       yes|          -|         -|            -|             -|    -|
    | o VITIS_LOOP_390_2                                                  |     -|  -7.30|        -|          -|         3|        1|     -|       yes|          -|         -|            -|             -|    -|
    | o VITIS_LOOP_390_2                                                  |     -|  -7.30|        -|          -|         3|        1|     -|       yes|          -|         -|            -|             -|    -|
    | o VITIS_LOOP_390_2                                                  |     -|  -7.30|        -|          -|         3|        1|     -|       yes|          -|         -|            -|             -|    -|
    | o VITIS_LOOP_390_2                                                  |     -|  -7.30|        -|          -|         3|        1|     -|       yes|          -|         -|            -|             -|    -|
    | o VITIS_LOOP_390_2                                                  |     -|  -7.30|        -|          -|         3|        1|     -|       yes|          -|         -|            -|             -|    -|
    | o VITIS_LOOP_390_2                                                  |     -|  -7.30|        -|          -|         3|        1|     -|       yes|          -|         -|            -|             -|    -|
    +---------------------------------------------------------------------+------+-------+---------+-----------+----------+---------+------+----------+-----------+----------+-------------+--------------+-----+

