

================================================================
== Vitis HLS Report for 'fast_score'
================================================================
* Date:           Wed Jan 17 16:58:48 2024

* Version:        2020.2 (Build 3064766 on Wed Nov 18 09:12:45 MST 2020)
* Project:        hls_project
* Solution:       solution1 (Vivado IP Flow Target)
* Product family: zynquplus
* Target device:  xczu7ev-ffvc1156-2-e


================================================================
== Performance Estimates
================================================================
+ Timing: 
    * Summary: 
    +--------+----------+----------+------------+
    |  Clock |  Target  | Estimated| Uncertainty|
    +--------+----------+----------+------------+
    |ap_clk  |  10.00 ns|  7.274 ns|     2.70 ns|
    +--------+----------+----------+------------+

+ Latency: 
    * Summary: 
    +---------+---------+-----------+-----------+-----+-----+---------+
    |  Latency (cycles) |   Latency (absolute)  |  Interval | Pipeline|
    |   min   |   max   |    min    |    max    | min | max |   Type  |
    +---------+---------+-----------+-----------+-----+-----+---------+
    |        3|        3|  30.000 ns|  30.000 ns|    1|    1|      yes|
    +---------+---------+-----------+-----------+-----+-----+---------+

    + Detail: 
        * Instance: 
        N/A

        * Loop: 
        N/A



================================================================
== Utilization Estimates
================================================================
* Summary: 
+-----------------+---------+------+--------+--------+-----+
|       Name      | BRAM_18K|  DSP |   FF   |   LUT  | URAM|
+-----------------+---------+------+--------+--------+-----+
|DSP              |        -|     -|       -|       -|    -|
|Expression       |        -|     -|       0|    2288|    -|
|FIFO             |        -|     -|       -|       -|    -|
|Instance         |        -|     -|       -|       -|    -|
|Memory           |        -|     -|       -|       -|    -|
|Multiplexer      |        -|     -|       -|       9|    -|
|Register         |        -|     -|     919|     128|    -|
+-----------------+---------+------+--------+--------+-----+
|Total            |        0|     0|     919|    2425|    0|
+-----------------+---------+------+--------+--------+-----+
|Available        |      624|  1728|  460800|  230400|   96|
+-----------------+---------+------+--------+--------+-----+
|Utilization (%)  |        0|     0|      ~0|       1|    0|
+-----------------+---------+------+--------+--------+-----+

+ Detail: 
    * Instance: 
    N/A

    * DSP: 
    N/A

    * Memory: 
    N/A

    * FIFO: 
    N/A

    * Expression: 
    +---------------------------+----------+----+---+----+------------+------------+
    |       Variable Name       | Operation| DSP| FF| LUT| Bitwidth P0| Bitwidth P1|
    +---------------------------+----------+----+---+----+------------+------------+
    |score_V_fu_1741_p2         |         +|   0|  0|  15|           8|           2|
    |b0_fu_888_p2               |         -|   0|  0|  16|           1|           9|
    |sub_ln46_fu_1721_p2        |         -|   0|  0|  15|           1|           8|
    |icmp_ln17_1_fu_174_p2      |      icmp|   0|  0|  11|           9|           9|
    |icmp_ln17_2_fu_202_p2      |      icmp|   0|  0|  11|           9|           9|
    |icmp_ln17_3_fu_230_p2      |      icmp|   0|  0|  11|           9|           9|
    |icmp_ln17_4_fu_258_p2      |      icmp|   0|  0|  11|           9|           9|
    |icmp_ln17_5_fu_286_p2      |      icmp|   0|  0|  11|           9|           9|
    |icmp_ln17_6_fu_314_p2      |      icmp|   0|  0|  11|           9|           9|
    |icmp_ln17_7_fu_342_p2      |      icmp|   0|  0|  11|           9|           9|
    |icmp_ln17_fu_146_p2        |      icmp|   0|  0|  11|           9|           9|
    |icmp_ln18_1_fu_188_p2      |      icmp|   0|  0|  11|           9|           9|
    |icmp_ln18_2_fu_216_p2      |      icmp|   0|  0|  11|           9|           9|
    |icmp_ln18_3_fu_244_p2      |      icmp|   0|  0|  11|           9|           9|
    |icmp_ln18_4_fu_272_p2      |      icmp|   0|  0|  11|           9|           9|
    |icmp_ln18_5_fu_300_p2      |      icmp|   0|  0|  11|           9|           9|
    |icmp_ln18_6_fu_328_p2      |      icmp|   0|  0|  11|           9|           9|
    |icmp_ln18_7_fu_356_p2      |      icmp|   0|  0|  11|           9|           9|
    |icmp_ln18_fu_160_p2        |      icmp|   0|  0|  11|           9|           9|
    |icmp_ln22_1_fu_398_p2      |      icmp|   0|  0|  11|           9|           9|
    |icmp_ln22_2_fu_426_p2      |      icmp|   0|  0|  11|           9|           9|
    |icmp_ln22_3_fu_454_p2      |      icmp|   0|  0|  11|           9|           9|
    |icmp_ln22_4_fu_482_p2      |      icmp|   0|  0|  11|           9|           9|
    |icmp_ln22_5_fu_510_p2      |      icmp|   0|  0|  11|           9|           9|
    |icmp_ln22_6_fu_538_p2      |      icmp|   0|  0|  11|           9|           9|
    |icmp_ln22_7_fu_566_p2      |      icmp|   0|  0|  11|           9|           9|
    |icmp_ln22_fu_370_p2        |      icmp|   0|  0|  11|           9|           9|
    |icmp_ln23_1_fu_412_p2      |      icmp|   0|  0|  11|           9|           9|
    |icmp_ln23_2_fu_440_p2      |      icmp|   0|  0|  11|           9|           9|
    |icmp_ln23_3_fu_468_p2      |      icmp|   0|  0|  11|           9|           9|
    |icmp_ln23_4_fu_496_p2      |      icmp|   0|  0|  11|           9|           9|
    |icmp_ln23_5_fu_524_p2      |      icmp|   0|  0|  11|           9|           9|
    |icmp_ln23_6_fu_552_p2      |      icmp|   0|  0|  11|           9|           9|
    |icmp_ln23_7_fu_580_p2      |      icmp|   0|  0|  11|           9|           9|
    |icmp_ln23_fu_384_p2        |      icmp|   0|  0|  11|           9|           9|
    |icmp_ln27_1_fu_622_p2      |      icmp|   0|  0|  11|           9|           9|
    |icmp_ln27_2_fu_650_p2      |      icmp|   0|  0|  11|           9|           9|
    |icmp_ln27_3_fu_678_p2      |      icmp|   0|  0|  11|           9|           9|
    |icmp_ln27_4_fu_706_p2      |      icmp|   0|  0|  11|           9|           9|
    |icmp_ln27_5_fu_734_p2      |      icmp|   0|  0|  11|           9|           9|
    |icmp_ln27_6_fu_762_p2      |      icmp|   0|  0|  11|           9|           9|
    |icmp_ln27_7_fu_790_p2      |      icmp|   0|  0|  11|           9|           9|
    |icmp_ln27_fu_594_p2        |      icmp|   0|  0|  11|           9|           9|
    |icmp_ln28_1_fu_636_p2      |      icmp|   0|  0|  11|           9|           9|
    |icmp_ln28_2_fu_664_p2      |      icmp|   0|  0|  11|           9|           9|
    |icmp_ln28_3_fu_692_p2      |      icmp|   0|  0|  11|           9|           9|
    |icmp_ln28_4_fu_720_p2      |      icmp|   0|  0|  11|           9|           9|
    |icmp_ln28_5_fu_748_p2      |      icmp|   0|  0|  11|           9|           9|
    |icmp_ln28_6_fu_776_p2      |      icmp|   0|  0|  11|           9|           9|
    |icmp_ln28_7_fu_804_p2      |      icmp|   0|  0|  11|           9|           9|
    |icmp_ln28_fu_608_p2        |      icmp|   0|  0|  11|           9|           9|
    |icmp_ln36_10_fu_1026_p2    |      icmp|   0|  0|  11|           9|           9|
    |icmp_ln36_11_fu_1090_p2    |      icmp|   0|  0|  11|           9|           9|
    |icmp_ln36_12_fu_1280_p2    |      icmp|   0|  0|  11|           9|           9|
    |icmp_ln36_13_fu_1344_p2    |      icmp|   0|  0|  11|           9|           9|
    |icmp_ln36_14_fu_1408_p2    |      icmp|   0|  0|  11|           9|           9|
    |icmp_ln36_15_fu_1593_p2    |      icmp|   0|  0|  11|           9|           9|
    |icmp_ln36_1_fu_836_p2      |      icmp|   0|  0|  11|           9|           9|
    |icmp_ln36_2_fu_1016_p2     |      icmp|   0|  0|  11|           9|           9|
    |icmp_ln36_3_fu_1080_p2     |      icmp|   0|  0|  11|           9|           9|
    |icmp_ln36_4_fu_1270_p2     |      icmp|   0|  0|  11|           9|           9|
    |icmp_ln36_5_fu_1334_p2     |      icmp|   0|  0|  11|           9|           9|
    |icmp_ln36_6_fu_1398_p2     |      icmp|   0|  0|  11|           9|           9|
    |icmp_ln36_7_fu_1583_p2     |      icmp|   0|  0|  11|           9|           9|
    |icmp_ln36_8_fu_882_p2      |      icmp|   0|  0|  11|           9|           9|
    |icmp_ln36_9_fu_962_p2      |      icmp|   0|  0|  11|           9|           9|
    |icmp_ln36_fu_822_p2        |      icmp|   0|  0|  11|           9|           9|
    |icmp_ln37_10_fu_1058_p2    |      icmp|   0|  0|  11|           9|           9|
    |icmp_ln37_11_fu_1255_p2    |      icmp|   0|  0|  11|           9|           9|
    |icmp_ln37_12_fu_1312_p2    |      icmp|   0|  0|  11|           9|           9|
    |icmp_ln37_13_fu_1376_p2    |      icmp|   0|  0|  11|           9|           9|
    |icmp_ln37_14_fu_1567_p2    |      icmp|   0|  0|  11|           9|           9|
    |icmp_ln37_15_fu_1625_p2    |      icmp|   0|  0|  11|           9|           9|
    |icmp_ln37_1_fu_872_p2      |      icmp|   0|  0|  11|           9|           9|
    |icmp_ln37_2_fu_1048_p2     |      icmp|   0|  0|  11|           9|           9|
    |icmp_ln37_3_fu_1108_p2     |      icmp|   0|  0|  11|           9|           9|
    |icmp_ln37_4_fu_1302_p2     |      icmp|   0|  0|  11|           9|           9|
    |icmp_ln37_5_fu_1366_p2     |      icmp|   0|  0|  11|           9|           9|
    |icmp_ln37_6_fu_1418_p2     |      icmp|   0|  0|  11|           9|           9|
    |icmp_ln37_7_fu_1615_p2     |      icmp|   0|  0|  11|           9|           9|
    |icmp_ln37_8_fu_984_p2      |      icmp|   0|  0|  11|           9|           9|
    |icmp_ln37_9_fu_994_p2      |      icmp|   0|  0|  11|           9|           9|
    |icmp_ln37_fu_858_p2        |      icmp|   0|  0|  11|           9|           9|
    |icmp_ln43_10_fu_1180_p2    |      icmp|   0|  0|  11|           9|           9|
    |icmp_ln43_11_fu_1228_p2    |      icmp|   0|  0|  11|           9|           9|
    |icmp_ln43_12_fu_1452_p2    |      icmp|   0|  0|  11|           9|           9|
    |icmp_ln43_13_fu_1500_p2    |      icmp|   0|  0|  11|           9|           9|
    |icmp_ln43_14_fu_1643_p2    |      icmp|   0|  0|  11|           9|           9|
    |icmp_ln43_15_fu_1675_p2    |      icmp|   0|  0|  11|           9|           9|
    |icmp_ln43_1_fu_908_p2      |      icmp|   0|  0|  11|           9|           9|
    |icmp_ln43_2_fu_1170_p2     |      icmp|   0|  0|  11|           9|           9|
    |icmp_ln43_3_fu_1218_p2     |      icmp|   0|  0|  11|           9|           9|
    |icmp_ln43_4_fu_1442_p2     |      icmp|   0|  0|  11|           9|           9|
    |icmp_ln43_5_fu_1490_p2     |      icmp|   0|  0|  11|           9|           9|
    |icmp_ln43_6_fu_1538_p2     |      icmp|   0|  0|  11|           9|           9|
    |icmp_ln43_7_fu_1665_p2     |      icmp|   0|  0|  11|           9|           9|
    |icmp_ln43_8_fu_942_p2      |      icmp|   0|  0|  11|           9|           9|
    |icmp_ln43_9_fu_1132_p2     |      icmp|   0|  0|  11|           9|           9|
    |icmp_ln43_fu_894_p2        |      icmp|   0|  0|  11|           9|           9|
    |icmp_ln44_10_fu_1204_p2    |      icmp|   0|  0|  11|           9|           9|
    |icmp_ln44_11_fu_1432_p2    |      icmp|   0|  0|  11|           9|           9|
    |icmp_ln44_12_fu_1476_p2    |      icmp|   0|  0|  11|           9|           9|
    |icmp_ln44_13_fu_1524_p2    |      icmp|   0|  0|  11|           9|           9|
    |icmp_ln44_14_fu_1653_p2    |      icmp|   0|  0|  11|           9|           9|
    |icmp_ln44_15_fu_1699_p2    |      icmp|   0|  0|  11|           9|           9|
    |icmp_ln44_1_fu_1146_p2     |      icmp|   0|  0|  11|           9|           9|
    |icmp_ln44_2_fu_936_p2      |      icmp|   0|  0|  11|           9|           9|
    |icmp_ln44_3_fu_1242_p2     |      icmp|   0|  0|  11|           9|           9|
    |icmp_ln44_4_fu_1466_p2     |      icmp|   0|  0|  11|           9|           9|
    |icmp_ln44_5_fu_1514_p2     |      icmp|   0|  0|  11|           9|           9|
    |icmp_ln44_6_fu_1548_p2     |      icmp|   0|  0|  11|           9|           9|
    |icmp_ln44_7_fu_1689_p2     |      icmp|   0|  0|  11|           9|           9|
    |icmp_ln44_8_fu_1156_p2     |      icmp|   0|  0|  11|           9|           9|
    |icmp_ln44_9_fu_1194_p2     |      icmp|   0|  0|  11|           9|           9|
    |icmp_ln44_fu_922_p2        |      icmp|   0|  0|  11|           9|           9|
    |icmp_ln46_fu_1727_p2       |      icmp|   0|  0|  11|           8|           8|
    |select_ln17_1_fu_180_p3    |    select|   0|  0|   9|           1|           9|
    |select_ln17_2_fu_208_p3    |    select|   0|  0|   9|           1|           9|
    |select_ln17_3_fu_236_p3    |    select|   0|  0|   9|           1|           9|
    |select_ln17_4_fu_264_p3    |    select|   0|  0|   9|           1|           9|
    |select_ln17_5_fu_292_p3    |    select|   0|  0|   9|           1|           9|
    |select_ln17_6_fu_320_p3    |    select|   0|  0|   9|           1|           9|
    |select_ln17_7_fu_348_p3    |    select|   0|  0|   9|           1|           9|
    |select_ln17_fu_152_p3      |    select|   0|  0|   9|           1|           9|
    |select_ln18_1_fu_194_p3    |    select|   0|  0|   9|           1|           9|
    |select_ln18_2_fu_222_p3    |    select|   0|  0|   9|           1|           9|
    |select_ln18_3_fu_250_p3    |    select|   0|  0|   9|           1|           9|
    |select_ln18_4_fu_278_p3    |    select|   0|  0|   9|           1|           9|
    |select_ln18_5_fu_306_p3    |    select|   0|  0|   9|           1|           9|
    |select_ln18_6_fu_334_p3    |    select|   0|  0|   9|           1|           9|
    |select_ln18_7_fu_362_p3    |    select|   0|  0|   9|           1|           9|
    |select_ln18_fu_166_p3      |    select|   0|  0|   9|           1|           9|
    |select_ln22_1_fu_404_p3    |    select|   0|  0|   9|           1|           9|
    |select_ln22_2_fu_432_p3    |    select|   0|  0|   9|           1|           9|
    |select_ln22_3_fu_460_p3    |    select|   0|  0|   9|           1|           9|
    |select_ln22_4_fu_488_p3    |    select|   0|  0|   9|           1|           9|
    |select_ln22_5_fu_516_p3    |    select|   0|  0|   9|           1|           9|
    |select_ln22_6_fu_544_p3    |    select|   0|  0|   9|           1|           9|
    |select_ln22_7_fu_572_p3    |    select|   0|  0|   9|           1|           9|
    |select_ln22_fu_376_p3      |    select|   0|  0|   9|           1|           9|
    |select_ln23_1_fu_418_p3    |    select|   0|  0|   9|           1|           9|
    |select_ln23_2_fu_446_p3    |    select|   0|  0|   9|           1|           9|
    |select_ln23_3_fu_474_p3    |    select|   0|  0|   9|           1|           9|
    |select_ln23_4_fu_502_p3    |    select|   0|  0|   9|           1|           9|
    |select_ln23_5_fu_530_p3    |    select|   0|  0|   9|           1|           9|
    |select_ln23_6_fu_558_p3    |    select|   0|  0|   9|           1|           9|
    |select_ln23_7_fu_586_p3    |    select|   0|  0|   9|           1|           9|
    |select_ln23_fu_390_p3      |    select|   0|  0|   9|           1|           9|
    |select_ln27_1_fu_628_p3    |    select|   0|  0|   9|           1|           9|
    |select_ln27_2_fu_656_p3    |    select|   0|  0|   9|           1|           9|
    |select_ln27_3_fu_684_p3    |    select|   0|  0|   9|           1|           9|
    |select_ln27_4_fu_712_p3    |    select|   0|  0|   9|           1|           9|
    |select_ln27_5_fu_740_p3    |    select|   0|  0|   9|           1|           9|
    |select_ln27_6_fu_768_p3    |    select|   0|  0|   9|           1|           9|
    |select_ln27_7_fu_796_p3    |    select|   0|  0|   9|           1|           9|
    |select_ln27_fu_600_p3      |    select|   0|  0|   9|           1|           9|
    |select_ln28_1_fu_642_p3    |    select|   0|  0|   9|           1|           9|
    |select_ln28_2_fu_670_p3    |    select|   0|  0|   9|           1|           9|
    |select_ln28_3_fu_698_p3    |    select|   0|  0|   9|           1|           9|
    |select_ln28_4_fu_726_p3    |    select|   0|  0|   9|           1|           9|
    |select_ln28_5_fu_754_p3    |    select|   0|  0|   9|           1|           9|
    |select_ln28_6_fu_782_p3    |    select|   0|  0|   9|           1|           9|
    |select_ln28_7_fu_810_p3    |    select|   0|  0|   9|           1|           9|
    |select_ln28_fu_614_p3      |    select|   0|  0|   9|           1|           9|
    |select_ln36_10_fu_1036_p3  |    select|   0|  0|   8|           1|           8|
    |select_ln36_11_fu_1100_p3  |    select|   0|  0|   8|           1|           8|
    |select_ln36_12_fu_1290_p3  |    select|   0|  0|   8|           1|           8|
    |select_ln36_13_fu_1354_p3  |    select|   0|  0|   8|           1|           8|
    |select_ln36_14_fu_1558_p3  |    select|   0|  0|   8|           1|           8|
    |select_ln36_15_fu_1603_p3  |    select|   0|  0|   8|           1|           8|
    |select_ln36_1_fu_957_p3    |    select|   0|  0|   9|           1|           9|
    |select_ln36_2_fu_1020_p3   |    select|   0|  0|   9|           1|           9|
    |select_ln36_3_fu_1084_p3   |    select|   0|  0|   9|           1|           9|
    |select_ln36_4_fu_1274_p3   |    select|   0|  0|   9|           1|           9|
    |select_ln36_5_fu_1338_p3   |    select|   0|  0|   9|           1|           9|
    |select_ln36_6_fu_1402_p3   |    select|   0|  0|   9|           1|           9|
    |select_ln36_7_fu_1587_p3   |    select|   0|  0|   9|           1|           9|
    |select_ln36_8_fu_846_p3    |    select|   0|  0|   8|           1|           8|
    |select_ln36_9_fu_972_p3    |    select|   0|  0|   8|           1|           8|
    |select_ln36_fu_828_p3      |    select|   0|  0|   9|           1|           9|
    |select_ln37_10_fu_1068_p3  |    select|   0|  0|   8|           1|           8|
    |select_ln37_11_fu_1260_p3  |    select|   0|  0|   8|           1|           8|
    |select_ln37_12_fu_1322_p3  |    select|   0|  0|   8|           1|           8|
    |select_ln37_13_fu_1386_p3  |    select|   0|  0|   8|           1|           8|
    |select_ln37_14_fu_1572_p3  |    select|   0|  0|   8|           1|           8|
    |select_ln37_15_fu_1635_p3  |    select|   0|  0|   8|           1|           8|
    |select_ln37_1_fu_948_p3    |    select|   0|  0|   8|           1|           8|
    |select_ln37_2_fu_1052_p3   |    select|   0|  0|   9|           1|           9|
    |select_ln37_3_fu_1112_p3   |    select|   0|  0|   9|           1|           9|
    |select_ln37_4_fu_1306_p3   |    select|   0|  0|   9|           1|           9|
    |select_ln37_5_fu_1370_p3   |    select|   0|  0|   9|           1|           9|
    |select_ln37_6_fu_1422_p3   |    select|   0|  0|   9|           1|           9|
    |select_ln37_7_fu_1619_p3   |    select|   0|  0|   9|           1|           9|
    |select_ln37_8_fu_988_p3    |    select|   0|  0|   9|           1|           9|
    |select_ln37_9_fu_1004_p3   |    select|   0|  0|   8|           1|           8|
    |select_ln37_fu_864_p3      |    select|   0|  0|   9|           1|           9|
    |select_ln43_10_fu_1494_p3  |    select|   0|  0|   9|           1|           9|
    |select_ln43_11_fu_1506_p3  |    select|   0|  0|   9|           1|           9|
    |select_ln43_12_fu_1542_p3  |    select|   0|  0|   9|           1|           9|
    |select_ln43_13_fu_1647_p3  |    select|   0|  0|   9|           1|           9|
    |select_ln43_14_fu_1669_p3  |    select|   0|  0|   9|           1|           9|
    |select_ln43_15_fu_1681_p3  |    select|   0|  0|   9|           1|           9|
    |select_ln43_1_fu_914_p3    |    select|   0|  0|   9|           1|           9|
    |select_ln43_2_fu_1127_p3   |    select|   0|  0|   9|           1|           9|
    |select_ln43_3_fu_1138_p3   |    select|   0|  0|   9|           1|           9|
    |select_ln43_4_fu_1174_p3   |    select|   0|  0|   9|           1|           9|
    |select_ln43_5_fu_1186_p3   |    select|   0|  0|   9|           1|           9|
    |select_ln43_6_fu_1222_p3   |    select|   0|  0|   9|           1|           9|
    |select_ln43_7_fu_1234_p3   |    select|   0|  0|   9|           1|           9|
    |select_ln43_8_fu_1446_p3   |    select|   0|  0|   9|           1|           9|
    |select_ln43_9_fu_1458_p3   |    select|   0|  0|   9|           1|           9|
    |select_ln43_fu_900_p3      |    select|   0|  0|   9|           1|           9|
    |select_ln44_10_fu_1518_p3  |    select|   0|  0|   9|           1|           9|
    |select_ln44_11_fu_1530_p3  |    select|   0|  0|   9|           1|           9|
    |select_ln44_12_fu_1552_p3  |    select|   0|  0|   9|           1|           9|
    |select_ln44_13_fu_1658_p3  |    select|   0|  0|   9|           1|           9|
    |select_ln44_14_fu_1693_p3  |    select|   0|  0|   9|           1|           9|
    |select_ln44_15_fu_1713_p3  |    select|   0|  0|   8|           1|           8|
    |select_ln44_1_fu_1122_p3   |    select|   0|  0|   9|           1|           9|
    |select_ln44_2_fu_1150_p3   |    select|   0|  0|   9|           1|           9|
    |select_ln44_3_fu_1162_p3   |    select|   0|  0|   9|           1|           9|
    |select_ln44_4_fu_1198_p3   |    select|   0|  0|   9|           1|           9|
    |select_ln44_5_fu_1210_p3   |    select|   0|  0|   9|           1|           9|
    |select_ln44_6_fu_1246_p3   |    select|   0|  0|   9|           1|           9|
    |select_ln44_7_fu_1436_p3   |    select|   0|  0|   9|           1|           9|
    |select_ln44_8_fu_1470_p3   |    select|   0|  0|   9|           1|           9|
    |select_ln44_9_fu_1482_p3   |    select|   0|  0|   9|           1|           9|
    |select_ln44_fu_928_p3      |    select|   0|  0|   9|           1|           9|
    |select_ln46_fu_1733_p3     |    select|   0|  0|   8|           1|           8|
    +---------------------------+----------+----+---+----+------------+------------+
    |Total                      |          |   0|  0|2288|        1139|        2034|
    +---------------------------+----------+----+---+----+------------+------------+

    * Multiplexer: 
    +-----------+----+-----------+-----+-----------+
    |    Name   | LUT| Input Size| Bits| Total Bits|
    +-----------+----+-----------+-----+-----------+
    |ap_return  |   9|          2|    8|         16|
    +-----------+----+-----------+-----+-----------+
    |Total      |   9|          2|    8|         16|
    +-----------+----+-----------+-----+-----------+

    * Register: 
    +--------------------------------------+----+----+-----+-----------+
    |                 Name                 | FF | LUT| Bits| Const Bits|
    +--------------------------------------+----+----+-----+-----------+
    |ap_ce_reg                             |   1|   0|    1|          0|
    |ap_return_int_reg                     |   8|   0|    8|          0|
    |icmp_ln36_14_reg_2040                 |   1|   0|    1|          0|
    |icmp_ln36_8_reg_1982                  |   1|   0|    1|          0|
    |icmp_ln37_1_reg_1972                  |   1|   0|    1|          0|
    |icmp_ln43_8_reg_2002                  |   1|   0|    1|          0|
    |icmp_ln44_2_reg_1997                  |   1|   0|    1|          0|
    |p_read10_int_reg                      |   9|   0|    9|          0|
    |p_read11_int_reg                      |   9|   0|    9|          0|
    |p_read12_int_reg                      |   9|   0|    9|          0|
    |p_read13_int_reg                      |   9|   0|    9|          0|
    |p_read14_int_reg                      |   9|   0|    9|          0|
    |p_read15_int_reg                      |   9|   0|    9|          0|
    |p_read16_int_reg                      |   9|   0|    9|          0|
    |p_read1_int_reg                       |   9|   0|    9|          0|
    |p_read28_reg_1849                     |   9|   0|    9|          0|
    |p_read28_reg_1849_pp0_iter1_reg       |   9|   0|    9|          0|
    |p_read2_int_reg                       |   9|   0|    9|          0|
    |p_read39_reg_1843                     |   9|   0|    9|          0|
    |p_read3_int_reg                       |   9|   0|    9|          0|
    |p_read410_reg_1835                    |   9|   0|    9|          0|
    |p_read410_reg_1835_pp0_iter1_reg      |   9|   0|    9|          0|
    |p_read4_int_reg                       |   9|   0|    9|          0|
    |p_read511_reg_1827                    |   9|   0|    9|          0|
    |p_read5_int_reg                       |   9|   0|    9|          0|
    |p_read612_reg_1819                    |   9|   0|    9|          0|
    |p_read612_reg_1819_pp0_iter1_reg      |   9|   0|    9|          0|
    |p_read6_int_reg                       |   9|   0|    9|          0|
    |p_read713_reg_1811                    |   9|   0|    9|          0|
    |p_read7_int_reg                       |   9|   0|    9|          0|
    |p_read814_reg_1803                    |   9|   0|    9|          0|
    |p_read8_int_reg                       |   9|   0|    9|          0|
    |p_read9_int_reg                       |   9|   0|    9|          0|
    |p_read_10_reg_1771                    |   9|   0|    9|          0|
    |p_read_10_reg_1771_pp0_iter1_reg      |   9|   0|    9|          0|
    |p_read_11_reg_1779                    |   9|   0|    9|          0|
    |p_read_12_reg_1787                    |   9|   0|    9|          0|
    |p_read_12_reg_1787_pp0_iter1_reg      |   9|   0|    9|          0|
    |p_read_14_reg_1795                    |   9|   0|    9|          0|
    |p_read_14_reg_1795_pp0_iter1_reg      |   9|   0|    9|          0|
    |p_read_8_reg_1755                     |   9|   0|    9|          0|
    |p_read_9_reg_1763                     |   9|   0|    9|          0|
    |p_read_reg_1747                       |   9|   0|    9|          0|
    |p_threshold_int_reg                   |   8|   0|    8|          0|
    |select_ln27_1_reg_1857                |   9|   0|    9|          0|
    |select_ln27_2_reg_1871                |   9|   0|    9|          0|
    |select_ln27_3_reg_1887                |   9|   0|    9|          0|
    |select_ln27_4_reg_1903                |   9|   0|    9|          0|
    |select_ln27_4_reg_1903_pp0_iter1_reg  |   9|   0|    9|          0|
    |select_ln27_5_reg_1919                |   9|   0|    9|          0|
    |select_ln27_5_reg_1919_pp0_iter1_reg  |   9|   0|    9|          0|
    |select_ln27_6_reg_1935                |   9|   0|    9|          0|
    |select_ln27_6_reg_1935_pp0_iter1_reg  |   9|   0|    9|          0|
    |select_ln27_7_reg_1951                |   9|   0|    9|          0|
    |select_ln28_1_reg_1864                |   9|   0|    9|          0|
    |select_ln28_2_reg_1879                |   9|   0|    9|          0|
    |select_ln28_3_reg_1895                |   9|   0|    9|          0|
    |select_ln28_4_reg_1911                |   9|   0|    9|          0|
    |select_ln28_4_reg_1911_pp0_iter1_reg  |   9|   0|    9|          0|
    |select_ln28_5_reg_1927                |   9|   0|    9|          0|
    |select_ln28_5_reg_1927_pp0_iter1_reg  |   9|   0|    9|          0|
    |select_ln28_6_reg_1943                |   9|   0|    9|          0|
    |select_ln28_6_reg_1943_pp0_iter1_reg  |   9|   0|    9|          0|
    |select_ln28_7_reg_1959                |   9|   0|    9|          0|
    |select_ln36_11_reg_2007               |   8|   0|    8|          0|
    |select_ln36_8_reg_1967                |   8|   0|    8|          0|
    |select_ln37_13_reg_2035               |   8|   0|    8|          0|
    |select_ln37_3_reg_2013                |   9|   0|    9|          0|
    |select_ln37_6_reg_2050                |   9|   0|    9|          0|
    |select_ln43_12_reg_2066               |   9|   0|    9|          0|
    |select_ln43_1_reg_1987                |   9|   0|    9|          0|
    |select_ln43_7_reg_2023                |   9|   0|    9|          0|
    |select_ln44_11_reg_2060               |   9|   0|    9|          0|
    |select_ln44_12_reg_2072               |   9|   0|    9|          0|
    |select_ln44_6_reg_2029                |   9|   0|    9|          0|
    |select_ln44_reg_1992                  |   9|   0|    9|          0|
    |trunc_ln36_6_reg_2045                 |   8|   0|    8|          0|
    |trunc_ln37_3_reg_2018                 |   8|   0|    8|          0|
    |trunc_ln37_6_reg_2055                 |   8|   0|    8|          0|
    |trunc_ln37_reg_1977                   |   8|   0|    8|          0|
    |p_read814_reg_1803                    |  64|  32|    9|          0|
    |p_read_8_reg_1755                     |  64|  32|    9|          0|
    |select_ln27_7_reg_1951                |  64|  32|    9|          0|
    |select_ln28_7_reg_1959                |  64|  32|    9|          0|
    +--------------------------------------+----+----+-----+-----------+
    |Total                                 | 919| 128|  699|          0|
    +--------------------------------------+----+----+-----+-----------+



================================================================
== Interface
================================================================
* Summary: 
+-------------+-----+-----+------------+--------------+--------------+
|  RTL Ports  | Dir | Bits|  Protocol  | Source Object|    C Type    |
+-------------+-----+-----+------------+--------------+--------------+
|ap_clk       |   in|    1|  ap_ctrl_hs|    fast_score|  return value|
|ap_rst       |   in|    1|  ap_ctrl_hs|    fast_score|  return value|
|ap_return    |  out|    8|  ap_ctrl_hs|    fast_score|  return value|
|ap_ce        |   in|    1|  ap_ctrl_hs|    fast_score|  return value|
|p_read1      |   in|    9|     ap_none|       p_read1|        scalar|
|p_read2      |   in|    9|     ap_none|       p_read2|        scalar|
|p_read3      |   in|    9|     ap_none|       p_read3|        scalar|
|p_read4      |   in|    9|     ap_none|       p_read4|        scalar|
|p_read5      |   in|    9|     ap_none|       p_read5|        scalar|
|p_read6      |   in|    9|     ap_none|       p_read6|        scalar|
|p_read7      |   in|    9|     ap_none|       p_read7|        scalar|
|p_read8      |   in|    9|     ap_none|       p_read8|        scalar|
|p_read9      |   in|    9|     ap_none|       p_read9|        scalar|
|p_read10     |   in|    9|     ap_none|      p_read10|        scalar|
|p_read11     |   in|    9|     ap_none|      p_read11|        scalar|
|p_read12     |   in|    9|     ap_none|      p_read12|        scalar|
|p_read13     |   in|    9|     ap_none|      p_read13|        scalar|
|p_read14     |   in|    9|     ap_none|      p_read14|        scalar|
|p_read15     |   in|    9|     ap_none|      p_read15|        scalar|
|p_read16     |   in|    9|     ap_none|      p_read16|        scalar|
|p_threshold  |   in|    8|     ap_none|   p_threshold|        scalar|
+-------------+-----+-----+------------+--------------+--------------+

