

================================================================
== Vitis HLS Report for 'generic_atan2_20_20_s'
================================================================
* Date:           Wed Jan 17 16:58:54 2024

* Version:        2020.2 (Build 3064766 on Wed Nov 18 09:12:45 MST 2020)
* Project:        hls_project
* Solution:       solution1 (Vivado IP Flow Target)
* Product family: zynquplus
* Target device:  xczu7ev-ffvc1156-2-e


================================================================
== Performance Estimates
================================================================
+ Timing: 
    * Summary: 
    +--------+----------+----------+------------+
    |  Clock |  Target  | Estimated| Uncertainty|
    +--------+----------+----------+------------+
    |ap_clk  |  10.00 ns|  3.442 ns|     2.70 ns|
    +--------+----------+----------+------------+

+ Latency: 
    * Summary: 
    +---------+---------+-----------+----------+-----+-----+---------+
    |  Latency (cycles) |  Latency (absolute)  |  Interval | Pipeline|
    |   min   |   max   |    min    |    max   | min | max |   Type  |
    +---------+---------+-----------+----------+-----+-----+---------+
    |        1|       29|  10.000 ns|  0.290 us|    1|   29|     none|
    +---------+---------+-----------+----------+-----+-----+---------+

    + Detail: 
        * Instance: 
        N/A

        * Loop: 
        +-------------------+---------+---------+----------+-----------+-----------+------+----------+
        |                   |  Latency (cycles) | Iteration|  Initiation Interval  | Trip |          |
        |     Loop Name     |   min   |   max   |  Latency |  achieved |   target  | Count| Pipelined|
        +-------------------+---------+---------+----------+-----------+-----------+------+----------+
        |- VITIS_LOOP_87_1  |       27|       27|         2|          1|          1|    27|       yes|
        +-------------------+---------+---------+----------+-----------+-----------+------+----------+



================================================================
== Utilization Estimates
================================================================
* Summary: 
+-----------------+---------+------+--------+--------+-----+
|       Name      | BRAM_18K|  DSP |   FF   |   LUT  | URAM|
+-----------------+---------+------+--------+--------+-----+
|DSP              |        -|     -|       -|       -|    -|
|Expression       |        -|     -|       0|     931|    -|
|FIFO             |        -|     -|       -|       -|    -|
|Instance         |        -|     -|       -|       -|    -|
|Memory           |        4|     -|       0|       0|    -|
|Multiplexer      |        -|     -|       -|     165|    -|
|Register         |        -|     -|     149|       -|    -|
+-----------------+---------+------+--------+--------+-----+
|Total            |        4|     0|     149|    1096|    0|
+-----------------+---------+------+--------+--------+-----+
|Available        |      624|  1728|  460800|  230400|   96|
+-----------------+---------+------+--------+--------+-----+
|Utilization (%)  |       ~0|     0|      ~0|      ~0|    0|
+-----------------+---------+------+--------+--------+-----+

+ Detail: 
    * Instance: 
    N/A

    * DSP: 
    N/A

    * Memory: 
    +-----------------------------+-------------------------------------------------+---------+---+----+-----+------+-----+------+-------------+
    |            Memory           |                      Module                     | BRAM_18K| FF| LUT| URAM| Words| Bits| Banks| W*Bits*Banks|
    +-----------------------------+-------------------------------------------------+---------+---+----+-----+------+-----+------+-------------+
    |circ_table_arctan_128_V56_U  |generic_atan2_20_20_s_circ_table_arctan_128_V56  |        4|  0|   0|    0|   128|  126|     1|        16128|
    +-----------------------------+-------------------------------------------------+---------+---+----+-----+------+-----+------+-------------+
    |Total                        |                                                 |        4|  0|   0|    0|   128|  126|     1|        16128|
    +-----------------------------+-------------------------------------------------+---------+---+----+-----+------+-----+------+-------------+

    * FIFO: 
    N/A

    * Expression: 
    +-------------------------+----------+----+---+----+------------+------------+
    |      Variable Name      | Operation| DSP| FF| LUT| Bitwidth P0| Bitwidth P1|
    +-------------------------+----------+----+---+----+------------+------------+
    |add_ln703_1_fu_456_p2    |         +|   0|  0|  34|          27|          27|
    |add_ln703_2_fu_420_p2    |         +|   0|  0|  34|          27|          27|
    |add_ln703_fu_402_p2      |         +|   0|  0|  34|          27|          27|
    |add_ln87_fu_361_p2       |         +|   0|  0|  12|           5|           1|
    |ret_V_20_fu_534_p2       |         +|   0|  0|  34|          27|          27|
    |r_V_10_fu_301_p2         |         -|   0|  0|  28|           1|          21|
    |r_V_fu_283_p2            |         -|   0|  0|  28|           1|          21|
    |r_fu_517_p2              |         -|   0|  0|  34|           1|          27|
    |ret_V_fu_551_p2          |         -|   0|  0|  34|          26|          27|
    |sub_ln703_3_fu_414_p2    |         -|   0|  0|  34|          27|          27|
    |sub_ln703_4_fu_462_p2    |         -|   0|  0|  34|          27|          27|
    |sub_ln703_fu_408_p2      |         -|   0|  0|  34|          27|          27|
    |z_V_1_fu_475_p2          |         -|   0|  0|  34|          25|          27|
    |and_ln608_fu_231_p2      |       and|   0|  0|   2|           1|           1|
    |and_ln612_fu_243_p2      |       and|   0|  0|   2|           1|           1|
    |and_ln616_fu_255_p2      |       and|   0|  0|   2|           1|           1|
    |and_ln620_fu_267_p2      |       and|   0|  0|   2|           1|           1|
    |and_ln681_fu_488_p2      |       and|   0|  0|   2|           1|           1|
    |and_ln687_fu_502_p2      |       and|   0|  0|   2|           1|           1|
    |ap_condition_501         |       and|   0|  0|   2|           1|           1|
    |ap_condition_504         |       and|   0|  0|   2|           1|           1|
    |ap_condition_508         |       and|   0|  0|   2|           1|           1|
    |r_V_11_fu_390_p2         |      ashr|   0|  0|  70|          27|          27|
    |r_V_12_fu_396_p2         |      ashr|   0|  0|  70|          27|          27|
    |icmp_ln1494_1_fu_201_p2  |      icmp|   0|  0|  14|          20|           1|
    |icmp_ln1494_2_fu_315_p2  |      icmp|   0|  0|  15|          21|          21|
    |icmp_ln1494_fu_177_p2    |      icmp|   0|  0|  14|          20|           1|
    |icmp_ln1498_1_fu_207_p2  |      icmp|   0|  0|  14|          20|           1|
    |icmp_ln1498_2_fu_273_p2  |      icmp|   0|  0|  14|          20|          20|
    |icmp_ln1498_fu_183_p2    |      icmp|   0|  0|  14|          20|           1|
    |icmp_ln684_fu_496_p2     |      icmp|   0|  0|   8|           2|           1|
    |icmp_ln870_4_fu_237_p2   |      icmp|   0|  0|   8|           2|           1|
    |icmp_ln870_5_fu_249_p2   |      icmp|   0|  0|   8|           2|           1|
    |icmp_ln870_6_fu_261_p2   |      icmp|   0|  0|   8|           2|           1|
    |icmp_ln870_fu_225_p2     |      icmp|   0|  0|   8|           2|           1|
    |icmp_ln87_fu_367_p2      |      icmp|   0|  0|   9|           5|           4|
    |or_ln684_fu_492_p2       |        or|   0|  0|   2|           2|           2|
    |in1abs_V_fu_289_p3       |    select|   0|  0|  20|           1|          21|
    |in2abs_V_fu_307_p3       |    select|   0|  0|  20|           1|          21|
    |select_ln631_fu_568_p3   |    select|   0|  0|  19|           1|           1|
    |signin1_fu_193_p3        |    select|   0|  0|   3|           1|           3|
    |signin2_fu_217_p3        |    select|   0|  0|   3|           1|           3|
    |tx_fu_434_p3             |    select|   0|  0|  27|           1|          27|
    |ty_fu_426_p3             |    select|   0|  0|  27|           1|          27|
    |tz_fu_468_p3             |    select|   0|  0|  27|           1|          27|
    |x_V_fu_349_p3            |    select|   0|  0|  26|           1|          26|
    |y_V_fu_337_p3            |    select|   0|  0|  26|           1|          26|
    |z_V_2_fu_481_p3          |    select|   0|  0|  27|           1|          27|
    |ap_enable_pp0            |       xor|   0|  0|   2|           1|           2|
    |ap_enable_reg_pp0_iter1  |       xor|   0|  0|   2|           2|           1|
    +-------------------------+----------+----+---+----+------------+------------+
    |Total                    |          |   0|  0| 931|         463|         644|
    +-------------------------+----------+----+---+----+------------+------------+

    * Multiplexer: 
    +----------------------------------------+----+-----------+-----+-----------+
    |                  Name                  | LUT| Input Size| Bits| Total Bits|
    +----------------------------------------+----+-----------+-----+-----------+
    |agg_result_0_reg_142                    |  54|         10|   20|        200|
    |ap_NS_fsm                               |  26|          5|    1|          5|
    |ap_enable_reg_pp0_iter1                 |  14|          3|    1|          3|
    |ap_phi_mux_agg_result_0_phi_fu_150_p20  |  26|          5|   20|        100|
    |ap_return                               |   9|          2|   20|         40|
    |empty_112_reg_124                       |   9|          2|   27|         54|
    |empty_reg_112                           |   9|          2|   27|         54|
    |n_reg_101                               |   9|          2|    5|         10|
    |p_Val2_7_reg_133                        |   9|          2|   27|         54|
    +----------------------------------------+----+-----------+-----+-----------+
    |Total                                   | 165|         33|  148|        520|
    +----------------------------------------+----+-----------+-----+-----------+

    * Register: 
    +-------------------------+----+----+-----+-----------+
    |           Name          | FF | LUT| Bits| Const Bits|
    +-------------------------+----+----+-----+-----------+
    |agg_result_0_reg_142     |  20|   0|   20|          0|
    |and_ln608_reg_600        |   1|   0|    1|          0|
    |and_ln612_reg_609        |   1|   0|    1|          0|
    |and_ln616_reg_613        |   1|   0|    1|          0|
    |and_ln620_reg_622        |   1|   0|    1|          0|
    |ap_CS_fsm                |   4|   0|    4|          0|
    |ap_enable_reg_pp0_iter0  |   1|   0|    1|          0|
    |ap_enable_reg_pp0_iter1  |   1|   0|    1|          0|
    |ap_return_preg           |  20|   0|   20|          0|
    |empty_112_reg_124        |  27|   0|   27|          0|
    |empty_reg_112            |  27|   0|   27|          0|
    |icmp_ln1494_1_reg_585    |   1|   0|    1|          0|
    |icmp_ln1494_2_reg_630    |   1|   0|    1|          0|
    |icmp_ln1494_reg_575      |   1|   0|    1|          0|
    |icmp_ln1498_2_reg_626    |   1|   0|    1|          0|
    |icmp_ln870_4_reg_604     |   1|   0|    1|          0|
    |icmp_ln870_6_reg_617     |   1|   0|    1|          0|
    |icmp_ln870_reg_595       |   1|   0|    1|          0|
    |icmp_ln87_reg_650        |   1|   0|    1|          0|
    |n_reg_101                |   5|   0|    5|          0|
    |p_Val2_7_reg_133         |  27|   0|   27|          0|
    |signin1_reg_580          |   2|   0|    2|          0|
    |signin2_reg_590          |   2|   0|    2|          0|
    |tmp_51_reg_654           |   1|   0|    1|          0|
    +-------------------------+----+----+-----+-----------+
    |Total                    | 149|   0|  149|          0|
    +-------------------------+----+----+-----+-----------+



================================================================
== Interface
================================================================
* Summary: 
+-----------+-----+-----+------------+-----------------------+--------------+
| RTL Ports | Dir | Bits|  Protocol  |     Source Object     |    C Type    |
+-----------+-----+-----+------------+-----------------------+--------------+
|ap_clk     |   in|    1|  ap_ctrl_hs|  generic_atan2<20, 20>|  return value|
|ap_rst     |   in|    1|  ap_ctrl_hs|  generic_atan2<20, 20>|  return value|
|ap_start   |   in|    1|  ap_ctrl_hs|  generic_atan2<20, 20>|  return value|
|ap_done    |  out|    1|  ap_ctrl_hs|  generic_atan2<20, 20>|  return value|
|ap_idle    |  out|    1|  ap_ctrl_hs|  generic_atan2<20, 20>|  return value|
|ap_ready   |  out|    1|  ap_ctrl_hs|  generic_atan2<20, 20>|  return value|
|ap_return  |  out|   20|  ap_ctrl_hs|  generic_atan2<20, 20>|  return value|
|in1        |   in|   20|     ap_none|                    in1|        scalar|
|in2        |   in|   20|     ap_none|                    in2|        scalar|
+-----------+-----+-----+------------+-----------------------+--------------+

