

================================================================
== Vitis HLS Report for 'ORB_accel'
================================================================
* Date:           Wed Jan 17 16:59:46 2024

* Version:        2020.2 (Build 3064766 on Wed Nov 18 09:12:45 MST 2020)
* Project:        hls_project
* Solution:       solution1 (Vivado IP Flow Target)
* Product family: zynquplus
* Target device:  xczu7ev-ffvc1156-2-e


================================================================
== Performance Estimates
================================================================
+ Timing: 
    * Summary: 
    +--------+----------+----------+------------+
    |  Clock |  Target  | Estimated| Uncertainty|
    +--------+----------+----------+------------+
    |ap_clk  |  10.00 ns|  7.274 ns|     2.70 ns|
    +--------+----------+----------+------------+

+ Latency: 
    * Summary: 
    +---------+---------+----------+----------+-----+-----+---------+
    |  Latency (cycles) |  Latency (absolute) |  Interval | Pipeline|
    |   min   |   max   |    min   |    max   | min | max |   Type  |
    +---------+---------+----------+----------+-----+-----+---------+
    |        ?|        ?|         ?|         ?|    ?|    ?|     none|
    +---------+---------+----------+----------+-----+-----+---------+

    + Detail: 
        * Instance: 
        +------------------------------------------+-------------------------------+---------+---------+----------+----------+-----+-----+----------+
        |                                          |                               |  Latency (cycles) |  Latency (absolute) |  Interval | Pipeline |
        |                 Instance                 |             Module            |   min   |   max   |    min   |    max   | min | max |   Type   |
        +------------------------------------------+-------------------------------+---------+---------+----------+----------+-----+-----+----------+
        |grp_process_ORB_8_0_1080_1920_1_s_fu_247  |process_ORB_8_0_1080_1920_1_s  |        ?|        ?|         ?|         ?|    ?|    ?|  dataflow|
        +------------------------------------------+-------------------------------+---------+---------+----------+----------+-----+-----+----------+

        * Loop: 
        +---------------------+---------+---------+----------+-----------+-----------+------+----------+
        |                     |  Latency (cycles) | Iteration|  Initiation Interval  | Trip |          |
        |      Loop Name      |   min   |   max   |  Latency |  achieved |   target  | Count| Pipelined|
        +---------------------+---------+---------+----------+-----------+-----------+------+----------+
        |- VITIS_LOOP_351_1   |        ?|        ?|         ?|          -|          -|   256|        no|
        | + VITIS_LOOP_352_2  |        ?|        ?|         3|          1|          1|     ?|       yes|
        +---------------------+---------+---------+----------+-----------+-----------+------+----------+



================================================================
== Utilization Estimates
================================================================
* Summary: 
+-----------------+---------+------+--------+--------+-----+
|       Name      | BRAM_18K|  DSP |   FF   |   LUT  | URAM|
+-----------------+---------+------+--------+--------+-----+
|DSP              |        -|     -|       -|       -|    -|
|Expression       |        -|     -|       0|     252|    -|
|FIFO             |        -|     -|       -|       -|    -|
|Instance         |      159|    33|   49945|   41781|    -|
|Memory           |       49|     -|       0|       0|    -|
|Multiplexer      |        -|     -|       -|     332|    -|
|Register         |        -|     -|     310|       -|    -|
+-----------------+---------+------+--------+--------+-----+
|Total            |      208|    33|   50255|   42365|    0|
+-----------------+---------+------+--------+--------+-----+
|Available        |      624|  1728|  460800|  230400|   96|
+-----------------+---------+------+--------+--------+-----+
|Utilization (%)  |       33|     1|      10|      18|    0|
+-----------------+---------+------+--------+--------+-----+

+ Detail: 
    * Instance: 
    +------------------------------------------+-------------------------------+---------+----+-------+-------+-----+
    |                 Instance                 |             Module            | BRAM_18K| DSP|   FF  |  LUT  | URAM|
    +------------------------------------------+-------------------------------+---------+----+-------+-------+-----+
    |control_s_axi_U                           |control_s_axi                  |        0|   0|    258|    424|    0|
    |mul_8ns_8ns_15_1_1_U1676                  |mul_8ns_8ns_15_1_1             |        0|   0|      0|     40|    0|
    |grp_process_ORB_8_0_1080_1920_1_s_fu_247  |process_ORB_8_0_1080_1920_1_s  |      159|  33|  49687|  41317|    0|
    +------------------------------------------+-------------------------------+---------+----+-------+-------+-----+
    |Total                                     |                               |      159|  33|  49945|  41781|    0|
    +------------------------------------------+-------------------------------+---------+----+-------+-------+-----+

    * DSP: 
    N/A

    * Memory: 
    +-----------+---------+---------+---+----+-----+-------+-----+------+-------------+
    |   Memory  |  Module | BRAM_18K| FF| LUT| URAM| Words | Bits| Banks| W*Bits*Banks|
    +-----------+---------+---------+---+----+-----+-------+-----+------+-------------+
    |cntTree_U  |cntTree  |        2|  0|   0|    0|    256|   32|     1|         8192|
    |idxTree_U  |idxTree  |       47|  0|   0|    0|  25600|   32|     1|       819200|
    +-----------+---------+---------+---+----+-----+-------+-----+------+-------------+
    |Total      |         |       49|  0|   0|    0|  25856|   64|     2|       827392|
    +-----------+---------+---------+---+----+-----+-------+-----+------+-------------+

    * FIFO: 
    N/A

    * Expression: 
    +-----------------------------------------------------------+----------+----+---+----+------------+------------+
    |                       Variable Name                       | Operation| DSP| FF| LUT| Bitwidth P0| Bitwidth P1|
    +-----------------------------------------------------------+----------+----+---+----+------------+------------+
    |add_ln351_fu_336_p2                                        |         +|   0|  0|  16|           9|           1|
    |add_ln352_fu_372_p2                                        |         +|   0|  0|  39|          32|           1|
    |add_ln354_fu_390_p2                                        |         +|   0|  0|  22|          15|          15|
    |cnt_9_fu_410_p2                                            |         +|   0|  0|  39|          32|           1|
    |sub9_fu_330_p2                                             |         +|   0|  0|  39|          32|           2|
    |ap_block_state8_io                                         |       and|   0|  0|   2|           1|           1|
    |ap_block_state9_io                                         |       and|   0|  0|   2|           1|           1|
    |grp_process_ORB_8_0_1080_1920_1_s_fu_247_dst_TREADY        |       and|   0|  0|   2|           1|           1|
    |dst_axi_last_V_fu_405_p2                                   |      icmp|   0|  0|  20|          32|          32|
    |icmp_ln351_fu_342_p2                                       |      icmp|   0|  0|  11|           9|          10|
    |icmp_ln352_fu_378_p2                                       |      icmp|   0|  0|  20|          32|          32|
    |icmp_ln353_fu_400_p2                                       |      icmp|   0|  0|  20|          32|          32|
    |ap_block_pp0_stage0_01001                                  |        or|   0|  0|   2|           1|           1|
    |ap_block_pp0_stage0_11001                                  |        or|   0|  0|   2|           1|           1|
    |ap_sync_grp_process_ORB_8_0_1080_1920_1_s_fu_247_ap_done   |        or|   0|  0|   2|           1|           1|
    |ap_sync_grp_process_ORB_8_0_1080_1920_1_s_fu_247_ap_ready  |        or|   0|  0|   2|           1|           1|
    |ap_enable_pp0                                              |       xor|   0|  0|   2|           1|           2|
    |ap_enable_reg_pp0_iter1                                    |       xor|   0|  0|   2|           2|           1|
    |empty_409_fu_352_p2                                        |       xor|   0|  0|   8|           8|           2|
    +-----------------------------------------------------------+----------+----+---+----+------------+------------+
    |Total                                                      |          |   0|  0| 252|         243|         138|
    +-----------------------------------------------------------+----------+----+---+----+------------+------------+

    * Multiplexer: 
    +-------------------------+----+-----------+-----+-----------+
    |           Name          | LUT| Input Size| Bits| Total Bits|
    +-------------------------+----+-----------+-----+-----------+
    |ap_NS_fsm                |  49|          9|    1|          9|
    |ap_enable_reg_pp0_iter1  |   9|          2|    1|          2|
    |ap_enable_reg_pp0_iter2  |   9|          2|    1|          2|
    |cntTree_address0         |  20|          4|    8|         32|
    |cntTree_ce0              |  14|          3|    1|          3|
    |cntTree_ce1              |   9|          2|    1|          2|
    |cntTree_d0               |  14|          3|   32|         96|
    |cntTree_we0              |  14|          3|    1|          3|
    |cnt_fu_130               |   9|          2|   32|         64|
    |dst_TDATA_blk_n          |   9|          2|    1|          2|
    |dst_TDATA_int_regslice   |  14|          3|  296|        888|
    |dst_TDEST_int_regslice   |  14|          3|    1|          3|
    |dst_TID_int_regslice     |  14|          3|    1|          3|
    |dst_TKEEP_int_regslice   |  14|          3|   37|        111|
    |dst_TLAST_int_regslice   |  14|          3|    1|          3|
    |dst_TSTRB_int_regslice   |  14|          3|   37|        111|
    |dst_TUSER_int_regslice   |  14|          3|    1|          3|
    |dst_TVALID_int_regslice  |  14|          3|    1|          3|
    |i_reg_236                |   9|          2|   32|         64|
    |idxTree_address0         |  14|          3|   15|         45|
    |idxTree_ce0              |  14|          3|    1|          3|
    |idxTree_we0              |   9|          2|    1|          2|
    |src_TREADY_int_regslice  |   9|          2|    1|          2|
    |val_reg_225              |   9|          2|    9|         18|
    +-------------------------+----+-----------+-----+-----------+
    |Total                    | 332|         70|  513|       1474|
    +-------------------------+----+-----------+-----+-----------+

    * Register: 
    +---------------------------------------------------------------+----+----+-----+-----------+
    |                              Name                             | FF | LUT| Bits| Const Bits|
    +---------------------------------------------------------------+----+----+-----+-----------+
    |add_ln351_reg_474                                              |   9|   0|    9|          0|
    |ap_CS_fsm                                                      |   8|   0|    8|          0|
    |ap_enable_reg_pp0_iter0                                        |   1|   0|    1|          0|
    |ap_enable_reg_pp0_iter1                                        |   1|   0|    1|          0|
    |ap_enable_reg_pp0_iter2                                        |   1|   0|    1|          0|
    |ap_sync_reg_grp_process_ORB_8_0_1080_1920_1_s_fu_247_ap_done   |   1|   0|    1|          0|
    |ap_sync_reg_grp_process_ORB_8_0_1080_1920_1_s_fu_247_ap_ready  |   1|   0|    1|          0|
    |cntTree_addr_reg_487                                           |   8|   0|    8|          0|
    |cntTree_load_reg_497                                           |  32|   0|   32|          0|
    |cnt_fu_130                                                     |  32|   0|   32|          0|
    |dst_axi_last_V_reg_520                                         |   1|   0|    1|          0|
    |empty_405_reg_444                                              |  11|   0|   11|          0|
    |empty_406_reg_449                                              |  11|   0|   11|          0|
    |empty_407_reg_454                                              |  11|   0|   11|          0|
    |empty_408_reg_459                                              |  11|   0|   11|          0|
    |empty_409_reg_482                                              |   8|   0|    8|          0|
    |empty_reg_439                                                  |   8|   0|    8|          0|
    |grp_process_ORB_8_0_1080_1920_1_s_fu_247_ap_start_reg          |   1|   0|    1|          0|
    |i_reg_236                                                      |  32|   0|   32|          0|
    |icmp_ln353_reg_516                                             |   1|   0|    1|          0|
    |icmp_ln353_reg_516_pp0_iter1_reg                               |   1|   0|    1|          0|
    |mul_ln354_reg_492                                              |  15|   0|   15|          0|
    |nFeatures_fu_134                                               |  32|   0|   32|          0|
    |nFeatures_load_reg_464                                         |  32|   0|   32|          0|
    |sub9_reg_469                                                   |  32|   0|   32|          0|
    |val_reg_225                                                    |   9|   0|    9|          0|
    +---------------------------------------------------------------+----+----+-----+-----------+
    |Total                                                          | 310|   0|  310|          0|
    +---------------------------------------------------------------+----+----+-----+-----------+



================================================================
== Interface
================================================================
* Summary: 
+-----------------------+-----+-----+------------+--------------+--------------+
|       RTL Ports       | Dir | Bits|  Protocol  | Source Object|    C Type    |
+-----------------------+-----+-----+------------+--------------+--------------+
|s_axi_control_AWVALID  |   in|    1|       s_axi|       control|        scalar|
|s_axi_control_AWREADY  |  out|    1|       s_axi|       control|        scalar|
|s_axi_control_AWADDR   |   in|    6|       s_axi|       control|        scalar|
|s_axi_control_WVALID   |   in|    1|       s_axi|       control|        scalar|
|s_axi_control_WREADY   |  out|    1|       s_axi|       control|        scalar|
|s_axi_control_WDATA    |   in|   32|       s_axi|       control|        scalar|
|s_axi_control_WSTRB    |   in|    4|       s_axi|       control|        scalar|
|s_axi_control_ARVALID  |   in|    1|       s_axi|       control|        scalar|
|s_axi_control_ARREADY  |  out|    1|       s_axi|       control|        scalar|
|s_axi_control_ARADDR   |   in|    6|       s_axi|       control|        scalar|
|s_axi_control_RVALID   |  out|    1|       s_axi|       control|        scalar|
|s_axi_control_RREADY   |   in|    1|       s_axi|       control|        scalar|
|s_axi_control_RDATA    |  out|   32|       s_axi|       control|        scalar|
|s_axi_control_RRESP    |  out|    2|       s_axi|       control|        scalar|
|s_axi_control_BVALID   |  out|    1|       s_axi|       control|        scalar|
|s_axi_control_BREADY   |   in|    1|       s_axi|       control|        scalar|
|s_axi_control_BRESP    |  out|    2|       s_axi|       control|        scalar|
|ap_clk                 |   in|    1|  ap_ctrl_hs|     ORB_accel|  return value|
|ap_rst_n               |   in|    1|  ap_ctrl_hs|     ORB_accel|  return value|
|interrupt              |  out|    1|  ap_ctrl_hs|     ORB_accel|  return value|
|src_TDATA              |   in|    8|        axis|  src_V_data_V|       pointer|
|src_TVALID             |   in|    1|        axis|  src_V_dest_V|       pointer|
|src_TREADY             |  out|    1|        axis|  src_V_dest_V|       pointer|
|src_TDEST              |   in|    1|        axis|  src_V_dest_V|       pointer|
|src_TKEEP              |   in|    1|        axis|  src_V_keep_V|       pointer|
|src_TSTRB              |   in|    1|        axis|  src_V_strb_V|       pointer|
|src_TUSER              |   in|    1|        axis|  src_V_user_V|       pointer|
|src_TLAST              |   in|    1|        axis|  src_V_last_V|       pointer|
|src_TID                |   in|    1|        axis|    src_V_id_V|       pointer|
|dst_TDATA              |  out|  296|        axis|  dst_V_data_V|       pointer|
|dst_TVALID             |  out|    1|        axis|  dst_V_dest_V|       pointer|
|dst_TREADY             |   in|    1|        axis|  dst_V_dest_V|       pointer|
|dst_TDEST              |  out|    1|        axis|  dst_V_dest_V|       pointer|
|dst_TKEEP              |  out|   37|        axis|  dst_V_keep_V|       pointer|
|dst_TSTRB              |  out|   37|        axis|  dst_V_strb_V|       pointer|
|dst_TUSER              |  out|    1|        axis|  dst_V_user_V|       pointer|
|dst_TLAST              |  out|    1|        axis|  dst_V_last_V|       pointer|
|dst_TID                |  out|    1|        axis|    dst_V_id_V|       pointer|
+-----------------------+-----+-----+------------+--------------+--------------+

