

================================================================
== Vitis HLS Report for 'process_stream2xfMat_8_0_1080_1920_1_s'
================================================================
* Date:           Wed Jan 17 16:58:40 2024

* Version:        2020.2 (Build 3064766 on Wed Nov 18 09:12:45 MST 2020)
* Project:        hls_project
* Solution:       solution1 (Vivado IP Flow Target)
* Product family: zynquplus
* Target device:  xczu7ev-ffvc1156-2-e


================================================================
== Performance Estimates
================================================================
+ Timing: 
    * Summary: 
    +--------+----------+----------+------------+
    |  Clock |  Target  | Estimated| Uncertainty|
    +--------+----------+----------+------------+
    |ap_clk  |  10.00 ns|  3.676 ns|     2.70 ns|
    +--------+----------+----------+------------+

+ Latency: 
    * Summary: 
    +---------+---------+----------+----------+-----+-----+---------+
    |  Latency (cycles) |  Latency (absolute) |  Interval | Pipeline|
    |   min   |   max   |    min   |    max   | min | max |   Type  |
    +---------+---------+----------+----------+-----+-----+---------+
    |        ?|        ?|         ?|         ?|    ?|    ?|     none|
    +---------+---------+----------+----------+-----+-----+---------+

    + Detail: 
        * Instance: 
        N/A

        * Loop: 
        +-------------------+---------+---------+----------+-----------+-----------+------+----------+
        |                   |  Latency (cycles) | Iteration|  Initiation Interval  | Trip |          |
        |     Loop Name     |   min   |   max   |  Latency |  achieved |   target  | Count| Pipelined|
        +-------------------+---------+---------+----------+-----------+-----------+------+----------+
        |- VITIS_LOOP_74_1  |        ?|        ?|         2|          1|          1|     ?|       yes|
        +-------------------+---------+---------+----------+-----------+-----------+------+----------+



================================================================
== Utilization Estimates
================================================================
* Summary: 
+-----------------+---------+------+--------+--------+-----+
|       Name      | BRAM_18K|  DSP |   FF   |   LUT  | URAM|
+-----------------+---------+------+--------+--------+-----+
|DSP              |        -|     1|       -|       -|    -|
|Expression       |        -|     -|       0|      54|    -|
|FIFO             |        -|     -|       -|       -|    -|
|Instance         |        -|     -|       -|       -|    -|
|Memory           |        -|     -|       -|       -|    -|
|Multiplexer      |        -|     -|       -|     123|    -|
|Register         |        -|     -|      54|       -|    -|
+-----------------+---------+------+--------+--------+-----+
|Total            |        0|     1|      54|     177|    0|
+-----------------+---------+------+--------+--------+-----+
|Available        |      624|  1728|  460800|  230400|   96|
+-----------------+---------+------+--------+--------+-----+
|Utilization (%)  |        0|    ~0|      ~0|      ~0|    0|
+-----------------+---------+------+--------+--------+-----+

+ Detail: 
    * Instance: 
    N/A

    * DSP: 
    +------------------------------+--------------------------+-----------+
    |           Instance           |          Module          | Expression|
    +------------------------------+--------------------------+-----------+
    |mul_mul_11ns_11ns_22_4_1_U35  |mul_mul_11ns_11ns_22_4_1  |    i0 * i1|
    +------------------------------+--------------------------+-----------+

    * Memory: 
    N/A

    * FIFO: 
    N/A

    * Expression: 
    +----------------------------------+----------+----+---+----+------------+------------+
    |           Variable Name          | Operation| DSP| FF| LUT| Bitwidth P0| Bitwidth P1|
    +----------------------------------+----------+----+---+----+------------+------------+
    |i_4_fu_115_p2                     |         +|   0|  0|  29|          22|           1|
    |ap_block_pp0_stage0_01001         |       and|   0|  0|   2|           1|           1|
    |icmp_ln74_fu_121_p2               |      icmp|   0|  0|  15|          22|          22|
    |ap_block_state1                   |        or|   0|  0|   2|           1|           1|
    |ap_block_state6_pp0_stage0_iter1  |        or|   0|  0|   2|           1|           1|
    |ap_enable_pp0                     |       xor|   0|  0|   2|           1|           2|
    |ap_enable_reg_pp0_iter1           |       xor|   0|  0|   2|           2|           1|
    +----------------------------------+----------+----+---+----+------------+------------+
    |Total                             |          |   0|  0|  54|          50|          29|
    +----------------------------------+----------+----+---+----+------------+------------+

    * Multiplexer: 
    +-------------------------+----+-----------+-----+-----------+
    |           Name          | LUT| Input Size| Bits| Total Bits|
    +-------------------------+----+-----------+-----+-----------+
    |ap_NS_fsm                |  37|          7|    1|          7|
    |ap_done                  |   9|          2|    1|          2|
    |ap_enable_reg_pp0_iter1  |  14|          3|    1|          3|
    |dst_cols_blk_n           |   9|          2|    1|          2|
    |dst_cols_out_blk_n       |   9|          2|    1|          2|
    |dst_rows_blk_n           |   9|          2|    1|          2|
    |dst_rows_out_blk_n       |   9|          2|    1|          2|
    |i_reg_96                 |   9|          2|   22|         44|
    |img31_blk_n              |   9|          2|    1|          2|
    |img_mat_429_blk_n        |   9|          2|    1|          2|
    +-------------------------+----+-----------+-----+-----------+
    |Total                    | 123|         26|   31|         68|
    +-------------------------+----+-----------+-----+-----------+

    * Register: 
    +-------------------------+----+----+-----+-----------+
    |           Name          | FF | LUT| Bits| Const Bits|
    +-------------------------+----+----+-----+-----------+
    |ap_CS_fsm                |   6|   0|    6|          0|
    |ap_done_reg              |   1|   0|    1|          0|
    |ap_enable_reg_pp0_iter0  |   1|   0|    1|          0|
    |ap_enable_reg_pp0_iter1  |   1|   0|    1|          0|
    |i_reg_96                 |  22|   0|   22|          0|
    |icmp_ln74_reg_152        |   1|   0|    1|          0|
    |mul_ln74_reg_142         |  22|   0|   22|          0|
    +-------------------------+----+----+-----+-----------+
    |Total                    |  54|   0|   54|          0|
    +-------------------------+----+----+-----+-----------+



================================================================
== Interface
================================================================
* Summary: 
+---------------------+-----+-----+------------+-------------------------------------------+--------------+
|      RTL Ports      | Dir | Bits|  Protocol  |               Source Object               |    C Type    |
+---------------------+-----+-----+------------+-------------------------------------------+--------------+
|ap_clk               |   in|    1|  ap_ctrl_hs|  process_stream2xfMat<8, 0, 1080, 1920, 1>|  return value|
|ap_rst               |   in|    1|  ap_ctrl_hs|  process_stream2xfMat<8, 0, 1080, 1920, 1>|  return value|
|ap_start             |   in|    1|  ap_ctrl_hs|  process_stream2xfMat<8, 0, 1080, 1920, 1>|  return value|
|ap_done              |  out|    1|  ap_ctrl_hs|  process_stream2xfMat<8, 0, 1080, 1920, 1>|  return value|
|ap_continue          |   in|    1|  ap_ctrl_hs|  process_stream2xfMat<8, 0, 1080, 1920, 1>|  return value|
|ap_idle              |  out|    1|  ap_ctrl_hs|  process_stream2xfMat<8, 0, 1080, 1920, 1>|  return value|
|ap_ready             |  out|    1|  ap_ctrl_hs|  process_stream2xfMat<8, 0, 1080, 1920, 1>|  return value|
|img31_dout           |   in|    8|     ap_fifo|                                      img31|       pointer|
|img31_empty_n        |   in|    1|     ap_fifo|                                      img31|       pointer|
|img31_read           |  out|    1|     ap_fifo|                                      img31|       pointer|
|img_mat_429_din      |  out|    8|     ap_fifo|                                img_mat_429|       pointer|
|img_mat_429_full_n   |   in|    1|     ap_fifo|                                img_mat_429|       pointer|
|img_mat_429_write    |  out|    1|     ap_fifo|                                img_mat_429|       pointer|
|dst_rows_dout        |   in|   11|     ap_fifo|                                   dst_rows|       pointer|
|dst_rows_empty_n     |   in|    1|     ap_fifo|                                   dst_rows|       pointer|
|dst_rows_read        |  out|    1|     ap_fifo|                                   dst_rows|       pointer|
|dst_cols_dout        |   in|   11|     ap_fifo|                                   dst_cols|       pointer|
|dst_cols_empty_n     |   in|    1|     ap_fifo|                                   dst_cols|       pointer|
|dst_cols_read        |  out|    1|     ap_fifo|                                   dst_cols|       pointer|
|dst_rows_out_din     |  out|   11|     ap_fifo|                               dst_rows_out|       pointer|
|dst_rows_out_full_n  |   in|    1|     ap_fifo|                               dst_rows_out|       pointer|
|dst_rows_out_write   |  out|    1|     ap_fifo|                               dst_rows_out|       pointer|
|dst_cols_out_din     |  out|   11|     ap_fifo|                               dst_cols_out|       pointer|
|dst_cols_out_full_n  |   in|    1|     ap_fifo|                               dst_cols_out|       pointer|
|dst_cols_out_write   |  out|    1|     ap_fifo|                               dst_cols_out|       pointer|
+---------------------+-----+-----+------------+-------------------------------------------+--------------+

