

================================================================
== Vitis HLS Report for 'process_nms_8_1080_1920_1_s'
================================================================
* Date:           Wed Jan 17 16:58:53 2024

* Version:        2020.2 (Build 3064766 on Wed Nov 18 09:12:45 MST 2020)
* Project:        hls_project
* Solution:       solution1 (Vivado IP Flow Target)
* Product family: zynquplus
* Target device:  xczu7ev-ffvc1156-2-e


================================================================
== Performance Estimates
================================================================
+ Timing: 
    * Summary: 
    +--------+----------+----------+------------+
    |  Clock |  Target  | Estimated| Uncertainty|
    +--------+----------+----------+------------+
    |ap_clk  |  10.00 ns|  4.918 ns|     2.70 ns|
    +--------+----------+----------+------------+

+ Latency: 
    * Summary: 
    +---------+---------+----------+----------+-----+-----+---------+
    |  Latency (cycles) |  Latency (absolute) |  Interval | Pipeline|
    |   min   |   max   |    min   |    max   | min | max |   Type  |
    +---------+---------+----------+----------+-----+-----+---------+
    |        ?|        ?|         ?|         ?|    ?|    ?|     none|
    +---------+---------+----------+----------+-----+-----+---------+

    + Detail: 
        * Instance: 
        N/A

        * Loop: 
        +--------------------+---------+---------+----------+-----------+-----------+-------+----------+
        |                    |  Latency (cycles) | Iteration|  Initiation Interval  |  Trip |          |
        |      Loop Name     |   min   |   max   |  Latency |  achieved |   target  | Count | Pipelined|
        +--------------------+---------+---------+----------+-----------+-----------+-------+----------+
        |- loop_buffer_row   |        ?|        ?|     2 ~ ?|          -|          -|      ?|        no|
        | + loop_buffer_col  |        2|        ?|         2|          1|          1|  1 ~ ?|       yes|
        |- VITIS_LOOP_212_2  |        ?|        ?|         2|          1|          1|      ?|       yes|
        +--------------------+---------+---------+----------+-----------+-----------+-------+----------+



================================================================
== Utilization Estimates
================================================================
* Summary: 
+-----------------+---------+------+--------+--------+-----+
|       Name      | BRAM_18K|  DSP |   FF   |   LUT  | URAM|
+-----------------+---------+------+--------+--------+-----+
|DSP              |        -|     -|       -|       -|    -|
|Expression       |        -|     -|       0|     418|    -|
|FIFO             |        -|     -|       -|       -|    -|
|Instance         |        -|     -|       -|       -|    -|
|Memory           |        2|     -|       0|       0|    -|
|Multiplexer      |        -|     -|       -|     227|    -|
|Register         |        -|     -|     254|       -|    -|
+-----------------+---------+------+--------+--------+-----+
|Total            |        2|     0|     254|     645|    0|
+-----------------+---------+------+--------+--------+-----+
|Available        |      624|  1728|  460800|  230400|   96|
+-----------------+---------+------+--------+--------+-----+
|Utilization (%)  |       ~0|     0|      ~0|      ~0|    0|
+-----------------+---------+------+--------+--------+-----+

+ Detail: 
    * Instance: 
    N/A

    * DSP: 
    N/A

    * Memory: 
    +-----------------------+----------------------------------------------------+---------+---+----+-----+------+-----+------+-------------+
    |         Memory        |                       Module                       | BRAM_18K| FF| LUT| URAM| Words| Bits| Banks| W*Bits*Banks|
    +-----------------------+----------------------------------------------------+---------+---+----+-----+------+-----+------+-------------+
    |line_buffer_val_V_1_U  |process_blur_8_0_1080_1920_1_s_line_buffer_val_V_1  |        1|  0|   0|    0|  1920|    8|     1|        15360|
    |line_buffer_val_V_2_U  |process_blur_8_0_1080_1920_1_s_line_buffer_val_V_1  |        1|  0|   0|    0|  1920|    8|     1|        15360|
    +-----------------------+----------------------------------------------------+---------+---+----+-----+------+-----+------+-------------+
    |Total                  |                                                    |        2|  0|   0|    0|  3840|   16|     2|        30720|
    +-----------------------+----------------------------------------------------+---------+---+----+-----+------+-----+------+-------------+

    * FIFO: 
    N/A

    * Expression: 
    +-----------------------------------+----------+----+---+----+------------+------------+
    |           Variable Name           | Operation| DSP| FF| LUT| Bitwidth P0| Bitwidth P1|
    +-----------------------------------+----------+----+---+----+------------+------------+
    |add_i_fu_286_p2                    |         +|   0|  0|  19|          12|           1|
    |add_ln178_1_fu_337_p2              |         +|   0|  0|  18|          11|           1|
    |add_ln178_fu_596_p2                |         +|   0|  0|  39|          32|          32|
    |cnt_4_fu_375_p2                    |         +|   0|  0|  39|          32|           1|
    |i_7_fu_307_p2                      |         +|   0|  0|  18|          11|           1|
    |k_1_fu_605_p2                      |         +|   0|  0|  19|          12|           1|
    |and_ln193_fu_427_p2                |       and|   0|  0|   2|           1|           1|
    |and_ln194_1_fu_451_p2              |       and|   0|  0|   2|           1|           1|
    |and_ln194_2_fu_545_p2              |       and|   0|  0|   2|           1|           1|
    |and_ln194_fu_457_p2                |       and|   0|  0|   2|           1|           1|
    |and_ln195_1_fu_501_p2              |       and|   0|  0|   2|           1|           1|
    |and_ln195_2_fu_507_p2              |       and|   0|  0|   2|           1|           1|
    |and_ln195_3_fu_513_p2              |       and|   0|  0|   2|           1|           1|
    |and_ln195_fu_495_p2                |       and|   0|  0|   2|           1|           1|
    |ap_block_pp0                       |       and|   0|  0|   2|           1|           1|
    |ap_block_pp0_stage0_01001          |       and|   0|  0|   2|           1|           1|
    |ap_block_pp1                       |       and|   0|  0|   2|           1|           1|
    |ap_block_pp1_stage0_01001          |       and|   0|  0|   2|           1|           1|
    |ap_block_state7_pp1_stage0_iter1   |       and|   0|  0|   2|           1|           1|
    |ap_enable_state3_pp0_iter0_stage0  |       and|   0|  0|   2|           1|           1|
    |ap_enable_state4_pp0_iter1_stage0  |       and|   0|  0|   2|           1|           1|
    |ap_predicate_op117_write_state4    |       and|   0|  0|   2|           1|           1|
    |cmp1242_i_fu_296_p2                |      icmp|   0|  0|  11|          11|           1|
    |icmp_ln176_fu_316_p2               |      icmp|   0|  0|  11|          11|          11|
    |icmp_ln178_fu_343_p2               |      icmp|   0|  0|  11|          11|          11|
    |icmp_ln190_fu_354_p2               |      icmp|   0|  0|  20|          32|          32|
    |icmp_ln191_1_fu_369_p2             |      icmp|   0|  0|  11|          10|           1|
    |icmp_ln191_fu_331_p2               |      icmp|   0|  0|  11|          10|           1|
    |icmp_ln212_fu_611_p2               |      icmp|   0|  0|  12|          12|          12|
    |icmp_ln874_fu_399_p2               |      icmp|   0|  0|  11|           8|           1|
    |icmp_ln886_1_fu_433_p2             |      icmp|   0|  0|  11|           8|           8|
    |icmp_ln886_2_fu_439_p2             |      icmp|   0|  0|  11|           8|           8|
    |icmp_ln886_3_fu_445_p2             |      icmp|   0|  0|  11|           8|           8|
    |icmp_ln886_4_fu_463_p2             |      icmp|   0|  0|  11|           8|           8|
    |icmp_ln886_5_fu_469_p2             |      icmp|   0|  0|  11|           8|           8|
    |icmp_ln886_6_fu_475_p2             |      icmp|   0|  0|  11|           8|           8|
    |icmp_ln886_7_fu_481_p2             |      icmp|   0|  0|  11|           8|           8|
    |icmp_ln886_fu_421_p2               |      icmp|   0|  0|  11|           8|           8|
    |ap_block_state1                    |        or|   0|  0|   2|           1|           1|
    |ap_block_state4_pp0_stage0_iter1   |        or|   0|  0|   2|           1|           1|
    |or_ln193_1_fu_405_p2               |        or|   0|  0|   2|           1|           1|
    |or_ln193_2_fu_533_p2               |        or|   0|  0|   2|           1|           1|
    |or_ln193_fu_410_p2                 |        or|   0|  0|   2|           1|           1|
    |or_ln194_fu_551_p2                 |        or|   0|  0|   2|           1|           1|
    |mask_new_fu_557_p3                 |    select|   0|  0|   8|           1|           1|
    |select_ln193_fu_487_p3             |    select|   0|  0|   8|           1|           8|
    |select_ln195_fu_519_p3             |    select|   0|  0|   8|           1|           8|
    |ap_enable_pp0                      |       xor|   0|  0|   2|           1|           2|
    |ap_enable_pp1                      |       xor|   0|  0|   2|           1|           2|
    |ap_enable_reg_pp1_iter1            |       xor|   0|  0|   2|           2|           1|
    |xor_ln191_fu_415_p2                |       xor|   0|  0|   2|           1|           2|
    |xor_ln193_fu_527_p2                |       xor|   0|  0|   2|           1|           2|
    |xor_ln194_fu_539_p2                |       xor|   0|  0|   2|           2|           1|
    +-----------------------------------+----------+----+---+----+------------+------------+
    |Total                              |          |   0|  0| 418|         312|         220|
    +-----------------------------------+----------+----+---+----+------------+------------+

    * Multiplexer: 
    +-------------------------+----+-----------+-----+-----------+
    |           Name          | LUT| Input Size| Bits| Total Bits|
    +-------------------------+----+-----------+-----+-----------+
    |ap_NS_fsm                |  37|          7|    1|          7|
    |ap_done                  |   9|          2|    1|          2|
    |ap_enable_reg_pp0_iter1  |   9|          2|    1|          2|
    |ap_enable_reg_pp1_iter1  |  14|          3|    1|          3|
    |blur_in_blk_n            |   9|          2|    1|          2|
    |blur_out_blk_n           |   9|          2|    1|          2|
    |cnt_3_reg_258            |   9|          2|   32|         64|
    |cnt_fu_96                |   9|          2|   32|         64|
    |height_blk_n             |   9|          2|    1|          2|
    |height_out_blk_n         |   9|          2|    1|          2|
    |i_reg_236                |   9|          2|   11|         22|
    |img_in_blk_n             |   9|          2|    1|          2|
    |img_out_blk_n            |   9|          2|    1|          2|
    |j_reg_247                |   9|          2|   11|         22|
    |k_reg_267                |   9|          2|   12|         24|
    |mask_in_blk_n            |   9|          2|    1|          2|
    |mask_out_blk_n           |   9|          2|    1|          2|
    |mask_out_din             |  14|          3|    8|         24|
    |real_start               |   9|          2|    1|          2|
    |width_blk_n              |   9|          2|    1|          2|
    |width_out_blk_n          |   9|          2|    1|          2|
    +-------------------------+----+-----------+-----+-----------+
    |Total                    | 227|         49|  121|        256|
    +-------------------------+----+-----------+-----+-----------+

    * Register: 
    +----------------------------------+----+----+-----+-----------+
    |               Name               | FF | LUT| Bits| Const Bits|
    +----------------------------------+----+----+-----+-----------+
    |add_cast_i_reg_679                |  12|   0|   32|         20|
    |add_i_reg_674                     |  12|   0|   12|          0|
    |ap_CS_fsm                         |   6|   0|    6|          0|
    |ap_done_reg                       |   1|   0|    1|          0|
    |ap_enable_reg_pp0_iter0           |   1|   0|    1|          0|
    |ap_enable_reg_pp0_iter1           |   1|   0|    1|          0|
    |ap_enable_reg_pp1_iter0           |   1|   0|    1|          0|
    |ap_enable_reg_pp1_iter1           |   1|   0|    1|          0|
    |cmp1242_i_reg_684                 |   1|   0|    1|          0|
    |cnt_3_reg_258                     |  32|   0|   32|          0|
    |cnt_fu_96                         |  32|   0|   32|          0|
    |height_read_reg_659               |  11|   0|   11|          0|
    |i_7_reg_688                       |  11|   0|   11|          0|
    |i_reg_236                         |  11|   0|   11|          0|
    |icmp_ln178_reg_712                |   1|   0|    1|          0|
    |icmp_ln190_reg_728                |   1|   0|    1|          0|
    |icmp_ln191_1_reg_732              |   1|   0|    1|          0|
    |icmp_ln191_reg_702                |   1|   0|    1|          0|
    |icmp_ln212_reg_747                |   1|   0|    1|          0|
    |j_reg_247                         |  11|   0|   11|          0|
    |k_reg_267                         |  12|   0|   12|          0|
    |line_buffer_val_V_1_addr_reg_716  |  11|   0|   11|          0|
    |line_buffer_val_V_2_addr_reg_722  |  11|   0|   11|          0|
    |start_once_reg                    |   1|   0|    1|          0|
    |width_cast2_i_reg_669             |  11|   0|   32|         21|
    |width_read_reg_664                |  11|   0|   11|          0|
    |window_val_V_0_1_1_fu_104         |   8|   0|    8|          0|
    |window_val_V_0_1_fu_100           |   8|   0|    8|          0|
    |window_val_V_1_1_1_fu_112         |   8|   0|    8|          0|
    |window_val_V_1_1_fu_108           |   8|   0|    8|          0|
    |window_val_V_2_1_1_fu_120         |   8|   0|    8|          0|
    |window_val_V_2_1_fu_116           |   8|   0|    8|          0|
    +----------------------------------+----+----+-----+-----------+
    |Total                             | 254|   0|  295|         41|
    +----------------------------------+----+----+-----+-----------+



================================================================
== Interface
================================================================
* Summary: 
+-------------------+-----+-----+------------+-------------------------------+--------------+
|     RTL Ports     | Dir | Bits|  Protocol  |         Source Object         |    C Type    |
+-------------------+-----+-----+------------+-------------------------------+--------------+
|ap_clk             |   in|    1|  ap_ctrl_hs|  process_nms<8, 1080, 1920, 1>|  return value|
|ap_rst             |   in|    1|  ap_ctrl_hs|  process_nms<8, 1080, 1920, 1>|  return value|
|ap_start           |   in|    1|  ap_ctrl_hs|  process_nms<8, 1080, 1920, 1>|  return value|
|start_full_n       |   in|    1|  ap_ctrl_hs|  process_nms<8, 1080, 1920, 1>|  return value|
|ap_done            |  out|    1|  ap_ctrl_hs|  process_nms<8, 1080, 1920, 1>|  return value|
|ap_continue        |   in|    1|  ap_ctrl_hs|  process_nms<8, 1080, 1920, 1>|  return value|
|ap_idle            |  out|    1|  ap_ctrl_hs|  process_nms<8, 1080, 1920, 1>|  return value|
|ap_ready           |  out|    1|  ap_ctrl_hs|  process_nms<8, 1080, 1920, 1>|  return value|
|start_out          |  out|    1|  ap_ctrl_hs|  process_nms<8, 1080, 1920, 1>|  return value|
|start_write        |  out|    1|  ap_ctrl_hs|  process_nms<8, 1080, 1920, 1>|  return value|
|img_in_dout        |   in|    8|     ap_fifo|                         img_in|       pointer|
|img_in_empty_n     |   in|    1|     ap_fifo|                         img_in|       pointer|
|img_in_read        |  out|    1|     ap_fifo|                         img_in|       pointer|
|img_out_din        |  out|    8|     ap_fifo|                        img_out|       pointer|
|img_out_full_n     |   in|    1|     ap_fifo|                        img_out|       pointer|
|img_out_write      |  out|    1|     ap_fifo|                        img_out|       pointer|
|blur_in_dout       |   in|    8|     ap_fifo|                        blur_in|       pointer|
|blur_in_empty_n    |   in|    1|     ap_fifo|                        blur_in|       pointer|
|blur_in_read       |  out|    1|     ap_fifo|                        blur_in|       pointer|
|blur_out_din       |  out|    8|     ap_fifo|                       blur_out|       pointer|
|blur_out_full_n    |   in|    1|     ap_fifo|                       blur_out|       pointer|
|blur_out_write     |  out|    1|     ap_fifo|                       blur_out|       pointer|
|mask_in_dout       |   in|    8|     ap_fifo|                        mask_in|       pointer|
|mask_in_empty_n    |   in|    1|     ap_fifo|                        mask_in|       pointer|
|mask_in_read       |  out|    1|     ap_fifo|                        mask_in|       pointer|
|mask_out_din       |  out|    8|     ap_fifo|                       mask_out|       pointer|
|mask_out_full_n    |   in|    1|     ap_fifo|                       mask_out|       pointer|
|mask_out_write     |  out|    1|     ap_fifo|                       mask_out|       pointer|
|height_dout        |   in|   11|     ap_fifo|                         height|       pointer|
|height_empty_n     |   in|    1|     ap_fifo|                         height|       pointer|
|height_read        |  out|    1|     ap_fifo|                         height|       pointer|
|width_dout         |   in|   11|     ap_fifo|                          width|       pointer|
|width_empty_n      |   in|    1|     ap_fifo|                          width|       pointer|
|width_read         |  out|    1|     ap_fifo|                          width|       pointer|
|height_out_din     |  out|   11|     ap_fifo|                     height_out|       pointer|
|height_out_full_n  |   in|    1|     ap_fifo|                     height_out|       pointer|
|height_out_write   |  out|    1|     ap_fifo|                     height_out|       pointer|
|width_out_din      |  out|   11|     ap_fifo|                      width_out|       pointer|
|width_out_full_n   |   in|    1|     ap_fifo|                      width_out|       pointer|
|width_out_write    |  out|    1|     ap_fifo|                      width_out|       pointer|
+-------------------+-----+-----+------------+-------------------------------+--------------+

