

================================================================
== Vitis HLS Report for 'process_ORB_8_0_1080_1920_1_entry336'
================================================================
* Date:           Sun Jan 21 17:46:43 2024

* Version:        2020.2 (Build 3064766 on Wed Nov 18 09:12:45 MST 2020)
* Project:        hls_project
* Solution:       solution1 (Vivado IP Flow Target)
* Product family: zynquplus
* Target device:  xczu7ev-ffvc1156-2-e


================================================================
== Performance Estimates
================================================================
+ Timing: 
    * Summary: 
    +--------+----------+----------+------------+
    |  Clock |  Target  | Estimated| Uncertainty|
    +--------+----------+----------+------------+
    |ap_clk  |  10.00 ns|  1.908 ns|     2.70 ns|
    +--------+----------+----------+------------+

+ Latency: 
    * Summary: 
    +---------+---------+----------+----------+-----+-----+---------+
    |  Latency (cycles) |  Latency (absolute) |  Interval | Pipeline|
    |   min   |   max   |    min   |    max   | min | max |   Type  |
    +---------+---------+----------+----------+-----+-----+---------+
    |        0|        0|      0 ns|      0 ns|    0|    0|     none|
    +---------+---------+----------+----------+-----+-----+---------+

    + Detail: 
        * Instance: 
        N/A

        * Loop: 
        N/A



================================================================
== Utilization Estimates
================================================================
* Summary: 
+-----------------+---------+------+--------+--------+-----+
|       Name      | BRAM_18K|  DSP |   FF   |   LUT  | URAM|
+-----------------+---------+------+--------+--------+-----+
|DSP              |        -|     -|       -|       -|    -|
|Expression       |        -|     -|       0|       2|    -|
|FIFO             |        -|     -|       -|       -|    -|
|Instance         |        -|     -|       -|       -|    -|
|Memory           |        -|     -|       -|       -|    -|
|Multiplexer      |        -|     -|       -|      81|    -|
|Register         |        -|     -|       3|       -|    -|
+-----------------+---------+------+--------+--------+-----+
|Total            |        0|     0|       3|      83|    0|
+-----------------+---------+------+--------+--------+-----+
|Available        |      624|  1728|  460800|  230400|   96|
+-----------------+---------+------+--------+--------+-----+
|Utilization (%)  |        0|     0|      ~0|      ~0|    0|
+-----------------+---------+------+--------+--------+-----+

+ Detail: 
    * Instance: 
    N/A

    * DSP: 
    N/A

    * Memory: 
    N/A

    * FIFO: 
    N/A

    * Expression: 
    +-----------------+----------+----+---+----+------------+------------+
    |  Variable Name  | Operation| DSP| FF| LUT| Bitwidth P0| Bitwidth P1|
    +-----------------+----------+----+---+----+------------+------------+
    |ap_block_state1  |        or|   0|  0|   2|           1|           1|
    +-----------------+----------+----+---+----+------------+------------+
    |Total            |          |   0|  0|   2|           1|           1|
    +-----------------+----------+----+---+----+------------+------------+

    * Multiplexer: 
    +----------------------+----+-----------+-----+-----------+
    |         Name         | LUT| Input Size| Bits| Total Bits|
    +----------------------+----+-----------+-----+-----------+
    |ap_done               |   9|          2|    1|          2|
    |height_new_out_blk_n  |   9|          2|    1|          2|
    |height_out1_blk_n     |   9|          2|    1|          2|
    |height_out_blk_n      |   9|          2|    1|          2|
    |real_start            |   9|          2|    1|          2|
    |threshold_out_blk_n   |   9|          2|    1|          2|
    |width_new_out_blk_n   |   9|          2|    1|          2|
    |width_out2_blk_n      |   9|          2|    1|          2|
    |width_out_blk_n       |   9|          2|    1|          2|
    +----------------------+----+-----------+-----+-----------+
    |Total                 |  81|         18|    9|         18|
    +----------------------+----+-----------+-----+-----------+

    * Register: 
    +----------------+---+----+-----+-----------+
    |      Name      | FF| LUT| Bits| Const Bits|
    +----------------+---+----+-----+-----------+
    |ap_CS_fsm       |  1|   0|    1|          0|
    |ap_done_reg     |  1|   0|    1|          0|
    |start_once_reg  |  1|   0|    1|          0|
    +----------------+---+----+-----+-----------+
    |Total           |  3|   0|    3|          0|
    +----------------+---+----+-----+-----------+



================================================================
== Interface
================================================================
* Summary: 
+-----------------------+-----+-----+------------+-------------------------------------------+--------------+
|       RTL Ports       | Dir | Bits|  Protocol  |               Source Object               |    C Type    |
+-----------------------+-----+-----+------------+-------------------------------------------+--------------+
|ap_clk                 |   in|    1|  ap_ctrl_hs|  process_ORB<8, 0, 1080, 1920, 1>.entry336|  return value|
|ap_rst                 |   in|    1|  ap_ctrl_hs|  process_ORB<8, 0, 1080, 1920, 1>.entry336|  return value|
|ap_start               |   in|    1|  ap_ctrl_hs|  process_ORB<8, 0, 1080, 1920, 1>.entry336|  return value|
|start_full_n           |   in|    1|  ap_ctrl_hs|  process_ORB<8, 0, 1080, 1920, 1>.entry336|  return value|
|ap_done                |  out|    1|  ap_ctrl_hs|  process_ORB<8, 0, 1080, 1920, 1>.entry336|  return value|
|ap_continue            |   in|    1|  ap_ctrl_hs|  process_ORB<8, 0, 1080, 1920, 1>.entry336|  return value|
|ap_idle                |  out|    1|  ap_ctrl_hs|  process_ORB<8, 0, 1080, 1920, 1>.entry336|  return value|
|ap_ready               |  out|    1|  ap_ctrl_hs|  process_ORB<8, 0, 1080, 1920, 1>.entry336|  return value|
|start_out              |  out|    1|  ap_ctrl_hs|  process_ORB<8, 0, 1080, 1920, 1>.entry336|  return value|
|start_write            |  out|    1|  ap_ctrl_hs|  process_ORB<8, 0, 1080, 1920, 1>.entry336|  return value|
|height                 |   in|   11|     ap_none|                                     height|        scalar|
|width                  |   in|   11|     ap_none|                                      width|        scalar|
|height_new             |   in|   11|     ap_none|                                 height_new|        scalar|
|width_new              |   in|   11|     ap_none|                                  width_new|        scalar|
|threshold              |   in|    8|     ap_none|                                  threshold|        scalar|
|height_out_din         |  out|   11|     ap_fifo|                                 height_out|       pointer|
|height_out_full_n      |   in|    1|     ap_fifo|                                 height_out|       pointer|
|height_out_write       |  out|    1|     ap_fifo|                                 height_out|       pointer|
|height_out1_din        |  out|   11|     ap_fifo|                                height_out1|       pointer|
|height_out1_full_n     |   in|    1|     ap_fifo|                                height_out1|       pointer|
|height_out1_write      |  out|    1|     ap_fifo|                                height_out1|       pointer|
|width_out_din          |  out|   11|     ap_fifo|                                  width_out|       pointer|
|width_out_full_n       |   in|    1|     ap_fifo|                                  width_out|       pointer|
|width_out_write        |  out|    1|     ap_fifo|                                  width_out|       pointer|
|width_out2_din         |  out|   11|     ap_fifo|                                 width_out2|       pointer|
|width_out2_full_n      |   in|    1|     ap_fifo|                                 width_out2|       pointer|
|width_out2_write       |  out|    1|     ap_fifo|                                 width_out2|       pointer|
|height_new_out_din     |  out|   11|     ap_fifo|                             height_new_out|       pointer|
|height_new_out_full_n  |   in|    1|     ap_fifo|                             height_new_out|       pointer|
|height_new_out_write   |  out|    1|     ap_fifo|                             height_new_out|       pointer|
|width_new_out_din      |  out|   11|     ap_fifo|                              width_new_out|       pointer|
|width_new_out_full_n   |   in|    1|     ap_fifo|                              width_new_out|       pointer|
|width_new_out_write    |  out|    1|     ap_fifo|                              width_new_out|       pointer|
|threshold_out_din      |  out|    8|     ap_fifo|                              threshold_out|       pointer|
|threshold_out_full_n   |   in|    1|     ap_fifo|                              threshold_out|       pointer|
|threshold_out_write    |  out|    1|     ap_fifo|                              threshold_out|       pointer|
+-----------------------+-----+-----+------------+-------------------------------------------+--------------+

