

================================================================
== Vitis HLS Report for 'process_fast_8_1080_1920_1_s'
================================================================
* Date:           Wed Jan 17 16:58:50 2024

* Version:        2020.2 (Build 3064766 on Wed Nov 18 09:12:45 MST 2020)
* Project:        hls_project
* Solution:       solution1 (Vivado IP Flow Target)
* Product family: zynquplus
* Target device:  xczu7ev-ffvc1156-2-e


================================================================
== Performance Estimates
================================================================
+ Timing: 
    * Summary: 
    +--------+----------+----------+------------+
    |  Clock |  Target  | Estimated| Uncertainty|
    +--------+----------+----------+------------+
    |ap_clk  |  10.00 ns|  7.274 ns|     2.70 ns|
    +--------+----------+----------+------------+

+ Latency: 
    * Summary: 
    +---------+---------+----------+----------+-----+-----+---------+
    |  Latency (cycles) |  Latency (absolute) |  Interval | Pipeline|
    |   min   |   max   |    min   |    max   | min | max |   Type  |
    +---------+---------+----------+----------+-----+-----+---------+
    |        ?|        ?|         ?|         ?|    ?|    ?|     none|
    +---------+---------+----------+----------+-----+-----+---------+

    + Detail: 
        * Instance: 
        +-----------------------+------------+---------+---------+-----------+-----------+-----+-----+---------+
        |                       |            |  Latency (cycles) |   Latency (absolute)  |  Interval | Pipeline|
        |        Instance       |   Module   |   min   |   max   |    min    |    max    | min | max |   Type  |
        +-----------------------+------------+---------+---------+-----------+-----------+-----+-----+---------+
        |grp_fast_score_fu_531  |fast_score  |        3|        3|  30.000 ns|  30.000 ns|    1|    1|      yes|
        +-----------------------+------------+---------+---------+-----------+-----------+-----+-----+---------+

        * Loop: 
        +--------------------+---------+---------+----------+-----------+-----------+----------+----------+
        |                    |  Latency (cycles) | Iteration|  Initiation Interval  |   Trip   |          |
        |      Loop Name     |   min   |   max   |  Latency |  achieved |   target  |   Count  | Pipelined|
        +--------------------+---------+---------+----------+-----------+-----------+----------+----------+
        |- loop_buffer_row   |        ?|        ?|     2 ~ ?|          -|          -|         ?|        no|
        | + loop_buffer_col  |        9|        ?|        10|          1|          1|     1 ~ ?|       yes|
        |- VITIS_LOOP_152_4  |        0|     8194|         2|          1|          1|  0 ~ 8194|       yes|
        +--------------------+---------+---------+----------+-----------+-----------+----------+----------+



================================================================
== Utilization Estimates
================================================================
* Summary: 
+-----------------+---------+------+--------+--------+-----+
|       Name      | BRAM_18K|  DSP |   FF   |   LUT  | URAM|
+-----------------+---------+------+--------+--------+-----+
|DSP              |        -|     -|       -|       -|    -|
|Expression       |        -|     -|       0|    1688|    -|
|FIFO             |        -|     -|       -|       -|    -|
|Instance         |        -|     -|     919|    2425|    -|
|Memory           |        6|     -|       0|       0|    -|
|Multiplexer      |        -|     -|       -|     263|    -|
|Register         |        -|     -|    2172|     640|    -|
+-----------------+---------+------+--------+--------+-----+
|Total            |        6|     0|    3091|    5016|    0|
+-----------------+---------+------+--------+--------+-----+
|Available        |      624|  1728|  460800|  230400|   96|
+-----------------+---------+------+--------+--------+-----+
|Utilization (%)  |       ~0|     0|      ~0|       2|    0|
+-----------------+---------+------+--------+--------+-----+

+ Detail: 
    * Instance: 
    +-----------------------+------------+---------+----+-----+------+-----+
    |        Instance       |   Module   | BRAM_18K| DSP|  FF |  LUT | URAM|
    +-----------------------+------------+---------+----+-----+------+-----+
    |grp_fast_score_fu_531  |fast_score  |        0|   0|  919|  2425|    0|
    +-----------------------+------------+---------+----+-----+------+-----+
    |Total                  |            |        0|   0|  919|  2425|    0|
    +-----------------------+------------+---------+----+-----+------+-----+

    * DSP: 
    N/A

    * Memory: 
    +-----------------------+----------------------------------------------------+---------+---+----+-----+------+-----+------+-------------+
    |         Memory        |                       Module                       | BRAM_18K| FF| LUT| URAM| Words| Bits| Banks| W*Bits*Banks|
    +-----------------------+----------------------------------------------------+---------+---+----+-----+------+-----+------+-------------+
    |line_buffer_val_V_1_U  |process_blur_8_0_1080_1920_1_s_line_buffer_val_V_1  |        1|  0|   0|    0|  1920|    8|     1|        15360|
    |line_buffer_val_V_2_U  |process_blur_8_0_1080_1920_1_s_line_buffer_val_V_1  |        1|  0|   0|    0|  1920|    8|     1|        15360|
    |line_buffer_val_V_3_U  |process_blur_8_0_1080_1920_1_s_line_buffer_val_V_1  |        1|  0|   0|    0|  1920|    8|     1|        15360|
    |line_buffer_val_V_4_U  |process_blur_8_0_1080_1920_1_s_line_buffer_val_V_1  |        1|  0|   0|    0|  1920|    8|     1|        15360|
    |line_buffer_val_V_5_U  |process_blur_8_0_1080_1920_1_s_line_buffer_val_V_1  |        1|  0|   0|    0|  1920|    8|     1|        15360|
    |line_buffer_val_V_6_U  |process_blur_8_0_1080_1920_1_s_line_buffer_val_V_1  |        1|  0|   0|    0|  1920|    8|     1|        15360|
    +-----------------------+----------------------------------------------------+---------+---+----+-----+------+-----+------+-------------+
    |Total                  |                                                    |        6|  0|   0|    0| 11520|   48|     6|        92160|
    +-----------------------+----------------------------------------------------+---------+---+----+-----+------+-----+------+-------------+

    * FIFO: 
    N/A

    * Expression: 
    +-----------------------------------+----------+----+---+----+------------+------------+
    |           Variable Name           | Operation| DSP| FF| LUT| Bitwidth P0| Bitwidth P1|
    +-----------------------------------+----------+----+---+----+------------+------------+
    |add_i_fu_582_p2                    |         +|   0|  0|  22|          15|           2|
    |add_ln134_1_fu_1844_p2             |         +|   0|  0|  12|           4|           1|
    |add_ln134_2_fu_1918_p2             |         +|   0|  0|  12|           4|           1|
    |add_ln134_3_fu_1998_p2             |         +|   0|  0|  12|           4|           1|
    |add_ln134_4_fu_2124_p2             |         +|   0|  0|  12|           5|           1|
    |add_ln134_5_fu_2170_p2             |         +|   0|  0|  12|           5|           1|
    |add_ln134_6_fu_2218_p2             |         +|   0|  0|  12|           5|           1|
    |add_ln134_7_fu_2266_p2             |         +|   0|  0|  12|           5|           1|
    |add_ln134_fu_1358_p2               |         +|   0|  0|  12|           4|           1|
    |add_ln138_1_fu_1855_p2             |         +|   0|  0|  12|           4|           2|
    |add_ln138_2_fu_1930_p2             |         +|   0|  0|  12|           4|           2|
    |add_ln138_3_fu_2010_p2             |         +|   0|  0|  12|           5|           2|
    |add_ln138_4_fu_2135_p2             |         +|   0|  0|  12|           5|           2|
    |add_ln138_5_fu_2182_p2             |         +|   0|  0|  12|           5|           2|
    |add_ln138_6_fu_2230_p2             |         +|   0|  0|  12|           5|           2|
    |add_ln138_7_fu_2278_p2             |         +|   0|  0|  12|           5|           2|
    |add_ln138_fu_1370_p2               |         +|   0|  0|  12|           4|           2|
    |add_ln72_1_fu_633_p2               |         +|   0|  0|  18|          11|           1|
    |add_ln72_fu_2347_p2                |         +|   0|  0|  39|          32|          32|
    |cnt_7_fu_670_p2                    |         +|   0|  0|  39|          32|           1|
    |i_9_fu_613_p2                      |         +|   0|  0|  18|          11|           1|
    |k_2_fu_2356_p2                     |         +|   0|  0|  21|          14|           1|
    |mul_i_fu_572_p2                    |         -|   0|  0|  21|          14|          14|
    |ret_11_fu_780_p2                   |         -|   0|  0|  16|           9|           9|
    |ret_12_fu_790_p2                   |         -|   0|  0|  16|           9|           9|
    |ret_13_fu_800_p2                   |         -|   0|  0|  16|           9|           9|
    |ret_14_fu_810_p2                   |         -|   0|  0|  16|           9|           9|
    |ret_15_fu_820_p2                   |         -|   0|  0|  16|           9|           9|
    |ret_16_fu_830_p2                   |         -|   0|  0|  16|           9|           9|
    |ret_17_fu_840_p2                   |         -|   0|  0|  16|           9|           9|
    |ret_18_fu_850_p2                   |         -|   0|  0|  16|           9|           9|
    |ret_19_fu_860_p2                   |         -|   0|  0|  16|           9|           9|
    |ret_20_fu_870_p2                   |         -|   0|  0|  16|           9|           9|
    |ret_21_fu_880_p2                   |         -|   0|  0|  16|           9|           9|
    |ret_22_fu_1612_p2                  |         -|   0|  0|  16|           9|           9|
    |ret_23_fu_1621_p2                  |         -|   0|  0|  16|           9|           9|
    |ret_24_fu_1630_p2                  |         -|   0|  0|  16|           9|           9|
    |ret_25_fu_1639_p2                  |         -|   0|  0|  16|           9|           9|
    |ret_fu_1603_p2                     |         -|   0|  0|  16|           9|           9|
    |sub_i_fu_596_p2                    |         -|   0|  0|  16|           1|           9|
    |and_ln133_10_fu_1880_p2            |       and|   0|  0|   2|           1|           1|
    |and_ln133_11_fu_1912_p2            |       and|   0|  0|   2|           1|           1|
    |and_ln133_12_fu_1956_p2            |       and|   0|  0|   2|           1|           1|
    |and_ln133_13_fu_1992_p2            |       and|   0|  0|   2|           1|           1|
    |and_ln133_14_fu_2036_p2            |       and|   0|  0|   2|           1|           1|
    |and_ln133_15_fu_2067_p2            |       and|   0|  0|   2|           1|           1|
    |and_ln133_16_fu_1384_p2            |       and|   0|  0|   2|           1|           1|
    |and_ln133_17_fu_1416_p2            |       and|   0|  0|   2|           1|           1|
    |and_ln133_18_fu_1868_p2            |       and|   0|  0|   2|           1|           1|
    |and_ln133_19_fu_1900_p2            |       and|   0|  0|   2|           1|           1|
    |and_ln133_1_fu_1224_p2             |       and|   0|  0|   2|           1|           1|
    |and_ln133_20_fu_1944_p2            |       and|   0|  0|   2|           1|           1|
    |and_ln133_21_fu_1976_p2            |       and|   0|  0|   2|           1|           1|
    |and_ln133_22_fu_2024_p2            |       and|   0|  0|   2|           1|           1|
    |and_ln133_23_fu_2056_p2            |       and|   0|  0|   2|           1|           1|
    |and_ln133_24_fu_2147_p2            |       and|   0|  0|   2|           1|           1|
    |and_ln133_25_fu_2165_p2            |       and|   0|  0|   2|           1|           1|
    |and_ln133_26_fu_2195_p2            |       and|   0|  0|   2|           1|           1|
    |and_ln133_27_fu_2213_p2            |       and|   0|  0|   2|           1|           1|
    |and_ln133_28_fu_2243_p2            |       and|   0|  0|   2|           1|           1|
    |and_ln133_29_fu_2261_p2            |       and|   0|  0|   2|           1|           1|
    |and_ln133_2_fu_1236_p2             |       and|   0|  0|   2|           1|           1|
    |and_ln133_30_fu_2290_p2            |       and|   0|  0|   2|           1|           1|
    |and_ln133_31_fu_2325_p2            |       and|   0|  0|   2|           1|           1|
    |and_ln133_3_fu_1248_p2             |       and|   0|  0|   2|           1|           1|
    |and_ln133_4_fu_1260_p2             |       and|   0|  0|   2|           1|           1|
    |and_ln133_5_fu_1272_p2             |       and|   0|  0|   2|           1|           1|
    |and_ln133_6_fu_1332_p2             |       and|   0|  0|   2|           1|           1|
    |and_ln133_7_fu_1352_p2             |       and|   0|  0|   2|           1|           1|
    |and_ln133_8_fu_1396_p2             |       and|   0|  0|   2|           1|           1|
    |and_ln133_9_fu_1839_p2             |       and|   0|  0|   2|           1|           1|
    |and_ln133_fu_1212_p2               |       and|   0|  0|   2|           1|           1|
    |and_ln85_fu_665_p2                 |       and|   0|  0|   2|           1|           1|
    |ap_block_pp0                       |       and|   0|  0|   2|           1|           1|
    |ap_block_pp1                       |       and|   0|  0|   2|           1|           1|
    |ap_block_pp1_stage0_01001          |       and|   0|  0|   2|           1|           1|
    |ap_block_state12_pp0_stage0_iter9  |       and|   0|  0|   2|           1|           1|
    |ap_block_state15_pp1_stage0_iter1  |       and|   0|  0|   2|           1|           1|
    |ap_condition_212                   |       and|   0|  0|   2|           1|           1|
    |ap_condition_755                   |       and|   0|  0|   2|           1|           1|
    |ap_condition_766                   |       and|   0|  0|   2|           1|           1|
    |ap_enable_state3_pp0_iter0_stage0  |       and|   0|  0|   2|           1|           1|
    |ap_enable_state4_pp0_iter1_stage0  |       and|   0|  0|   2|           1|           1|
    |ap_predicate_op451_call_state7     |       and|   0|  0|   2|           1|           1|
    |cmp1633_i_fu_602_p2                |      icmp|   0|  0|  11|          11|           1|
    |cmp7_i_fu_627_p2                   |      icmp|   0|  0|  11|          11|           3|
    |icmp_ln113_10_fu_1174_p2           |      icmp|   0|  0|  11|           9|           9|
    |icmp_ln113_11_fu_1676_p2           |      icmp|   0|  0|  11|           9|           9|
    |icmp_ln113_12_fu_1706_p2           |      icmp|   0|  0|  11|           9|           9|
    |icmp_ln113_13_fu_1738_p2           |      icmp|   0|  0|  11|           9|           9|
    |icmp_ln113_14_fu_1770_p2           |      icmp|   0|  0|  11|           9|           9|
    |icmp_ln113_15_fu_1802_p2           |      icmp|   0|  0|  11|           9|           9|
    |icmp_ln113_1_fu_886_p2             |      icmp|   0|  0|  11|           9|           9|
    |icmp_ln113_2_fu_918_p2             |      icmp|   0|  0|  11|           9|           9|
    |icmp_ln113_3_fu_950_p2             |      icmp|   0|  0|  11|           9|           9|
    |icmp_ln113_4_fu_982_p2             |      icmp|   0|  0|  11|           9|           9|
    |icmp_ln113_5_fu_1014_p2            |      icmp|   0|  0|  11|           9|           9|
    |icmp_ln113_6_fu_1046_p2            |      icmp|   0|  0|  11|           9|           9|
    |icmp_ln113_7_fu_1078_p2            |      icmp|   0|  0|  11|           9|           9|
    |icmp_ln113_8_fu_1110_p2            |      icmp|   0|  0|  11|           9|           9|
    |icmp_ln113_9_fu_1142_p2            |      icmp|   0|  0|  11|           9|           9|
    |icmp_ln113_fu_1644_p2              |      icmp|   0|  0|  11|           9|           9|
    |icmp_ln115_10_fu_1179_p2           |      icmp|   0|  0|  11|           9|           9|
    |icmp_ln115_11_fu_1680_p2           |      icmp|   0|  0|  11|           9|           9|
    |icmp_ln115_12_fu_1711_p2           |      icmp|   0|  0|  11|           9|           9|
    |icmp_ln115_13_fu_1743_p2           |      icmp|   0|  0|  11|           9|           9|
    |icmp_ln115_14_fu_1775_p2           |      icmp|   0|  0|  11|           9|           9|
    |icmp_ln115_15_fu_1807_p2           |      icmp|   0|  0|  11|           9|           9|
    |icmp_ln115_1_fu_891_p2             |      icmp|   0|  0|  11|           9|           9|
    |icmp_ln115_2_fu_923_p2             |      icmp|   0|  0|  11|           9|           9|
    |icmp_ln115_3_fu_955_p2             |      icmp|   0|  0|  11|           9|           9|
    |icmp_ln115_4_fu_987_p2             |      icmp|   0|  0|  11|           9|           9|
    |icmp_ln115_5_fu_1019_p2            |      icmp|   0|  0|  11|           9|           9|
    |icmp_ln115_6_fu_1051_p2            |      icmp|   0|  0|  11|           9|           9|
    |icmp_ln115_7_fu_1083_p2            |      icmp|   0|  0|  11|           9|           9|
    |icmp_ln115_8_fu_1115_p2            |      icmp|   0|  0|  11|           9|           9|
    |icmp_ln115_9_fu_1147_p2            |      icmp|   0|  0|  11|           9|           9|
    |icmp_ln115_fu_1649_p2              |      icmp|   0|  0|  11|           9|           9|
    |icmp_ln133_10_fu_1874_p2           |      icmp|   0|  0|   8|           2|           2|
    |icmp_ln133_11_fu_1906_p2           |      icmp|   0|  0|   8|           2|           2|
    |icmp_ln133_12_fu_1950_p2           |      icmp|   0|  0|   8|           2|           2|
    |icmp_ln133_13_fu_1986_p2           |      icmp|   0|  0|   8|           2|           2|
    |icmp_ln133_14_fu_2030_p2           |      icmp|   0|  0|   8|           2|           2|
    |icmp_ln133_15_fu_2062_p2           |      icmp|   0|  0|   8|           2|           2|
    |icmp_ln133_1_fu_1218_p2            |      icmp|   0|  0|   8|           2|           2|
    |icmp_ln133_2_fu_1230_p2            |      icmp|   0|  0|   8|           2|           2|
    |icmp_ln133_3_fu_1242_p2            |      icmp|   0|  0|   8|           2|           2|
    |icmp_ln133_4_fu_1254_p2            |      icmp|   0|  0|   8|           2|           2|
    |icmp_ln133_5_fu_1266_p2            |      icmp|   0|  0|   8|           2|           2|
    |icmp_ln133_6_fu_1326_p2            |      icmp|   0|  0|   8|           2|           2|
    |icmp_ln133_7_fu_1346_p2            |      icmp|   0|  0|   8|           2|           2|
    |icmp_ln133_8_fu_1390_p2            |      icmp|   0|  0|   8|           2|           2|
    |icmp_ln133_9_fu_1834_p2            |      icmp|   0|  0|   8|           2|           2|
    |icmp_ln133_fu_1206_p2              |      icmp|   0|  0|   8|           2|           2|
    |icmp_ln135_10_fu_2176_p2           |      icmp|   0|  0|   9|           5|           4|
    |icmp_ln135_11_fu_2200_p2           |      icmp|   0|  0|   9|           5|           4|
    |icmp_ln135_12_fu_2224_p2           |      icmp|   0|  0|   9|           5|           4|
    |icmp_ln135_13_fu_2248_p2           |      icmp|   0|  0|   9|           5|           4|
    |icmp_ln135_14_fu_2272_p2           |      icmp|   0|  0|   9|           5|           4|
    |icmp_ln135_15_fu_2284_p2           |      icmp|   0|  0|   9|           5|           4|
    |icmp_ln135_1_fu_1402_p2            |      icmp|   0|  0|   9|           4|           5|
    |icmp_ln135_2_fu_1849_p2            |      icmp|   0|  0|   9|           4|           5|
    |icmp_ln135_3_fu_1886_p2            |      icmp|   0|  0|   9|           4|           5|
    |icmp_ln135_4_fu_1924_p2            |      icmp|   0|  0|   9|           4|           5|
    |icmp_ln135_5_fu_1962_p2            |      icmp|   0|  0|   9|           4|           5|
    |icmp_ln135_6_fu_2004_p2            |      icmp|   0|  0|   9|           4|           5|
    |icmp_ln135_7_fu_2042_p2            |      icmp|   0|  0|   9|           5|           4|
    |icmp_ln135_8_fu_2129_p2            |      icmp|   0|  0|   9|           5|           4|
    |icmp_ln135_9_fu_2152_p2            |      icmp|   0|  0|   9|           5|           4|
    |icmp_ln135_fu_1364_p2              |      icmp|   0|  0|   9|           4|           5|
    |icmp_ln152_fu_2366_p2              |      icmp|   0|  0|  12|          15|          15|
    |icmp_ln70_fu_622_p2                |      icmp|   0|  0|  11|          11|          11|
    |icmp_ln72_fu_639_p2                |      icmp|   0|  0|  11|          11|          11|
    |icmp_ln83_fu_654_p2                |      icmp|   0|  0|  20|          32|          32|
    |icmp_ln85_fu_659_p2                |      icmp|   0|  0|  11|          11|           3|
    |ap_block_pp0_stage0_01001          |        or|   0|  0|   2|           1|           1|
    |ap_block_state1                    |        or|   0|  0|   2|           1|           1|
    |ap_block_state4_pp0_stage0_iter1   |        or|   0|  0|   2|           1|           1|
    |or_ln113_10_fu_1192_p2             |        or|   0|  0|   2|           1|           1|
    |or_ln113_11_fu_1692_p2             |        or|   0|  0|   2|           1|           1|
    |or_ln113_12_fu_1724_p2             |        or|   0|  0|   2|           1|           1|
    |or_ln113_13_fu_1756_p2             |        or|   0|  0|   2|           1|           1|
    |or_ln113_14_fu_1788_p2             |        or|   0|  0|   2|           1|           1|
    |or_ln113_15_fu_1820_p2             |        or|   0|  0|   2|           1|           1|
    |or_ln113_1_fu_904_p2               |        or|   0|  0|   2|           1|           1|
    |or_ln113_2_fu_936_p2               |        or|   0|  0|   2|           1|           1|
    |or_ln113_3_fu_968_p2               |        or|   0|  0|   2|           1|           1|
    |or_ln113_4_fu_1000_p2              |        or|   0|  0|   2|           1|           1|
    |or_ln113_5_fu_1032_p2              |        or|   0|  0|   2|           1|           1|
    |or_ln113_6_fu_1064_p2              |        or|   0|  0|   2|           1|           1|
    |or_ln113_7_fu_1096_p2              |        or|   0|  0|   2|           1|           1|
    |or_ln113_8_fu_1128_p2              |        or|   0|  0|   2|           1|           1|
    |or_ln113_9_fu_1160_p2              |        or|   0|  0|   2|           1|           1|
    |or_ln113_fu_1662_p2                |        or|   0|  0|   2|           1|           1|
    |or_ln133_10_fu_2313_p2             |        or|   0|  0|   2|           1|           1|
    |or_ln133_11_fu_2319_p2             |        or|   0|  0|   2|           1|           1|
    |or_ln133_12_fu_2330_p2             |        or|   0|  0|   2|           1|           1|
    |or_ln133_13_fu_2336_p2             |        or|   0|  0|   2|           1|           1|
    |or_ln133_14_fu_2342_p2             |        or|   0|  0|   2|           1|           1|
    |or_ln133_1_fu_2073_p2              |        or|   0|  0|   2|           1|           1|
    |or_ln133_2_fu_2079_p2              |        or|   0|  0|   2|           1|           1|
    |or_ln133_3_fu_2084_p2              |        or|   0|  0|   2|           1|           1|
    |or_ln133_4_fu_2090_p2              |        or|   0|  0|   2|           1|           1|
    |or_ln133_5_fu_2096_p2              |        or|   0|  0|   2|           1|           1|
    |or_ln133_6_fu_2102_p2              |        or|   0|  0|   2|           1|           1|
    |or_ln133_7_fu_2295_p2              |        or|   0|  0|   2|           1|           1|
    |or_ln133_8_fu_2301_p2              |        or|   0|  0|   2|           1|           1|
    |or_ln133_9_fu_2307_p2              |        or|   0|  0|   2|           1|           1|
    |or_ln133_fu_1422_p2                |        or|   0|  0|   2|           1|           1|
    |select_ln113_10_fu_1024_p3         |    select|   0|  0|   3|           1|           1|
    |select_ln113_11_fu_1038_p3         |    select|   0|  0|   2|           1|           2|
    |select_ln113_12_fu_1056_p3         |    select|   0|  0|   3|           1|           1|
    |select_ln113_13_fu_1070_p3         |    select|   0|  0|   2|           1|           2|
    |select_ln113_14_fu_1088_p3         |    select|   0|  0|   3|           1|           1|
    |select_ln113_15_fu_1102_p3         |    select|   0|  0|   2|           1|           2|
    |select_ln113_16_fu_1120_p3         |    select|   0|  0|   3|           1|           1|
    |select_ln113_17_fu_1134_p3         |    select|   0|  0|   2|           1|           2|
    |select_ln113_18_fu_1152_p3         |    select|   0|  0|   3|           1|           1|
    |select_ln113_19_fu_1166_p3         |    select|   0|  0|   2|           1|           2|
    |select_ln113_1_fu_1668_p3          |    select|   0|  0|   2|           1|           2|
    |select_ln113_20_fu_1184_p3         |    select|   0|  0|   3|           1|           1|
    |select_ln113_21_fu_1198_p3         |    select|   0|  0|   2|           1|           2|
    |select_ln113_22_fu_1684_p3         |    select|   0|  0|   3|           1|           1|
    |select_ln113_23_fu_1698_p3         |    select|   0|  0|   2|           1|           2|
    |select_ln113_24_fu_1716_p3         |    select|   0|  0|   3|           1|           1|
    |select_ln113_25_fu_1730_p3         |    select|   0|  0|   2|           1|           2|
    |select_ln113_26_fu_1748_p3         |    select|   0|  0|   3|           1|           1|
    |select_ln113_27_fu_1762_p3         |    select|   0|  0|   2|           1|           2|
    |select_ln113_28_fu_1780_p3         |    select|   0|  0|   3|           1|           1|
    |select_ln113_29_fu_1794_p3         |    select|   0|  0|   2|           1|           2|
    |select_ln113_2_fu_896_p3           |    select|   0|  0|   3|           1|           1|
    |select_ln113_30_fu_1812_p3         |    select|   0|  0|   3|           1|           1|
    |select_ln113_31_fu_1826_p3         |    select|   0|  0|   2|           1|           2|
    |select_ln113_3_fu_910_p3           |    select|   0|  0|   2|           1|           2|
    |select_ln113_4_fu_928_p3           |    select|   0|  0|   3|           1|           1|
    |select_ln113_5_fu_942_p3           |    select|   0|  0|   2|           1|           2|
    |select_ln113_6_fu_960_p3           |    select|   0|  0|   3|           1|           1|
    |select_ln113_7_fu_974_p3           |    select|   0|  0|   2|           1|           2|
    |select_ln113_8_fu_992_p3           |    select|   0|  0|   3|           1|           1|
    |select_ln113_9_fu_1006_p3          |    select|   0|  0|   2|           1|           2|
    |select_ln113_fu_1654_p3            |    select|   0|  0|   3|           1|           1|
    |select_ln133_10_fu_2140_p3         |    select|   0|  0|   5|           1|           5|
    |select_ln133_11_fu_2158_p3         |    select|   0|  0|   5|           1|           5|
    |select_ln133_12_fu_2188_p3         |    select|   0|  0|   5|           1|           5|
    |select_ln133_13_fu_2206_p3         |    select|   0|  0|   5|           1|           5|
    |select_ln133_14_fu_2236_p3         |    select|   0|  0|   5|           1|           5|
    |select_ln133_15_fu_2254_p3         |    select|   0|  0|   5|           1|           5|
    |select_ln133_1_fu_1338_p3          |    select|   0|  0|   4|           1|           4|
    |select_ln133_2_fu_1376_p3          |    select|   0|  0|   4|           1|           4|
    |select_ln133_3_fu_1408_p3          |    select|   0|  0|   4|           1|           4|
    |select_ln133_4_fu_1860_p3          |    select|   0|  0|   4|           1|           4|
    |select_ln133_5_fu_1892_p3          |    select|   0|  0|   4|           1|           4|
    |select_ln133_6_fu_1936_p3          |    select|   0|  0|   4|           1|           4|
    |select_ln133_7_fu_1968_p3          |    select|   0|  0|   4|           1|           4|
    |select_ln133_8_fu_2016_p3          |    select|   0|  0|   5|           1|           5|
    |select_ln133_9_fu_2048_p3          |    select|   0|  0|   5|           1|           5|
    |select_ln133_fu_1318_p3            |    select|   0|  0|   4|           1|           4|
    |select_ln138_1_fu_1286_p3          |    select|   0|  0|   4|           1|           4|
    |select_ln138_2_fu_1294_p3          |    select|   0|  0|   4|           1|           4|
    |select_ln138_3_fu_1302_p3          |    select|   0|  0|   4|           1|           4|
    |select_ln138_4_fu_1310_p3          |    select|   0|  0|   4|           1|           4|
    |select_ln138_fu_1278_p3            |    select|   0|  0|   5|           1|           5|
    |ap_enable_pp0                      |       xor|   0|  0|   2|           1|           2|
    |ap_enable_pp1                      |       xor|   0|  0|   2|           1|           2|
    |ap_enable_reg_pp1_iter1            |       xor|   0|  0|   2|           2|           1|
    +-----------------------------------+----------+----+---+----+------------+------------+
    |Total                              |          |   0|  0|1688|         977|         920|
    +-----------------------------------+----------+----+---+----+------------+------------+

    * Multiplexer: 
    +-----------------------------------+----+-----------+-----+-----------+
    |                Name               | LUT| Input Size| Bits| Total Bits|
    +-----------------------------------+----+-----------+-----+-----------+
    |ap_NS_fsm                          |  37|          7|    1|          7|
    |ap_done                            |   9|          2|    1|          2|
    |ap_enable_reg_pp0_iter2            |   9|          2|    1|          2|
    |ap_enable_reg_pp0_iter9            |   9|          2|    1|          2|
    |ap_enable_reg_pp1_iter1            |  14|          3|    1|          3|
    |ap_phi_mux_mask_phi_fu_509_p6      |   9|          2|    8|         16|
    |ap_phi_reg_pp0_iter1_mask_reg_505  |   9|          2|    8|         16|
    |ap_phi_reg_pp0_iter5_mask_reg_505  |   9|          2|    8|         16|
    |blur_in_blk_n                      |   9|          2|    1|          2|
    |blur_out_blk_n                     |   9|          2|    1|          2|
    |cnt_6_reg_496                      |   9|          2|   32|         64|
    |cnt_fu_130                         |   9|          2|   32|         64|
    |height_blk_n                       |   9|          2|    1|          2|
    |height_out_blk_n                   |   9|          2|    1|          2|
    |i_reg_474                          |   9|          2|   11|         22|
    |img_in_blk_n                       |   9|          2|    1|          2|
    |img_out_blk_n                      |   9|          2|    1|          2|
    |j_reg_485                          |   9|          2|   11|         22|
    |k_reg_520                          |   9|          2|   14|         28|
    |mask_out_blk_n                     |   9|          2|    1|          2|
    |mask_out_din                       |  14|          3|    8|         24|
    |p_threshold_blk_n                  |   9|          2|    1|          2|
    |real_start                         |   9|          2|    1|          2|
    |width_blk_n                        |   9|          2|    1|          2|
    |width_out_blk_n                    |   9|          2|    1|          2|
    +-----------------------------------+----+-----------+-----+-----------+
    |Total                              | 263|         57|  148|        310|
    +-----------------------------------+----+-----------+-----+-----------+

    * Register: 
    +------------------------------------+----+----+-----+-----------+
    |                Name                | FF | LUT| Bits| Const Bits|
    +------------------------------------+----+----+-----+-----------+
    |add_cast_i_reg_2619                 |  32|   0|   32|          0|
    |add_i_reg_2614                      |  15|   0|   15|          0|
    |and_ln133_15_reg_2929               |   1|   0|    1|          0|
    |and_ln133_1_reg_2853                |   1|   0|    1|          0|
    |and_ln133_1_reg_2853_pp0_iter2_reg  |   1|   0|    1|          0|
    |and_ln133_2_reg_2859                |   1|   0|    1|          0|
    |and_ln133_2_reg_2859_pp0_iter2_reg  |   1|   0|    1|          0|
    |and_ln133_3_reg_2865                |   1|   0|    1|          0|
    |and_ln133_3_reg_2865_pp0_iter2_reg  |   1|   0|    1|          0|
    |and_ln133_4_reg_2871                |   1|   0|    1|          0|
    |and_ln133_4_reg_2871_pp0_iter2_reg  |   1|   0|    1|          0|
    |and_ln133_5_reg_2877                |   1|   0|    1|          0|
    |and_ln133_5_reg_2877_pp0_iter2_reg  |   1|   0|    1|          0|
    |and_ln133_6_reg_2882                |   1|   0|    1|          0|
    |and_ln133_6_reg_2882_pp0_iter2_reg  |   1|   0|    1|          0|
    |and_ln133_reg_2847                  |   1|   0|    1|          0|
    |and_ln133_reg_2847_pp0_iter2_reg    |   1|   0|    1|          0|
    |and_ln85_reg_2736                   |   1|   0|    1|          0|
    |ap_CS_fsm                           |   6|   0|    6|          0|
    |ap_done_reg                         |   1|   0|    1|          0|
    |ap_enable_reg_pp0_iter0             |   1|   0|    1|          0|
    |ap_enable_reg_pp0_iter1             |   1|   0|    1|          0|
    |ap_enable_reg_pp0_iter2             |   1|   0|    1|          0|
    |ap_enable_reg_pp0_iter3             |   1|   0|    1|          0|
    |ap_enable_reg_pp0_iter4             |   1|   0|    1|          0|
    |ap_enable_reg_pp0_iter5             |   1|   0|    1|          0|
    |ap_enable_reg_pp0_iter6             |   1|   0|    1|          0|
    |ap_enable_reg_pp0_iter7             |   1|   0|    1|          0|
    |ap_enable_reg_pp0_iter8             |   1|   0|    1|          0|
    |ap_enable_reg_pp0_iter9             |   1|   0|    1|          0|
    |ap_enable_reg_pp1_iter0             |   1|   0|    1|          0|
    |ap_enable_reg_pp1_iter1             |   1|   0|    1|          0|
    |ap_phi_reg_pp0_iter1_mask_reg_505   |   8|   0|    8|          0|
    |ap_phi_reg_pp0_iter2_mask_reg_505   |   8|   0|    8|          0|
    |ap_phi_reg_pp0_iter3_mask_reg_505   |   8|   0|    8|          0|
    |ap_phi_reg_pp0_iter4_mask_reg_505   |   8|   0|    8|          0|
    |ap_phi_reg_pp0_iter5_mask_reg_505   |   8|   0|    8|          0|
    |ap_phi_reg_pp0_iter6_mask_reg_505   |   8|   0|    8|          0|
    |ap_phi_reg_pp0_iter7_mask_reg_505   |   8|   0|    8|          0|
    |ap_phi_reg_pp0_iter8_mask_reg_505   |   8|   0|    8|          0|
    |ap_phi_reg_pp0_iter9_mask_reg_505   |   8|   0|    8|          0|
    |cmp1633_i_reg_2664                  |   1|   0|    1|          0|
    |cmp7_i_reg_2682                     |   1|   0|    1|          0|
    |cnt_6_reg_496                       |  32|   0|   32|          0|
    |cnt_fu_130                          |  32|   0|   32|          0|
    |height_read_reg_2594                |  11|   0|   11|          0|
    |i_9_reg_2668                        |  11|   0|   11|          0|
    |i_reg_474                           |  11|   0|   11|          0|
    |icmp_ln152_reg_2954                 |   1|   0|    1|          0|
    |icmp_ln72_reg_2692                  |   1|   0|    1|          0|
    |icmp_ln83_reg_2732                  |   1|   0|    1|          0|
    |j_reg_485                           |  11|   0|   11|          0|
    |k_reg_520                           |  14|   0|   14|          0|
    |line_buffer_val_V_1_addr_reg_2696   |  11|   0|   11|          0|
    |line_buffer_val_V_2_addr_reg_2702   |  11|   0|   11|          0|
    |line_buffer_val_V_3_addr_reg_2708   |  11|   0|   11|          0|
    |line_buffer_val_V_4_addr_reg_2714   |  11|   0|   11|          0|
    |line_buffer_val_V_5_addr_reg_2720   |  11|   0|   11|          0|
    |line_buffer_val_V_6_addr_reg_2726   |  11|   0|   11|          0|
    |or_ln113_10_reg_2837                |   1|   0|    1|          0|
    |or_ln133_14_reg_2940                |   1|   0|    1|          0|
    |or_ln133_6_reg_2935                 |   1|   0|    1|          0|
    |or_ln133_reg_2893                   |   1|   0|    1|          0|
    |p_threshold_cast_i_reg_2624         |   8|   0|    9|          1|
    |p_threshold_read_reg_2604           |   8|   0|    8|          0|
    |ref_tmp166_i_reg_2944               |   8|   0|    8|          0|
    |ret_11_reg_2775                     |   9|   0|    9|          0|
    |ret_12_reg_2780                     |   9|   0|    9|          0|
    |ret_13_reg_2785                     |   9|   0|    9|          0|
    |ret_14_reg_2790                     |   9|   0|    9|          0|
    |ret_15_reg_2795                     |   9|   0|    9|          0|
    |ret_16_reg_2800                     |   9|   0|    9|          0|
    |ret_17_reg_2805                     |   9|   0|    9|          0|
    |ret_18_reg_2810                     |   9|   0|    9|          0|
    |ret_19_reg_2815                     |   9|   0|    9|          0|
    |ret_20_reg_2820                     |   9|   0|    9|          0|
    |ret_21_reg_2825                     |   9|   0|    9|          0|
    |ret_22_reg_2903                     |   9|   0|    9|          0|
    |ret_23_reg_2908                     |   9|   0|    9|          0|
    |ret_24_reg_2913                     |   9|   0|    9|          0|
    |ret_25_reg_2918                     |   9|   0|    9|          0|
    |ret_reg_2898                        |   9|   0|    9|          0|
    |select_ln113_21_reg_2842            |   2|   0|    2|          0|
    |select_ln113_3_reg_2832             |   2|   0|    2|          0|
    |select_ln133_3_reg_2887             |   4|   0|    4|          0|
    |select_ln133_9_reg_2923             |   5|   0|    5|          0|
    |start_once_reg                      |   1|   0|    1|          0|
    |sub_i_reg_2644                      |   9|   0|    9|          0|
    |width_cast4_i_reg_2609              |  11|   0|   32|         21|
    |width_read_reg_2599                 |  11|   0|   11|          0|
    |window_val_V_0_3_1_fu_138           |   8|   0|    8|          0|
    |window_val_V_0_3_2_reg_2745         |   8|   0|    8|          0|
    |window_val_V_0_3_fu_134             |   8|   0|    8|          0|
    |window_val_V_0_4_fu_142             |   8|   0|    8|          0|
    |window_val_V_0_5_fu_146             |   8|   0|    8|          0|
    |window_val_V_1_2_1_fu_154           |   8|   0|    8|          0|
    |window_val_V_1_2_2_reg_2751         |   8|   0|    8|          0|
    |window_val_V_1_2_fu_150             |   8|   0|    8|          0|
    |window_val_V_1_3_fu_158             |   8|   0|    8|          0|
    |window_val_V_1_4_fu_162             |   8|   0|    8|          0|
    |window_val_V_1_5_fu_166             |   8|   0|    8|          0|
    |window_val_V_2_1_3_fu_174           |   8|   0|    8|          0|
    |window_val_V_2_1_4_reg_2756         |   8|   0|    8|          0|
    |window_val_V_2_1_fu_170             |   8|   0|    8|          0|
    |window_val_V_2_2_fu_178             |   8|   0|    8|          0|
    |window_val_V_2_3_fu_182             |   8|   0|    8|          0|
    |window_val_V_2_4_fu_186             |   8|   0|    8|          0|
    |window_val_V_2_5_fu_190             |   8|   0|    8|          0|
    |window_val_V_3_1_1_fu_198           |   8|   0|    8|          0|
    |window_val_V_3_1_2_reg_2761         |   8|   0|    8|          0|
    |window_val_V_3_1_fu_194             |   8|   0|    8|          0|
    |window_val_V_3_2_fu_202             |   8|   0|    8|          0|
    |window_val_V_3_3_fu_206             |   8|   0|    8|          0|
    |window_val_V_3_4_fu_210             |   8|   0|    8|          0|
    |window_val_V_3_5_fu_214             |   8|   0|    8|          0|
    |window_val_V_4_1_1_fu_222           |   8|   0|    8|          0|
    |window_val_V_4_1_fu_218             |   8|   0|    8|          0|
    |window_val_V_4_2_fu_226             |   8|   0|    8|          0|
    |window_val_V_4_3_fu_230             |   8|   0|    8|          0|
    |window_val_V_4_4_fu_234             |   8|   0|    8|          0|
    |window_val_V_4_5_fu_238             |   8|   0|    8|          0|
    |window_val_V_5_2_1_fu_246           |   8|   0|    8|          0|
    |window_val_V_5_2_fu_242             |   8|   0|    8|          0|
    |window_val_V_5_3_fu_250             |   8|   0|    8|          0|
    |window_val_V_5_4_fu_254             |   8|   0|    8|          0|
    |window_val_V_5_5_fu_258             |   8|   0|    8|          0|
    |window_val_V_6_3_1_fu_266           |   8|   0|    8|          0|
    |window_val_V_6_3_fu_262             |   8|   0|    8|          0|
    |window_val_V_6_4_fu_270             |   8|   0|    8|          0|
    |window_val_V_6_5_fu_274             |   8|   0|    8|          0|
    |zext_ln1347_reg_2766                |   8|   0|    9|          1|
    |and_ln85_reg_2736                   |  64|  32|    1|          0|
    |icmp_ln72_reg_2692                  |  64|  32|    1|          0|
    |icmp_ln83_reg_2732                  |  64|  32|    1|          0|
    |or_ln133_14_reg_2940                |  64|  32|    1|          0|
    |ret_11_reg_2775                     |  64|  32|    9|          0|
    |ret_12_reg_2780                     |  64|  32|    9|          0|
    |ret_13_reg_2785                     |  64|  32|    9|          0|
    |ret_14_reg_2790                     |  64|  32|    9|          0|
    |ret_15_reg_2795                     |  64|  32|    9|          0|
    |ret_16_reg_2800                     |  64|  32|    9|          0|
    |ret_17_reg_2805                     |  64|  32|    9|          0|
    |ret_18_reg_2810                     |  64|  32|    9|          0|
    |ret_19_reg_2815                     |  64|  32|    9|          0|
    |ret_20_reg_2820                     |  64|  32|    9|          0|
    |ret_21_reg_2825                     |  64|  32|    9|          0|
    |ret_22_reg_2903                     |  64|  32|    9|          0|
    |ret_23_reg_2908                     |  64|  32|    9|          0|
    |ret_24_reg_2913                     |  64|  32|    9|          0|
    |ret_25_reg_2918                     |  64|  32|    9|          0|
    |ret_reg_2898                        |  64|  32|    9|          0|
    +------------------------------------+----+----+-----+-----------+
    |Total                               |2172| 640| 1063|         23|
    +------------------------------------+----+----+-----+-----------+



================================================================
== Interface
================================================================
* Summary: 
+---------------------+-----+-----+------------+--------------------------------+--------------+
|      RTL Ports      | Dir | Bits|  Protocol  |          Source Object         |    C Type    |
+---------------------+-----+-----+------------+--------------------------------+--------------+
|ap_clk               |   in|    1|  ap_ctrl_hs|  process_fast<8, 1080, 1920, 1>|  return value|
|ap_rst               |   in|    1|  ap_ctrl_hs|  process_fast<8, 1080, 1920, 1>|  return value|
|ap_start             |   in|    1|  ap_ctrl_hs|  process_fast<8, 1080, 1920, 1>|  return value|
|start_full_n         |   in|    1|  ap_ctrl_hs|  process_fast<8, 1080, 1920, 1>|  return value|
|ap_done              |  out|    1|  ap_ctrl_hs|  process_fast<8, 1080, 1920, 1>|  return value|
|ap_continue          |   in|    1|  ap_ctrl_hs|  process_fast<8, 1080, 1920, 1>|  return value|
|ap_idle              |  out|    1|  ap_ctrl_hs|  process_fast<8, 1080, 1920, 1>|  return value|
|ap_ready             |  out|    1|  ap_ctrl_hs|  process_fast<8, 1080, 1920, 1>|  return value|
|start_out            |  out|    1|  ap_ctrl_hs|  process_fast<8, 1080, 1920, 1>|  return value|
|start_write          |  out|    1|  ap_ctrl_hs|  process_fast<8, 1080, 1920, 1>|  return value|
|img_in_dout          |   in|    8|     ap_fifo|                          img_in|       pointer|
|img_in_empty_n       |   in|    1|     ap_fifo|                          img_in|       pointer|
|img_in_read          |  out|    1|     ap_fifo|                          img_in|       pointer|
|img_out_din          |  out|    8|     ap_fifo|                         img_out|       pointer|
|img_out_full_n       |   in|    1|     ap_fifo|                         img_out|       pointer|
|img_out_write        |  out|    1|     ap_fifo|                         img_out|       pointer|
|blur_in_dout         |   in|    8|     ap_fifo|                         blur_in|       pointer|
|blur_in_empty_n      |   in|    1|     ap_fifo|                         blur_in|       pointer|
|blur_in_read         |  out|    1|     ap_fifo|                         blur_in|       pointer|
|blur_out_din         |  out|    8|     ap_fifo|                        blur_out|       pointer|
|blur_out_full_n      |   in|    1|     ap_fifo|                        blur_out|       pointer|
|blur_out_write       |  out|    1|     ap_fifo|                        blur_out|       pointer|
|mask_out_din         |  out|    8|     ap_fifo|                        mask_out|       pointer|
|mask_out_full_n      |   in|    1|     ap_fifo|                        mask_out|       pointer|
|mask_out_write       |  out|    1|     ap_fifo|                        mask_out|       pointer|
|height_dout          |   in|   11|     ap_fifo|                          height|       pointer|
|height_empty_n       |   in|    1|     ap_fifo|                          height|       pointer|
|height_read          |  out|    1|     ap_fifo|                          height|       pointer|
|width_dout           |   in|   11|     ap_fifo|                           width|       pointer|
|width_empty_n        |   in|    1|     ap_fifo|                           width|       pointer|
|width_read           |  out|    1|     ap_fifo|                           width|       pointer|
|p_threshold_dout     |   in|    8|     ap_fifo|                     p_threshold|       pointer|
|p_threshold_empty_n  |   in|    1|     ap_fifo|                     p_threshold|       pointer|
|p_threshold_read     |  out|    1|     ap_fifo|                     p_threshold|       pointer|
|height_out_din       |  out|   11|     ap_fifo|                      height_out|       pointer|
|height_out_full_n    |   in|    1|     ap_fifo|                      height_out|       pointer|
|height_out_write     |  out|    1|     ap_fifo|                      height_out|       pointer|
|width_out_din        |  out|   11|     ap_fifo|                       width_out|       pointer|
|width_out_full_n     |   in|    1|     ap_fifo|                       width_out|       pointer|
|width_out_write      |  out|    1|     ap_fifo|                       width_out|       pointer|
+---------------------+-----+-----+------------+--------------------------------+--------------+

