

================================================================
== Vitis HLS Report for 'process_ORB_8_0_1080_1920_1_Block_split1_proc'
================================================================
* Date:           Wed Jan 17 16:58:39 2024

* Version:        2020.2 (Build 3064766 on Wed Nov 18 09:12:45 MST 2020)
* Project:        hls_project
* Solution:       solution1 (Vivado IP Flow Target)
* Product family: zynquplus
* Target device:  xczu7ev-ffvc1156-2-e


================================================================
== Performance Estimates
================================================================
+ Timing: 
    * Summary: 
    +--------+----------+----------+------------+
    |  Clock |  Target  | Estimated| Uncertainty|
    +--------+----------+----------+------------+
    |ap_clk  |  10.00 ns|  3.699 ns|     2.70 ns|
    +--------+----------+----------+------------+

+ Latency: 
    * Summary: 
    +---------+---------+----------+----------+-----+-----+---------+
    |  Latency (cycles) |  Latency (absolute) |  Interval | Pipeline|
    |   min   |   max   |    min   |    max   | min | max |   Type  |
    +---------+---------+----------+----------+-----+-----+---------+
    |        0|        0|      0 ns|      0 ns|    0|    0|     none|
    +---------+---------+----------+----------+-----+-----+---------+

    + Detail: 
        * Instance: 
        N/A

        * Loop: 
        N/A



================================================================
== Utilization Estimates
================================================================
* Summary: 
+-----------------+---------+------+--------+--------+-----+
|       Name      | BRAM_18K|  DSP |   FF   |   LUT  | URAM|
+-----------------+---------+------+--------+--------+-----+
|DSP              |        -|     -|       -|       -|    -|
|Expression       |        -|     -|       0|       2|    -|
|FIFO             |        -|     -|       -|       -|    -|
|Instance         |        -|     -|       -|       -|    -|
|Memory           |        -|     -|       -|       -|    -|
|Multiplexer      |        -|     -|       -|     108|    -|
|Register         |        -|     -|       3|       -|    -|
+-----------------+---------+------+--------+--------+-----+
|Total            |        0|     0|       3|     110|    0|
+-----------------+---------+------+--------+--------+-----+
|Available        |      624|  1728|  460800|  230400|   96|
+-----------------+---------+------+--------+--------+-----+
|Utilization (%)  |        0|     0|      ~0|      ~0|    0|
+-----------------+---------+------+--------+--------+-----+

+ Detail: 
    * Instance: 
    N/A

    * DSP: 
    N/A

    * Memory: 
    N/A

    * FIFO: 
    N/A

    * Expression: 
    +-----------------+----------+----+---+----+------------+------------+
    |  Variable Name  | Operation| DSP| FF| LUT| Bitwidth P0| Bitwidth P1|
    +-----------------+----------+----+---+----+------------+------------+
    |ap_block_state1  |        or|   0|  0|   2|           1|           1|
    +-----------------+----------+----+---+----+------------+------------+
    |Total            |          |   0|  0|   2|           1|           1|
    +-----------------+----------+----+---+----+------------+------------+

    * Multiplexer: 
    +----------------------------+----+-----------+-----+-----------+
    |            Name            | LUT| Input Size| Bits| Total Bits|
    +----------------------------+----+-----------+-----+-----------+
    |ap_done                     |   9|          2|    1|          2|
    |height_blk_n                |   9|          2|    1|          2|
    |height_new_blk_n            |   9|          2|    1|          2|
    |height_new_out_blk_n        |   9|          2|    1|          2|
    |img_mat_cols_out_blk_n      |   9|          2|    1|          2|
    |img_mat_rows_out_blk_n      |   9|          2|    1|          2|
    |real_start                  |   9|          2|    1|          2|
    |resized_mat_cols_out_blk_n  |   9|          2|    1|          2|
    |resized_mat_rows_out_blk_n  |   9|          2|    1|          2|
    |width_blk_n                 |   9|          2|    1|          2|
    |width_new_blk_n             |   9|          2|    1|          2|
    |width_new_out_blk_n         |   9|          2|    1|          2|
    +----------------------------+----+-----------+-----+-----------+
    |Total                       | 108|         24|   12|         24|
    +----------------------------+----+-----------+-----+-----------+

    * Register: 
    +----------------+---+----+-----+-----------+
    |      Name      | FF| LUT| Bits| Const Bits|
    +----------------+---+----+-----+-----------+
    |ap_CS_fsm       |  1|   0|    1|          0|
    |ap_done_reg     |  1|   0|    1|          0|
    |start_once_reg  |  1|   0|    1|          0|
    +----------------+---+----+-----+-----------+
    |Total           |  3|   0|    3|          0|
    +----------------+---+----+-----+-----------+



================================================================
== Interface
================================================================
* Summary: 
+-----------------------------+-----+-----+------------+-----------------------------------------------------+--------------+
|          RTL Ports          | Dir | Bits|  Protocol  |                    Source Object                    |    C Type    |
+-----------------------------+-----+-----+------------+-----------------------------------------------------+--------------+
|ap_clk                       |   in|    1|  ap_ctrl_hs|  process_ORB<8, 0, 1080, 1920, 1>_Block_.split1_proc|  return value|
|ap_rst                       |   in|    1|  ap_ctrl_hs|  process_ORB<8, 0, 1080, 1920, 1>_Block_.split1_proc|  return value|
|ap_start                     |   in|    1|  ap_ctrl_hs|  process_ORB<8, 0, 1080, 1920, 1>_Block_.split1_proc|  return value|
|start_full_n                 |   in|    1|  ap_ctrl_hs|  process_ORB<8, 0, 1080, 1920, 1>_Block_.split1_proc|  return value|
|ap_done                      |  out|    1|  ap_ctrl_hs|  process_ORB<8, 0, 1080, 1920, 1>_Block_.split1_proc|  return value|
|ap_continue                  |   in|    1|  ap_ctrl_hs|  process_ORB<8, 0, 1080, 1920, 1>_Block_.split1_proc|  return value|
|ap_idle                      |  out|    1|  ap_ctrl_hs|  process_ORB<8, 0, 1080, 1920, 1>_Block_.split1_proc|  return value|
|ap_ready                     |  out|    1|  ap_ctrl_hs|  process_ORB<8, 0, 1080, 1920, 1>_Block_.split1_proc|  return value|
|start_out                    |  out|    1|  ap_ctrl_hs|  process_ORB<8, 0, 1080, 1920, 1>_Block_.split1_proc|  return value|
|start_write                  |  out|    1|  ap_ctrl_hs|  process_ORB<8, 0, 1080, 1920, 1>_Block_.split1_proc|  return value|
|height_dout                  |   in|   11|     ap_fifo|                                               height|       pointer|
|height_empty_n               |   in|    1|     ap_fifo|                                               height|       pointer|
|height_read                  |  out|    1|     ap_fifo|                                               height|       pointer|
|width_dout                   |   in|   11|     ap_fifo|                                                width|       pointer|
|width_empty_n                |   in|    1|     ap_fifo|                                                width|       pointer|
|width_read                   |  out|    1|     ap_fifo|                                                width|       pointer|
|height_new_dout              |   in|   11|     ap_fifo|                                           height_new|       pointer|
|height_new_empty_n           |   in|    1|     ap_fifo|                                           height_new|       pointer|
|height_new_read              |  out|    1|     ap_fifo|                                           height_new|       pointer|
|width_new_dout               |   in|   11|     ap_fifo|                                            width_new|       pointer|
|width_new_empty_n            |   in|    1|     ap_fifo|                                            width_new|       pointer|
|width_new_read               |  out|    1|     ap_fifo|                                            width_new|       pointer|
|img_mat_rows_out_din         |  out|   11|     ap_fifo|                                     img_mat_rows_out|       pointer|
|img_mat_rows_out_full_n      |   in|    1|     ap_fifo|                                     img_mat_rows_out|       pointer|
|img_mat_rows_out_write       |  out|    1|     ap_fifo|                                     img_mat_rows_out|       pointer|
|img_mat_cols_out_din         |  out|   11|     ap_fifo|                                     img_mat_cols_out|       pointer|
|img_mat_cols_out_full_n      |   in|    1|     ap_fifo|                                     img_mat_cols_out|       pointer|
|img_mat_cols_out_write       |  out|    1|     ap_fifo|                                     img_mat_cols_out|       pointer|
|height_new_out_din           |  out|   11|     ap_fifo|                                       height_new_out|       pointer|
|height_new_out_full_n        |   in|    1|     ap_fifo|                                       height_new_out|       pointer|
|height_new_out_write         |  out|    1|     ap_fifo|                                       height_new_out|       pointer|
|resized_mat_rows_out_din     |  out|   11|     ap_fifo|                                 resized_mat_rows_out|       pointer|
|resized_mat_rows_out_full_n  |   in|    1|     ap_fifo|                                 resized_mat_rows_out|       pointer|
|resized_mat_rows_out_write   |  out|    1|     ap_fifo|                                 resized_mat_rows_out|       pointer|
|width_new_out_din            |  out|   11|     ap_fifo|                                        width_new_out|       pointer|
|width_new_out_full_n         |   in|    1|     ap_fifo|                                        width_new_out|       pointer|
|width_new_out_write          |  out|    1|     ap_fifo|                                        width_new_out|       pointer|
|resized_mat_cols_out_din     |  out|   11|     ap_fifo|                                 resized_mat_cols_out|       pointer|
|resized_mat_cols_out_full_n  |   in|    1|     ap_fifo|                                 resized_mat_cols_out|       pointer|
|resized_mat_cols_out_write   |  out|    1|     ap_fifo|                                 resized_mat_cols_out|       pointer|
+-----------------------------+-----+-----+------------+-----------------------------------------------------+--------------+

