

================================================================
== Vitis HLS Report for 'process_xfMat2stream_8_0_1080_1920_1_s'
================================================================
* Date:           Sun Jan 21 17:46:51 2024

* Version:        2020.2 (Build 3064766 on Wed Nov 18 09:12:45 MST 2020)
* Project:        hls_project
* Solution:       solution1 (Vivado IP Flow Target)
* Product family: zynquplus
* Target device:  xczu7ev-ffvc1156-2-e


================================================================
== Performance Estimates
================================================================
+ Timing: 
    * Summary: 
    +--------+----------+----------+------------+
    |  Clock |  Target  | Estimated| Uncertainty|
    +--------+----------+----------+------------+
    |ap_clk  |  10.00 ns|  3.676 ns|     2.70 ns|
    +--------+----------+----------+------------+

+ Latency: 
    * Summary: 
    +---------+---------+----------+----------+-----+-----+---------+
    |  Latency (cycles) |  Latency (absolute) |  Interval | Pipeline|
    |   min   |   max   |    min   |    max   | min | max |   Type  |
    +---------+---------+----------+----------+-----+-----+---------+
    |        ?|        ?|         ?|         ?|    ?|    ?|     none|
    +---------+---------+----------+----------+-----+-----+---------+

    + Detail: 
        * Instance: 
        N/A

        * Loop: 
        +--------------------+---------+---------+----------+-----------+-----------+------+----------+
        |                    |  Latency (cycles) | Iteration|  Initiation Interval  | Trip |          |
        |      Loop Name     |   min   |   max   |  Latency |  achieved |   target  | Count| Pipelined|
        +--------------------+---------+---------+----------+-----------+-----------+------+----------+
        |- VITIS_LOOP_101_1  |        ?|        ?|         9|          8|          1|     ?|       yes|
        +--------------------+---------+---------+----------+-----------+-----------+------+----------+



================================================================
== Utilization Estimates
================================================================
* Summary: 
+-----------------+---------+------+--------+--------+-----+
|       Name      | BRAM_18K|  DSP |   FF   |   LUT  | URAM|
+-----------------+---------+------+--------+--------+-----+
|DSP              |        -|     1|       -|       -|    -|
|Expression       |        -|     -|       0|     506|    -|
|FIFO             |        -|     -|       -|       -|    -|
|Instance         |        -|     -|       -|       -|    -|
|Memory           |        -|     -|       -|       -|    -|
|Multiplexer      |        -|     -|       -|     142|    -|
|Register         |        -|     -|     129|       -|    -|
+-----------------+---------+------+--------+--------+-----+
|Total            |        0|     1|     129|     648|    0|
+-----------------+---------+------+--------+--------+-----+
|Available        |      624|  1728|  460800|  230400|   96|
+-----------------+---------+------+--------+--------+-----+
|Utilization (%)  |        0|    ~0|      ~0|      ~0|    0|
+-----------------+---------+------+--------+--------+-----+

+ Detail: 
    * Instance: 
    N/A

    * DSP: 
    +------------------------------+--------------------------+-----------+
    |           Instance           |          Module          | Expression|
    +------------------------------+--------------------------+-----------+
    |mul_mul_11ns_11ns_22_4_1_U79  |mul_mul_11ns_11ns_22_4_1  |    i0 * i1|
    +------------------------------+--------------------------+-----------+

    * Memory: 
    N/A

    * FIFO: 
    N/A

    * Expression: 
    +-----------------------------------+----------+----+---+----+------------+------------+
    |           Variable Name           | Operation| DSP| FF| LUT| Bitwidth P0| Bitwidth P1|
    +-----------------------------------+----------+----+---+----+------------+------------+
    |add_ln101_1_fu_115_p2              |         +|   0|  0|  29|          22|           3|
    |add_ln101_fu_224_p2                |         +|   0|  0|  39|          32|           4|
    |ap_block_pp0_stage0_01001          |       and|   0|  0|   2|           1|           1|
    |ap_block_pp0_stage1_01001          |       and|   0|  0|   2|           1|           1|
    |ap_block_pp0_stage2_01001          |       and|   0|  0|   2|           1|           1|
    |ap_block_pp0_stage3_01001          |       and|   0|  0|   2|           1|           1|
    |ap_block_pp0_stage4_01001          |       and|   0|  0|   2|           1|           1|
    |ap_block_pp0_stage5_01001          |       and|   0|  0|   2|           1|           1|
    |ap_block_pp0_stage6_01001          |       and|   0|  0|   2|           1|           1|
    |ap_block_pp0_stage7_01001          |       and|   0|  0|   2|           1|           1|
    |ap_predicate_op63_read_state7      |       and|   0|  0|   2|           1|           1|
    |ap_predicate_op65_read_state8      |       and|   0|  0|   2|           1|           1|
    |ap_predicate_op67_read_state9      |       and|   0|  0|   2|           1|           1|
    |ap_predicate_op69_read_state10     |       and|   0|  0|   2|           1|           1|
    |ap_predicate_op71_read_state11     |       and|   0|  0|   2|           1|           1|
    |ap_predicate_op73_read_state12     |       and|   0|  0|   2|           1|           1|
    |ap_predicate_op76_read_state13     |       and|   0|  0|   2|           1|           1|
    |icmp_ln101_1_fu_153_p2             |      icmp|   0|  0|  20|          32|          32|
    |icmp_ln101_2_fu_164_p2             |      icmp|   0|  0|  20|          32|          32|
    |icmp_ln101_3_fu_175_p2             |      icmp|   0|  0|  20|          32|          32|
    |icmp_ln101_4_fu_186_p2             |      icmp|   0|  0|  20|          32|          32|
    |icmp_ln101_5_fu_197_p2             |      icmp|   0|  0|  20|          32|          32|
    |icmp_ln101_6_fu_208_p2             |      icmp|   0|  0|  20|          32|          32|
    |icmp_ln101_7_fu_219_p2             |      icmp|   0|  0|  20|          32|          32|
    |icmp_ln101_fu_142_p2               |      icmp|   0|  0|  20|          32|          32|
    |ap_block_state1                    |        or|   0|  0|   2|           1|           1|
    |ap_block_state10_pp0_stage5_iter0  |        or|   0|  0|   2|           1|           1|
    |ap_block_state11_pp0_stage6_iter0  |        or|   0|  0|   2|           1|           1|
    |ap_block_state12_pp0_stage7_iter0  |        or|   0|  0|   2|           1|           1|
    |ap_block_state13_pp0_stage0_iter1  |        or|   0|  0|   2|           1|           1|
    |ap_block_state6_pp0_stage1_iter0   |        or|   0|  0|   2|           1|           1|
    |ap_block_state7_pp0_stage2_iter0   |        or|   0|  0|   2|           1|           1|
    |ap_block_state8_pp0_stage3_iter0   |        or|   0|  0|   2|           1|           1|
    |ap_block_state9_pp0_stage4_iter0   |        or|   0|  0|   2|           1|           1|
    |ap_predicate_tran12to14_state12    |        or|   0|  0|   2|           1|           1|
    |or_ln101_1_fu_158_p2               |        or|   0|  0|  32|          32|           2|
    |or_ln101_2_fu_169_p2               |        or|   0|  0|  32|          32|           2|
    |or_ln101_3_fu_180_p2               |        or|   0|  0|  32|          32|           3|
    |or_ln101_4_fu_191_p2               |        or|   0|  0|  32|          32|           3|
    |or_ln101_5_fu_202_p2               |        or|   0|  0|  32|          32|           3|
    |or_ln101_6_fu_213_p2               |        or|   0|  0|  32|          32|           3|
    |or_ln101_fu_147_p2                 |        or|   0|  0|  32|          32|           1|
    |ap_enable_pp0                      |       xor|   0|  0|   2|           1|           2|
    |ap_enable_reg_pp0_iter1            |       xor|   0|  0|   2|           2|           1|
    +-----------------------------------+----------+----+---+----+------------+------------+
    |Total                              |          |   0|  0| 506|         562|         308|
    +-----------------------------------+----------+----+---+----+------------+------------+

    * Multiplexer: 
    +----------------------------------+----+-----------+-----+-----------+
    |               Name               | LUT| Input Size| Bits| Total Bits|
    +----------------------------------+----+-----------+-----+-----------+
    |ap_NS_fsm                         |  65|         14|    1|         14|
    |ap_done                           |   9|          2|    1|          2|
    |ap_enable_reg_pp0_iter1           |  14|          3|    1|          3|
    |ap_phi_mux_i_02_0_i_phi_fu_96_p4  |   9|          2|   32|         64|
    |i_02_0_i_reg_92                   |   9|          2|   32|         64|
    |resized_img32_blk_n               |   9|          2|    1|          2|
    |resized_mat_430_blk_n             |   9|          2|    1|          2|
    |src_cols_blk_n                    |   9|          2|    1|          2|
    |src_rows_blk_n                    |   9|          2|    1|          2|
    +----------------------------------+----+-----------+-----+-----------+
    |Total                             | 142|         31|   71|        155|
    +----------------------------------+----+-----------+-----+-----------+

    * Register: 
    +-------------------------+----+----+-----+-----------+
    |           Name          | FF | LUT| Bits| Const Bits|
    +-------------------------+----+----+-----+-----------+
    |add_ln101_reg_296        |  32|   0|   32|          0|
    |ap_CS_fsm                |  13|   0|   13|          0|
    |ap_done_reg              |   1|   0|    1|          0|
    |ap_enable_reg_pp0_iter0  |   1|   0|    1|          0|
    |ap_enable_reg_pp0_iter1  |   1|   0|    1|          0|
    |i_02_0_i_reg_92          |  32|   0|   32|          0|
    |icmp_ln101_1_reg_268     |   1|   0|    1|          0|
    |icmp_ln101_2_reg_272     |   1|   0|    1|          0|
    |icmp_ln101_3_reg_276     |   1|   0|    1|          0|
    |icmp_ln101_4_reg_280     |   1|   0|    1|          0|
    |icmp_ln101_5_reg_284     |   1|   0|    1|          0|
    |icmp_ln101_6_reg_288     |   1|   0|    1|          0|
    |icmp_ln101_7_reg_292     |   1|   0|    1|          0|
    |icmp_ln101_reg_264       |   1|   0|    1|          0|
    |zext_ln101_1_reg_259     |  19|   0|   32|         13|
    |zext_ln101_reg_248       |  22|   0|   32|         10|
    +-------------------------+----+----+-----+-----------+
    |Total                    | 129|   0|  152|         23|
    +-------------------------+----+----+-----+-----------+



================================================================
== Interface
================================================================
* Summary: 
+-------------------------+-----+-----+------------+-------------------------------------------+--------------+
|        RTL Ports        | Dir | Bits|  Protocol  |               Source Object               |    C Type    |
+-------------------------+-----+-----+------------+-------------------------------------------+--------------+
|ap_clk                   |   in|    1|  ap_ctrl_hs|  process_xfMat2stream<8, 0, 1080, 1920, 1>|  return value|
|ap_rst                   |   in|    1|  ap_ctrl_hs|  process_xfMat2stream<8, 0, 1080, 1920, 1>|  return value|
|ap_start                 |   in|    1|  ap_ctrl_hs|  process_xfMat2stream<8, 0, 1080, 1920, 1>|  return value|
|ap_done                  |  out|    1|  ap_ctrl_hs|  process_xfMat2stream<8, 0, 1080, 1920, 1>|  return value|
|ap_continue              |   in|    1|  ap_ctrl_hs|  process_xfMat2stream<8, 0, 1080, 1920, 1>|  return value|
|ap_idle                  |  out|    1|  ap_ctrl_hs|  process_xfMat2stream<8, 0, 1080, 1920, 1>|  return value|
|ap_ready                 |  out|    1|  ap_ctrl_hs|  process_xfMat2stream<8, 0, 1080, 1920, 1>|  return value|
|resized_mat_430_dout     |   in|    8|     ap_fifo|                            resized_mat_430|       pointer|
|resized_mat_430_empty_n  |   in|    1|     ap_fifo|                            resized_mat_430|       pointer|
|resized_mat_430_read     |  out|    1|     ap_fifo|                            resized_mat_430|       pointer|
|resized_img32_din        |  out|    8|     ap_fifo|                              resized_img32|       pointer|
|resized_img32_full_n     |   in|    1|     ap_fifo|                              resized_img32|       pointer|
|resized_img32_write      |  out|    1|     ap_fifo|                              resized_img32|       pointer|
|src_rows_dout            |   in|   11|     ap_fifo|                                   src_rows|       pointer|
|src_rows_empty_n         |   in|    1|     ap_fifo|                                   src_rows|       pointer|
|src_rows_read            |  out|    1|     ap_fifo|                                   src_rows|       pointer|
|src_cols_dout            |   in|   11|     ap_fifo|                                   src_cols|       pointer|
|src_cols_empty_n         |   in|    1|     ap_fifo|                                   src_cols|       pointer|
|src_cols_read            |  out|    1|     ap_fifo|                                   src_cols|       pointer|
+-------------------------+-----+-----+------------+-------------------------------------------+--------------+

