

================================================================
== Vitis HLS Report for 'process_input_8_0_1080_1920_1_s'
================================================================
* Date:           Sun Jan 21 17:46:44 2024

* Version:        2020.2 (Build 3064766 on Wed Nov 18 09:12:45 MST 2020)
* Project:        hls_project
* Solution:       solution1 (Vivado IP Flow Target)
* Product family: zynquplus
* Target device:  xczu7ev-ffvc1156-2-e


================================================================
== Performance Estimates
================================================================
+ Timing: 
    * Summary: 
    +--------+----------+----------+------------+
    |  Clock |  Target  | Estimated| Uncertainty|
    +--------+----------+----------+------------+
    |ap_clk  |  10.00 ns|  2.373 ns|     2.70 ns|
    +--------+----------+----------+------------+

+ Latency: 
    * Summary: 
    +---------+---------+----------+----------+-----+-----+---------+
    |  Latency (cycles) |  Latency (absolute) |  Interval | Pipeline|
    |   min   |   max   |    min   |    max   | min | max |   Type  |
    +---------+---------+----------+----------+-----+-----+---------+
    |        ?|        ?|         ?|         ?|    ?|    ?|     none|
    +---------+---------+----------+----------+-----+-----+---------+

    + Detail: 
        * Instance: 
        N/A

        * Loop: 
        +-------------------+---------+---------+----------+-----------+-----------+------+----------+
        |                   |  Latency (cycles) | Iteration|  Initiation Interval  | Trip |          |
        |     Loop Name     |   min   |   max   |  Latency |  achieved |   target  | Count| Pipelined|
        +-------------------+---------+---------+----------+-----------+-----------+------+----------+
        |- VITIS_LOOP_75_1  |        ?|        ?|         9|          8|          1|     ?|       yes|
        +-------------------+---------+---------+----------+-----------+-----------+------+----------+



================================================================
== Utilization Estimates
================================================================
* Summary: 
+-----------------+---------+------+--------+--------+-----+
|       Name      | BRAM_18K|  DSP |   FF   |   LUT  | URAM|
+-----------------+---------+------+--------+--------+-----+
|DSP              |        -|     1|       -|       -|    -|
|Expression       |        -|     -|       0|     508|    -|
|FIFO             |        -|     -|       -|       -|    -|
|Instance         |        -|     -|       -|       -|    -|
|Memory           |        -|     -|       -|       -|    -|
|Multiplexer      |        -|     -|       -|     142|    -|
|Register         |        -|     -|     137|       -|    -|
+-----------------+---------+------+--------+--------+-----+
|Total            |        0|     1|     137|     650|    0|
+-----------------+---------+------+--------+--------+-----+
|Available        |      624|  1728|  460800|  230400|   96|
+-----------------+---------+------+--------+--------+-----+
|Utilization (%)  |        0|    ~0|      ~0|      ~0|    0|
+-----------------+---------+------+--------+--------+-----+

+ Detail: 
    * Instance: 
    N/A

    * DSP: 
    +------------------------------+--------------------------+-----------+
    |           Instance           |          Module          | Expression|
    +------------------------------+--------------------------+-----------+
    |mul_mul_11ns_11ns_22_4_1_U23  |mul_mul_11ns_11ns_22_4_1  |    i0 * i1|
    +------------------------------+--------------------------+-----------+

    * Memory: 
    N/A

    * FIFO: 
    N/A

    * Expression: 
    +-----------------------------------+----------+----+---+----+------------+------------+
    |           Variable Name           | Operation| DSP| FF| LUT| Bitwidth P0| Bitwidth P1|
    +-----------------------------------+----------+----+---+----+------------+------------+
    |add_ln75_1_fu_153_p2               |         +|   0|  0|  29|          22|           3|
    |add_ln75_fu_262_p2                 |         +|   0|  0|  39|          32|           4|
    |ap_block_pp0_stage1_01001          |       and|   0|  0|   2|           1|           1|
    |ap_block_pp0_stage2_01001          |       and|   0|  0|   2|           1|           1|
    |ap_block_pp0_stage3_01001          |       and|   0|  0|   2|           1|           1|
    |ap_block_pp0_stage4_01001          |       and|   0|  0|   2|           1|           1|
    |ap_block_pp0_stage5_01001          |       and|   0|  0|   2|           1|           1|
    |ap_block_pp0_stage6_01001          |       and|   0|  0|   2|           1|           1|
    |ap_block_pp0_stage7_01001          |       and|   0|  0|   2|           1|           1|
    |ap_block_state13_pp0_stage0_iter1  |       and|   0|  0|   2|           1|           1|
    |ap_block_state5_pp0_stage0_iter0   |       and|   0|  0|   2|           1|           1|
    |ap_predicate_op70_read_state6      |       and|   0|  0|   2|           1|           1|
    |ap_predicate_op73_read_state7      |       and|   0|  0|   2|           1|           1|
    |ap_predicate_op76_read_state8      |       and|   0|  0|   2|           1|           1|
    |ap_predicate_op79_read_state9      |       and|   0|  0|   2|           1|           1|
    |ap_predicate_op82_read_state10     |       and|   0|  0|   2|           1|           1|
    |ap_predicate_op85_read_state11     |       and|   0|  0|   2|           1|           1|
    |ap_predicate_op88_read_state12     |       and|   0|  0|   2|           1|           1|
    |icmp_ln75_1_fu_191_p2              |      icmp|   0|  0|  20|          32|          32|
    |icmp_ln75_2_fu_202_p2              |      icmp|   0|  0|  20|          32|          32|
    |icmp_ln75_3_fu_213_p2              |      icmp|   0|  0|  20|          32|          32|
    |icmp_ln75_4_fu_224_p2              |      icmp|   0|  0|  20|          32|          32|
    |icmp_ln75_5_fu_235_p2              |      icmp|   0|  0|  20|          32|          32|
    |icmp_ln75_6_fu_246_p2              |      icmp|   0|  0|  20|          32|          32|
    |icmp_ln75_7_fu_257_p2              |      icmp|   0|  0|  20|          32|          32|
    |icmp_ln75_fu_180_p2                |      icmp|   0|  0|  20|          32|          32|
    |ap_block_pp0_stage0_01001          |        or|   0|  0|   2|           1|           1|
    |ap_block_state1                    |        or|   0|  0|   2|           1|           1|
    |ap_block_state10_pp0_stage5_iter0  |        or|   0|  0|   2|           1|           1|
    |ap_block_state11_pp0_stage6_iter0  |        or|   0|  0|   2|           1|           1|
    |ap_block_state12_pp0_stage7_iter0  |        or|   0|  0|   2|           1|           1|
    |ap_block_state6_pp0_stage1_iter0   |        or|   0|  0|   2|           1|           1|
    |ap_block_state7_pp0_stage2_iter0   |        or|   0|  0|   2|           1|           1|
    |ap_block_state8_pp0_stage3_iter0   |        or|   0|  0|   2|           1|           1|
    |ap_block_state9_pp0_stage4_iter0   |        or|   0|  0|   2|           1|           1|
    |ap_predicate_tran12to14_state12    |        or|   0|  0|   2|           1|           1|
    |or_ln75_1_fu_196_p2                |        or|   0|  0|  32|          32|           2|
    |or_ln75_2_fu_207_p2                |        or|   0|  0|  32|          32|           2|
    |or_ln75_3_fu_218_p2                |        or|   0|  0|  32|          32|           3|
    |or_ln75_4_fu_229_p2                |        or|   0|  0|  32|          32|           3|
    |or_ln75_5_fu_240_p2                |        or|   0|  0|  32|          32|           3|
    |or_ln75_6_fu_251_p2                |        or|   0|  0|  32|          32|           3|
    |or_ln75_fu_185_p2                  |        or|   0|  0|  32|          32|           1|
    |ap_enable_pp0                      |       xor|   0|  0|   2|           1|           2|
    |ap_enable_reg_pp0_iter1            |       xor|   0|  0|   2|           2|           1|
    +-----------------------------------+----------+----+---+----+------------+------------+
    |Total                              |          |   0|  0| 508|         563|         309|
    +-----------------------------------+----------+----+---+----+------------+------------+

    * Multiplexer: 
    +--------------------------------+----+-----------+-----+-----------+
    |              Name              | LUT| Input Size| Bits| Total Bits|
    +--------------------------------+----+-----------+-----+-----------+
    |ap_NS_fsm                       |  65|         14|    1|         14|
    |ap_done                         |   9|          2|    1|          2|
    |ap_enable_reg_pp0_iter1         |  14|          3|    1|          3|
    |ap_phi_mux_i_0_i_phi_fu_125_p4  |   9|          2|   32|         64|
    |dst_blk_n                       |   9|          2|    1|          2|
    |height_blk_n                    |   9|          2|    1|          2|
    |i_0_i_reg_121                   |   9|          2|   32|         64|
    |src_TDATA_blk_n                 |   9|          2|    1|          2|
    |width_blk_n                     |   9|          2|    1|          2|
    +--------------------------------+----+-----------+-----+-----------+
    |Total                           | 142|         31|   71|        155|
    +--------------------------------+----+-----------+-----+-----------+

    * Register: 
    +-------------------------+----+----+-----+-----------+
    |           Name          | FF | LUT| Bits| Const Bits|
    +-------------------------+----+----+-----+-----------+
    |add_ln75_reg_334         |  32|   0|   32|          0|
    |ap_CS_fsm                |  13|   0|   13|          0|
    |ap_done_reg              |   1|   0|    1|          0|
    |ap_enable_reg_pp0_iter0  |   1|   0|    1|          0|
    |ap_enable_reg_pp0_iter1  |   1|   0|    1|          0|
    |i_0_i_reg_121            |  32|   0|   32|          0|
    |icmp_ln75_1_reg_306      |   1|   0|    1|          0|
    |icmp_ln75_2_reg_310      |   1|   0|    1|          0|
    |icmp_ln75_3_reg_314      |   1|   0|    1|          0|
    |icmp_ln75_4_reg_318      |   1|   0|    1|          0|
    |icmp_ln75_5_reg_322      |   1|   0|    1|          0|
    |icmp_ln75_6_reg_326      |   1|   0|    1|          0|
    |icmp_ln75_7_reg_330      |   1|   0|    1|          0|
    |icmp_ln75_reg_302        |   1|   0|    1|          0|
    |reg_137                  |   8|   0|    8|          0|
    |zext_ln75_1_reg_297      |  19|   0|   32|         13|
    |zext_ln75_reg_286        |  22|   0|   32|         10|
    +-------------------------+----+----+-----+-----------+
    |Total                    | 137|   0|  160|         23|
    +-------------------------+----+----+-----+-----------+



================================================================
== Interface
================================================================
* Summary: 
+----------------+-----+-----+------------+------------------------------------+--------------+
|    RTL Ports   | Dir | Bits|  Protocol  |            Source Object           |    C Type    |
+----------------+-----+-----+------------+------------------------------------+--------------+
|ap_clk          |   in|    1|  ap_ctrl_hs|  process_input<8, 0, 1080, 1920, 1>|  return value|
|ap_rst          |   in|    1|  ap_ctrl_hs|  process_input<8, 0, 1080, 1920, 1>|  return value|
|ap_start        |   in|    1|  ap_ctrl_hs|  process_input<8, 0, 1080, 1920, 1>|  return value|
|ap_done         |  out|    1|  ap_ctrl_hs|  process_input<8, 0, 1080, 1920, 1>|  return value|
|ap_continue     |   in|    1|  ap_ctrl_hs|  process_input<8, 0, 1080, 1920, 1>|  return value|
|ap_idle         |  out|    1|  ap_ctrl_hs|  process_input<8, 0, 1080, 1920, 1>|  return value|
|ap_ready        |  out|    1|  ap_ctrl_hs|  process_input<8, 0, 1080, 1920, 1>|  return value|
|dst_din         |  out|    8|     ap_fifo|                                 dst|       pointer|
|dst_full_n      |   in|    1|     ap_fifo|                                 dst|       pointer|
|dst_write       |  out|    1|     ap_fifo|                                 dst|       pointer|
|src_TDATA       |   in|    8|        axis|                        src_V_data_V|       pointer|
|src_TVALID      |   in|    1|        axis|                        src_V_data_V|       pointer|
|src_TREADY      |  out|    1|        axis|                        src_V_dest_V|       pointer|
|src_TDEST       |   in|    1|        axis|                        src_V_dest_V|       pointer|
|src_TKEEP       |   in|    1|        axis|                        src_V_keep_V|       pointer|
|src_TSTRB       |   in|    1|        axis|                        src_V_strb_V|       pointer|
|src_TUSER       |   in|    1|        axis|                        src_V_user_V|       pointer|
|src_TLAST       |   in|    1|        axis|                        src_V_last_V|       pointer|
|src_TID         |   in|    1|        axis|                          src_V_id_V|       pointer|
|height_dout     |   in|   11|     ap_fifo|                              height|       pointer|
|height_empty_n  |   in|    1|     ap_fifo|                              height|       pointer|
|height_read     |  out|    1|     ap_fifo|                              height|       pointer|
|width_dout      |   in|   11|     ap_fifo|                               width|       pointer|
|width_empty_n   |   in|    1|     ap_fifo|                               width|       pointer|
|width_read      |  out|    1|     ap_fifo|                               width|       pointer|
+----------------+-----+-----+------------+------------------------------------+--------------+

