

================================================================
== Vitis HLS Report for 'process_resize_8_0_1080_1920_1_s'
================================================================
* Date:           Wed Jan 17 16:58:44 2024

* Version:        2020.2 (Build 3064766 on Wed Nov 18 09:12:45 MST 2020)
* Project:        hls_project
* Solution:       solution1 (Vivado IP Flow Target)
* Product family: zynquplus
* Target device:  xczu7ev-ffvc1156-2-e


================================================================
== Performance Estimates
================================================================
+ Timing: 
    * Summary: 
    +--------+----------+----------+------------+
    |  Clock |  Target  | Estimated| Uncertainty|
    +--------+----------+----------+------------+
    |ap_clk  |  10.00 ns|  6.972 ns|     2.70 ns|
    +--------+----------+----------+------------+

+ Latency: 
    * Summary: 
    +---------+---------+----------+-----------+-----+---------+---------+
    |  Latency (cycles) |  Latency (absolute)  |    Interval   | Pipeline|
    |   min   |   max   |    min   |    max    | min |   max   |   Type  |
    +---------+---------+----------+-----------+-----+---------+---------+
    |      106|  2089421|  1.060 us|  20.894 ms|  106|  2089421|     none|
    +---------+---------+----------+-----------+-----+---------+---------+

    + Detail: 
        * Instance: 
        +------------------------------------------------+--------------------------------------+---------+---------+----------+-----------+-----+---------+---------+
        |                                                |                                      |  Latency (cycles) |  Latency (absolute)  |    Interval   | Pipeline|
        |                    Instance                    |                Module                |   min   |   max   |    min   |    max    | min |   max   |   Type  |
        +------------------------------------------------+--------------------------------------+---------+---------+----------+-----------+-----+---------+---------+
        |grp_resize_1_0_1080_1920_1080_1920_1_8_s_fu_80  |resize_1_0_1080_1920_1080_1920_1_8_s  |      105|  2089420|  1.050 us|  20.894 ms|  105|  2089420|     none|
        +------------------------------------------------+--------------------------------------+---------+---------+----------+-----------+-----+---------+---------+

        * Loop: 
        N/A



================================================================
== Utilization Estimates
================================================================
* Summary: 
+-----------------+---------+------+--------+--------+-----+
|       Name      | BRAM_18K|  DSP |   FF   |   LUT  | URAM|
+-----------------+---------+------+--------+--------+-----+
|DSP              |        -|     -|       -|       -|    -|
|Expression       |        -|     -|       0|       2|    -|
|FIFO             |        -|     -|       -|       -|    -|
|Instance         |        3|     6|    2181|    3171|    -|
|Memory           |        -|     -|       -|       -|    -|
|Multiplexer      |        -|     -|       -|     104|    -|
|Register         |        -|     -|      49|       -|    -|
+-----------------+---------+------+--------+--------+-----+
|Total            |        3|     6|    2230|    3277|    0|
+-----------------+---------+------+--------+--------+-----+
|Available        |      624|  1728|  460800|  230400|   96|
+-----------------+---------+------+--------+--------+-----+
|Utilization (%)  |       ~0|    ~0|      ~0|       1|    0|
+-----------------+---------+------+--------+--------+-----+

+ Detail: 
    * Instance: 
    +------------------------------------------------+--------------------------------------+---------+----+------+------+-----+
    |                    Instance                    |                Module                | BRAM_18K| DSP|  FF  |  LUT | URAM|
    +------------------------------------------------+--------------------------------------+---------+----+------+------+-----+
    |grp_resize_1_0_1080_1920_1080_1920_1_8_s_fu_80  |resize_1_0_1080_1920_1080_1920_1_8_s  |        3|   6|  2181|  3171|    0|
    +------------------------------------------------+--------------------------------------+---------+----+------+------+-----+
    |Total                                           |                                      |        3|   6|  2181|  3171|    0|
    +------------------------------------------------+--------------------------------------+---------+----+------+------+-----+

    * DSP: 
    N/A

    * Memory: 
    N/A

    * FIFO: 
    N/A

    * Expression: 
    +-----------------+----------+----+---+----+------------+------------+
    |  Variable Name  | Operation| DSP| FF| LUT| Bitwidth P0| Bitwidth P1|
    +-----------------+----------+----+---+----+------------+------------+
    |ap_block_state1  |        or|   0|  0|   2|           1|           1|
    +-----------------+----------+----+---+----+------------+------------+
    |Total            |          |   0|  0|   2|           1|           1|
    +-----------------+----------+----+---+----+------------+------------+

    * Multiplexer: 
    +-----------------------+----+-----------+-----+-----------+
    |          Name         | LUT| Input Size| Bits| Total Bits|
    +-----------------------+----+-----------+-----+-----------+
    |ap_NS_fsm              |  14|          3|    1|          3|
    |ap_done                |   9|          2|    1|          2|
    |dst_cols_blk_n         |   9|          2|    1|          2|
    |dst_cols_out_blk_n     |   9|          2|    1|          2|
    |dst_rows_blk_n         |   9|          2|    1|          2|
    |dst_rows_out_blk_n     |   9|          2|    1|          2|
    |img_mat_429_read       |   9|          2|    1|          2|
    |real_start             |   9|          2|    1|          2|
    |resized_mat_430_write  |   9|          2|    1|          2|
    |src_cols_blk_n         |   9|          2|    1|          2|
    |src_rows_blk_n         |   9|          2|    1|          2|
    +-----------------------+----+-----------+-----+-----------+
    |Total                  | 104|         23|   11|         23|
    +-----------------------+----+-----------+-----+-----------+

    * Register: 
    +-------------------------------------------------------------+----+----+-----+-----------+
    |                             Name                            | FF | LUT| Bits| Const Bits|
    +-------------------------------------------------------------+----+----+-----+-----------+
    |ap_CS_fsm                                                    |   2|   0|    2|          0|
    |ap_done_reg                                                  |   1|   0|    1|          0|
    |dst_cols_read_reg_101                                        |  11|   0|   11|          0|
    |dst_rows_read_reg_96                                         |  11|   0|   11|          0|
    |grp_resize_1_0_1080_1920_1080_1920_1_8_s_fu_80_ap_start_reg  |   1|   0|    1|          0|
    |src_cols_read_reg_111                                        |  11|   0|   11|          0|
    |src_rows_read_reg_106                                        |  11|   0|   11|          0|
    |start_once_reg                                               |   1|   0|    1|          0|
    +-------------------------------------------------------------+----+----+-----+-----------+
    |Total                                                        |  49|   0|   49|          0|
    +-------------------------------------------------------------+----+----+-----+-----------+



================================================================
== Interface
================================================================
* Summary: 
+------------------------+-----+-----+------------+-------------------------------------+--------------+
|        RTL Ports       | Dir | Bits|  Protocol  |            Source Object            |    C Type    |
+------------------------+-----+-----+------------+-------------------------------------+--------------+
|ap_clk                  |   in|    1|  ap_ctrl_hs|  process_resize<8, 0, 1080, 1920, 1>|  return value|
|ap_rst                  |   in|    1|  ap_ctrl_hs|  process_resize<8, 0, 1080, 1920, 1>|  return value|
|ap_start                |   in|    1|  ap_ctrl_hs|  process_resize<8, 0, 1080, 1920, 1>|  return value|
|start_full_n            |   in|    1|  ap_ctrl_hs|  process_resize<8, 0, 1080, 1920, 1>|  return value|
|ap_done                 |  out|    1|  ap_ctrl_hs|  process_resize<8, 0, 1080, 1920, 1>|  return value|
|ap_continue             |   in|    1|  ap_ctrl_hs|  process_resize<8, 0, 1080, 1920, 1>|  return value|
|ap_idle                 |  out|    1|  ap_ctrl_hs|  process_resize<8, 0, 1080, 1920, 1>|  return value|
|ap_ready                |  out|    1|  ap_ctrl_hs|  process_resize<8, 0, 1080, 1920, 1>|  return value|
|start_out               |  out|    1|  ap_ctrl_hs|  process_resize<8, 0, 1080, 1920, 1>|  return value|
|start_write             |  out|    1|  ap_ctrl_hs|  process_resize<8, 0, 1080, 1920, 1>|  return value|
|img_mat_429_dout        |   in|    8|     ap_fifo|                          img_mat_429|       pointer|
|img_mat_429_empty_n     |   in|    1|     ap_fifo|                          img_mat_429|       pointer|
|img_mat_429_read        |  out|    1|     ap_fifo|                          img_mat_429|       pointer|
|resized_mat_430_din     |  out|    8|     ap_fifo|                      resized_mat_430|       pointer|
|resized_mat_430_full_n  |   in|    1|     ap_fifo|                      resized_mat_430|       pointer|
|resized_mat_430_write   |  out|    1|     ap_fifo|                      resized_mat_430|       pointer|
|src_rows_dout           |   in|   11|     ap_fifo|                             src_rows|       pointer|
|src_rows_empty_n        |   in|    1|     ap_fifo|                             src_rows|       pointer|
|src_rows_read           |  out|    1|     ap_fifo|                             src_rows|       pointer|
|src_cols_dout           |   in|   11|     ap_fifo|                             src_cols|       pointer|
|src_cols_empty_n        |   in|    1|     ap_fifo|                             src_cols|       pointer|
|src_cols_read           |  out|    1|     ap_fifo|                             src_cols|       pointer|
|dst_rows_dout           |   in|   11|     ap_fifo|                             dst_rows|       pointer|
|dst_rows_empty_n        |   in|    1|     ap_fifo|                             dst_rows|       pointer|
|dst_rows_read           |  out|    1|     ap_fifo|                             dst_rows|       pointer|
|dst_cols_dout           |   in|   11|     ap_fifo|                             dst_cols|       pointer|
|dst_cols_empty_n        |   in|    1|     ap_fifo|                             dst_cols|       pointer|
|dst_cols_read           |  out|    1|     ap_fifo|                             dst_cols|       pointer|
|dst_rows_out_din        |  out|   11|     ap_fifo|                         dst_rows_out|       pointer|
|dst_rows_out_full_n     |   in|    1|     ap_fifo|                         dst_rows_out|       pointer|
|dst_rows_out_write      |  out|    1|     ap_fifo|                         dst_rows_out|       pointer|
|dst_cols_out_din        |  out|   11|     ap_fifo|                         dst_cols_out|       pointer|
|dst_cols_out_full_n     |   in|    1|     ap_fifo|                         dst_cols_out|       pointer|
|dst_cols_out_write      |  out|    1|     ap_fifo|                         dst_cols_out|       pointer|
+------------------------+-----+-----+------------+-------------------------------------+--------------+

