

================================================================
== Vitis HLS Report for 'resizeNNBilinear_0_1080_1920_1_1080_1920_1_8_s'
================================================================
* Date:           Sun Jan 21 17:46:48 2024

* Version:        2020.2 (Build 3064766 on Wed Nov 18 09:12:45 MST 2020)
* Project:        hls_project
* Solution:       solution1 (Vivado IP Flow Target)
* Product family: zynquplus
* Target device:  xczu7ev-ffvc1156-2-e


================================================================
== Performance Estimates
================================================================
+ Timing: 
    * Summary: 
    +--------+----------+----------+------------+
    |  Clock |  Target  | Estimated| Uncertainty|
    +--------+----------+----------+------------+
    |ap_clk  |  10.00 ns|  6.972 ns|     2.70 ns|
    +--------+----------+----------+------------+

+ Latency: 
    * Summary: 
    +---------+---------+----------+-----------+-----+---------+---------+
    |  Latency (cycles) |  Latency (absolute)  |    Interval   | Pipeline|
    |   min   |   max   |    min   |    max    | min |   max   |   Type  |
    +---------+---------+----------+-----------+-----+---------+---------+
    |      104|  2089419|  1.040 us|  20.894 ms|  104|  2089419|     none|
    +---------+---------+----------+-----------+-----+---------+---------+

    + Detail: 
        * Instance: 
        +--------------------------------------------+---------------------------------+---------+---------+----------+----------+-----+-----+---------+
        |                                            |                                 |  Latency (cycles) |  Latency (absolute) |  Interval | Pipeline|
        |                  Instance                  |              Module             |   min   |   max   |    min   |    max   | min | max |   Type  |
        +--------------------------------------------+---------------------------------+---------+---------+----------+----------+-----+-----+---------+
        |grp_xfUDivResize_fu_566                     |xfUDivResize                     |       47|       47|  0.470 us|  0.470 us|   47|   47|     none|
        |grp_scaleCompute_17_42_20_48_16_1_s_fu_583  |scaleCompute_17_42_20_48_16_1_s  |        0|        0|      0 ns|      0 ns|    1|    1|      yes|
        +--------------------------------------------+---------------------------------+---------+---------+----------+----------+-----+-----+---------+

        * Loop: 
        +-------------------------------------+---------+---------+----------+-----------+-----------+----------+----------+
        |                                     |  Latency (cycles) | Iteration|  Initiation Interval  |   Trip   |          |
        |              Loop Name              |   min   |   max   |  Latency |  achieved |   target  |   Count  | Pipelined|
        +-------------------------------------+---------+---------+----------+-----------+-----------+----------+----------+
        |- VITIS_LOOP_332_1_VITIS_LOOP_337_2  |        2|     3840|         2|          1|          1|  2 ~ 3840|       yes|
        |- VITIS_LOOP_382_4                   |        3|  2085480|  3 ~ 1931|          -|          -|  1 ~ 1080|        no|
        | + VITIS_LOOP_389_5                  |        8|     1927|         9|          1|          1|  1 ~ 1920|       yes|
        +-------------------------------------+---------+---------+----------+-----------+-----------+----------+----------+



================================================================
== Utilization Estimates
================================================================
* Summary: 
+-----------------+---------+------+--------+--------+-----+
|       Name      | BRAM_18K|  DSP |   FF   |   LUT  | URAM|
+-----------------+---------+------+--------+--------+-----+
|DSP              |        -|     4|       -|       -|    -|
|Expression       |        -|     -|       0|    1702|    -|
|FIFO             |        -|     -|       -|       -|    -|
|Instance         |        -|     2|     616|     687|    -|
|Memory           |        3|     -|       0|       0|    -|
|Multiplexer      |        -|     -|       -|     526|    -|
|Register         |        -|     -|    1562|     224|    -|
+-----------------+---------+------+--------+--------+-----+
|Total            |        3|     6|    2178|    3139|    0|
+-----------------+---------+------+--------+--------+-----+
|Available        |      624|  1728|  460800|  230400|   96|
+-----------------+---------+------+--------+--------+-----+
|Utilization (%)  |       ~0|    ~0|      ~0|       1|    0|
+-----------------+---------+------+--------+--------+-----+

+ Detail: 
    * Instance: 
    +--------------------------------------------+---------------------------------+---------+----+-----+-----+-----+
    |                  Instance                  |              Module             | BRAM_18K| DSP|  FF | LUT | URAM|
    +--------------------------------------------+---------------------------------+---------+----+-----+-----+-----+
    |grp_scaleCompute_17_42_20_48_16_1_s_fu_583  |scaleCompute_17_42_20_48_16_1_s  |        0|   2|    0|  142|    0|
    |grp_xfUDivResize_fu_566                     |xfUDivResize                     |        0|   0|  616|  545|    0|
    +--------------------------------------------+---------------------------------+---------+----+-----+-----+-----+
    |Total                                       |                                 |        0|   2|  616|  687|    0|
    +--------------------------------------------+---------------------------------+---------+----+-----+-----+-----+

    * DSP: 
    +------------------------------------+--------------------------------+--------------+
    |              Instance              |             Module             |  Expression  |
    +------------------------------------+--------------------------------+--------------+
    |mac_muladd_12ns_10s_22s_23_4_1_U53  |mac_muladd_12ns_10s_22s_23_4_1  |  i0 + i1 * i2|
    |mac_muladd_12ns_9s_21s_22_4_1_U52   |mac_muladd_12ns_9s_21s_22_4_1   |  i0 + i1 * i2|
    |mul_mul_12ns_12ns_24_4_1_U50        |mul_mul_12ns_12ns_24_4_1        |       i0 * i1|
    |mul_mul_12ns_9s_21_4_1_U51          |mul_mul_12ns_9s_21_4_1          |       i0 * i1|
    +------------------------------------+--------------------------------+--------------+

    * Memory: 
    +---------------------+------------------------------------------------------------------+---------+---+----+-----+------+-----+------+-------------+
    |        Memory       |                              Module                              | BRAM_18K| FF| LUT| URAM| Words| Bits| Banks| W*Bits*Banks|
    +---------------------+------------------------------------------------------------------+---------+---+----+-----+------+-----+------+-------------+
    |line_buffer_V_0_0_U  |resizeNNBilinear_0_1080_1920_1_1080_1920_1_8_s_line_buffer_V_0_0  |        1|  0|   0|    0|  1920|    8|     1|        15360|
    |line_buffer_V_1_0_U  |resizeNNBilinear_0_1080_1920_1_1080_1920_1_8_s_line_buffer_V_0_0  |        1|  0|   0|    0|  1920|    8|     1|        15360|
    |line_buffer_V_2_0_U  |resizeNNBilinear_0_1080_1920_1_1080_1920_1_8_s_line_buffer_V_0_0  |        1|  0|   0|    0|  1920|    8|     1|        15360|
    +---------------------+------------------------------------------------------------------+---------+---+----+-----+------+-----+------+-------------+
    |Total                |                                                                  |        3|  0|   0|    0|  5760|   24|     3|        46080|
    +---------------------+------------------------------------------------------------------+---------+---+----+-----+------+-----+------+-------------+

    * FIFO: 
    N/A

    * Expression: 
    +-----------------------------------+----------+----+---+----+------------+------------+
    |           Variable Name           | Operation| DSP| FF| LUT| Bitwidth P0| Bitwidth P1|
    +-----------------------------------+----------+----+---+----+------------+------------+
    |add_i_i_i_i_i286_i_fu_954_p2       |         +|   0|  0|  24|          17|           1|
    |add_ln332_1_fu_657_p2              |         +|   0|  0|  19|          12|           1|
    |add_ln332_fu_668_p2                |         +|   0|  0|   9|           2|           1|
    |add_ln337_fu_699_p2                |         +|   0|  0|  18|          11|           1|
    |add_ln389_fu_1028_p2               |         +|   0|  0|  18|          11|           1|
    |add_ln511_fu_1528_p2               |         +|   0|  0|  39|          32|           1|
    |first_row_index_fu_1558_p2         |         +|   0|  0|  39|          32|           1|
    |i_2_fu_877_p2                      |         +|   0|  0|  18|          11|           1|
    |i_op_assign_fu_832_p2              |         +|   0|  0|  19|          12|           2|
    |idx_nxt_fu_1262_p2                 |         +|   0|  0|  18|          11|          11|
    |op2_assign_1_fu_913_p2             |         +|   0|  0|  39|          32|           3|
    |op2_assign_fu_902_p2               |         +|   0|  0|  39|          32|           2|
    |read_rows_count_1_fu_1578_p2       |         +|   0|  0|  39|          32|           1|
    |ret_8_fu_1364_p2                   |         +|   0|  0|  16|           9|           9|
    |ret_V_11_fu_1431_p2                |         +|   0|  0|  31|          24|          24|
    |ret_V_12_fu_1465_p2                |         +|   0|  0|  15|           8|           1|
    |ret_V_14_fu_923_p2                 |         +|   0|  0|  50|          43|          43|
    |ret_V_7_fu_1209_p2                 |         +|   0|  0|  24|          17|           1|
    |ret_V_fu_1057_p2                   |         +|   0|  0|  24|          17|           1|
    |ret_fu_1355_p2                     |         +|   0|  0|  16|           9|           9|
    |sub272_fu_784_p2                   |         +|   0|  0|  19|          12|           2|
    |tmp_V_fu_793_p2                    |         +|   0|  0|  19|          12|           2|
    |ret_10_fu_1383_p2                  |         -|   0|  0|  16|           9|           9|
    |ret_6_fu_1331_p2                   |         -|   0|  0|  16|           9|           9|
    |ret_9_fu_1377_p2                   |         -|   0|  0|  17|          10|          10|
    |ret_V_6_fu_1192_p2                 |         -|   0|  0|  31|          24|          24|
    |ret_V_9_fu_1240_p2                 |         -|   0|  0|  31|          24|          24|
    |sub_ln851_fu_871_p2                |         -|   0|  0|  29|           1|          22|
    |and_ln406_fu_1087_p2               |       and|   0|  0|   2|           1|           1|
    |and_ln486_fu_1116_p2               |       and|   0|  0|   2|           1|           1|
    |and_ln487_fu_1101_p2               |       and|   0|  0|   2|           1|           1|
    |and_ln509_fu_1512_p2               |       and|   0|  0|   2|           1|           1|
    |and_ln882_fu_1590_p2               |       and|   0|  0|   2|           1|           1|
    |ap_block_pp0_stage0_11001          |       and|   0|  0|   2|           1|           1|
    |ap_block_state10_pp1_stage0_iter1  |       and|   0|  0|   2|           1|           1|
    |ap_block_state17_pp1_stage0_iter8  |       and|   0|  0|   2|           1|           1|
    |ap_block_state3_pp0_stage0_iter1   |       and|   0|  0|   2|           1|           1|
    |ap_condition_1606                  |       and|   0|  0|   2|           1|           1|
    |ap_condition_1613                  |       and|   0|  0|   2|           1|           1|
    |ap_condition_707                   |       and|   0|  0|   2|           1|           1|
    |ap_condition_79                    |       and|   0|  0|   2|           1|           1|
    |cmp277_fu_908_p2                   |      icmp|   0|  0|  20|          32|          32|
    |cmp7515_fu_802_p2                  |      icmp|   0|  0|  11|          11|           1|
    |cmp89_fu_897_p2                    |      icmp|   0|  0|  20|          32|          32|
    |cmp_i_i235_i_fu_960_p2             |      icmp|   0|  0|  21|          42|          42|
    |empty_fu_861_p2                    |      icmp|   0|  0|  11|          11|          11|
    |icmp_ln1494_fu_1135_p2             |      icmp|   0|  0|  21|          42|          42|
    |icmp_ln332_fu_663_p2               |      icmp|   0|  0|  12|          12|          12|
    |icmp_ln337_fu_674_p2               |      icmp|   0|  0|  11|          11|          11|
    |icmp_ln354_fu_756_p2               |      icmp|   0|  0|  11|          11|          11|
    |icmp_ln356_fu_774_p2               |      icmp|   0|  0|  11|          11|          11|
    |icmp_ln382_fu_883_p2               |      icmp|   0|  0|  11|          11|          11|
    |icmp_ln389_fu_1034_p2              |      icmp|   0|  0|  11|          11|          11|
    |icmp_ln408_fu_1082_p2              |      icmp|   0|  0|  11|          11|          11|
    |icmp_ln489_fu_1106_p2              |      icmp|   0|  0|  11|          11|          11|
    |icmp_ln522_fu_1564_p2              |      icmp|   0|  0|  20|          32|           2|
    |icmp_ln851_1_fu_1051_p2            |      icmp|   0|  0|  15|          22|           1|
    |icmp_ln851_2_fu_1204_p2            |      icmp|   0|  0|  15|          22|           1|
    |icmp_ln851_3_fu_1459_p2            |      icmp|   0|  0|  11|          10|           1|
    |icmp_ln851_fu_992_p2               |      icmp|   0|  0|  15|          22|          22|
    |icmp_ln870_1_fu_1517_p2            |      icmp|   0|  0|  20|          32|          32|
    |icmp_ln870_2_fu_1096_p2            |      icmp|   0|  0|  20|          32|          32|
    |icmp_ln870_3_fu_1111_p2            |      icmp|   0|  0|  20|          32|          32|
    |icmp_ln870_fu_1507_p2              |      icmp|   0|  0|  20|          32|          32|
    |icmp_ln882_1_fu_1016_p2            |      icmp|   0|  0|  20|          32|          32|
    |icmp_ln882_fu_1553_p2              |      icmp|   0|  0|  20|          32|          32|
    |not_cmp_i_i176_fu_1253_p2          |      icmp|   0|  0|  13|          18|          18|
    |slt_fu_892_p2                      |      icmp|   0|  0|  20|          32|          32|
    |ap_block_pp1_stage0_01001          |        or|   0|  0|   2|           1|           1|
    |ap_predicate_op311_write_state17   |        or|   0|  0|   2|           1|           1|
    |or_ln509_fu_1522_p2                |        or|   0|  0|   2|           1|           1|
    |first_row_index_2_fu_1570_p3       |    select|   0|  0|  32|           1|           1|
    |first_row_index_3_fu_1603_p3       |    select|   0|  0|  32|           1|          32|
    |first_row_index_4_fu_1610_p3       |    select|   0|  0|  32|           1|          32|
    |indexx_pre_V_fu_1147_p3            |    select|   0|  0|  38|           1|           1|
    |indexy_pre_V_fu_972_p3             |    select|   0|  0|  38|           1|           1|
    |loop_col_count_fu_778_p3           |    select|   0|  0|  10|           1|          11|
    |loop_row_count_fu_760_p3           |    select|   0|  0|  10|           1|          11|
    |output_rows_count_1_fu_1542_p3     |    select|   0|  0|  32|           1|          32|
    |p_Val2_5_fu_1344_p3                |    select|   0|  0|   8|           1|           8|
    |p_Val2_s_fu_1316_p3                |    select|   0|  0|   8|           1|           8|
    |read_rows_count_2_fu_1595_p3       |    select|   0|  0|  32|           1|          32|
    |resized_mat_430_din                |    select|   0|  0|   8|           1|           8|
    |ret_V_15_fu_1004_p3                |    select|   0|  0|  16|           1|          17|
    |ret_V_16_fu_1071_p3                |    select|   0|  0|  16|           1|          17|
    |ret_V_17_fu_1221_p3                |    select|   0|  0|  16|           1|          17|
    |sel_tmp1_fu_1584_p3                |    select|   0|  0|  32|           1|          32|
    |select_ln257_fu_1140_p3            |    select|   0|  0|  38|           1|          42|
    |select_ln332_1_fu_687_p3           |    select|   0|  0|   2|           1|           2|
    |select_ln332_fu_679_p3             |    select|   0|  0|  10|           1|           1|
    |select_ln509_fu_1534_p3            |    select|   0|  0|  32|           1|          32|
    |select_ln850_1_fu_1063_p3          |    select|   0|  0|  16|           1|          17|
    |select_ln850_2_fu_1214_p3          |    select|   0|  0|  16|           1|          17|
    |select_ln850_3_fu_1471_p3          |    select|   0|  0|   8|           1|           8|
    |select_ln850_fu_996_p3             |    select|   0|  0|  16|           1|          17|
    |smax_fu_865_p3                     |    select|   0|  0|  10|           1|          11|
    |spec_select83_fu_965_p3            |    select|   0|  0|  38|           1|          42|
    |ap_enable_pp0                      |       xor|   0|  0|   2|           1|           2|
    |ap_enable_pp1                      |       xor|   0|  0|   2|           1|           2|
    |ap_enable_reg_pp0_iter1            |       xor|   0|  0|   2|           2|           1|
    |ap_enable_reg_pp1_iter1            |       xor|   0|  0|   2|           2|           1|
    |xor_ln882_fu_1022_p2               |       xor|   0|  0|   2|           1|           2|
    +-----------------------------------+----------+----+---+----+------------+------------+
    |Total                              |          |   0|  0|1702|        1133|        1208|
    +-----------------------------------+----------+----+---+----+------------+------------+

    * Multiplexer: 
    +------------------------------------------------------+----+-----------+-----+-----------+
    |                         Name                         | LUT| Input Size| Bits| Total Bits|
    +------------------------------------------------------+----+-----------+-----+-----------+
    |ap_NS_fsm                                             |  54|         10|    1|         10|
    |ap_enable_reg_pp0_iter1                               |  14|          3|    1|          3|
    |ap_enable_reg_pp1_iter1                               |   9|          2|    1|          2|
    |ap_enable_reg_pp1_iter8                               |   9|          2|    1|          2|
    |ap_phi_mux_P0Buf_V_0_0_phi_fu_512_p12                 |  20|          4|    8|         32|
    |ap_phi_mux_P0Buf_V_0_4_phi_fu_489_p12                 |  20|          4|    8|         32|
    |ap_phi_mux_i_phi_fu_380_p4                            |   9|          2|    2|          4|
    |ap_phi_mux_j_1_phi_fu_449_p4                          |   9|          2|   11|         22|
    |ap_phi_reg_pp1_iter1_flag_write_reg_469               |   9|          2|    1|          2|
    |ap_phi_reg_pp1_iter2_flag_write_reg_469               |   9|          2|    1|          2|
    |ap_phi_reg_pp1_iter4_P0Buf_V_1_0_reg_532              |  20|          4|    8|         32|
    |ap_phi_reg_pp1_iter4_P0Buf_V_1_4_reg_549              |  20|          4|    8|         32|
    |ap_sig_allocacmp_indexy_V_2                           |   9|          2|   17|         34|
    |ap_sig_allocacmp_nextYScale_V_2                       |   9|          2|   17|         34|
    |first_row_index_5_reg_409                             |   9|          2|   32|         64|
    |grp_scaleCompute_17_42_20_48_16_1_s_fu_583_currindex  |  14|          3|   32|         96|
    |grp_scaleCompute_17_42_20_48_16_1_s_fu_583_inscale    |  14|          3|   48|        144|
    |grp_xfUDivResize_fu_566_in_d                          |  14|          3|   16|         48|
    |grp_xfUDivResize_fu_566_in_n                          |  14|          3|   64|        192|
    |i_1_reg_398                                           |   9|          2|   11|         22|
    |i_reg_376                                             |   9|          2|    2|          4|
    |img_mat_429_blk_n                                     |   9|          2|    1|          2|
    |indexy_V_fu_176                                       |   9|          2|   17|         34|
    |indvar_flatten_reg_365                                |   9|          2|   12|         24|
    |j_1_reg_445                                           |   9|          2|   11|         22|
    |j_reg_387                                             |   9|          2|   11|         22|
    |line_buffer_V_0_0_address0                            |  26|          5|   11|         55|
    |line_buffer_V_0_0_address1                            |  14|          3|   11|         33|
    |line_buffer_V_0_0_d0                                  |  14|          3|    8|         24|
    |line_buffer_V_1_0_address0                            |  26|          5|   11|         55|
    |line_buffer_V_1_0_address1                            |  14|          3|   11|         33|
    |line_buffer_V_1_0_d0                                  |  14|          3|    8|         24|
    |line_buffer_V_2_0_address0                            |  20|          4|   11|         44|
    |line_buffer_V_2_0_address1                            |  14|          3|   11|         33|
    |nextYScale_V_fu_172                                   |   9|          2|   17|         34|
    |output_rows_count_reg_421                             |   9|          2|   32|         64|
    |read_rows_count_reg_433                               |   9|          2|   32|         64|
    |resized_mat_430_blk_n                                 |   9|          2|    1|          2|
    +------------------------------------------------------+----+-----------+-----+-----------+
    |Total                                                 | 526|        110|  506|       1382|
    +------------------------------------------------------+----+-----------+-----+-----------+

    * Register: 
    +------------------------------------------+----+----+-----+-----------+
    |                   Name                   | FF | LUT| Bits| Const Bits|
    +------------------------------------------+----+----+-----+-----------+
    |Wx_V_reg_2039                             |  12|   0|   12|          0|
    |Wx_V_reg_2039_pp1_iter3_reg               |  12|   0|   12|          0|
    |Wy_V_reg_2029                             |  12|   0|   12|          0|
    |add_ln389_reg_1906                        |  11|   0|   11|          0|
    |and_ln406_reg_1925                        |   1|   0|    1|          0|
    |and_ln486_reg_1943                        |   1|   0|    1|          0|
    |and_ln487_reg_1935                        |   1|   0|    1|          0|
    |ap_CS_fsm                                 |   9|   0|    9|          0|
    |ap_enable_reg_pp0_iter0                   |   1|   0|    1|          0|
    |ap_enable_reg_pp0_iter1                   |   1|   0|    1|          0|
    |ap_enable_reg_pp1_iter0                   |   1|   0|    1|          0|
    |ap_enable_reg_pp1_iter1                   |   1|   0|    1|          0|
    |ap_enable_reg_pp1_iter2                   |   1|   0|    1|          0|
    |ap_enable_reg_pp1_iter3                   |   1|   0|    1|          0|
    |ap_enable_reg_pp1_iter4                   |   1|   0|    1|          0|
    |ap_enable_reg_pp1_iter5                   |   1|   0|    1|          0|
    |ap_enable_reg_pp1_iter6                   |   1|   0|    1|          0|
    |ap_enable_reg_pp1_iter7                   |   1|   0|    1|          0|
    |ap_enable_reg_pp1_iter8                   |   1|   0|    1|          0|
    |ap_phi_reg_pp1_iter1_P0Buf_V_1_0_reg_532  |   8|   0|    8|          0|
    |ap_phi_reg_pp1_iter1_P0Buf_V_1_4_reg_549  |   8|   0|    8|          0|
    |ap_phi_reg_pp1_iter1_flag_write_reg_469   |   1|   0|    1|          0|
    |ap_phi_reg_pp1_iter2_P0Buf_V_1_0_reg_532  |   8|   0|    8|          0|
    |ap_phi_reg_pp1_iter2_P0Buf_V_1_4_reg_549  |   8|   0|    8|          0|
    |ap_phi_reg_pp1_iter2_flag_write_reg_469   |   1|   0|    1|          0|
    |ap_phi_reg_pp1_iter3_P0Buf_V_1_0_reg_532  |   8|   0|    8|          0|
    |ap_phi_reg_pp1_iter3_P0Buf_V_1_4_reg_549  |   8|   0|    8|          0|
    |ap_phi_reg_pp1_iter4_P0Buf_V_1_0_reg_532  |   8|   0|    8|          0|
    |ap_phi_reg_pp1_iter4_P0Buf_V_1_4_reg_549  |   8|   0|    8|          0|
    |cmp277_reg_1868                           |   1|   0|    1|          0|
    |cmp7515_reg_1805                          |   1|   0|    1|          0|
    |cmp89_reg_1854                            |   1|   0|    1|          0|
    |conv_i_i202_i_phi_reg_457                 |  17|   0|   17|          0|
    |first_row_index_5_reg_409                 |  32|   0|   32|          0|
    |flag_write_reg_469                        |   1|   0|    1|          0|
    |grp_xfUDivResize_fu_566_ap_start_reg      |   1|   0|    1|          0|
    |i_1_reg_398                               |  11|   0|   11|          0|
    |i_2_reg_1836                              |  11|   0|   11|          0|
    |i_op_assign_2_cast_reg_1800               |  18|   0|   18|          0|
    |i_reg_376                                 |   2|   0|    2|          0|
    |icmp_ln332_reg_1717                       |   1|   0|    1|          0|
    |icmp_ln389_reg_1911                       |   1|   0|    1|          0|
    |icmp_ln489_reg_1939                       |   1|   0|    1|          0|
    |icmp_ln870_2_reg_1929                     |   1|   0|    1|          0|
    |indexx_pre_V_reg_1947                     |  42|   0|   42|          0|
    |indexy_V_fu_176                           |  17|   0|   17|          0|
    |indexy_pre_V_reg_1880                     |  42|   0|   42|          0|
    |indexy_pre_comp_V_reg_577                 |  42|   0|   42|          0|
    |indvar_flatten_reg_365                    |  12|   0|   12|          0|
    |j_1_reg_445                               |  11|   0|   11|          0|
    |j_1_reg_445_pp1_iter1_reg                 |  11|   0|   11|          0|
    |j_reg_387                                 |  11|   0|   11|          0|
    |loop_row_count_reg_1785                   |  11|   0|   11|          0|
    |nextYScale_V_fu_172                       |  17|   0|   17|          0|
    |op2_assign_1_reg_1874                     |  32|   0|   32|          0|
    |op2_assign_reg_1861                       |  32|   0|   32|          0|
    |output_rows_count_reg_421                 |  32|   0|   32|          0|
    |p_Result_s_reg_1886                       |   1|   0|    1|          0|
    |p_Val2_s_reg_2049                         |   8|   0|    8|          0|
    |p_read1_cast25_reg_1697                   |  11|   0|   12|          1|
    |p_read2_cast24_reg_1702                   |  11|   0|   12|          1|
    |p_read_cast27_reg_1692                    |  11|   0|   12|          1|
    |p_read_cast9_reg_1685                     |  11|   0|   32|         21|
    |read_pixel_fu_168                         |   8|   0|    8|          0|
    |read_rows_count_reg_433                   |  32|   0|   32|          0|
    |ret_9_reg_2075                            |  10|   0|   10|          0|
    |ret_V_15_reg_1896                         |  17|   0|   17|          0|
    |ret_V_16_reg_1915                         |  17|   0|   17|          0|
    |rhs_3_reg_1809                            |  33|   0|   43|         10|
    |select_ln332_1_reg_1726                   |   2|   0|    2|          0|
    |select_ln332_reg_1721                     |  11|   0|   11|          0|
    |slt_reg_1849                              |   1|   0|    1|          0|
    |smax_reg_1826                             |  11|   0|   11|          0|
    |sub272_cast_reg_1795                      |  32|   0|   32|          0|
    |sub_ln851_reg_1831                        |  22|   0|   22|          0|
    |tmp_1_cast_reg_1814                       |  20|   0|   42|         22|
    |tmp_2_cast_reg_1820                       |  20|   0|   42|         22|
    |tmp_reg_1707                              |  11|   0|   12|          1|
    |trunc_ln332_reg_1731                      |   1|   0|    1|          0|
    |trunc_ln387_reg_1844                      |  22|   0|   22|          0|
    |trunc_ln389_reg_1891                      |  24|   0|   24|          0|
    |trunc_ln703_2_reg_1964                    |  24|   0|   24|          0|
    |trunc_ln703_reg_1775                      |  48|   0|   48|          0|
    |trunc_ln728_reg_1920                      |   2|   0|    2|          0|
    |trunc_ln728_reg_1920_pp1_iter1_reg        |   2|   0|    2|          0|
    |trunc_ln831_1_reg_1952                    |  17|   0|   17|          0|
    |trunc_ln851_1_reg_1959                    |  22|   0|   22|          0|
    |xor_ln882_reg_1901                        |   1|   0|    1|          0|
    |zext_ln215_2_reg_2060                     |   8|   0|    9|          1|
    |zext_ln215_reg_2054                       |   8|   0|    9|          1|
    |zext_ln300_1_reg_1765                     |  11|   0|   64|         53|
    |zext_ln300_reg_1760                       |  11|   0|   16|          5|
    |zext_ln301_1_reg_1780                     |  11|   0|   64|         53|
    |zext_ln301_reg_1770                       |  11|   0|   16|          5|
    |zext_ln703_reg_1790                       |  43|   0|   48|          5|
    |and_ln486_reg_1943                        |  64|  32|    1|          0|
    |and_ln487_reg_1935                        |  64|  32|    1|          0|
    |icmp_ln389_reg_1911                       |  64|  32|    1|          0|
    |icmp_ln489_reg_1939                       |  64|  32|    1|          0|
    |icmp_ln870_2_reg_1929                     |  64|  32|    1|          0|
    |p_Val2_s_reg_2049                         |  64|  32|    8|          0|
    |ret_V_16_reg_1915                         |  64|  32|   17|          0|
    +------------------------------------------+----+----+-----+-----------+
    |Total                                     |1562| 224| 1346|        202|
    +------------------------------------------+----+----+-----+-----------+



================================================================
== Interface
================================================================
* Summary: 
+------------------------+-----+-----+------------+------------------------------------------------------+--------------+
|        RTL Ports       | Dir | Bits|  Protocol  |                     Source Object                    |    C Type    |
+------------------------+-----+-----+------------+------------------------------------------------------+--------------+
|ap_clk                  |   in|    1|  ap_ctrl_hs|  resizeNNBilinear<0, 1080, 1920, 1, 1080, 1920, 1, 8>|  return value|
|ap_rst                  |   in|    1|  ap_ctrl_hs|  resizeNNBilinear<0, 1080, 1920, 1, 1080, 1920, 1, 8>|  return value|
|ap_start                |   in|    1|  ap_ctrl_hs|  resizeNNBilinear<0, 1080, 1920, 1, 1080, 1920, 1, 8>|  return value|
|ap_done                 |  out|    1|  ap_ctrl_hs|  resizeNNBilinear<0, 1080, 1920, 1, 1080, 1920, 1, 8>|  return value|
|ap_idle                 |  out|    1|  ap_ctrl_hs|  resizeNNBilinear<0, 1080, 1920, 1, 1080, 1920, 1, 8>|  return value|
|ap_ready                |  out|    1|  ap_ctrl_hs|  resizeNNBilinear<0, 1080, 1920, 1, 1080, 1920, 1, 8>|  return value|
|img_mat_429_dout        |   in|    8|     ap_fifo|                                           img_mat_429|       pointer|
|img_mat_429_empty_n     |   in|    1|     ap_fifo|                                           img_mat_429|       pointer|
|img_mat_429_read        |  out|    1|     ap_fifo|                                           img_mat_429|       pointer|
|resized_mat_430_din     |  out|    8|     ap_fifo|                                       resized_mat_430|       pointer|
|resized_mat_430_full_n  |   in|    1|     ap_fifo|                                       resized_mat_430|       pointer|
|resized_mat_430_write   |  out|    1|     ap_fifo|                                       resized_mat_430|       pointer|
|p_read                  |   in|   11|     ap_none|                                                p_read|        scalar|
|p_read1                 |   in|   11|     ap_none|                                               p_read1|        scalar|
|p_read2                 |   in|   11|     ap_none|                                               p_read2|        scalar|
|p_read3                 |   in|   11|     ap_none|                                               p_read3|        scalar|
+------------------------+-----+-----+------------+------------------------------------------------------+--------------+

