

================================================================
== Vitis HLS Report for 'resize_1_0_1080_1920_1080_1920_1_8_s'
================================================================
* Date:           Sun Jan 21 17:46:50 2024

* Version:        2020.2 (Build 3064766 on Wed Nov 18 09:12:45 MST 2020)
* Project:        hls_project
* Solution:       solution1 (Vivado IP Flow Target)
* Product family: zynquplus
* Target device:  xczu7ev-ffvc1156-2-e


================================================================
== Performance Estimates
================================================================
+ Timing: 
    * Summary: 
    +--------+----------+----------+------------+
    |  Clock |  Target  | Estimated| Uncertainty|
    +--------+----------+----------+------------+
    |ap_clk  |  10.00 ns|  6.972 ns|     2.70 ns|
    +--------+----------+----------+------------+

+ Latency: 
    * Summary: 
    +---------+---------+----------+-----------+-----+---------+---------+
    |  Latency (cycles) |  Latency (absolute)  |    Interval   | Pipeline|
    |   min   |   max   |    min   |    max    | min |   max   |   Type  |
    +---------+---------+----------+-----------+-----+---------+---------+
    |      105|  2089420|  1.050 us|  20.894 ms|  105|  2089420|     none|
    +---------+---------+----------+-----------+-----+---------+---------+

    + Detail: 
        * Instance: 
        +----------------------------------------------------------+------------------------------------------------+---------+---------+----------+-----------+-----+---------+---------+
        |                                                          |                                                |  Latency (cycles) |  Latency (absolute)  |    Interval   | Pipeline|
        |                         Instance                         |                     Module                     |   min   |   max   |    min   |    max    | min |   max   |   Type  |
        +----------------------------------------------------------+------------------------------------------------+---------+---------+----------+-----------+-----+---------+---------+
        |grp_resizeNNBilinear_0_1080_1920_1_1080_1920_1_8_s_fu_48  |resizeNNBilinear_0_1080_1920_1_1080_1920_1_8_s  |      104|  2089419|  1.040 us|  20.894 ms|  104|  2089419|     none|
        +----------------------------------------------------------+------------------------------------------------+---------+---------+----------+-----------+-----+---------+---------+

        * Loop: 
        N/A



================================================================
== Utilization Estimates
================================================================
* Summary: 
+-----------------+---------+------+--------+--------+-----+
|       Name      | BRAM_18K|  DSP |   FF   |   LUT  | URAM|
+-----------------+---------+------+--------+--------+-----+
|DSP              |        -|     -|       -|       -|    -|
|Expression       |        -|     -|       -|       -|    -|
|FIFO             |        -|     -|       -|       -|    -|
|Instance         |        3|     6|    2178|    3139|    -|
|Memory           |        -|     -|       -|       -|    -|
|Multiplexer      |        -|     -|       -|      32|    -|
|Register         |        -|     -|       3|       -|    -|
+-----------------+---------+------+--------+--------+-----+
|Total            |        3|     6|    2181|    3171|    0|
+-----------------+---------+------+--------+--------+-----+
|Available        |      624|  1728|  460800|  230400|   96|
+-----------------+---------+------+--------+--------+-----+
|Utilization (%)  |       ~0|    ~0|      ~0|       1|    0|
+-----------------+---------+------+--------+--------+-----+

+ Detail: 
    * Instance: 
    +----------------------------------------------------------+------------------------------------------------+---------+----+------+------+-----+
    |                         Instance                         |                     Module                     | BRAM_18K| DSP|  FF  |  LUT | URAM|
    +----------------------------------------------------------+------------------------------------------------+---------+----+------+------+-----+
    |grp_resizeNNBilinear_0_1080_1920_1_1080_1920_1_8_s_fu_48  |resizeNNBilinear_0_1080_1920_1_1080_1920_1_8_s  |        3|   6|  2178|  3139|    0|
    +----------------------------------------------------------+------------------------------------------------+---------+----+------+------+-----+
    |Total                                                     |                                                |        3|   6|  2178|  3139|    0|
    +----------------------------------------------------------+------------------------------------------------+---------+----+------+------+-----+

    * DSP: 
    N/A

    * Memory: 
    N/A

    * FIFO: 
    N/A

    * Expression: 
    N/A

    * Multiplexer: 
    +-----------------------+----+-----------+-----+-----------+
    |          Name         | LUT| Input Size| Bits| Total Bits|
    +-----------------------+----+-----------+-----+-----------+
    |ap_NS_fsm              |  14|          3|    1|          3|
    |img_mat_429_read       |   9|          2|    1|          2|
    |resized_mat_430_write  |   9|          2|    1|          2|
    +-----------------------+----+-----------+-----+-----------+
    |Total                  |  32|          7|    3|          7|
    +-----------------------+----+-----------+-----+-----------+

    * Register: 
    +-----------------------------------------------------------------------+---+----+-----+-----------+
    |                                  Name                                 | FF| LUT| Bits| Const Bits|
    +-----------------------------------------------------------------------+---+----+-----+-----------+
    |ap_CS_fsm                                                              |  2|   0|    2|          0|
    |grp_resizeNNBilinear_0_1080_1920_1_1080_1920_1_8_s_fu_48_ap_start_reg  |  1|   0|    1|          0|
    +-----------------------------------------------------------------------+---+----+-----+-----------+
    |Total                                                                  |  3|   0|    3|          0|
    +-----------------------------------------------------------------------+---+----+-----+-----------+



================================================================
== Interface
================================================================
* Summary: 
+------------------------+-----+-----+------------+--------------------------------------------+--------------+
|        RTL Ports       | Dir | Bits|  Protocol  |                Source Object               |    C Type    |
+------------------------+-----+-----+------------+--------------------------------------------+--------------+
|ap_clk                  |   in|    1|  ap_ctrl_hs|  resize<1, 0, 1080, 1920, 1080, 1920, 1, 8>|  return value|
|ap_rst                  |   in|    1|  ap_ctrl_hs|  resize<1, 0, 1080, 1920, 1080, 1920, 1, 8>|  return value|
|ap_start                |   in|    1|  ap_ctrl_hs|  resize<1, 0, 1080, 1920, 1080, 1920, 1, 8>|  return value|
|ap_done                 |  out|    1|  ap_ctrl_hs|  resize<1, 0, 1080, 1920, 1080, 1920, 1, 8>|  return value|
|ap_idle                 |  out|    1|  ap_ctrl_hs|  resize<1, 0, 1080, 1920, 1080, 1920, 1, 8>|  return value|
|ap_ready                |  out|    1|  ap_ctrl_hs|  resize<1, 0, 1080, 1920, 1080, 1920, 1, 8>|  return value|
|img_mat_429_dout        |   in|    8|     ap_fifo|                                 img_mat_429|       pointer|
|img_mat_429_empty_n     |   in|    1|     ap_fifo|                                 img_mat_429|       pointer|
|img_mat_429_read        |  out|    1|     ap_fifo|                                 img_mat_429|       pointer|
|resized_mat_430_din     |  out|    8|     ap_fifo|                             resized_mat_430|       pointer|
|resized_mat_430_full_n  |   in|    1|     ap_fifo|                             resized_mat_430|       pointer|
|resized_mat_430_write   |  out|    1|     ap_fifo|                             resized_mat_430|       pointer|
|p_read                  |   in|   11|     ap_none|                                      p_read|        scalar|
|p_read1                 |   in|   11|     ap_none|                                     p_read1|        scalar|
|p_read2                 |   in|   11|     ap_none|                                     p_read2|        scalar|
|p_read3                 |   in|   11|     ap_none|                                     p_read3|        scalar|
+------------------------+-----+-----+------------+--------------------------------------------+--------------+

