

================================================================
== Vitis HLS Report for 'xfUDivResize'
================================================================
* Date:           Wed Jan 17 16:58:41 2024

* Version:        2020.2 (Build 3064766 on Wed Nov 18 09:12:45 MST 2020)
* Project:        hls_project
* Solution:       solution1 (Vivado IP Flow Target)
* Product family: zynquplus
* Target device:  xczu7ev-ffvc1156-2-e


================================================================
== Performance Estimates
================================================================
+ Timing: 
    * Summary: 
    +--------+----------+----------+------------+
    |  Clock |  Target  | Estimated| Uncertainty|
    +--------+----------+----------+------------+
    |ap_clk  |  10.00 ns|  1.507 ns|     2.70 ns|
    +--------+----------+----------+------------+

+ Latency: 
    * Summary: 
    +---------+---------+----------+----------+-----+-----+---------+
    |  Latency (cycles) |  Latency (absolute) |  Interval | Pipeline|
    |   min   |   max   |    min   |    max   | min | max |   Type  |
    +---------+---------+----------+----------+-----+-----+---------+
    |       47|       47|  0.470 us|  0.470 us|   47|   47|     none|
    +---------+---------+----------+----------+-----+-----+---------+

    + Detail: 
        * Instance: 
        N/A

        * Loop: 
        N/A



================================================================
== Utilization Estimates
================================================================
* Summary: 
+-----------------+---------+------+--------+--------+-----+
|       Name      | BRAM_18K|  DSP |   FF   |   LUT  | URAM|
+-----------------+---------+------+--------+--------+-----+
|DSP              |        -|     -|       -|       -|    -|
|Expression       |        -|     -|       -|       -|    -|
|FIFO             |        -|     -|       -|       -|    -|
|Instance         |        -|     -|     526|     317|    -|
|Memory           |        -|     -|       -|       -|    -|
|Multiplexer      |        -|     -|       -|     228|    -|
|Register         |        -|     -|      90|       -|    -|
+-----------------+---------+------+--------+--------+-----+
|Total            |        0|     0|     616|     545|    0|
+-----------------+---------+------+--------+--------+-----+
|Available        |      624|  1728|  460800|  230400|   96|
+-----------------+---------+------+--------+--------+-----+
|Utilization (%)  |        0|     0|      ~0|      ~0|    0|
+-----------------+---------+------+--------+--------+-----+

+ Detail: 
    * Instance: 
    +--------------------------------+----------------------------+---------+----+-----+-----+-----+
    |            Instance            |           Module           | BRAM_18K| DSP|  FF | LUT | URAM|
    +--------------------------------+----------------------------+---------+----+-----+-----+-----+
    |udiv_43ns_16ns_43_47_seq_1_U42  |udiv_43ns_16ns_43_47_seq_1  |        0|   0|  526|  317|    0|
    +--------------------------------+----------------------------+---------+----+-----+-----+-----+
    |Total                           |                            |        0|   0|  526|  317|    0|
    +--------------------------------+----------------------------+---------+----+-----+-----+-----+

    * DSP: 
    N/A

    * Memory: 
    N/A

    * FIFO: 
    N/A

    * Expression: 
    N/A

    * Multiplexer: 
    +-----------+-----+-----------+-----+-----------+
    |    Name   | LUT | Input Size| Bits| Total Bits|
    +-----------+-----+-----------+-----+-----------+
    |ap_NS_fsm  |  219|         48|    1|         48|
    |ap_return  |    9|          2|   43|         86|
    +-----------+-----+-----------+-----+-----------+
    |Total      |  228|         50|   44|        134|
    +-----------+-----+-----------+-----+-----------+

    * Register: 
    +----------------+----+----+-----+-----------+
    |      Name      | FF | LUT| Bits| Const Bits|
    +----------------+----+----+-----+-----------+
    |ap_CS_fsm       |  47|   0|   47|          0|
    |ap_return_preg  |  43|   0|   64|         21|
    +----------------+----+----+-----+-----------+
    |Total           |  90|   0|  111|         21|
    +----------------+----+----+-----+-----------+



================================================================
== Interface
================================================================
* Summary: 
+-----------+-----+-----+------------+--------------+--------------+
| RTL Ports | Dir | Bits|  Protocol  | Source Object|    C Type    |
+-----------+-----+-----+------------+--------------+--------------+
|ap_clk     |   in|    1|  ap_ctrl_hs|  xfUDivResize|  return value|
|ap_rst     |   in|    1|  ap_ctrl_hs|  xfUDivResize|  return value|
|ap_start   |   in|    1|  ap_ctrl_hs|  xfUDivResize|  return value|
|ap_done    |  out|    1|  ap_ctrl_hs|  xfUDivResize|  return value|
|ap_idle    |  out|    1|  ap_ctrl_hs|  xfUDivResize|  return value|
|ap_ready   |  out|    1|  ap_ctrl_hs|  xfUDivResize|  return value|
|ap_return  |  out|   64|  ap_ctrl_hs|  xfUDivResize|  return value|
|in_n       |   in|   64|     ap_none|          in_n|        scalar|
|in_d       |   in|   16|     ap_none|          in_d|        scalar|
+-----------+-----+-----+------------+--------------+--------------+

