#-----------------------------------------------------------
# xsim v2020.2 (64-bit)
# SW Build 3064766 on Wed Nov 18 09:12:45 MST 2020
# IP Build 3064653 on Wed Nov 18 14:17:31 MST 2020
# Start of session at: Wed Jan 17 17:03:54 2024
# Process ID: 18264
# Current directory: C:/Users/lxl/Documents/vitis_hls_ws/Project/Project/hls_project/solution1/sim/verilog
# Command line: xsim.exe -mode tcl -source {xsim.dir/ORB_accel/xsim_script.tcl}
# Log file: C:/Users/lxl/Documents/vitis_hls_ws/Project/Project/hls_project/solution1/sim/verilog/xsim.log
# Journal file: C:/Users/lxl/Documents/vitis_hls_ws/Project/Project/hls_project/solution1/sim/verilog\xsim.jou
#-----------------------------------------------------------
source xsim.dir/ORB_accel/xsim_script.tcl
# xsim {ORB_accel} -autoloadwcfg -tclbatch {ORB_accel.tcl}
Vivado Simulator 2020.2
Time resolution is 1 ps
source ORB_accel.tcl
## run all
////////////////////////////////////////////////////////////////////////////////////
// Inter-Transaction Progress: Completed Transaction / Total Transaction
// Intra-Transaction Progress: Measured Latency / Latency Estimation * 100%
//
// RTL Simulation : "Inter-Transaction Progress" ["Intra-Transaction Progress"] @ "Simulation Time"
////////////////////////////////////////////////////////////////////////////////////
// RTL Simulation : 0 / 1 [n/a] @ "125000"
// RTL Simulation : 1 / 1 [n/a] @ "2091365000"
////////////////////////////////////////////////////////////////////////////////////
$finish called at time : 2091405 ns : File "C:/Users/lxl/Documents/vitis_hls_ws/Project/Project/hls_project/solution1/sim/verilog/ORB_accel.autotb.v" Line 523
run: Time (s): cpu = 00:00:00 ; elapsed = 00:00:31 . Memory (MB): peak = 933.391 ; gain = 0.000
## quit
INFO: [Common 17-206] Exiting xsim at Wed Jan 17 17:04:29 2024...
