Copyright 1986-2020 Xilinx, Inc. All Rights Reserved.
-----------------------------------------------------------------------------------------------------------------------------------------
| Tool Version : Vivado v.2020.2 (win64) Build 3064766 Wed Nov 18 09:12:45 MST 2020
| Date         : Sun Jan 21 18:14:18 2024
| Host         : LXL-MAGIC running 64-bit major release  (build 9200)
| Command      : report_utilization -file ORB_accel_ORB_accel_0_0_utilization_synth.rpt -pb ORB_accel_ORB_accel_0_0_utilization_synth.pb
| Design       : ORB_accel_ORB_accel_0_0
| Device       : xczu7evffvc1156-2
| Design State : Synthesized
-----------------------------------------------------------------------------------------------------------------------------------------

Utilization Design Information

Table of Contents
-----------------
1. CLB Logic
1.1 Summary of Registers by Type
2. BLOCKRAM
3. ARITHMETIC
4. I/O
5. CLOCK
6. ADVANCED
7. CONFIGURATION
8. Primitives
9. Black Boxes
10. Instantiated Netlists

1. CLB Logic
------------

+----------------------------+--------+-------+-----------+-------+
|          Site Type         |  Used  | Fixed | Available | Util% |
+----------------------------+--------+-------+-----------+-------+
| CLB LUTs*                  | 102673 |     0 |    230400 | 44.56 |
|   LUT as Logic             |  98515 |     0 |    230400 | 42.76 |
|   LUT as Memory            |   4158 |     0 |    101760 |  4.09 |
|     LUT as Distributed RAM |      0 |     0 |           |       |
|     LUT as Shift Register  |   4158 |     0 |           |       |
| CLB Registers              |  69824 |     0 |    460800 | 15.15 |
|   Register as Flip Flop    |  69824 |     0 |    460800 | 15.15 |
|   Register as Latch        |      0 |     0 |    460800 |  0.00 |
| CARRY8                     |   6186 |     0 |     28800 | 21.48 |
| F7 Muxes                   |  23459 |     0 |    115200 | 20.36 |
| F8 Muxes                   |  11264 |     0 |     57600 | 19.56 |
| F9 Muxes                   |      0 |     0 |     28800 |  0.00 |
+----------------------------+--------+-------+-----------+-------+
* Warning! The Final LUT count, after physical optimizations and full implementation, is typically lower. Run opt_design after synthesis, if not already completed, for a more realistic count.


1.1 Summary of Registers by Type
--------------------------------

+-------+--------------+-------------+--------------+
| Total | Clock Enable | Synchronous | Asynchronous |
+-------+--------------+-------------+--------------+
| 0     |            _ |           - |            - |
| 0     |            _ |           - |          Set |
| 0     |            _ |           - |        Reset |
| 0     |            _ |         Set |            - |
| 0     |            _ |       Reset |            - |
| 0     |          Yes |           - |            - |
| 0     |          Yes |           - |          Set |
| 0     |          Yes |           - |        Reset |
| 121   |          Yes |         Set |            - |
| 69703 |          Yes |       Reset |            - |
+-------+--------------+-------------+--------------+


2. BLOCKRAM
-----------

+-------------------+------+-------+-----------+-------+
|     Site Type     | Used | Fixed | Available | Util% |
+-------------------+------+-------+-----------+-------+
| Block RAM Tile    |  103 |     0 |       312 | 33.01 |
|   RAMB36/FIFO*    |   37 |     0 |       312 | 11.86 |
|     RAMB36E2 only |   37 |       |           |       |
|   RAMB18          |  132 |     0 |       624 | 21.15 |
|     RAMB18E2 only |  132 |       |           |       |
| URAM              |    0 |     0 |        96 |  0.00 |
+-------------------+------+-------+-----------+-------+
* Note: Each Block RAM Tile only has one FIFO logic available and therefore can accommodate only one FIFO36E2 or one FIFO18E2. However, if a FIFO18E2 occupies a Block RAM Tile, that tile can still accommodate a RAMB18E2


3. ARITHMETIC
-------------

+----------------+------+-------+-----------+-------+
|    Site Type   | Used | Fixed | Available | Util% |
+----------------+------+-------+-----------+-------+
| DSPs           |  181 |     0 |      1728 | 10.47 |
|   DSP48E2 only |  181 |       |           |       |
+----------------+------+-------+-----------+-------+


4. I/O
------

+------------+------+-------+-----------+-------+
|  Site Type | Used | Fixed | Available | Util% |
+------------+------+-------+-----------+-------+
| Bonded IOB |    0 |     0 |       360 |  0.00 |
+------------+------+-------+-----------+-------+


5. CLOCK
--------

+----------------------+------+-------+-----------+-------+
|       Site Type      | Used | Fixed | Available | Util% |
+----------------------+------+-------+-----------+-------+
| GLOBAL CLOCK BUFFERs |    0 |     0 |       544 |  0.00 |
|   BUFGCE             |    0 |     0 |       208 |  0.00 |
|   BUFGCE_DIV         |    0 |     0 |        32 |  0.00 |
|   BUFG_GT            |    0 |     0 |       144 |  0.00 |
|   BUFG_PS            |    0 |     0 |        96 |  0.00 |
|   BUFGCTRL*          |    0 |     0 |        64 |  0.00 |
| PLL                  |    0 |     0 |        16 |  0.00 |
| MMCM                 |    0 |     0 |         8 |  0.00 |
+----------------------+------+-------+-----------+-------+
* Note: Each used BUFGCTRL counts as two GLOBAL CLOCK BUFFERs. This table does not include global clocking resources, only buffer cell usage. See the Clock Utilization Report (report_clock_utilization) for detailed accounting of global clocking resource availability.


6. ADVANCED
-----------

+-----------------+------+-------+-----------+-------+
|    Site Type    | Used | Fixed | Available | Util% |
+-----------------+------+-------+-----------+-------+
| GTHE4_CHANNEL   |    0 |     0 |        20 |  0.00 |
| GTHE4_COMMON    |    0 |     0 |         5 |  0.00 |
| OBUFDS_GTE4     |    0 |     0 |        10 |  0.00 |
| OBUFDS_GTE4_ADV |    0 |     0 |        10 |  0.00 |
| PCIE40E4        |    0 |     0 |         2 |  0.00 |
| PS8             |    0 |     0 |         1 |  0.00 |
| SYSMONE4        |    0 |     0 |         1 |  0.00 |
| VCU             |    0 |     0 |         1 |  0.00 |
+-----------------+------+-------+-----------+-------+


7. CONFIGURATION
----------------

+-------------+------+-------+-----------+-------+
|  Site Type  | Used | Fixed | Available | Util% |
+-------------+------+-------+-----------+-------+
| BSCANE2     |    0 |     0 |         4 |  0.00 |
| DNA_PORTE2  |    0 |     0 |         1 |  0.00 |
| EFUSE_USR   |    0 |     0 |         1 |  0.00 |
| FRAME_ECCE4 |    0 |     0 |         1 |  0.00 |
| ICAPE3      |    0 |     0 |         2 |  0.00 |
| MASTER_JTAG |    0 |     0 |         1 |  0.00 |
| STARTUPE3   |    0 |     0 |         1 |  0.00 |
+-------------+------+-------+-----------+-------+


8. Primitives
-------------

+----------+-------+---------------------+
| Ref Name |  Used | Functional Category |
+----------+-------+---------------------+
| FDRE     | 69703 |            Register |
| LUT6     | 61217 |                 CLB |
| MUXF7    | 23459 |                 CLB |
| LUT3     | 19655 |                 CLB |
| LUT4     | 17284 |                 CLB |
| MUXF8    | 11264 |                 CLB |
| LUT5     |  6790 |                 CLB |
| CARRY8   |  6186 |                 CLB |
| LUT2     |  6180 |                 CLB |
| SRL16E   |  4133 |                 CLB |
| LUT1     |  1310 |                 CLB |
| DSP48E2  |   181 |          Arithmetic |
| RAMB18E2 |   132 |            BLOCKRAM |
| FDSE     |   121 |            Register |
| RAMB36E2 |    37 |            BLOCKRAM |
| SRLC32E  |    25 |                 CLB |
+----------+-------+---------------------+


9. Black Boxes
--------------

+----------+------+
| Ref Name | Used |
+----------+------+


10. Instantiated Netlists
-------------------------

+----------+------+
| Ref Name | Used |
+----------+------+


