

================================================================
== Vitis HLS Report for 'fast_score'
================================================================
* Date:           Wed Jan 17 16:57:46 2024

* Version:        2020.2 (Build 3064766 on Wed Nov 18 09:12:45 MST 2020)
* Project:        hls_project
* Solution:       solution1 (Vivado IP Flow Target)
* Product family: zynquplus
* Target device:  xczu7ev-ffvc1156-2-e


================================================================
== Performance Estimates
================================================================
+ Timing: 
    * Summary: 
    +--------+----------+----------+------------+
    |  Clock |  Target  | Estimated| Uncertainty|
    +--------+----------+----------+------------+
    |ap_clk  |  10.00 ns|  7.274 ns|     2.70 ns|
    +--------+----------+----------+------------+

+ Latency: 
    * Summary: 
    +---------+---------+-----------+-----------+-----+-----+---------+
    |  Latency (cycles) |   Latency (absolute)  |  Interval | Pipeline|
    |   min   |   max   |    min    |    max    | min | max |   Type  |
    +---------+---------+-----------+-----------+-----+-----+---------+
    |        3|        3|  30.000 ns|  30.000 ns|    1|    1|      yes|
    +---------+---------+-----------+-----------+-----+-----+---------+

    + Detail: 
        * Instance: 
        N/A

        * Loop: 
        N/A

============================================================
+ Verbose Summary: Synthesis Manager
============================================================
InlineROM: 1
ExposeGlobal: 0
============================================================
+ Verbose Summary: CDFG Model
============================================================
IsTopModel: 0
ResetActiveHigh: 1
IsCombinational: 0
IsDatapathOnly: 0
HasWiredReturn: 1
HasMFsm: 2
HasVarLatency: 0
IsPipeline: 1
IsRtlPipelined: 1
IsInstanceOverlapped: 0
IsDontTouch: 0
HasImplIP: 0
IsGatedGlobalClock: 0

+ Individual pipeline summary: 
  * Pipeline-0: initiation interval (II) = 1, depth = 4


============================================================
+ Verbose Summary: Schedule
============================================================
* Number of FSM states : 4
* Pipeline : 1
  Pipeline-0 : II = 1, D = 4, States = { 1 2 3 4 }
* Dataflow Pipeline: 0

* FSM state transitions: 
1 --> 2 
2 --> 3 
3 --> 4 
4 --> 

* FSM state operations: 

State 1 <SV = 0> <Delay = 7.27>
ST_1 : Operation 5 [1/1] (0.00ns)   --->   "%p_threshold_read = read i8 @_ssdm_op_Read.ap_auto.i8, i8 %p_threshold"   --->   Operation 5 'read' 'p_threshold_read' <Predicate = true> <Delay = 0.00>
ST_1 : Operation 6 [1/1] (0.00ns)   --->   "%p_read = read i9 @_ssdm_op_Read.ap_auto.i9, i9 %p_read16"   --->   Operation 6 'read' 'p_read' <Predicate = true> <Delay = 0.00>
ST_1 : Operation 7 [1/1] (0.00ns)   --->   "%p_read_8 = read i9 @_ssdm_op_Read.ap_auto.i9, i9 %p_read15"   --->   Operation 7 'read' 'p_read_8' <Predicate = true> <Delay = 0.00>
ST_1 : Operation 8 [1/1] (0.00ns)   --->   "%p_read_9 = read i9 @_ssdm_op_Read.ap_auto.i9, i9 %p_read14"   --->   Operation 8 'read' 'p_read_9' <Predicate = true> <Delay = 0.00>
ST_1 : Operation 9 [1/1] (0.00ns)   --->   "%p_read_10 = read i9 @_ssdm_op_Read.ap_auto.i9, i9 %p_read13"   --->   Operation 9 'read' 'p_read_10' <Predicate = true> <Delay = 0.00>
ST_1 : Operation 10 [1/1] (0.00ns)   --->   "%p_read_11 = read i9 @_ssdm_op_Read.ap_auto.i9, i9 %p_read12"   --->   Operation 10 'read' 'p_read_11' <Predicate = true> <Delay = 0.00>
ST_1 : Operation 11 [1/1] (0.00ns)   --->   "%p_read_12 = read i9 @_ssdm_op_Read.ap_auto.i9, i9 %p_read11"   --->   Operation 11 'read' 'p_read_12' <Predicate = true> <Delay = 0.00>
ST_1 : Operation 12 [1/1] (0.00ns)   --->   "%p_read_13 = read i9 @_ssdm_op_Read.ap_auto.i9, i9 %p_read10"   --->   Operation 12 'read' 'p_read_13' <Predicate = true> <Delay = 0.00>
ST_1 : Operation 13 [1/1] (0.00ns)   --->   "%p_read_14 = read i9 @_ssdm_op_Read.ap_auto.i9, i9 %p_read9"   --->   Operation 13 'read' 'p_read_14' <Predicate = true> <Delay = 0.00>
ST_1 : Operation 14 [1/1] (0.00ns)   --->   "%p_read814 = read i9 @_ssdm_op_Read.ap_auto.i9, i9 %p_read8"   --->   Operation 14 'read' 'p_read814' <Predicate = true> <Delay = 0.00>
ST_1 : Operation 15 [1/1] (0.00ns)   --->   "%p_read713 = read i9 @_ssdm_op_Read.ap_auto.i9, i9 %p_read7"   --->   Operation 15 'read' 'p_read713' <Predicate = true> <Delay = 0.00>
ST_1 : Operation 16 [1/1] (0.00ns)   --->   "%p_read612 = read i9 @_ssdm_op_Read.ap_auto.i9, i9 %p_read6"   --->   Operation 16 'read' 'p_read612' <Predicate = true> <Delay = 0.00>
ST_1 : Operation 17 [1/1] (0.00ns)   --->   "%p_read511 = read i9 @_ssdm_op_Read.ap_auto.i9, i9 %p_read5"   --->   Operation 17 'read' 'p_read511' <Predicate = true> <Delay = 0.00>
ST_1 : Operation 18 [1/1] (0.00ns)   --->   "%p_read410 = read i9 @_ssdm_op_Read.ap_auto.i9, i9 %p_read4"   --->   Operation 18 'read' 'p_read410' <Predicate = true> <Delay = 0.00>
ST_1 : Operation 19 [1/1] (0.00ns)   --->   "%p_read39 = read i9 @_ssdm_op_Read.ap_auto.i9, i9 %p_read3"   --->   Operation 19 'read' 'p_read39' <Predicate = true> <Delay = 0.00>
ST_1 : Operation 20 [1/1] (0.00ns)   --->   "%p_read28 = read i9 @_ssdm_op_Read.ap_auto.i9, i9 %p_read2"   --->   Operation 20 'read' 'p_read28' <Predicate = true> <Delay = 0.00>
ST_1 : Operation 21 [1/1] (0.00ns)   --->   "%p_read17 = read i9 @_ssdm_op_Read.ap_auto.i9, i9 %p_read1"   --->   Operation 21 'read' 'p_read17' <Predicate = true> <Delay = 0.00>
ST_1 : Operation 22 [1/1] (0.88ns)   --->   "%icmp_ln17 = icmp_slt  i9 %p_read28, i9 %p_read39" [src/fast.hpp:17]   --->   Operation 22 'icmp' 'icmp_ln17' <Predicate = true> <Delay = 0.88> <CoreInst = "Cmp">   --->   Core 9 'Cmp' <Latency = 0> <II = 1> <Delay = 0.84> <FuncUnit> <Opcode : 'icmp'> <InPorts = 2> <OutPorts = 1>
ST_1 : Operation 23 [1/1] (0.39ns)   --->   "%select_ln17 = select i1 %icmp_ln17, i9 %p_read28, i9 %p_read39" [src/fast.hpp:17]   --->   Operation 23 'select' 'select_ln17' <Predicate = true> <Delay = 0.39> <CoreInst = "Sel">   --->   Core 73 'Sel' <Latency = 0> <II = 1> <Delay = 0.39> <FuncUnit> <Opcode : 'select'> <InPorts = 3> <OutPorts = 1>
ST_1 : Operation 24 [1/1] (0.88ns)   --->   "%icmp_ln18 = icmp_sgt  i9 %p_read28, i9 %p_read39" [src/fast.hpp:18]   --->   Operation 24 'icmp' 'icmp_ln18' <Predicate = true> <Delay = 0.88> <CoreInst = "Cmp">   --->   Core 9 'Cmp' <Latency = 0> <II = 1> <Delay = 0.84> <FuncUnit> <Opcode : 'icmp'> <InPorts = 2> <OutPorts = 1>
ST_1 : Operation 25 [1/1] (0.39ns)   --->   "%select_ln18 = select i1 %icmp_ln18, i9 %p_read28, i9 %p_read39" [src/fast.hpp:18]   --->   Operation 25 'select' 'select_ln18' <Predicate = true> <Delay = 0.39> <CoreInst = "Sel">   --->   Core 73 'Sel' <Latency = 0> <II = 1> <Delay = 0.39> <FuncUnit> <Opcode : 'select'> <InPorts = 3> <OutPorts = 1>
ST_1 : Operation 26 [1/1] (0.88ns)   --->   "%icmp_ln17_1 = icmp_slt  i9 %p_read410, i9 %p_read511" [src/fast.hpp:17]   --->   Operation 26 'icmp' 'icmp_ln17_1' <Predicate = true> <Delay = 0.88> <CoreInst = "Cmp">   --->   Core 9 'Cmp' <Latency = 0> <II = 1> <Delay = 0.84> <FuncUnit> <Opcode : 'icmp'> <InPorts = 2> <OutPorts = 1>
ST_1 : Operation 27 [1/1] (0.39ns)   --->   "%select_ln17_1 = select i1 %icmp_ln17_1, i9 %p_read410, i9 %p_read511" [src/fast.hpp:17]   --->   Operation 27 'select' 'select_ln17_1' <Predicate = true> <Delay = 0.39> <CoreInst = "Sel">   --->   Core 73 'Sel' <Latency = 0> <II = 1> <Delay = 0.39> <FuncUnit> <Opcode : 'select'> <InPorts = 3> <OutPorts = 1>
ST_1 : Operation 28 [1/1] (0.88ns)   --->   "%icmp_ln18_1 = icmp_sgt  i9 %p_read410, i9 %p_read511" [src/fast.hpp:18]   --->   Operation 28 'icmp' 'icmp_ln18_1' <Predicate = true> <Delay = 0.88> <CoreInst = "Cmp">   --->   Core 9 'Cmp' <Latency = 0> <II = 1> <Delay = 0.84> <FuncUnit> <Opcode : 'icmp'> <InPorts = 2> <OutPorts = 1>
ST_1 : Operation 29 [1/1] (0.39ns)   --->   "%select_ln18_1 = select i1 %icmp_ln18_1, i9 %p_read410, i9 %p_read511" [src/fast.hpp:18]   --->   Operation 29 'select' 'select_ln18_1' <Predicate = true> <Delay = 0.39> <CoreInst = "Sel">   --->   Core 73 'Sel' <Latency = 0> <II = 1> <Delay = 0.39> <FuncUnit> <Opcode : 'select'> <InPorts = 3> <OutPorts = 1>
ST_1 : Operation 30 [1/1] (0.88ns)   --->   "%icmp_ln17_2 = icmp_slt  i9 %p_read612, i9 %p_read713" [src/fast.hpp:17]   --->   Operation 30 'icmp' 'icmp_ln17_2' <Predicate = true> <Delay = 0.88> <CoreInst = "Cmp">   --->   Core 9 'Cmp' <Latency = 0> <II = 1> <Delay = 0.84> <FuncUnit> <Opcode : 'icmp'> <InPorts = 2> <OutPorts = 1>
ST_1 : Operation 31 [1/1] (0.39ns)   --->   "%select_ln17_2 = select i1 %icmp_ln17_2, i9 %p_read612, i9 %p_read713" [src/fast.hpp:17]   --->   Operation 31 'select' 'select_ln17_2' <Predicate = true> <Delay = 0.39> <CoreInst = "Sel">   --->   Core 73 'Sel' <Latency = 0> <II = 1> <Delay = 0.39> <FuncUnit> <Opcode : 'select'> <InPorts = 3> <OutPorts = 1>
ST_1 : Operation 32 [1/1] (0.88ns)   --->   "%icmp_ln18_2 = icmp_sgt  i9 %p_read612, i9 %p_read713" [src/fast.hpp:18]   --->   Operation 32 'icmp' 'icmp_ln18_2' <Predicate = true> <Delay = 0.88> <CoreInst = "Cmp">   --->   Core 9 'Cmp' <Latency = 0> <II = 1> <Delay = 0.84> <FuncUnit> <Opcode : 'icmp'> <InPorts = 2> <OutPorts = 1>
ST_1 : Operation 33 [1/1] (0.39ns)   --->   "%select_ln18_2 = select i1 %icmp_ln18_2, i9 %p_read612, i9 %p_read713" [src/fast.hpp:18]   --->   Operation 33 'select' 'select_ln18_2' <Predicate = true> <Delay = 0.39> <CoreInst = "Sel">   --->   Core 73 'Sel' <Latency = 0> <II = 1> <Delay = 0.39> <FuncUnit> <Opcode : 'select'> <InPorts = 3> <OutPorts = 1>
ST_1 : Operation 34 [1/1] (0.88ns)   --->   "%icmp_ln17_3 = icmp_slt  i9 %p_read814, i9 %p_read_14" [src/fast.hpp:17]   --->   Operation 34 'icmp' 'icmp_ln17_3' <Predicate = true> <Delay = 0.88> <CoreInst = "Cmp">   --->   Core 9 'Cmp' <Latency = 0> <II = 1> <Delay = 0.84> <FuncUnit> <Opcode : 'icmp'> <InPorts = 2> <OutPorts = 1>
ST_1 : Operation 35 [1/1] (0.39ns)   --->   "%select_ln17_3 = select i1 %icmp_ln17_3, i9 %p_read814, i9 %p_read_14" [src/fast.hpp:17]   --->   Operation 35 'select' 'select_ln17_3' <Predicate = true> <Delay = 0.39> <CoreInst = "Sel">   --->   Core 73 'Sel' <Latency = 0> <II = 1> <Delay = 0.39> <FuncUnit> <Opcode : 'select'> <InPorts = 3> <OutPorts = 1>
ST_1 : Operation 36 [1/1] (0.88ns)   --->   "%icmp_ln18_3 = icmp_sgt  i9 %p_read814, i9 %p_read_14" [src/fast.hpp:18]   --->   Operation 36 'icmp' 'icmp_ln18_3' <Predicate = true> <Delay = 0.88> <CoreInst = "Cmp">   --->   Core 9 'Cmp' <Latency = 0> <II = 1> <Delay = 0.84> <FuncUnit> <Opcode : 'icmp'> <InPorts = 2> <OutPorts = 1>
ST_1 : Operation 37 [1/1] (0.39ns)   --->   "%select_ln18_3 = select i1 %icmp_ln18_3, i9 %p_read814, i9 %p_read_14" [src/fast.hpp:18]   --->   Operation 37 'select' 'select_ln18_3' <Predicate = true> <Delay = 0.39> <CoreInst = "Sel">   --->   Core 73 'Sel' <Latency = 0> <II = 1> <Delay = 0.39> <FuncUnit> <Opcode : 'select'> <InPorts = 3> <OutPorts = 1>
ST_1 : Operation 38 [1/1] (0.88ns)   --->   "%icmp_ln17_4 = icmp_slt  i9 %p_read_13, i9 %p_read_12" [src/fast.hpp:17]   --->   Operation 38 'icmp' 'icmp_ln17_4' <Predicate = true> <Delay = 0.88> <CoreInst = "Cmp">   --->   Core 9 'Cmp' <Latency = 0> <II = 1> <Delay = 0.84> <FuncUnit> <Opcode : 'icmp'> <InPorts = 2> <OutPorts = 1>
ST_1 : Operation 39 [1/1] (0.39ns)   --->   "%select_ln17_4 = select i1 %icmp_ln17_4, i9 %p_read_13, i9 %p_read_12" [src/fast.hpp:17]   --->   Operation 39 'select' 'select_ln17_4' <Predicate = true> <Delay = 0.39> <CoreInst = "Sel">   --->   Core 73 'Sel' <Latency = 0> <II = 1> <Delay = 0.39> <FuncUnit> <Opcode : 'select'> <InPorts = 3> <OutPorts = 1>
ST_1 : Operation 40 [1/1] (0.88ns)   --->   "%icmp_ln18_4 = icmp_sgt  i9 %p_read_13, i9 %p_read_12" [src/fast.hpp:18]   --->   Operation 40 'icmp' 'icmp_ln18_4' <Predicate = true> <Delay = 0.88> <CoreInst = "Cmp">   --->   Core 9 'Cmp' <Latency = 0> <II = 1> <Delay = 0.84> <FuncUnit> <Opcode : 'icmp'> <InPorts = 2> <OutPorts = 1>
ST_1 : Operation 41 [1/1] (0.39ns)   --->   "%select_ln18_4 = select i1 %icmp_ln18_4, i9 %p_read_13, i9 %p_read_12" [src/fast.hpp:18]   --->   Operation 41 'select' 'select_ln18_4' <Predicate = true> <Delay = 0.39> <CoreInst = "Sel">   --->   Core 73 'Sel' <Latency = 0> <II = 1> <Delay = 0.39> <FuncUnit> <Opcode : 'select'> <InPorts = 3> <OutPorts = 1>
ST_1 : Operation 42 [1/1] (0.88ns)   --->   "%icmp_ln17_5 = icmp_slt  i9 %p_read_11, i9 %p_read_10" [src/fast.hpp:17]   --->   Operation 42 'icmp' 'icmp_ln17_5' <Predicate = true> <Delay = 0.88> <CoreInst = "Cmp">   --->   Core 9 'Cmp' <Latency = 0> <II = 1> <Delay = 0.84> <FuncUnit> <Opcode : 'icmp'> <InPorts = 2> <OutPorts = 1>
ST_1 : Operation 43 [1/1] (0.39ns)   --->   "%select_ln17_5 = select i1 %icmp_ln17_5, i9 %p_read_11, i9 %p_read_10" [src/fast.hpp:17]   --->   Operation 43 'select' 'select_ln17_5' <Predicate = true> <Delay = 0.39> <CoreInst = "Sel">   --->   Core 73 'Sel' <Latency = 0> <II = 1> <Delay = 0.39> <FuncUnit> <Opcode : 'select'> <InPorts = 3> <OutPorts = 1>
ST_1 : Operation 44 [1/1] (0.88ns)   --->   "%icmp_ln18_5 = icmp_sgt  i9 %p_read_11, i9 %p_read_10" [src/fast.hpp:18]   --->   Operation 44 'icmp' 'icmp_ln18_5' <Predicate = true> <Delay = 0.88> <CoreInst = "Cmp">   --->   Core 9 'Cmp' <Latency = 0> <II = 1> <Delay = 0.84> <FuncUnit> <Opcode : 'icmp'> <InPorts = 2> <OutPorts = 1>
ST_1 : Operation 45 [1/1] (0.39ns)   --->   "%select_ln18_5 = select i1 %icmp_ln18_5, i9 %p_read_11, i9 %p_read_10" [src/fast.hpp:18]   --->   Operation 45 'select' 'select_ln18_5' <Predicate = true> <Delay = 0.39> <CoreInst = "Sel">   --->   Core 73 'Sel' <Latency = 0> <II = 1> <Delay = 0.39> <FuncUnit> <Opcode : 'select'> <InPorts = 3> <OutPorts = 1>
ST_1 : Operation 46 [1/1] (0.88ns)   --->   "%icmp_ln17_6 = icmp_slt  i9 %p_read_9, i9 %p_read_8" [src/fast.hpp:17]   --->   Operation 46 'icmp' 'icmp_ln17_6' <Predicate = true> <Delay = 0.88> <CoreInst = "Cmp">   --->   Core 9 'Cmp' <Latency = 0> <II = 1> <Delay = 0.84> <FuncUnit> <Opcode : 'icmp'> <InPorts = 2> <OutPorts = 1>
ST_1 : Operation 47 [1/1] (0.39ns)   --->   "%select_ln17_6 = select i1 %icmp_ln17_6, i9 %p_read_9, i9 %p_read_8" [src/fast.hpp:17]   --->   Operation 47 'select' 'select_ln17_6' <Predicate = true> <Delay = 0.39> <CoreInst = "Sel">   --->   Core 73 'Sel' <Latency = 0> <II = 1> <Delay = 0.39> <FuncUnit> <Opcode : 'select'> <InPorts = 3> <OutPorts = 1>
ST_1 : Operation 48 [1/1] (0.88ns)   --->   "%icmp_ln18_6 = icmp_sgt  i9 %p_read_9, i9 %p_read_8" [src/fast.hpp:18]   --->   Operation 48 'icmp' 'icmp_ln18_6' <Predicate = true> <Delay = 0.88> <CoreInst = "Cmp">   --->   Core 9 'Cmp' <Latency = 0> <II = 1> <Delay = 0.84> <FuncUnit> <Opcode : 'icmp'> <InPorts = 2> <OutPorts = 1>
ST_1 : Operation 49 [1/1] (0.39ns)   --->   "%select_ln18_6 = select i1 %icmp_ln18_6, i9 %p_read_9, i9 %p_read_8" [src/fast.hpp:18]   --->   Operation 49 'select' 'select_ln18_6' <Predicate = true> <Delay = 0.39> <CoreInst = "Sel">   --->   Core 73 'Sel' <Latency = 0> <II = 1> <Delay = 0.39> <FuncUnit> <Opcode : 'select'> <InPorts = 3> <OutPorts = 1>
ST_1 : Operation 50 [1/1] (0.88ns)   --->   "%icmp_ln17_7 = icmp_slt  i9 %p_read, i9 %p_read17" [src/fast.hpp:17]   --->   Operation 50 'icmp' 'icmp_ln17_7' <Predicate = true> <Delay = 0.88> <CoreInst = "Cmp">   --->   Core 9 'Cmp' <Latency = 0> <II = 1> <Delay = 0.84> <FuncUnit> <Opcode : 'icmp'> <InPorts = 2> <OutPorts = 1>
ST_1 : Operation 51 [1/1] (0.39ns)   --->   "%select_ln17_7 = select i1 %icmp_ln17_7, i9 %p_read, i9 %p_read17" [src/fast.hpp:17]   --->   Operation 51 'select' 'select_ln17_7' <Predicate = true> <Delay = 0.39> <CoreInst = "Sel">   --->   Core 73 'Sel' <Latency = 0> <II = 1> <Delay = 0.39> <FuncUnit> <Opcode : 'select'> <InPorts = 3> <OutPorts = 1>
ST_1 : Operation 52 [1/1] (0.88ns)   --->   "%icmp_ln18_7 = icmp_sgt  i9 %p_read, i9 %p_read17" [src/fast.hpp:18]   --->   Operation 52 'icmp' 'icmp_ln18_7' <Predicate = true> <Delay = 0.88> <CoreInst = "Cmp">   --->   Core 9 'Cmp' <Latency = 0> <II = 1> <Delay = 0.84> <FuncUnit> <Opcode : 'icmp'> <InPorts = 2> <OutPorts = 1>
ST_1 : Operation 53 [1/1] (0.39ns)   --->   "%select_ln18_7 = select i1 %icmp_ln18_7, i9 %p_read, i9 %p_read17" [src/fast.hpp:18]   --->   Operation 53 'select' 'select_ln18_7' <Predicate = true> <Delay = 0.39> <CoreInst = "Sel">   --->   Core 73 'Sel' <Latency = 0> <II = 1> <Delay = 0.39> <FuncUnit> <Opcode : 'select'> <InPorts = 3> <OutPorts = 1>
ST_1 : Operation 54 [1/1] (0.88ns)   --->   "%icmp_ln22 = icmp_slt  i9 %select_ln17, i9 %select_ln17_1" [src/fast.hpp:22]   --->   Operation 54 'icmp' 'icmp_ln22' <Predicate = true> <Delay = 0.88> <CoreInst = "Cmp">   --->   Core 9 'Cmp' <Latency = 0> <II = 1> <Delay = 0.84> <FuncUnit> <Opcode : 'icmp'> <InPorts = 2> <OutPorts = 1>
ST_1 : Operation 55 [1/1] (0.39ns)   --->   "%select_ln22 = select i1 %icmp_ln22, i9 %select_ln17, i9 %select_ln17_1" [src/fast.hpp:22]   --->   Operation 55 'select' 'select_ln22' <Predicate = true> <Delay = 0.39> <CoreInst = "Sel">   --->   Core 73 'Sel' <Latency = 0> <II = 1> <Delay = 0.39> <FuncUnit> <Opcode : 'select'> <InPorts = 3> <OutPorts = 1>
ST_1 : Operation 56 [1/1] (0.88ns)   --->   "%icmp_ln23 = icmp_sgt  i9 %select_ln18, i9 %select_ln18_1" [src/fast.hpp:23]   --->   Operation 56 'icmp' 'icmp_ln23' <Predicate = true> <Delay = 0.88> <CoreInst = "Cmp">   --->   Core 9 'Cmp' <Latency = 0> <II = 1> <Delay = 0.84> <FuncUnit> <Opcode : 'icmp'> <InPorts = 2> <OutPorts = 1>
ST_1 : Operation 57 [1/1] (0.39ns)   --->   "%select_ln23 = select i1 %icmp_ln23, i9 %select_ln18, i9 %select_ln18_1" [src/fast.hpp:23]   --->   Operation 57 'select' 'select_ln23' <Predicate = true> <Delay = 0.39> <CoreInst = "Sel">   --->   Core 73 'Sel' <Latency = 0> <II = 1> <Delay = 0.39> <FuncUnit> <Opcode : 'select'> <InPorts = 3> <OutPorts = 1>
ST_1 : Operation 58 [1/1] (0.88ns)   --->   "%icmp_ln22_1 = icmp_slt  i9 %select_ln17_1, i9 %select_ln17_2" [src/fast.hpp:22]   --->   Operation 58 'icmp' 'icmp_ln22_1' <Predicate = true> <Delay = 0.88> <CoreInst = "Cmp">   --->   Core 9 'Cmp' <Latency = 0> <II = 1> <Delay = 0.84> <FuncUnit> <Opcode : 'icmp'> <InPorts = 2> <OutPorts = 1>
ST_1 : Operation 59 [1/1] (0.39ns)   --->   "%select_ln22_1 = select i1 %icmp_ln22_1, i9 %select_ln17_1, i9 %select_ln17_2" [src/fast.hpp:22]   --->   Operation 59 'select' 'select_ln22_1' <Predicate = true> <Delay = 0.39> <CoreInst = "Sel">   --->   Core 73 'Sel' <Latency = 0> <II = 1> <Delay = 0.39> <FuncUnit> <Opcode : 'select'> <InPorts = 3> <OutPorts = 1>
ST_1 : Operation 60 [1/1] (0.88ns)   --->   "%icmp_ln23_1 = icmp_sgt  i9 %select_ln18_1, i9 %select_ln18_2" [src/fast.hpp:23]   --->   Operation 60 'icmp' 'icmp_ln23_1' <Predicate = true> <Delay = 0.88> <CoreInst = "Cmp">   --->   Core 9 'Cmp' <Latency = 0> <II = 1> <Delay = 0.84> <FuncUnit> <Opcode : 'icmp'> <InPorts = 2> <OutPorts = 1>
ST_1 : Operation 61 [1/1] (0.39ns)   --->   "%select_ln23_1 = select i1 %icmp_ln23_1, i9 %select_ln18_1, i9 %select_ln18_2" [src/fast.hpp:23]   --->   Operation 61 'select' 'select_ln23_1' <Predicate = true> <Delay = 0.39> <CoreInst = "Sel">   --->   Core 73 'Sel' <Latency = 0> <II = 1> <Delay = 0.39> <FuncUnit> <Opcode : 'select'> <InPorts = 3> <OutPorts = 1>
ST_1 : Operation 62 [1/1] (0.88ns)   --->   "%icmp_ln22_2 = icmp_slt  i9 %select_ln17_2, i9 %select_ln17_3" [src/fast.hpp:22]   --->   Operation 62 'icmp' 'icmp_ln22_2' <Predicate = true> <Delay = 0.88> <CoreInst = "Cmp">   --->   Core 9 'Cmp' <Latency = 0> <II = 1> <Delay = 0.84> <FuncUnit> <Opcode : 'icmp'> <InPorts = 2> <OutPorts = 1>
ST_1 : Operation 63 [1/1] (0.39ns)   --->   "%select_ln22_2 = select i1 %icmp_ln22_2, i9 %select_ln17_2, i9 %select_ln17_3" [src/fast.hpp:22]   --->   Operation 63 'select' 'select_ln22_2' <Predicate = true> <Delay = 0.39> <CoreInst = "Sel">   --->   Core 73 'Sel' <Latency = 0> <II = 1> <Delay = 0.39> <FuncUnit> <Opcode : 'select'> <InPorts = 3> <OutPorts = 1>
ST_1 : Operation 64 [1/1] (0.88ns)   --->   "%icmp_ln23_2 = icmp_sgt  i9 %select_ln18_2, i9 %select_ln18_3" [src/fast.hpp:23]   --->   Operation 64 'icmp' 'icmp_ln23_2' <Predicate = true> <Delay = 0.88> <CoreInst = "Cmp">   --->   Core 9 'Cmp' <Latency = 0> <II = 1> <Delay = 0.84> <FuncUnit> <Opcode : 'icmp'> <InPorts = 2> <OutPorts = 1>
ST_1 : Operation 65 [1/1] (0.39ns)   --->   "%select_ln23_2 = select i1 %icmp_ln23_2, i9 %select_ln18_2, i9 %select_ln18_3" [src/fast.hpp:23]   --->   Operation 65 'select' 'select_ln23_2' <Predicate = true> <Delay = 0.39> <CoreInst = "Sel">   --->   Core 73 'Sel' <Latency = 0> <II = 1> <Delay = 0.39> <FuncUnit> <Opcode : 'select'> <InPorts = 3> <OutPorts = 1>
ST_1 : Operation 66 [1/1] (0.88ns)   --->   "%icmp_ln22_3 = icmp_slt  i9 %select_ln17_3, i9 %select_ln17_4" [src/fast.hpp:22]   --->   Operation 66 'icmp' 'icmp_ln22_3' <Predicate = true> <Delay = 0.88> <CoreInst = "Cmp">   --->   Core 9 'Cmp' <Latency = 0> <II = 1> <Delay = 0.84> <FuncUnit> <Opcode : 'icmp'> <InPorts = 2> <OutPorts = 1>
ST_1 : Operation 67 [1/1] (0.39ns)   --->   "%select_ln22_3 = select i1 %icmp_ln22_3, i9 %select_ln17_3, i9 %select_ln17_4" [src/fast.hpp:22]   --->   Operation 67 'select' 'select_ln22_3' <Predicate = true> <Delay = 0.39> <CoreInst = "Sel">   --->   Core 73 'Sel' <Latency = 0> <II = 1> <Delay = 0.39> <FuncUnit> <Opcode : 'select'> <InPorts = 3> <OutPorts = 1>
ST_1 : Operation 68 [1/1] (0.88ns)   --->   "%icmp_ln23_3 = icmp_sgt  i9 %select_ln18_3, i9 %select_ln18_4" [src/fast.hpp:23]   --->   Operation 68 'icmp' 'icmp_ln23_3' <Predicate = true> <Delay = 0.88> <CoreInst = "Cmp">   --->   Core 9 'Cmp' <Latency = 0> <II = 1> <Delay = 0.84> <FuncUnit> <Opcode : 'icmp'> <InPorts = 2> <OutPorts = 1>
ST_1 : Operation 69 [1/1] (0.39ns)   --->   "%select_ln23_3 = select i1 %icmp_ln23_3, i9 %select_ln18_3, i9 %select_ln18_4" [src/fast.hpp:23]   --->   Operation 69 'select' 'select_ln23_3' <Predicate = true> <Delay = 0.39> <CoreInst = "Sel">   --->   Core 73 'Sel' <Latency = 0> <II = 1> <Delay = 0.39> <FuncUnit> <Opcode : 'select'> <InPorts = 3> <OutPorts = 1>
ST_1 : Operation 70 [1/1] (0.88ns)   --->   "%icmp_ln22_4 = icmp_slt  i9 %select_ln17_4, i9 %select_ln17_5" [src/fast.hpp:22]   --->   Operation 70 'icmp' 'icmp_ln22_4' <Predicate = true> <Delay = 0.88> <CoreInst = "Cmp">   --->   Core 9 'Cmp' <Latency = 0> <II = 1> <Delay = 0.84> <FuncUnit> <Opcode : 'icmp'> <InPorts = 2> <OutPorts = 1>
ST_1 : Operation 71 [1/1] (0.39ns)   --->   "%select_ln22_4 = select i1 %icmp_ln22_4, i9 %select_ln17_4, i9 %select_ln17_5" [src/fast.hpp:22]   --->   Operation 71 'select' 'select_ln22_4' <Predicate = true> <Delay = 0.39> <CoreInst = "Sel">   --->   Core 73 'Sel' <Latency = 0> <II = 1> <Delay = 0.39> <FuncUnit> <Opcode : 'select'> <InPorts = 3> <OutPorts = 1>
ST_1 : Operation 72 [1/1] (0.88ns)   --->   "%icmp_ln23_4 = icmp_sgt  i9 %select_ln18_4, i9 %select_ln18_5" [src/fast.hpp:23]   --->   Operation 72 'icmp' 'icmp_ln23_4' <Predicate = true> <Delay = 0.88> <CoreInst = "Cmp">   --->   Core 9 'Cmp' <Latency = 0> <II = 1> <Delay = 0.84> <FuncUnit> <Opcode : 'icmp'> <InPorts = 2> <OutPorts = 1>
ST_1 : Operation 73 [1/1] (0.39ns)   --->   "%select_ln23_4 = select i1 %icmp_ln23_4, i9 %select_ln18_4, i9 %select_ln18_5" [src/fast.hpp:23]   --->   Operation 73 'select' 'select_ln23_4' <Predicate = true> <Delay = 0.39> <CoreInst = "Sel">   --->   Core 73 'Sel' <Latency = 0> <II = 1> <Delay = 0.39> <FuncUnit> <Opcode : 'select'> <InPorts = 3> <OutPorts = 1>
ST_1 : Operation 74 [1/1] (0.88ns)   --->   "%icmp_ln22_5 = icmp_slt  i9 %select_ln17_5, i9 %select_ln17_6" [src/fast.hpp:22]   --->   Operation 74 'icmp' 'icmp_ln22_5' <Predicate = true> <Delay = 0.88> <CoreInst = "Cmp">   --->   Core 9 'Cmp' <Latency = 0> <II = 1> <Delay = 0.84> <FuncUnit> <Opcode : 'icmp'> <InPorts = 2> <OutPorts = 1>
ST_1 : Operation 75 [1/1] (0.39ns)   --->   "%select_ln22_5 = select i1 %icmp_ln22_5, i9 %select_ln17_5, i9 %select_ln17_6" [src/fast.hpp:22]   --->   Operation 75 'select' 'select_ln22_5' <Predicate = true> <Delay = 0.39> <CoreInst = "Sel">   --->   Core 73 'Sel' <Latency = 0> <II = 1> <Delay = 0.39> <FuncUnit> <Opcode : 'select'> <InPorts = 3> <OutPorts = 1>
ST_1 : Operation 76 [1/1] (0.88ns)   --->   "%icmp_ln23_5 = icmp_sgt  i9 %select_ln18_5, i9 %select_ln18_6" [src/fast.hpp:23]   --->   Operation 76 'icmp' 'icmp_ln23_5' <Predicate = true> <Delay = 0.88> <CoreInst = "Cmp">   --->   Core 9 'Cmp' <Latency = 0> <II = 1> <Delay = 0.84> <FuncUnit> <Opcode : 'icmp'> <InPorts = 2> <OutPorts = 1>
ST_1 : Operation 77 [1/1] (0.39ns)   --->   "%select_ln23_5 = select i1 %icmp_ln23_5, i9 %select_ln18_5, i9 %select_ln18_6" [src/fast.hpp:23]   --->   Operation 77 'select' 'select_ln23_5' <Predicate = true> <Delay = 0.39> <CoreInst = "Sel">   --->   Core 73 'Sel' <Latency = 0> <II = 1> <Delay = 0.39> <FuncUnit> <Opcode : 'select'> <InPorts = 3> <OutPorts = 1>
ST_1 : Operation 78 [1/1] (0.88ns)   --->   "%icmp_ln22_6 = icmp_slt  i9 %select_ln17_6, i9 %select_ln17_7" [src/fast.hpp:22]   --->   Operation 78 'icmp' 'icmp_ln22_6' <Predicate = true> <Delay = 0.88> <CoreInst = "Cmp">   --->   Core 9 'Cmp' <Latency = 0> <II = 1> <Delay = 0.84> <FuncUnit> <Opcode : 'icmp'> <InPorts = 2> <OutPorts = 1>
ST_1 : Operation 79 [1/1] (0.39ns)   --->   "%select_ln22_6 = select i1 %icmp_ln22_6, i9 %select_ln17_6, i9 %select_ln17_7" [src/fast.hpp:22]   --->   Operation 79 'select' 'select_ln22_6' <Predicate = true> <Delay = 0.39> <CoreInst = "Sel">   --->   Core 73 'Sel' <Latency = 0> <II = 1> <Delay = 0.39> <FuncUnit> <Opcode : 'select'> <InPorts = 3> <OutPorts = 1>
ST_1 : Operation 80 [1/1] (0.88ns)   --->   "%icmp_ln23_6 = icmp_sgt  i9 %select_ln18_6, i9 %select_ln18_7" [src/fast.hpp:23]   --->   Operation 80 'icmp' 'icmp_ln23_6' <Predicate = true> <Delay = 0.88> <CoreInst = "Cmp">   --->   Core 9 'Cmp' <Latency = 0> <II = 1> <Delay = 0.84> <FuncUnit> <Opcode : 'icmp'> <InPorts = 2> <OutPorts = 1>
ST_1 : Operation 81 [1/1] (0.39ns)   --->   "%select_ln23_6 = select i1 %icmp_ln23_6, i9 %select_ln18_6, i9 %select_ln18_7" [src/fast.hpp:23]   --->   Operation 81 'select' 'select_ln23_6' <Predicate = true> <Delay = 0.39> <CoreInst = "Sel">   --->   Core 73 'Sel' <Latency = 0> <II = 1> <Delay = 0.39> <FuncUnit> <Opcode : 'select'> <InPorts = 3> <OutPorts = 1>
ST_1 : Operation 82 [1/1] (0.88ns)   --->   "%icmp_ln22_7 = icmp_slt  i9 %select_ln17_7, i9 %select_ln17" [src/fast.hpp:22]   --->   Operation 82 'icmp' 'icmp_ln22_7' <Predicate = true> <Delay = 0.88> <CoreInst = "Cmp">   --->   Core 9 'Cmp' <Latency = 0> <II = 1> <Delay = 0.84> <FuncUnit> <Opcode : 'icmp'> <InPorts = 2> <OutPorts = 1>
ST_1 : Operation 83 [1/1] (0.39ns)   --->   "%select_ln22_7 = select i1 %icmp_ln22_7, i9 %select_ln17_7, i9 %select_ln17" [src/fast.hpp:22]   --->   Operation 83 'select' 'select_ln22_7' <Predicate = true> <Delay = 0.39> <CoreInst = "Sel">   --->   Core 73 'Sel' <Latency = 0> <II = 1> <Delay = 0.39> <FuncUnit> <Opcode : 'select'> <InPorts = 3> <OutPorts = 1>
ST_1 : Operation 84 [1/1] (0.88ns)   --->   "%icmp_ln23_7 = icmp_sgt  i9 %select_ln18_7, i9 %select_ln18" [src/fast.hpp:23]   --->   Operation 84 'icmp' 'icmp_ln23_7' <Predicate = true> <Delay = 0.88> <CoreInst = "Cmp">   --->   Core 9 'Cmp' <Latency = 0> <II = 1> <Delay = 0.84> <FuncUnit> <Opcode : 'icmp'> <InPorts = 2> <OutPorts = 1>
ST_1 : Operation 85 [1/1] (0.39ns)   --->   "%select_ln23_7 = select i1 %icmp_ln23_7, i9 %select_ln18_7, i9 %select_ln18" [src/fast.hpp:23]   --->   Operation 85 'select' 'select_ln23_7' <Predicate = true> <Delay = 0.39> <CoreInst = "Sel">   --->   Core 73 'Sel' <Latency = 0> <II = 1> <Delay = 0.39> <FuncUnit> <Opcode : 'select'> <InPorts = 3> <OutPorts = 1>
ST_1 : Operation 86 [1/1] (0.88ns)   --->   "%icmp_ln27 = icmp_slt  i9 %select_ln22, i9 %select_ln22_2" [src/fast.hpp:27]   --->   Operation 86 'icmp' 'icmp_ln27' <Predicate = true> <Delay = 0.88> <CoreInst = "Cmp">   --->   Core 9 'Cmp' <Latency = 0> <II = 1> <Delay = 0.84> <FuncUnit> <Opcode : 'icmp'> <InPorts = 2> <OutPorts = 1>
ST_1 : Operation 87 [1/1] (0.39ns)   --->   "%select_ln27 = select i1 %icmp_ln27, i9 %select_ln22, i9 %select_ln22_2" [src/fast.hpp:27]   --->   Operation 87 'select' 'select_ln27' <Predicate = true> <Delay = 0.39> <CoreInst = "Sel">   --->   Core 73 'Sel' <Latency = 0> <II = 1> <Delay = 0.39> <FuncUnit> <Opcode : 'select'> <InPorts = 3> <OutPorts = 1>
ST_1 : Operation 88 [1/1] (0.88ns)   --->   "%icmp_ln28 = icmp_sgt  i9 %select_ln23, i9 %select_ln23_2" [src/fast.hpp:28]   --->   Operation 88 'icmp' 'icmp_ln28' <Predicate = true> <Delay = 0.88> <CoreInst = "Cmp">   --->   Core 9 'Cmp' <Latency = 0> <II = 1> <Delay = 0.84> <FuncUnit> <Opcode : 'icmp'> <InPorts = 2> <OutPorts = 1>
ST_1 : Operation 89 [1/1] (0.39ns)   --->   "%select_ln28 = select i1 %icmp_ln28, i9 %select_ln23, i9 %select_ln23_2" [src/fast.hpp:28]   --->   Operation 89 'select' 'select_ln28' <Predicate = true> <Delay = 0.39> <CoreInst = "Sel">   --->   Core 73 'Sel' <Latency = 0> <II = 1> <Delay = 0.39> <FuncUnit> <Opcode : 'select'> <InPorts = 3> <OutPorts = 1>
ST_1 : Operation 90 [1/1] (0.88ns)   --->   "%icmp_ln27_1 = icmp_slt  i9 %select_ln22_1, i9 %select_ln22_3" [src/fast.hpp:27]   --->   Operation 90 'icmp' 'icmp_ln27_1' <Predicate = true> <Delay = 0.88> <CoreInst = "Cmp">   --->   Core 9 'Cmp' <Latency = 0> <II = 1> <Delay = 0.84> <FuncUnit> <Opcode : 'icmp'> <InPorts = 2> <OutPorts = 1>
ST_1 : Operation 91 [1/1] (0.39ns)   --->   "%select_ln27_1 = select i1 %icmp_ln27_1, i9 %select_ln22_1, i9 %select_ln22_3" [src/fast.hpp:27]   --->   Operation 91 'select' 'select_ln27_1' <Predicate = true> <Delay = 0.39> <CoreInst = "Sel">   --->   Core 73 'Sel' <Latency = 0> <II = 1> <Delay = 0.39> <FuncUnit> <Opcode : 'select'> <InPorts = 3> <OutPorts = 1>
ST_1 : Operation 92 [1/1] (0.88ns)   --->   "%icmp_ln28_1 = icmp_sgt  i9 %select_ln23_1, i9 %select_ln23_3" [src/fast.hpp:28]   --->   Operation 92 'icmp' 'icmp_ln28_1' <Predicate = true> <Delay = 0.88> <CoreInst = "Cmp">   --->   Core 9 'Cmp' <Latency = 0> <II = 1> <Delay = 0.84> <FuncUnit> <Opcode : 'icmp'> <InPorts = 2> <OutPorts = 1>
ST_1 : Operation 93 [1/1] (0.39ns)   --->   "%select_ln28_1 = select i1 %icmp_ln28_1, i9 %select_ln23_1, i9 %select_ln23_3" [src/fast.hpp:28]   --->   Operation 93 'select' 'select_ln28_1' <Predicate = true> <Delay = 0.39> <CoreInst = "Sel">   --->   Core 73 'Sel' <Latency = 0> <II = 1> <Delay = 0.39> <FuncUnit> <Opcode : 'select'> <InPorts = 3> <OutPorts = 1>
ST_1 : Operation 94 [1/1] (0.88ns)   --->   "%icmp_ln27_2 = icmp_slt  i9 %select_ln22_2, i9 %select_ln22_4" [src/fast.hpp:27]   --->   Operation 94 'icmp' 'icmp_ln27_2' <Predicate = true> <Delay = 0.88> <CoreInst = "Cmp">   --->   Core 9 'Cmp' <Latency = 0> <II = 1> <Delay = 0.84> <FuncUnit> <Opcode : 'icmp'> <InPorts = 2> <OutPorts = 1>
ST_1 : Operation 95 [1/1] (0.39ns)   --->   "%select_ln27_2 = select i1 %icmp_ln27_2, i9 %select_ln22_2, i9 %select_ln22_4" [src/fast.hpp:27]   --->   Operation 95 'select' 'select_ln27_2' <Predicate = true> <Delay = 0.39> <CoreInst = "Sel">   --->   Core 73 'Sel' <Latency = 0> <II = 1> <Delay = 0.39> <FuncUnit> <Opcode : 'select'> <InPorts = 3> <OutPorts = 1>
ST_1 : Operation 96 [1/1] (0.88ns)   --->   "%icmp_ln28_2 = icmp_sgt  i9 %select_ln23_2, i9 %select_ln23_4" [src/fast.hpp:28]   --->   Operation 96 'icmp' 'icmp_ln28_2' <Predicate = true> <Delay = 0.88> <CoreInst = "Cmp">   --->   Core 9 'Cmp' <Latency = 0> <II = 1> <Delay = 0.84> <FuncUnit> <Opcode : 'icmp'> <InPorts = 2> <OutPorts = 1>
ST_1 : Operation 97 [1/1] (0.39ns)   --->   "%select_ln28_2 = select i1 %icmp_ln28_2, i9 %select_ln23_2, i9 %select_ln23_4" [src/fast.hpp:28]   --->   Operation 97 'select' 'select_ln28_2' <Predicate = true> <Delay = 0.39> <CoreInst = "Sel">   --->   Core 73 'Sel' <Latency = 0> <II = 1> <Delay = 0.39> <FuncUnit> <Opcode : 'select'> <InPorts = 3> <OutPorts = 1>
ST_1 : Operation 98 [1/1] (0.88ns)   --->   "%icmp_ln27_3 = icmp_slt  i9 %select_ln22_3, i9 %select_ln22_5" [src/fast.hpp:27]   --->   Operation 98 'icmp' 'icmp_ln27_3' <Predicate = true> <Delay = 0.88> <CoreInst = "Cmp">   --->   Core 9 'Cmp' <Latency = 0> <II = 1> <Delay = 0.84> <FuncUnit> <Opcode : 'icmp'> <InPorts = 2> <OutPorts = 1>
ST_1 : Operation 99 [1/1] (0.39ns)   --->   "%select_ln27_3 = select i1 %icmp_ln27_3, i9 %select_ln22_3, i9 %select_ln22_5" [src/fast.hpp:27]   --->   Operation 99 'select' 'select_ln27_3' <Predicate = true> <Delay = 0.39> <CoreInst = "Sel">   --->   Core 73 'Sel' <Latency = 0> <II = 1> <Delay = 0.39> <FuncUnit> <Opcode : 'select'> <InPorts = 3> <OutPorts = 1>
ST_1 : Operation 100 [1/1] (0.88ns)   --->   "%icmp_ln28_3 = icmp_sgt  i9 %select_ln23_3, i9 %select_ln23_5" [src/fast.hpp:28]   --->   Operation 100 'icmp' 'icmp_ln28_3' <Predicate = true> <Delay = 0.88> <CoreInst = "Cmp">   --->   Core 9 'Cmp' <Latency = 0> <II = 1> <Delay = 0.84> <FuncUnit> <Opcode : 'icmp'> <InPorts = 2> <OutPorts = 1>
ST_1 : Operation 101 [1/1] (0.39ns)   --->   "%select_ln28_3 = select i1 %icmp_ln28_3, i9 %select_ln23_3, i9 %select_ln23_5" [src/fast.hpp:28]   --->   Operation 101 'select' 'select_ln28_3' <Predicate = true> <Delay = 0.39> <CoreInst = "Sel">   --->   Core 73 'Sel' <Latency = 0> <II = 1> <Delay = 0.39> <FuncUnit> <Opcode : 'select'> <InPorts = 3> <OutPorts = 1>
ST_1 : Operation 102 [1/1] (0.88ns)   --->   "%icmp_ln27_4 = icmp_slt  i9 %select_ln22_4, i9 %select_ln22_6" [src/fast.hpp:27]   --->   Operation 102 'icmp' 'icmp_ln27_4' <Predicate = true> <Delay = 0.88> <CoreInst = "Cmp">   --->   Core 9 'Cmp' <Latency = 0> <II = 1> <Delay = 0.84> <FuncUnit> <Opcode : 'icmp'> <InPorts = 2> <OutPorts = 1>
ST_1 : Operation 103 [1/1] (0.39ns)   --->   "%select_ln27_4 = select i1 %icmp_ln27_4, i9 %select_ln22_4, i9 %select_ln22_6" [src/fast.hpp:27]   --->   Operation 103 'select' 'select_ln27_4' <Predicate = true> <Delay = 0.39> <CoreInst = "Sel">   --->   Core 73 'Sel' <Latency = 0> <II = 1> <Delay = 0.39> <FuncUnit> <Opcode : 'select'> <InPorts = 3> <OutPorts = 1>
ST_1 : Operation 104 [1/1] (0.88ns)   --->   "%icmp_ln28_4 = icmp_sgt  i9 %select_ln23_4, i9 %select_ln23_6" [src/fast.hpp:28]   --->   Operation 104 'icmp' 'icmp_ln28_4' <Predicate = true> <Delay = 0.88> <CoreInst = "Cmp">   --->   Core 9 'Cmp' <Latency = 0> <II = 1> <Delay = 0.84> <FuncUnit> <Opcode : 'icmp'> <InPorts = 2> <OutPorts = 1>
ST_1 : Operation 105 [1/1] (0.39ns)   --->   "%select_ln28_4 = select i1 %icmp_ln28_4, i9 %select_ln23_4, i9 %select_ln23_6" [src/fast.hpp:28]   --->   Operation 105 'select' 'select_ln28_4' <Predicate = true> <Delay = 0.39> <CoreInst = "Sel">   --->   Core 73 'Sel' <Latency = 0> <II = 1> <Delay = 0.39> <FuncUnit> <Opcode : 'select'> <InPorts = 3> <OutPorts = 1>
ST_1 : Operation 106 [1/1] (0.88ns)   --->   "%icmp_ln27_5 = icmp_slt  i9 %select_ln22_5, i9 %select_ln22_7" [src/fast.hpp:27]   --->   Operation 106 'icmp' 'icmp_ln27_5' <Predicate = true> <Delay = 0.88> <CoreInst = "Cmp">   --->   Core 9 'Cmp' <Latency = 0> <II = 1> <Delay = 0.84> <FuncUnit> <Opcode : 'icmp'> <InPorts = 2> <OutPorts = 1>
ST_1 : Operation 107 [1/1] (0.39ns)   --->   "%select_ln27_5 = select i1 %icmp_ln27_5, i9 %select_ln22_5, i9 %select_ln22_7" [src/fast.hpp:27]   --->   Operation 107 'select' 'select_ln27_5' <Predicate = true> <Delay = 0.39> <CoreInst = "Sel">   --->   Core 73 'Sel' <Latency = 0> <II = 1> <Delay = 0.39> <FuncUnit> <Opcode : 'select'> <InPorts = 3> <OutPorts = 1>
ST_1 : Operation 108 [1/1] (0.88ns)   --->   "%icmp_ln28_5 = icmp_sgt  i9 %select_ln23_5, i9 %select_ln23_7" [src/fast.hpp:28]   --->   Operation 108 'icmp' 'icmp_ln28_5' <Predicate = true> <Delay = 0.88> <CoreInst = "Cmp">   --->   Core 9 'Cmp' <Latency = 0> <II = 1> <Delay = 0.84> <FuncUnit> <Opcode : 'icmp'> <InPorts = 2> <OutPorts = 1>
ST_1 : Operation 109 [1/1] (0.39ns)   --->   "%select_ln28_5 = select i1 %icmp_ln28_5, i9 %select_ln23_5, i9 %select_ln23_7" [src/fast.hpp:28]   --->   Operation 109 'select' 'select_ln28_5' <Predicate = true> <Delay = 0.39> <CoreInst = "Sel">   --->   Core 73 'Sel' <Latency = 0> <II = 1> <Delay = 0.39> <FuncUnit> <Opcode : 'select'> <InPorts = 3> <OutPorts = 1>
ST_1 : Operation 110 [1/1] (0.88ns)   --->   "%icmp_ln27_6 = icmp_slt  i9 %select_ln22_6, i9 %select_ln22" [src/fast.hpp:27]   --->   Operation 110 'icmp' 'icmp_ln27_6' <Predicate = true> <Delay = 0.88> <CoreInst = "Cmp">   --->   Core 9 'Cmp' <Latency = 0> <II = 1> <Delay = 0.84> <FuncUnit> <Opcode : 'icmp'> <InPorts = 2> <OutPorts = 1>
ST_1 : Operation 111 [1/1] (0.39ns)   --->   "%select_ln27_6 = select i1 %icmp_ln27_6, i9 %select_ln22_6, i9 %select_ln22" [src/fast.hpp:27]   --->   Operation 111 'select' 'select_ln27_6' <Predicate = true> <Delay = 0.39> <CoreInst = "Sel">   --->   Core 73 'Sel' <Latency = 0> <II = 1> <Delay = 0.39> <FuncUnit> <Opcode : 'select'> <InPorts = 3> <OutPorts = 1>
ST_1 : Operation 112 [1/1] (0.88ns)   --->   "%icmp_ln28_6 = icmp_sgt  i9 %select_ln23_6, i9 %select_ln23" [src/fast.hpp:28]   --->   Operation 112 'icmp' 'icmp_ln28_6' <Predicate = true> <Delay = 0.88> <CoreInst = "Cmp">   --->   Core 9 'Cmp' <Latency = 0> <II = 1> <Delay = 0.84> <FuncUnit> <Opcode : 'icmp'> <InPorts = 2> <OutPorts = 1>
ST_1 : Operation 113 [1/1] (0.39ns)   --->   "%select_ln28_6 = select i1 %icmp_ln28_6, i9 %select_ln23_6, i9 %select_ln23" [src/fast.hpp:28]   --->   Operation 113 'select' 'select_ln28_6' <Predicate = true> <Delay = 0.39> <CoreInst = "Sel">   --->   Core 73 'Sel' <Latency = 0> <II = 1> <Delay = 0.39> <FuncUnit> <Opcode : 'select'> <InPorts = 3> <OutPorts = 1>
ST_1 : Operation 114 [1/1] (0.88ns)   --->   "%icmp_ln27_7 = icmp_slt  i9 %select_ln22_7, i9 %select_ln22_1" [src/fast.hpp:27]   --->   Operation 114 'icmp' 'icmp_ln27_7' <Predicate = true> <Delay = 0.88> <CoreInst = "Cmp">   --->   Core 9 'Cmp' <Latency = 0> <II = 1> <Delay = 0.84> <FuncUnit> <Opcode : 'icmp'> <InPorts = 2> <OutPorts = 1>
ST_1 : Operation 115 [1/1] (0.39ns)   --->   "%select_ln27_7 = select i1 %icmp_ln27_7, i9 %select_ln22_7, i9 %select_ln22_1" [src/fast.hpp:27]   --->   Operation 115 'select' 'select_ln27_7' <Predicate = true> <Delay = 0.39> <CoreInst = "Sel">   --->   Core 73 'Sel' <Latency = 0> <II = 1> <Delay = 0.39> <FuncUnit> <Opcode : 'select'> <InPorts = 3> <OutPorts = 1>
ST_1 : Operation 116 [1/1] (0.88ns)   --->   "%icmp_ln28_7 = icmp_sgt  i9 %select_ln23_7, i9 %select_ln23_1" [src/fast.hpp:28]   --->   Operation 116 'icmp' 'icmp_ln28_7' <Predicate = true> <Delay = 0.88> <CoreInst = "Cmp">   --->   Core 9 'Cmp' <Latency = 0> <II = 1> <Delay = 0.84> <FuncUnit> <Opcode : 'icmp'> <InPorts = 2> <OutPorts = 1>
ST_1 : Operation 117 [1/1] (0.39ns)   --->   "%select_ln28_7 = select i1 %icmp_ln28_7, i9 %select_ln23_7, i9 %select_ln23_1" [src/fast.hpp:28]   --->   Operation 117 'select' 'select_ln28_7' <Predicate = true> <Delay = 0.39> <CoreInst = "Sel">   --->   Core 73 'Sel' <Latency = 0> <II = 1> <Delay = 0.39> <FuncUnit> <Opcode : 'select'> <InPorts = 3> <OutPorts = 1>
ST_1 : Operation 118 [1/1] (0.00ns)   --->   "%zext_ln36 = zext i8 %p_threshold_read" [src/fast.hpp:36]   --->   Operation 118 'zext' 'zext_ln36' <Predicate = true> <Delay = 0.00>
ST_1 : Operation 119 [1/1] (0.88ns)   --->   "%icmp_ln36 = icmp_slt  i9 %select_ln27, i9 %p_read17" [src/fast.hpp:36]   --->   Operation 119 'icmp' 'icmp_ln36' <Predicate = true> <Delay = 0.88> <CoreInst = "Cmp">   --->   Core 9 'Cmp' <Latency = 0> <II = 1> <Delay = 0.84> <FuncUnit> <Opcode : 'icmp'> <InPorts = 2> <OutPorts = 1>
ST_1 : Operation 120 [1/1] (0.39ns)   --->   "%select_ln36 = select i1 %icmp_ln36, i9 %select_ln27, i9 %p_read17" [src/fast.hpp:36]   --->   Operation 120 'select' 'select_ln36' <Predicate = true> <Delay = 0.39> <CoreInst = "Sel">   --->   Core 73 'Sel' <Latency = 0> <II = 1> <Delay = 0.39> <FuncUnit> <Opcode : 'select'> <InPorts = 3> <OutPorts = 1>
ST_1 : Operation 121 [1/1] (0.88ns)   --->   "%icmp_ln36_1 = icmp_sgt  i9 %zext_ln36, i9 %select_ln36" [src/fast.hpp:36]   --->   Operation 121 'icmp' 'icmp_ln36_1' <Predicate = true> <Delay = 0.88> <CoreInst = "Cmp">   --->   Core 9 'Cmp' <Latency = 0> <II = 1> <Delay = 0.84> <FuncUnit> <Opcode : 'icmp'> <InPorts = 2> <OutPorts = 1>
ST_1 : Operation 122 [1/1] (0.00ns)   --->   "%trunc_ln36 = trunc i9 %select_ln36" [src/fast.hpp:36]   --->   Operation 122 'trunc' 'trunc_ln36' <Predicate = true> <Delay = 0.00>
ST_1 : Operation 123 [1/1] (0.39ns)   --->   "%select_ln36_8 = select i1 %icmp_ln36_1, i8 %p_threshold_read, i8 %trunc_ln36" [src/fast.hpp:36]   --->   Operation 123 'select' 'select_ln36_8' <Predicate = true> <Delay = 0.39> <CoreInst = "Sel">   --->   Core 73 'Sel' <Latency = 0> <II = 1> <Delay = 0.39> <FuncUnit> <Opcode : 'select'> <InPorts = 3> <OutPorts = 1>
ST_1 : Operation 124 [1/1] (0.00ns)   --->   "%zext_ln37 = zext i8 %select_ln36_8" [src/fast.hpp:37]   --->   Operation 124 'zext' 'zext_ln37' <Predicate = true> <Delay = 0.00>
ST_1 : Operation 125 [1/1] (0.88ns)   --->   "%icmp_ln37 = icmp_slt  i9 %select_ln27, i9 %p_read_13" [src/fast.hpp:37]   --->   Operation 125 'icmp' 'icmp_ln37' <Predicate = true> <Delay = 0.88> <CoreInst = "Cmp">   --->   Core 9 'Cmp' <Latency = 0> <II = 1> <Delay = 0.84> <FuncUnit> <Opcode : 'icmp'> <InPorts = 2> <OutPorts = 1>
ST_1 : Operation 126 [1/1] (0.39ns)   --->   "%select_ln37 = select i1 %icmp_ln37, i9 %select_ln27, i9 %p_read_13" [src/fast.hpp:37]   --->   Operation 126 'select' 'select_ln37' <Predicate = true> <Delay = 0.39> <CoreInst = "Sel">   --->   Core 73 'Sel' <Latency = 0> <II = 1> <Delay = 0.39> <FuncUnit> <Opcode : 'select'> <InPorts = 3> <OutPorts = 1>
ST_1 : Operation 127 [1/1] (0.88ns)   --->   "%icmp_ln37_1 = icmp_sgt  i9 %zext_ln37, i9 %select_ln37" [src/fast.hpp:37]   --->   Operation 127 'icmp' 'icmp_ln37_1' <Predicate = true> <Delay = 0.88> <CoreInst = "Cmp">   --->   Core 9 'Cmp' <Latency = 0> <II = 1> <Delay = 0.84> <FuncUnit> <Opcode : 'icmp'> <InPorts = 2> <OutPorts = 1>
ST_1 : Operation 128 [1/1] (0.00ns)   --->   "%trunc_ln37 = trunc i9 %select_ln37" [src/fast.hpp:37]   --->   Operation 128 'trunc' 'trunc_ln37' <Predicate = true> <Delay = 0.00>
ST_1 : Operation 129 [1/1] (0.88ns)   --->   "%icmp_ln36_8 = icmp_slt  i9 %select_ln27_1, i9 %p_read39" [src/fast.hpp:36]   --->   Operation 129 'icmp' 'icmp_ln36_8' <Predicate = true> <Delay = 0.88> <CoreInst = "Cmp">   --->   Core 9 'Cmp' <Latency = 0> <II = 1> <Delay = 0.84> <FuncUnit> <Opcode : 'icmp'> <InPorts = 2> <OutPorts = 1>
ST_1 : Operation 130 [1/1] (0.76ns)   --->   "%b0 = sub i9 0, i9 %zext_ln36" [src/fast.hpp:39]   --->   Operation 130 'sub' 'b0' <Predicate = true> <Delay = 0.76> <CoreInst = "Adder">   --->   Core 1 'Adder' <Latency = 0> <II = 1> <Delay = 0.76> <FuncUnit> <Opcode : 'add' 'sub'> <InPorts = 2> <OutPorts = 1>
ST_1 : Operation 131 [1/1] (0.88ns)   --->   "%icmp_ln43 = icmp_sgt  i9 %select_ln28, i9 %p_read17" [src/fast.hpp:43]   --->   Operation 131 'icmp' 'icmp_ln43' <Predicate = true> <Delay = 0.88> <CoreInst = "Cmp">   --->   Core 9 'Cmp' <Latency = 0> <II = 1> <Delay = 0.84> <FuncUnit> <Opcode : 'icmp'> <InPorts = 2> <OutPorts = 1>
ST_1 : Operation 132 [1/1] (0.39ns)   --->   "%select_ln43 = select i1 %icmp_ln43, i9 %select_ln28, i9 %p_read17" [src/fast.hpp:43]   --->   Operation 132 'select' 'select_ln43' <Predicate = true> <Delay = 0.39> <CoreInst = "Sel">   --->   Core 73 'Sel' <Latency = 0> <II = 1> <Delay = 0.39> <FuncUnit> <Opcode : 'select'> <InPorts = 3> <OutPorts = 1>
ST_1 : Operation 133 [1/1] (0.88ns)   --->   "%icmp_ln43_1 = icmp_sgt  i9 %select_ln43, i9 %b0" [src/fast.hpp:43]   --->   Operation 133 'icmp' 'icmp_ln43_1' <Predicate = true> <Delay = 0.88> <CoreInst = "Cmp">   --->   Core 9 'Cmp' <Latency = 0> <II = 1> <Delay = 0.84> <FuncUnit> <Opcode : 'icmp'> <InPorts = 2> <OutPorts = 1>
ST_1 : Operation 134 [1/1] (0.39ns)   --->   "%select_ln43_1 = select i1 %icmp_ln43_1, i9 %b0, i9 %select_ln43" [src/fast.hpp:43]   --->   Operation 134 'select' 'select_ln43_1' <Predicate = true> <Delay = 0.39> <CoreInst = "Sel">   --->   Core 73 'Sel' <Latency = 0> <II = 1> <Delay = 0.39> <FuncUnit> <Opcode : 'select'> <InPorts = 3> <OutPorts = 1>
ST_1 : Operation 135 [1/1] (0.88ns)   --->   "%icmp_ln44 = icmp_sgt  i9 %select_ln28, i9 %p_read_13" [src/fast.hpp:44]   --->   Operation 135 'icmp' 'icmp_ln44' <Predicate = true> <Delay = 0.88> <CoreInst = "Cmp">   --->   Core 9 'Cmp' <Latency = 0> <II = 1> <Delay = 0.84> <FuncUnit> <Opcode : 'icmp'> <InPorts = 2> <OutPorts = 1>
ST_1 : Operation 136 [1/1] (0.39ns)   --->   "%select_ln44 = select i1 %icmp_ln44, i9 %select_ln28, i9 %p_read_13" [src/fast.hpp:44]   --->   Operation 136 'select' 'select_ln44' <Predicate = true> <Delay = 0.39> <CoreInst = "Sel">   --->   Core 73 'Sel' <Latency = 0> <II = 1> <Delay = 0.39> <FuncUnit> <Opcode : 'select'> <InPorts = 3> <OutPorts = 1>
ST_1 : Operation 137 [1/1] (0.88ns)   --->   "%icmp_ln44_2 = icmp_slt  i9 %select_ln43_1, i9 %select_ln44" [src/fast.hpp:44]   --->   Operation 137 'icmp' 'icmp_ln44_2' <Predicate = true> <Delay = 0.88> <CoreInst = "Cmp">   --->   Core 9 'Cmp' <Latency = 0> <II = 1> <Delay = 0.84> <FuncUnit> <Opcode : 'icmp'> <InPorts = 2> <OutPorts = 1>
ST_1 : Operation 138 [1/1] (0.88ns)   --->   "%icmp_ln43_8 = icmp_sgt  i9 %select_ln28_1, i9 %p_read39" [src/fast.hpp:43]   --->   Operation 138 'icmp' 'icmp_ln43_8' <Predicate = true> <Delay = 0.88> <CoreInst = "Cmp">   --->   Core 9 'Cmp' <Latency = 0> <II = 1> <Delay = 0.84> <FuncUnit> <Opcode : 'icmp'> <InPorts = 2> <OutPorts = 1>

State 2 <SV = 1> <Delay = 6.79>
ST_2 : Operation 139 [1/1] (0.39ns)   --->   "%select_ln37_1 = select i1 %icmp_ln37_1, i8 %select_ln36_8, i8 %trunc_ln37" [src/fast.hpp:37]   --->   Operation 139 'select' 'select_ln37_1' <Predicate = true> <Delay = 0.39> <CoreInst = "Sel">   --->   Core 73 'Sel' <Latency = 0> <II = 1> <Delay = 0.39> <FuncUnit> <Opcode : 'select'> <InPorts = 3> <OutPorts = 1>
ST_2 : Operation 140 [1/1] (0.00ns)   --->   "%zext_ln36_1 = zext i8 %select_ln37_1" [src/fast.hpp:36]   --->   Operation 140 'zext' 'zext_ln36_1' <Predicate = true> <Delay = 0.00>
ST_2 : Operation 141 [1/1] (0.39ns)   --->   "%select_ln36_1 = select i1 %icmp_ln36_8, i9 %select_ln27_1, i9 %p_read39" [src/fast.hpp:36]   --->   Operation 141 'select' 'select_ln36_1' <Predicate = true> <Delay = 0.39> <CoreInst = "Sel">   --->   Core 73 'Sel' <Latency = 0> <II = 1> <Delay = 0.39> <FuncUnit> <Opcode : 'select'> <InPorts = 3> <OutPorts = 1>
ST_2 : Operation 142 [1/1] (0.88ns)   --->   "%icmp_ln36_9 = icmp_sgt  i9 %zext_ln36_1, i9 %select_ln36_1" [src/fast.hpp:36]   --->   Operation 142 'icmp' 'icmp_ln36_9' <Predicate = true> <Delay = 0.88> <CoreInst = "Cmp">   --->   Core 9 'Cmp' <Latency = 0> <II = 1> <Delay = 0.84> <FuncUnit> <Opcode : 'icmp'> <InPorts = 2> <OutPorts = 1>
ST_2 : Operation 143 [1/1] (0.00ns)   --->   "%trunc_ln36_1 = trunc i9 %select_ln36_1" [src/fast.hpp:36]   --->   Operation 143 'trunc' 'trunc_ln36_1' <Predicate = true> <Delay = 0.00>
ST_2 : Operation 144 [1/1] (0.39ns)   --->   "%select_ln36_9 = select i1 %icmp_ln36_9, i8 %select_ln37_1, i8 %trunc_ln36_1" [src/fast.hpp:36]   --->   Operation 144 'select' 'select_ln36_9' <Predicate = true> <Delay = 0.39> <CoreInst = "Sel">   --->   Core 73 'Sel' <Latency = 0> <II = 1> <Delay = 0.39> <FuncUnit> <Opcode : 'select'> <InPorts = 3> <OutPorts = 1>
ST_2 : Operation 145 [1/1] (0.00ns)   --->   "%zext_ln37_1 = zext i8 %select_ln36_9" [src/fast.hpp:37]   --->   Operation 145 'zext' 'zext_ln37_1' <Predicate = true> <Delay = 0.00>
ST_2 : Operation 146 [1/1] (0.88ns)   --->   "%icmp_ln37_8 = icmp_slt  i9 %select_ln27_1, i9 %p_read_11" [src/fast.hpp:37]   --->   Operation 146 'icmp' 'icmp_ln37_8' <Predicate = true> <Delay = 0.88> <CoreInst = "Cmp">   --->   Core 9 'Cmp' <Latency = 0> <II = 1> <Delay = 0.84> <FuncUnit> <Opcode : 'icmp'> <InPorts = 2> <OutPorts = 1>
ST_2 : Operation 147 [1/1] (0.39ns)   --->   "%select_ln37_8 = select i1 %icmp_ln37_8, i9 %select_ln27_1, i9 %p_read_11" [src/fast.hpp:37]   --->   Operation 147 'select' 'select_ln37_8' <Predicate = true> <Delay = 0.39> <CoreInst = "Sel">   --->   Core 73 'Sel' <Latency = 0> <II = 1> <Delay = 0.39> <FuncUnit> <Opcode : 'select'> <InPorts = 3> <OutPorts = 1>
ST_2 : Operation 148 [1/1] (0.88ns)   --->   "%icmp_ln37_9 = icmp_sgt  i9 %zext_ln37_1, i9 %select_ln37_8" [src/fast.hpp:37]   --->   Operation 148 'icmp' 'icmp_ln37_9' <Predicate = true> <Delay = 0.88> <CoreInst = "Cmp">   --->   Core 9 'Cmp' <Latency = 0> <II = 1> <Delay = 0.84> <FuncUnit> <Opcode : 'icmp'> <InPorts = 2> <OutPorts = 1>
ST_2 : Operation 149 [1/1] (0.00ns)   --->   "%trunc_ln37_1 = trunc i9 %select_ln37_8" [src/fast.hpp:37]   --->   Operation 149 'trunc' 'trunc_ln37_1' <Predicate = true> <Delay = 0.00>
ST_2 : Operation 150 [1/1] (0.39ns)   --->   "%select_ln37_9 = select i1 %icmp_ln37_9, i8 %select_ln36_9, i8 %trunc_ln37_1" [src/fast.hpp:37]   --->   Operation 150 'select' 'select_ln37_9' <Predicate = true> <Delay = 0.39> <CoreInst = "Sel">   --->   Core 73 'Sel' <Latency = 0> <II = 1> <Delay = 0.39> <FuncUnit> <Opcode : 'select'> <InPorts = 3> <OutPorts = 1>
ST_2 : Operation 151 [1/1] (0.00ns)   --->   "%zext_ln36_2 = zext i8 %select_ln37_9" [src/fast.hpp:36]   --->   Operation 151 'zext' 'zext_ln36_2' <Predicate = true> <Delay = 0.00>
ST_2 : Operation 152 [1/1] (0.88ns)   --->   "%icmp_ln36_2 = icmp_slt  i9 %select_ln27_2, i9 %p_read511" [src/fast.hpp:36]   --->   Operation 152 'icmp' 'icmp_ln36_2' <Predicate = true> <Delay = 0.88> <CoreInst = "Cmp">   --->   Core 9 'Cmp' <Latency = 0> <II = 1> <Delay = 0.84> <FuncUnit> <Opcode : 'icmp'> <InPorts = 2> <OutPorts = 1>
ST_2 : Operation 153 [1/1] (0.39ns)   --->   "%select_ln36_2 = select i1 %icmp_ln36_2, i9 %select_ln27_2, i9 %p_read511" [src/fast.hpp:36]   --->   Operation 153 'select' 'select_ln36_2' <Predicate = true> <Delay = 0.39> <CoreInst = "Sel">   --->   Core 73 'Sel' <Latency = 0> <II = 1> <Delay = 0.39> <FuncUnit> <Opcode : 'select'> <InPorts = 3> <OutPorts = 1>
ST_2 : Operation 154 [1/1] (0.88ns)   --->   "%icmp_ln36_10 = icmp_sgt  i9 %zext_ln36_2, i9 %select_ln36_2" [src/fast.hpp:36]   --->   Operation 154 'icmp' 'icmp_ln36_10' <Predicate = true> <Delay = 0.88> <CoreInst = "Cmp">   --->   Core 9 'Cmp' <Latency = 0> <II = 1> <Delay = 0.84> <FuncUnit> <Opcode : 'icmp'> <InPorts = 2> <OutPorts = 1>
ST_2 : Operation 155 [1/1] (0.00ns)   --->   "%trunc_ln36_2 = trunc i9 %select_ln36_2" [src/fast.hpp:36]   --->   Operation 155 'trunc' 'trunc_ln36_2' <Predicate = true> <Delay = 0.00>
ST_2 : Operation 156 [1/1] (0.39ns)   --->   "%select_ln36_10 = select i1 %icmp_ln36_10, i8 %select_ln37_9, i8 %trunc_ln36_2" [src/fast.hpp:36]   --->   Operation 156 'select' 'select_ln36_10' <Predicate = true> <Delay = 0.39> <CoreInst = "Sel">   --->   Core 73 'Sel' <Latency = 0> <II = 1> <Delay = 0.39> <FuncUnit> <Opcode : 'select'> <InPorts = 3> <OutPorts = 1>
ST_2 : Operation 157 [1/1] (0.00ns)   --->   "%zext_ln37_2 = zext i8 %select_ln36_10" [src/fast.hpp:37]   --->   Operation 157 'zext' 'zext_ln37_2' <Predicate = true> <Delay = 0.00>
ST_2 : Operation 158 [1/1] (0.88ns)   --->   "%icmp_ln37_2 = icmp_slt  i9 %select_ln27_2, i9 %p_read_9" [src/fast.hpp:37]   --->   Operation 158 'icmp' 'icmp_ln37_2' <Predicate = true> <Delay = 0.88> <CoreInst = "Cmp">   --->   Core 9 'Cmp' <Latency = 0> <II = 1> <Delay = 0.84> <FuncUnit> <Opcode : 'icmp'> <InPorts = 2> <OutPorts = 1>
ST_2 : Operation 159 [1/1] (0.39ns)   --->   "%select_ln37_2 = select i1 %icmp_ln37_2, i9 %select_ln27_2, i9 %p_read_9" [src/fast.hpp:37]   --->   Operation 159 'select' 'select_ln37_2' <Predicate = true> <Delay = 0.39> <CoreInst = "Sel">   --->   Core 73 'Sel' <Latency = 0> <II = 1> <Delay = 0.39> <FuncUnit> <Opcode : 'select'> <InPorts = 3> <OutPorts = 1>
ST_2 : Operation 160 [1/1] (0.88ns)   --->   "%icmp_ln37_10 = icmp_sgt  i9 %zext_ln37_2, i9 %select_ln37_2" [src/fast.hpp:37]   --->   Operation 160 'icmp' 'icmp_ln37_10' <Predicate = true> <Delay = 0.88> <CoreInst = "Cmp">   --->   Core 9 'Cmp' <Latency = 0> <II = 1> <Delay = 0.84> <FuncUnit> <Opcode : 'icmp'> <InPorts = 2> <OutPorts = 1>
ST_2 : Operation 161 [1/1] (0.00ns)   --->   "%trunc_ln37_2 = trunc i9 %select_ln37_2" [src/fast.hpp:37]   --->   Operation 161 'trunc' 'trunc_ln37_2' <Predicate = true> <Delay = 0.00>
ST_2 : Operation 162 [1/1] (0.39ns)   --->   "%select_ln37_10 = select i1 %icmp_ln37_10, i8 %select_ln36_10, i8 %trunc_ln37_2" [src/fast.hpp:37]   --->   Operation 162 'select' 'select_ln37_10' <Predicate = true> <Delay = 0.39> <CoreInst = "Sel">   --->   Core 73 'Sel' <Latency = 0> <II = 1> <Delay = 0.39> <FuncUnit> <Opcode : 'select'> <InPorts = 3> <OutPorts = 1>
ST_2 : Operation 163 [1/1] (0.00ns)   --->   "%zext_ln36_3 = zext i8 %select_ln37_10" [src/fast.hpp:36]   --->   Operation 163 'zext' 'zext_ln36_3' <Predicate = true> <Delay = 0.00>
ST_2 : Operation 164 [1/1] (0.88ns)   --->   "%icmp_ln36_3 = icmp_slt  i9 %select_ln27_3, i9 %p_read713" [src/fast.hpp:36]   --->   Operation 164 'icmp' 'icmp_ln36_3' <Predicate = true> <Delay = 0.88> <CoreInst = "Cmp">   --->   Core 9 'Cmp' <Latency = 0> <II = 1> <Delay = 0.84> <FuncUnit> <Opcode : 'icmp'> <InPorts = 2> <OutPorts = 1>
ST_2 : Operation 165 [1/1] (0.39ns)   --->   "%select_ln36_3 = select i1 %icmp_ln36_3, i9 %select_ln27_3, i9 %p_read713" [src/fast.hpp:36]   --->   Operation 165 'select' 'select_ln36_3' <Predicate = true> <Delay = 0.39> <CoreInst = "Sel">   --->   Core 73 'Sel' <Latency = 0> <II = 1> <Delay = 0.39> <FuncUnit> <Opcode : 'select'> <InPorts = 3> <OutPorts = 1>
ST_2 : Operation 166 [1/1] (0.88ns)   --->   "%icmp_ln36_11 = icmp_sgt  i9 %zext_ln36_3, i9 %select_ln36_3" [src/fast.hpp:36]   --->   Operation 166 'icmp' 'icmp_ln36_11' <Predicate = true> <Delay = 0.88> <CoreInst = "Cmp">   --->   Core 9 'Cmp' <Latency = 0> <II = 1> <Delay = 0.84> <FuncUnit> <Opcode : 'icmp'> <InPorts = 2> <OutPorts = 1>
ST_2 : Operation 167 [1/1] (0.00ns)   --->   "%trunc_ln36_3 = trunc i9 %select_ln36_3" [src/fast.hpp:36]   --->   Operation 167 'trunc' 'trunc_ln36_3' <Predicate = true> <Delay = 0.00>
ST_2 : Operation 168 [1/1] (0.39ns)   --->   "%select_ln36_11 = select i1 %icmp_ln36_11, i8 %select_ln37_10, i8 %trunc_ln36_3" [src/fast.hpp:36]   --->   Operation 168 'select' 'select_ln36_11' <Predicate = true> <Delay = 0.39> <CoreInst = "Sel">   --->   Core 73 'Sel' <Latency = 0> <II = 1> <Delay = 0.39> <FuncUnit> <Opcode : 'select'> <InPorts = 3> <OutPorts = 1>
ST_2 : Operation 169 [1/1] (0.88ns)   --->   "%icmp_ln37_3 = icmp_slt  i9 %select_ln27_3, i9 %p_read" [src/fast.hpp:37]   --->   Operation 169 'icmp' 'icmp_ln37_3' <Predicate = true> <Delay = 0.88> <CoreInst = "Cmp">   --->   Core 9 'Cmp' <Latency = 0> <II = 1> <Delay = 0.84> <FuncUnit> <Opcode : 'icmp'> <InPorts = 2> <OutPorts = 1>
ST_2 : Operation 170 [1/1] (0.39ns)   --->   "%select_ln37_3 = select i1 %icmp_ln37_3, i9 %select_ln27_3, i9 %p_read" [src/fast.hpp:37]   --->   Operation 170 'select' 'select_ln37_3' <Predicate = true> <Delay = 0.39> <CoreInst = "Sel">   --->   Core 73 'Sel' <Latency = 0> <II = 1> <Delay = 0.39> <FuncUnit> <Opcode : 'select'> <InPorts = 3> <OutPorts = 1>
ST_2 : Operation 171 [1/1] (0.00ns)   --->   "%trunc_ln37_3 = trunc i9 %select_ln37_3" [src/fast.hpp:37]   --->   Operation 171 'trunc' 'trunc_ln37_3' <Predicate = true> <Delay = 0.00>
ST_2 : Operation 172 [1/1] (0.39ns)   --->   "%select_ln44_1 = select i1 %icmp_ln44_2, i9 %select_ln43_1, i9 %select_ln44" [src/fast.hpp:44]   --->   Operation 172 'select' 'select_ln44_1' <Predicate = true> <Delay = 0.39> <CoreInst = "Sel">   --->   Core 73 'Sel' <Latency = 0> <II = 1> <Delay = 0.39> <FuncUnit> <Opcode : 'select'> <InPorts = 3> <OutPorts = 1>
ST_2 : Operation 173 [1/1] (0.39ns)   --->   "%select_ln43_2 = select i1 %icmp_ln43_8, i9 %select_ln28_1, i9 %p_read39" [src/fast.hpp:43]   --->   Operation 173 'select' 'select_ln43_2' <Predicate = true> <Delay = 0.39> <CoreInst = "Sel">   --->   Core 73 'Sel' <Latency = 0> <II = 1> <Delay = 0.39> <FuncUnit> <Opcode : 'select'> <InPorts = 3> <OutPorts = 1>
ST_2 : Operation 174 [1/1] (0.88ns)   --->   "%icmp_ln43_9 = icmp_slt  i9 %select_ln44_1, i9 %select_ln43_2" [src/fast.hpp:43]   --->   Operation 174 'icmp' 'icmp_ln43_9' <Predicate = true> <Delay = 0.88> <CoreInst = "Cmp">   --->   Core 9 'Cmp' <Latency = 0> <II = 1> <Delay = 0.84> <FuncUnit> <Opcode : 'icmp'> <InPorts = 2> <OutPorts = 1>
ST_2 : Operation 175 [1/1] (0.39ns)   --->   "%select_ln43_3 = select i1 %icmp_ln43_9, i9 %select_ln44_1, i9 %select_ln43_2" [src/fast.hpp:43]   --->   Operation 175 'select' 'select_ln43_3' <Predicate = true> <Delay = 0.39> <CoreInst = "Sel">   --->   Core 73 'Sel' <Latency = 0> <II = 1> <Delay = 0.39> <FuncUnit> <Opcode : 'select'> <InPorts = 3> <OutPorts = 1>
ST_2 : Operation 176 [1/1] (0.88ns)   --->   "%icmp_ln44_1 = icmp_sgt  i9 %select_ln28_1, i9 %p_read_11" [src/fast.hpp:44]   --->   Operation 176 'icmp' 'icmp_ln44_1' <Predicate = true> <Delay = 0.88> <CoreInst = "Cmp">   --->   Core 9 'Cmp' <Latency = 0> <II = 1> <Delay = 0.84> <FuncUnit> <Opcode : 'icmp'> <InPorts = 2> <OutPorts = 1>
ST_2 : Operation 177 [1/1] (0.39ns)   --->   "%select_ln44_2 = select i1 %icmp_ln44_1, i9 %select_ln28_1, i9 %p_read_11" [src/fast.hpp:44]   --->   Operation 177 'select' 'select_ln44_2' <Predicate = true> <Delay = 0.39> <CoreInst = "Sel">   --->   Core 73 'Sel' <Latency = 0> <II = 1> <Delay = 0.39> <FuncUnit> <Opcode : 'select'> <InPorts = 3> <OutPorts = 1>
ST_2 : Operation 178 [1/1] (0.88ns)   --->   "%icmp_ln44_8 = icmp_slt  i9 %select_ln43_3, i9 %select_ln44_2" [src/fast.hpp:44]   --->   Operation 178 'icmp' 'icmp_ln44_8' <Predicate = true> <Delay = 0.88> <CoreInst = "Cmp">   --->   Core 9 'Cmp' <Latency = 0> <II = 1> <Delay = 0.84> <FuncUnit> <Opcode : 'icmp'> <InPorts = 2> <OutPorts = 1>
ST_2 : Operation 179 [1/1] (0.39ns)   --->   "%select_ln44_3 = select i1 %icmp_ln44_8, i9 %select_ln43_3, i9 %select_ln44_2" [src/fast.hpp:44]   --->   Operation 179 'select' 'select_ln44_3' <Predicate = true> <Delay = 0.39> <CoreInst = "Sel">   --->   Core 73 'Sel' <Latency = 0> <II = 1> <Delay = 0.39> <FuncUnit> <Opcode : 'select'> <InPorts = 3> <OutPorts = 1>
ST_2 : Operation 180 [1/1] (0.88ns)   --->   "%icmp_ln43_2 = icmp_sgt  i9 %select_ln28_2, i9 %p_read511" [src/fast.hpp:43]   --->   Operation 180 'icmp' 'icmp_ln43_2' <Predicate = true> <Delay = 0.88> <CoreInst = "Cmp">   --->   Core 9 'Cmp' <Latency = 0> <II = 1> <Delay = 0.84> <FuncUnit> <Opcode : 'icmp'> <InPorts = 2> <OutPorts = 1>
ST_2 : Operation 181 [1/1] (0.39ns)   --->   "%select_ln43_4 = select i1 %icmp_ln43_2, i9 %select_ln28_2, i9 %p_read511" [src/fast.hpp:43]   --->   Operation 181 'select' 'select_ln43_4' <Predicate = true> <Delay = 0.39> <CoreInst = "Sel">   --->   Core 73 'Sel' <Latency = 0> <II = 1> <Delay = 0.39> <FuncUnit> <Opcode : 'select'> <InPorts = 3> <OutPorts = 1>
ST_2 : Operation 182 [1/1] (0.88ns)   --->   "%icmp_ln43_10 = icmp_slt  i9 %select_ln44_3, i9 %select_ln43_4" [src/fast.hpp:43]   --->   Operation 182 'icmp' 'icmp_ln43_10' <Predicate = true> <Delay = 0.88> <CoreInst = "Cmp">   --->   Core 9 'Cmp' <Latency = 0> <II = 1> <Delay = 0.84> <FuncUnit> <Opcode : 'icmp'> <InPorts = 2> <OutPorts = 1>
ST_2 : Operation 183 [1/1] (0.39ns)   --->   "%select_ln43_5 = select i1 %icmp_ln43_10, i9 %select_ln44_3, i9 %select_ln43_4" [src/fast.hpp:43]   --->   Operation 183 'select' 'select_ln43_5' <Predicate = true> <Delay = 0.39> <CoreInst = "Sel">   --->   Core 73 'Sel' <Latency = 0> <II = 1> <Delay = 0.39> <FuncUnit> <Opcode : 'select'> <InPorts = 3> <OutPorts = 1>
ST_2 : Operation 184 [1/1] (0.88ns)   --->   "%icmp_ln44_9 = icmp_sgt  i9 %select_ln28_2, i9 %p_read_9" [src/fast.hpp:44]   --->   Operation 184 'icmp' 'icmp_ln44_9' <Predicate = true> <Delay = 0.88> <CoreInst = "Cmp">   --->   Core 9 'Cmp' <Latency = 0> <II = 1> <Delay = 0.84> <FuncUnit> <Opcode : 'icmp'> <InPorts = 2> <OutPorts = 1>
ST_2 : Operation 185 [1/1] (0.39ns)   --->   "%select_ln44_4 = select i1 %icmp_ln44_9, i9 %select_ln28_2, i9 %p_read_9" [src/fast.hpp:44]   --->   Operation 185 'select' 'select_ln44_4' <Predicate = true> <Delay = 0.39> <CoreInst = "Sel">   --->   Core 73 'Sel' <Latency = 0> <II = 1> <Delay = 0.39> <FuncUnit> <Opcode : 'select'> <InPorts = 3> <OutPorts = 1>
ST_2 : Operation 186 [1/1] (0.88ns)   --->   "%icmp_ln44_10 = icmp_slt  i9 %select_ln43_5, i9 %select_ln44_4" [src/fast.hpp:44]   --->   Operation 186 'icmp' 'icmp_ln44_10' <Predicate = true> <Delay = 0.88> <CoreInst = "Cmp">   --->   Core 9 'Cmp' <Latency = 0> <II = 1> <Delay = 0.84> <FuncUnit> <Opcode : 'icmp'> <InPorts = 2> <OutPorts = 1>
ST_2 : Operation 187 [1/1] (0.39ns)   --->   "%select_ln44_5 = select i1 %icmp_ln44_10, i9 %select_ln43_5, i9 %select_ln44_4" [src/fast.hpp:44]   --->   Operation 187 'select' 'select_ln44_5' <Predicate = true> <Delay = 0.39> <CoreInst = "Sel">   --->   Core 73 'Sel' <Latency = 0> <II = 1> <Delay = 0.39> <FuncUnit> <Opcode : 'select'> <InPorts = 3> <OutPorts = 1>
ST_2 : Operation 188 [1/1] (0.88ns)   --->   "%icmp_ln43_3 = icmp_sgt  i9 %select_ln28_3, i9 %p_read713" [src/fast.hpp:43]   --->   Operation 188 'icmp' 'icmp_ln43_3' <Predicate = true> <Delay = 0.88> <CoreInst = "Cmp">   --->   Core 9 'Cmp' <Latency = 0> <II = 1> <Delay = 0.84> <FuncUnit> <Opcode : 'icmp'> <InPorts = 2> <OutPorts = 1>
ST_2 : Operation 189 [1/1] (0.39ns)   --->   "%select_ln43_6 = select i1 %icmp_ln43_3, i9 %select_ln28_3, i9 %p_read713" [src/fast.hpp:43]   --->   Operation 189 'select' 'select_ln43_6' <Predicate = true> <Delay = 0.39> <CoreInst = "Sel">   --->   Core 73 'Sel' <Latency = 0> <II = 1> <Delay = 0.39> <FuncUnit> <Opcode : 'select'> <InPorts = 3> <OutPorts = 1>
ST_2 : Operation 190 [1/1] (0.88ns)   --->   "%icmp_ln43_11 = icmp_slt  i9 %select_ln44_5, i9 %select_ln43_6" [src/fast.hpp:43]   --->   Operation 190 'icmp' 'icmp_ln43_11' <Predicate = true> <Delay = 0.88> <CoreInst = "Cmp">   --->   Core 9 'Cmp' <Latency = 0> <II = 1> <Delay = 0.84> <FuncUnit> <Opcode : 'icmp'> <InPorts = 2> <OutPorts = 1>
ST_2 : Operation 191 [1/1] (0.39ns)   --->   "%select_ln43_7 = select i1 %icmp_ln43_11, i9 %select_ln44_5, i9 %select_ln43_6" [src/fast.hpp:43]   --->   Operation 191 'select' 'select_ln43_7' <Predicate = true> <Delay = 0.39> <CoreInst = "Sel">   --->   Core 73 'Sel' <Latency = 0> <II = 1> <Delay = 0.39> <FuncUnit> <Opcode : 'select'> <InPorts = 3> <OutPorts = 1>
ST_2 : Operation 192 [1/1] (0.88ns)   --->   "%icmp_ln44_3 = icmp_sgt  i9 %select_ln28_3, i9 %p_read" [src/fast.hpp:44]   --->   Operation 192 'icmp' 'icmp_ln44_3' <Predicate = true> <Delay = 0.88> <CoreInst = "Cmp">   --->   Core 9 'Cmp' <Latency = 0> <II = 1> <Delay = 0.84> <FuncUnit> <Opcode : 'icmp'> <InPorts = 2> <OutPorts = 1>
ST_2 : Operation 193 [1/1] (0.39ns)   --->   "%select_ln44_6 = select i1 %icmp_ln44_3, i9 %select_ln28_3, i9 %p_read" [src/fast.hpp:44]   --->   Operation 193 'select' 'select_ln44_6' <Predicate = true> <Delay = 0.39> <CoreInst = "Sel">   --->   Core 73 'Sel' <Latency = 0> <II = 1> <Delay = 0.39> <FuncUnit> <Opcode : 'select'> <InPorts = 3> <OutPorts = 1>

State 3 <SV = 2> <Delay = 7.25>
ST_3 : Operation 194 [1/1] (0.00ns)   --->   "%zext_ln37_3 = zext i8 %select_ln36_11" [src/fast.hpp:37]   --->   Operation 194 'zext' 'zext_ln37_3' <Predicate = true> <Delay = 0.00>
ST_3 : Operation 195 [1/1] (0.88ns)   --->   "%icmp_ln37_11 = icmp_sgt  i9 %zext_ln37_3, i9 %select_ln37_3" [src/fast.hpp:37]   --->   Operation 195 'icmp' 'icmp_ln37_11' <Predicate = true> <Delay = 0.88> <CoreInst = "Cmp">   --->   Core 9 'Cmp' <Latency = 0> <II = 1> <Delay = 0.84> <FuncUnit> <Opcode : 'icmp'> <InPorts = 2> <OutPorts = 1>
ST_3 : Operation 196 [1/1] (0.39ns)   --->   "%select_ln37_11 = select i1 %icmp_ln37_11, i8 %select_ln36_11, i8 %trunc_ln37_3" [src/fast.hpp:37]   --->   Operation 196 'select' 'select_ln37_11' <Predicate = true> <Delay = 0.39> <CoreInst = "Sel">   --->   Core 73 'Sel' <Latency = 0> <II = 1> <Delay = 0.39> <FuncUnit> <Opcode : 'select'> <InPorts = 3> <OutPorts = 1>
ST_3 : Operation 197 [1/1] (0.00ns)   --->   "%zext_ln36_4 = zext i8 %select_ln37_11" [src/fast.hpp:36]   --->   Operation 197 'zext' 'zext_ln36_4' <Predicate = true> <Delay = 0.00>
ST_3 : Operation 198 [1/1] (0.88ns)   --->   "%icmp_ln36_4 = icmp_slt  i9 %select_ln27_4, i9 %p_read_14" [src/fast.hpp:36]   --->   Operation 198 'icmp' 'icmp_ln36_4' <Predicate = true> <Delay = 0.88> <CoreInst = "Cmp">   --->   Core 9 'Cmp' <Latency = 0> <II = 1> <Delay = 0.84> <FuncUnit> <Opcode : 'icmp'> <InPorts = 2> <OutPorts = 1>
ST_3 : Operation 199 [1/1] (0.39ns)   --->   "%select_ln36_4 = select i1 %icmp_ln36_4, i9 %select_ln27_4, i9 %p_read_14" [src/fast.hpp:36]   --->   Operation 199 'select' 'select_ln36_4' <Predicate = true> <Delay = 0.39> <CoreInst = "Sel">   --->   Core 73 'Sel' <Latency = 0> <II = 1> <Delay = 0.39> <FuncUnit> <Opcode : 'select'> <InPorts = 3> <OutPorts = 1>
ST_3 : Operation 200 [1/1] (0.88ns)   --->   "%icmp_ln36_12 = icmp_sgt  i9 %zext_ln36_4, i9 %select_ln36_4" [src/fast.hpp:36]   --->   Operation 200 'icmp' 'icmp_ln36_12' <Predicate = true> <Delay = 0.88> <CoreInst = "Cmp">   --->   Core 9 'Cmp' <Latency = 0> <II = 1> <Delay = 0.84> <FuncUnit> <Opcode : 'icmp'> <InPorts = 2> <OutPorts = 1>
ST_3 : Operation 201 [1/1] (0.00ns)   --->   "%trunc_ln36_4 = trunc i9 %select_ln36_4" [src/fast.hpp:36]   --->   Operation 201 'trunc' 'trunc_ln36_4' <Predicate = true> <Delay = 0.00>
ST_3 : Operation 202 [1/1] (0.39ns)   --->   "%select_ln36_12 = select i1 %icmp_ln36_12, i8 %select_ln37_11, i8 %trunc_ln36_4" [src/fast.hpp:36]   --->   Operation 202 'select' 'select_ln36_12' <Predicate = true> <Delay = 0.39> <CoreInst = "Sel">   --->   Core 73 'Sel' <Latency = 0> <II = 1> <Delay = 0.39> <FuncUnit> <Opcode : 'select'> <InPorts = 3> <OutPorts = 1>
ST_3 : Operation 203 [1/1] (0.00ns)   --->   "%zext_ln37_4 = zext i8 %select_ln36_12" [src/fast.hpp:37]   --->   Operation 203 'zext' 'zext_ln37_4' <Predicate = true> <Delay = 0.00>
ST_3 : Operation 204 [1/1] (0.88ns)   --->   "%icmp_ln37_4 = icmp_slt  i9 %select_ln27_4, i9 %p_read28" [src/fast.hpp:37]   --->   Operation 204 'icmp' 'icmp_ln37_4' <Predicate = true> <Delay = 0.88> <CoreInst = "Cmp">   --->   Core 9 'Cmp' <Latency = 0> <II = 1> <Delay = 0.84> <FuncUnit> <Opcode : 'icmp'> <InPorts = 2> <OutPorts = 1>
ST_3 : Operation 205 [1/1] (0.39ns)   --->   "%select_ln37_4 = select i1 %icmp_ln37_4, i9 %select_ln27_4, i9 %p_read28" [src/fast.hpp:37]   --->   Operation 205 'select' 'select_ln37_4' <Predicate = true> <Delay = 0.39> <CoreInst = "Sel">   --->   Core 73 'Sel' <Latency = 0> <II = 1> <Delay = 0.39> <FuncUnit> <Opcode : 'select'> <InPorts = 3> <OutPorts = 1>
ST_3 : Operation 206 [1/1] (0.88ns)   --->   "%icmp_ln37_12 = icmp_sgt  i9 %zext_ln37_4, i9 %select_ln37_4" [src/fast.hpp:37]   --->   Operation 206 'icmp' 'icmp_ln37_12' <Predicate = true> <Delay = 0.88> <CoreInst = "Cmp">   --->   Core 9 'Cmp' <Latency = 0> <II = 1> <Delay = 0.84> <FuncUnit> <Opcode : 'icmp'> <InPorts = 2> <OutPorts = 1>
ST_3 : Operation 207 [1/1] (0.00ns)   --->   "%trunc_ln37_4 = trunc i9 %select_ln37_4" [src/fast.hpp:37]   --->   Operation 207 'trunc' 'trunc_ln37_4' <Predicate = true> <Delay = 0.00>
ST_3 : Operation 208 [1/1] (0.39ns)   --->   "%select_ln37_12 = select i1 %icmp_ln37_12, i8 %select_ln36_12, i8 %trunc_ln37_4" [src/fast.hpp:37]   --->   Operation 208 'select' 'select_ln37_12' <Predicate = true> <Delay = 0.39> <CoreInst = "Sel">   --->   Core 73 'Sel' <Latency = 0> <II = 1> <Delay = 0.39> <FuncUnit> <Opcode : 'select'> <InPorts = 3> <OutPorts = 1>
ST_3 : Operation 209 [1/1] (0.00ns)   --->   "%zext_ln36_5 = zext i8 %select_ln37_12" [src/fast.hpp:36]   --->   Operation 209 'zext' 'zext_ln36_5' <Predicate = true> <Delay = 0.00>
ST_3 : Operation 210 [1/1] (0.88ns)   --->   "%icmp_ln36_5 = icmp_slt  i9 %select_ln27_5, i9 %p_read_12" [src/fast.hpp:36]   --->   Operation 210 'icmp' 'icmp_ln36_5' <Predicate = true> <Delay = 0.88> <CoreInst = "Cmp">   --->   Core 9 'Cmp' <Latency = 0> <II = 1> <Delay = 0.84> <FuncUnit> <Opcode : 'icmp'> <InPorts = 2> <OutPorts = 1>
ST_3 : Operation 211 [1/1] (0.39ns)   --->   "%select_ln36_5 = select i1 %icmp_ln36_5, i9 %select_ln27_5, i9 %p_read_12" [src/fast.hpp:36]   --->   Operation 211 'select' 'select_ln36_5' <Predicate = true> <Delay = 0.39> <CoreInst = "Sel">   --->   Core 73 'Sel' <Latency = 0> <II = 1> <Delay = 0.39> <FuncUnit> <Opcode : 'select'> <InPorts = 3> <OutPorts = 1>
ST_3 : Operation 212 [1/1] (0.88ns)   --->   "%icmp_ln36_13 = icmp_sgt  i9 %zext_ln36_5, i9 %select_ln36_5" [src/fast.hpp:36]   --->   Operation 212 'icmp' 'icmp_ln36_13' <Predicate = true> <Delay = 0.88> <CoreInst = "Cmp">   --->   Core 9 'Cmp' <Latency = 0> <II = 1> <Delay = 0.84> <FuncUnit> <Opcode : 'icmp'> <InPorts = 2> <OutPorts = 1>
ST_3 : Operation 213 [1/1] (0.00ns)   --->   "%trunc_ln36_5 = trunc i9 %select_ln36_5" [src/fast.hpp:36]   --->   Operation 213 'trunc' 'trunc_ln36_5' <Predicate = true> <Delay = 0.00>
ST_3 : Operation 214 [1/1] (0.39ns)   --->   "%select_ln36_13 = select i1 %icmp_ln36_13, i8 %select_ln37_12, i8 %trunc_ln36_5" [src/fast.hpp:36]   --->   Operation 214 'select' 'select_ln36_13' <Predicate = true> <Delay = 0.39> <CoreInst = "Sel">   --->   Core 73 'Sel' <Latency = 0> <II = 1> <Delay = 0.39> <FuncUnit> <Opcode : 'select'> <InPorts = 3> <OutPorts = 1>
ST_3 : Operation 215 [1/1] (0.00ns)   --->   "%zext_ln37_5 = zext i8 %select_ln36_13" [src/fast.hpp:37]   --->   Operation 215 'zext' 'zext_ln37_5' <Predicate = true> <Delay = 0.00>
ST_3 : Operation 216 [1/1] (0.88ns)   --->   "%icmp_ln37_5 = icmp_slt  i9 %select_ln27_5, i9 %p_read410" [src/fast.hpp:37]   --->   Operation 216 'icmp' 'icmp_ln37_5' <Predicate = true> <Delay = 0.88> <CoreInst = "Cmp">   --->   Core 9 'Cmp' <Latency = 0> <II = 1> <Delay = 0.84> <FuncUnit> <Opcode : 'icmp'> <InPorts = 2> <OutPorts = 1>
ST_3 : Operation 217 [1/1] (0.39ns)   --->   "%select_ln37_5 = select i1 %icmp_ln37_5, i9 %select_ln27_5, i9 %p_read410" [src/fast.hpp:37]   --->   Operation 217 'select' 'select_ln37_5' <Predicate = true> <Delay = 0.39> <CoreInst = "Sel">   --->   Core 73 'Sel' <Latency = 0> <II = 1> <Delay = 0.39> <FuncUnit> <Opcode : 'select'> <InPorts = 3> <OutPorts = 1>
ST_3 : Operation 218 [1/1] (0.88ns)   --->   "%icmp_ln37_13 = icmp_sgt  i9 %zext_ln37_5, i9 %select_ln37_5" [src/fast.hpp:37]   --->   Operation 218 'icmp' 'icmp_ln37_13' <Predicate = true> <Delay = 0.88> <CoreInst = "Cmp">   --->   Core 9 'Cmp' <Latency = 0> <II = 1> <Delay = 0.84> <FuncUnit> <Opcode : 'icmp'> <InPorts = 2> <OutPorts = 1>
ST_3 : Operation 219 [1/1] (0.00ns)   --->   "%trunc_ln37_5 = trunc i9 %select_ln37_5" [src/fast.hpp:37]   --->   Operation 219 'trunc' 'trunc_ln37_5' <Predicate = true> <Delay = 0.00>
ST_3 : Operation 220 [1/1] (0.39ns)   --->   "%select_ln37_13 = select i1 %icmp_ln37_13, i8 %select_ln36_13, i8 %trunc_ln37_5" [src/fast.hpp:37]   --->   Operation 220 'select' 'select_ln37_13' <Predicate = true> <Delay = 0.39> <CoreInst = "Sel">   --->   Core 73 'Sel' <Latency = 0> <II = 1> <Delay = 0.39> <FuncUnit> <Opcode : 'select'> <InPorts = 3> <OutPorts = 1>
ST_3 : Operation 221 [1/1] (0.00ns)   --->   "%zext_ln36_6 = zext i8 %select_ln37_13" [src/fast.hpp:36]   --->   Operation 221 'zext' 'zext_ln36_6' <Predicate = true> <Delay = 0.00>
ST_3 : Operation 222 [1/1] (0.88ns)   --->   "%icmp_ln36_6 = icmp_slt  i9 %select_ln27_6, i9 %p_read_10" [src/fast.hpp:36]   --->   Operation 222 'icmp' 'icmp_ln36_6' <Predicate = true> <Delay = 0.88> <CoreInst = "Cmp">   --->   Core 9 'Cmp' <Latency = 0> <II = 1> <Delay = 0.84> <FuncUnit> <Opcode : 'icmp'> <InPorts = 2> <OutPorts = 1>
ST_3 : Operation 223 [1/1] (0.39ns)   --->   "%select_ln36_6 = select i1 %icmp_ln36_6, i9 %select_ln27_6, i9 %p_read_10" [src/fast.hpp:36]   --->   Operation 223 'select' 'select_ln36_6' <Predicate = true> <Delay = 0.39> <CoreInst = "Sel">   --->   Core 73 'Sel' <Latency = 0> <II = 1> <Delay = 0.39> <FuncUnit> <Opcode : 'select'> <InPorts = 3> <OutPorts = 1>
ST_3 : Operation 224 [1/1] (0.88ns)   --->   "%icmp_ln36_14 = icmp_sgt  i9 %zext_ln36_6, i9 %select_ln36_6" [src/fast.hpp:36]   --->   Operation 224 'icmp' 'icmp_ln36_14' <Predicate = true> <Delay = 0.88> <CoreInst = "Cmp">   --->   Core 9 'Cmp' <Latency = 0> <II = 1> <Delay = 0.84> <FuncUnit> <Opcode : 'icmp'> <InPorts = 2> <OutPorts = 1>
ST_3 : Operation 225 [1/1] (0.00ns)   --->   "%trunc_ln36_6 = trunc i9 %select_ln36_6" [src/fast.hpp:36]   --->   Operation 225 'trunc' 'trunc_ln36_6' <Predicate = true> <Delay = 0.00>
ST_3 : Operation 226 [1/1] (0.88ns)   --->   "%icmp_ln37_6 = icmp_slt  i9 %select_ln27_6, i9 %p_read612" [src/fast.hpp:37]   --->   Operation 226 'icmp' 'icmp_ln37_6' <Predicate = true> <Delay = 0.88> <CoreInst = "Cmp">   --->   Core 9 'Cmp' <Latency = 0> <II = 1> <Delay = 0.84> <FuncUnit> <Opcode : 'icmp'> <InPorts = 2> <OutPorts = 1>
ST_3 : Operation 227 [1/1] (0.39ns)   --->   "%select_ln37_6 = select i1 %icmp_ln37_6, i9 %select_ln27_6, i9 %p_read612" [src/fast.hpp:37]   --->   Operation 227 'select' 'select_ln37_6' <Predicate = true> <Delay = 0.39> <CoreInst = "Sel">   --->   Core 73 'Sel' <Latency = 0> <II = 1> <Delay = 0.39> <FuncUnit> <Opcode : 'select'> <InPorts = 3> <OutPorts = 1>
ST_3 : Operation 228 [1/1] (0.00ns)   --->   "%trunc_ln37_6 = trunc i9 %select_ln37_6" [src/fast.hpp:37]   --->   Operation 228 'trunc' 'trunc_ln37_6' <Predicate = true> <Delay = 0.00>
ST_3 : Operation 229 [1/1] (0.88ns)   --->   "%icmp_ln44_11 = icmp_slt  i9 %select_ln43_7, i9 %select_ln44_6" [src/fast.hpp:44]   --->   Operation 229 'icmp' 'icmp_ln44_11' <Predicate = true> <Delay = 0.88> <CoreInst = "Cmp">   --->   Core 9 'Cmp' <Latency = 0> <II = 1> <Delay = 0.84> <FuncUnit> <Opcode : 'icmp'> <InPorts = 2> <OutPorts = 1>
ST_3 : Operation 230 [1/1] (0.39ns)   --->   "%select_ln44_7 = select i1 %icmp_ln44_11, i9 %select_ln43_7, i9 %select_ln44_6" [src/fast.hpp:44]   --->   Operation 230 'select' 'select_ln44_7' <Predicate = true> <Delay = 0.39> <CoreInst = "Sel">   --->   Core 73 'Sel' <Latency = 0> <II = 1> <Delay = 0.39> <FuncUnit> <Opcode : 'select'> <InPorts = 3> <OutPorts = 1>
ST_3 : Operation 231 [1/1] (0.88ns)   --->   "%icmp_ln43_4 = icmp_sgt  i9 %select_ln28_4, i9 %p_read_14" [src/fast.hpp:43]   --->   Operation 231 'icmp' 'icmp_ln43_4' <Predicate = true> <Delay = 0.88> <CoreInst = "Cmp">   --->   Core 9 'Cmp' <Latency = 0> <II = 1> <Delay = 0.84> <FuncUnit> <Opcode : 'icmp'> <InPorts = 2> <OutPorts = 1>
ST_3 : Operation 232 [1/1] (0.39ns)   --->   "%select_ln43_8 = select i1 %icmp_ln43_4, i9 %select_ln28_4, i9 %p_read_14" [src/fast.hpp:43]   --->   Operation 232 'select' 'select_ln43_8' <Predicate = true> <Delay = 0.39> <CoreInst = "Sel">   --->   Core 73 'Sel' <Latency = 0> <II = 1> <Delay = 0.39> <FuncUnit> <Opcode : 'select'> <InPorts = 3> <OutPorts = 1>
ST_3 : Operation 233 [1/1] (0.88ns)   --->   "%icmp_ln43_12 = icmp_slt  i9 %select_ln44_7, i9 %select_ln43_8" [src/fast.hpp:43]   --->   Operation 233 'icmp' 'icmp_ln43_12' <Predicate = true> <Delay = 0.88> <CoreInst = "Cmp">   --->   Core 9 'Cmp' <Latency = 0> <II = 1> <Delay = 0.84> <FuncUnit> <Opcode : 'icmp'> <InPorts = 2> <OutPorts = 1>
ST_3 : Operation 234 [1/1] (0.39ns)   --->   "%select_ln43_9 = select i1 %icmp_ln43_12, i9 %select_ln44_7, i9 %select_ln43_8" [src/fast.hpp:43]   --->   Operation 234 'select' 'select_ln43_9' <Predicate = true> <Delay = 0.39> <CoreInst = "Sel">   --->   Core 73 'Sel' <Latency = 0> <II = 1> <Delay = 0.39> <FuncUnit> <Opcode : 'select'> <InPorts = 3> <OutPorts = 1>
ST_3 : Operation 235 [1/1] (0.88ns)   --->   "%icmp_ln44_4 = icmp_sgt  i9 %select_ln28_4, i9 %p_read28" [src/fast.hpp:44]   --->   Operation 235 'icmp' 'icmp_ln44_4' <Predicate = true> <Delay = 0.88> <CoreInst = "Cmp">   --->   Core 9 'Cmp' <Latency = 0> <II = 1> <Delay = 0.84> <FuncUnit> <Opcode : 'icmp'> <InPorts = 2> <OutPorts = 1>
ST_3 : Operation 236 [1/1] (0.39ns)   --->   "%select_ln44_8 = select i1 %icmp_ln44_4, i9 %select_ln28_4, i9 %p_read28" [src/fast.hpp:44]   --->   Operation 236 'select' 'select_ln44_8' <Predicate = true> <Delay = 0.39> <CoreInst = "Sel">   --->   Core 73 'Sel' <Latency = 0> <II = 1> <Delay = 0.39> <FuncUnit> <Opcode : 'select'> <InPorts = 3> <OutPorts = 1>
ST_3 : Operation 237 [1/1] (0.88ns)   --->   "%icmp_ln44_12 = icmp_slt  i9 %select_ln43_9, i9 %select_ln44_8" [src/fast.hpp:44]   --->   Operation 237 'icmp' 'icmp_ln44_12' <Predicate = true> <Delay = 0.88> <CoreInst = "Cmp">   --->   Core 9 'Cmp' <Latency = 0> <II = 1> <Delay = 0.84> <FuncUnit> <Opcode : 'icmp'> <InPorts = 2> <OutPorts = 1>
ST_3 : Operation 238 [1/1] (0.39ns)   --->   "%select_ln44_9 = select i1 %icmp_ln44_12, i9 %select_ln43_9, i9 %select_ln44_8" [src/fast.hpp:44]   --->   Operation 238 'select' 'select_ln44_9' <Predicate = true> <Delay = 0.39> <CoreInst = "Sel">   --->   Core 73 'Sel' <Latency = 0> <II = 1> <Delay = 0.39> <FuncUnit> <Opcode : 'select'> <InPorts = 3> <OutPorts = 1>
ST_3 : Operation 239 [1/1] (0.88ns)   --->   "%icmp_ln43_5 = icmp_sgt  i9 %select_ln28_5, i9 %p_read_12" [src/fast.hpp:43]   --->   Operation 239 'icmp' 'icmp_ln43_5' <Predicate = true> <Delay = 0.88> <CoreInst = "Cmp">   --->   Core 9 'Cmp' <Latency = 0> <II = 1> <Delay = 0.84> <FuncUnit> <Opcode : 'icmp'> <InPorts = 2> <OutPorts = 1>
ST_3 : Operation 240 [1/1] (0.39ns)   --->   "%select_ln43_10 = select i1 %icmp_ln43_5, i9 %select_ln28_5, i9 %p_read_12" [src/fast.hpp:43]   --->   Operation 240 'select' 'select_ln43_10' <Predicate = true> <Delay = 0.39> <CoreInst = "Sel">   --->   Core 73 'Sel' <Latency = 0> <II = 1> <Delay = 0.39> <FuncUnit> <Opcode : 'select'> <InPorts = 3> <OutPorts = 1>
ST_3 : Operation 241 [1/1] (0.88ns)   --->   "%icmp_ln43_13 = icmp_slt  i9 %select_ln44_9, i9 %select_ln43_10" [src/fast.hpp:43]   --->   Operation 241 'icmp' 'icmp_ln43_13' <Predicate = true> <Delay = 0.88> <CoreInst = "Cmp">   --->   Core 9 'Cmp' <Latency = 0> <II = 1> <Delay = 0.84> <FuncUnit> <Opcode : 'icmp'> <InPorts = 2> <OutPorts = 1>
ST_3 : Operation 242 [1/1] (0.39ns)   --->   "%select_ln43_11 = select i1 %icmp_ln43_13, i9 %select_ln44_9, i9 %select_ln43_10" [src/fast.hpp:43]   --->   Operation 242 'select' 'select_ln43_11' <Predicate = true> <Delay = 0.39> <CoreInst = "Sel">   --->   Core 73 'Sel' <Latency = 0> <II = 1> <Delay = 0.39> <FuncUnit> <Opcode : 'select'> <InPorts = 3> <OutPorts = 1>
ST_3 : Operation 243 [1/1] (0.88ns)   --->   "%icmp_ln44_5 = icmp_sgt  i9 %select_ln28_5, i9 %p_read410" [src/fast.hpp:44]   --->   Operation 243 'icmp' 'icmp_ln44_5' <Predicate = true> <Delay = 0.88> <CoreInst = "Cmp">   --->   Core 9 'Cmp' <Latency = 0> <II = 1> <Delay = 0.84> <FuncUnit> <Opcode : 'icmp'> <InPorts = 2> <OutPorts = 1>
ST_3 : Operation 244 [1/1] (0.39ns)   --->   "%select_ln44_10 = select i1 %icmp_ln44_5, i9 %select_ln28_5, i9 %p_read410" [src/fast.hpp:44]   --->   Operation 244 'select' 'select_ln44_10' <Predicate = true> <Delay = 0.39> <CoreInst = "Sel">   --->   Core 73 'Sel' <Latency = 0> <II = 1> <Delay = 0.39> <FuncUnit> <Opcode : 'select'> <InPorts = 3> <OutPorts = 1>
ST_3 : Operation 245 [1/1] (0.88ns)   --->   "%icmp_ln44_13 = icmp_slt  i9 %select_ln43_11, i9 %select_ln44_10" [src/fast.hpp:44]   --->   Operation 245 'icmp' 'icmp_ln44_13' <Predicate = true> <Delay = 0.88> <CoreInst = "Cmp">   --->   Core 9 'Cmp' <Latency = 0> <II = 1> <Delay = 0.84> <FuncUnit> <Opcode : 'icmp'> <InPorts = 2> <OutPorts = 1>
ST_3 : Operation 246 [1/1] (0.39ns)   --->   "%select_ln44_11 = select i1 %icmp_ln44_13, i9 %select_ln43_11, i9 %select_ln44_10" [src/fast.hpp:44]   --->   Operation 246 'select' 'select_ln44_11' <Predicate = true> <Delay = 0.39> <CoreInst = "Sel">   --->   Core 73 'Sel' <Latency = 0> <II = 1> <Delay = 0.39> <FuncUnit> <Opcode : 'select'> <InPorts = 3> <OutPorts = 1>
ST_3 : Operation 247 [1/1] (0.88ns)   --->   "%icmp_ln43_6 = icmp_sgt  i9 %select_ln28_6, i9 %p_read_10" [src/fast.hpp:43]   --->   Operation 247 'icmp' 'icmp_ln43_6' <Predicate = true> <Delay = 0.88> <CoreInst = "Cmp">   --->   Core 9 'Cmp' <Latency = 0> <II = 1> <Delay = 0.84> <FuncUnit> <Opcode : 'icmp'> <InPorts = 2> <OutPorts = 1>
ST_3 : Operation 248 [1/1] (0.39ns)   --->   "%select_ln43_12 = select i1 %icmp_ln43_6, i9 %select_ln28_6, i9 %p_read_10" [src/fast.hpp:43]   --->   Operation 248 'select' 'select_ln43_12' <Predicate = true> <Delay = 0.39> <CoreInst = "Sel">   --->   Core 73 'Sel' <Latency = 0> <II = 1> <Delay = 0.39> <FuncUnit> <Opcode : 'select'> <InPorts = 3> <OutPorts = 1>
ST_3 : Operation 249 [1/1] (0.88ns)   --->   "%icmp_ln44_6 = icmp_sgt  i9 %select_ln28_6, i9 %p_read612" [src/fast.hpp:44]   --->   Operation 249 'icmp' 'icmp_ln44_6' <Predicate = true> <Delay = 0.88> <CoreInst = "Cmp">   --->   Core 9 'Cmp' <Latency = 0> <II = 1> <Delay = 0.84> <FuncUnit> <Opcode : 'icmp'> <InPorts = 2> <OutPorts = 1>
ST_3 : Operation 250 [1/1] (0.39ns)   --->   "%select_ln44_12 = select i1 %icmp_ln44_6, i9 %select_ln28_6, i9 %p_read612" [src/fast.hpp:44]   --->   Operation 250 'select' 'select_ln44_12' <Predicate = true> <Delay = 0.39> <CoreInst = "Sel">   --->   Core 73 'Sel' <Latency = 0> <II = 1> <Delay = 0.39> <FuncUnit> <Opcode : 'select'> <InPorts = 3> <OutPorts = 1>

State 4 <SV = 3> <Delay = 7.09>
ST_4 : Operation 251 [1/1] (0.39ns)   --->   "%select_ln36_14 = select i1 %icmp_ln36_14, i8 %select_ln37_13, i8 %trunc_ln36_6" [src/fast.hpp:36]   --->   Operation 251 'select' 'select_ln36_14' <Predicate = true> <Delay = 0.39> <CoreInst = "Sel">   --->   Core 73 'Sel' <Latency = 0> <II = 1> <Delay = 0.39> <FuncUnit> <Opcode : 'select'> <InPorts = 3> <OutPorts = 1>
ST_4 : Operation 252 [1/1] (0.00ns)   --->   "%zext_ln37_6 = zext i8 %select_ln36_14" [src/fast.hpp:37]   --->   Operation 252 'zext' 'zext_ln37_6' <Predicate = true> <Delay = 0.00>
ST_4 : Operation 253 [1/1] (0.88ns)   --->   "%icmp_ln37_14 = icmp_sgt  i9 %zext_ln37_6, i9 %select_ln37_6" [src/fast.hpp:37]   --->   Operation 253 'icmp' 'icmp_ln37_14' <Predicate = true> <Delay = 0.88> <CoreInst = "Cmp">   --->   Core 9 'Cmp' <Latency = 0> <II = 1> <Delay = 0.84> <FuncUnit> <Opcode : 'icmp'> <InPorts = 2> <OutPorts = 1>
ST_4 : Operation 254 [1/1] (0.39ns)   --->   "%select_ln37_14 = select i1 %icmp_ln37_14, i8 %select_ln36_14, i8 %trunc_ln37_6" [src/fast.hpp:37]   --->   Operation 254 'select' 'select_ln37_14' <Predicate = true> <Delay = 0.39> <CoreInst = "Sel">   --->   Core 73 'Sel' <Latency = 0> <II = 1> <Delay = 0.39> <FuncUnit> <Opcode : 'select'> <InPorts = 3> <OutPorts = 1>
ST_4 : Operation 255 [1/1] (0.00ns)   --->   "%zext_ln36_7 = zext i8 %select_ln37_14" [src/fast.hpp:36]   --->   Operation 255 'zext' 'zext_ln36_7' <Predicate = true> <Delay = 0.00>
ST_4 : Operation 256 [1/1] (0.88ns)   --->   "%icmp_ln36_7 = icmp_slt  i9 %select_ln27_7, i9 %p_read_8" [src/fast.hpp:36]   --->   Operation 256 'icmp' 'icmp_ln36_7' <Predicate = true> <Delay = 0.88> <CoreInst = "Cmp">   --->   Core 9 'Cmp' <Latency = 0> <II = 1> <Delay = 0.84> <FuncUnit> <Opcode : 'icmp'> <InPorts = 2> <OutPorts = 1>
ST_4 : Operation 257 [1/1] (0.39ns)   --->   "%select_ln36_7 = select i1 %icmp_ln36_7, i9 %select_ln27_7, i9 %p_read_8" [src/fast.hpp:36]   --->   Operation 257 'select' 'select_ln36_7' <Predicate = true> <Delay = 0.39> <CoreInst = "Sel">   --->   Core 73 'Sel' <Latency = 0> <II = 1> <Delay = 0.39> <FuncUnit> <Opcode : 'select'> <InPorts = 3> <OutPorts = 1>
ST_4 : Operation 258 [1/1] (0.88ns)   --->   "%icmp_ln36_15 = icmp_sgt  i9 %zext_ln36_7, i9 %select_ln36_7" [src/fast.hpp:36]   --->   Operation 258 'icmp' 'icmp_ln36_15' <Predicate = true> <Delay = 0.88> <CoreInst = "Cmp">   --->   Core 9 'Cmp' <Latency = 0> <II = 1> <Delay = 0.84> <FuncUnit> <Opcode : 'icmp'> <InPorts = 2> <OutPorts = 1>
ST_4 : Operation 259 [1/1] (0.00ns)   --->   "%trunc_ln36_7 = trunc i9 %select_ln36_7" [src/fast.hpp:36]   --->   Operation 259 'trunc' 'trunc_ln36_7' <Predicate = true> <Delay = 0.00>
ST_4 : Operation 260 [1/1] (0.39ns)   --->   "%select_ln36_15 = select i1 %icmp_ln36_15, i8 %select_ln37_14, i8 %trunc_ln36_7" [src/fast.hpp:36]   --->   Operation 260 'select' 'select_ln36_15' <Predicate = true> <Delay = 0.39> <CoreInst = "Sel">   --->   Core 73 'Sel' <Latency = 0> <II = 1> <Delay = 0.39> <FuncUnit> <Opcode : 'select'> <InPorts = 3> <OutPorts = 1>
ST_4 : Operation 261 [1/1] (0.00ns)   --->   "%zext_ln37_7 = zext i8 %select_ln36_15" [src/fast.hpp:37]   --->   Operation 261 'zext' 'zext_ln37_7' <Predicate = true> <Delay = 0.00>
ST_4 : Operation 262 [1/1] (0.88ns)   --->   "%icmp_ln37_7 = icmp_slt  i9 %select_ln27_7, i9 %p_read814" [src/fast.hpp:37]   --->   Operation 262 'icmp' 'icmp_ln37_7' <Predicate = true> <Delay = 0.88> <CoreInst = "Cmp">   --->   Core 9 'Cmp' <Latency = 0> <II = 1> <Delay = 0.84> <FuncUnit> <Opcode : 'icmp'> <InPorts = 2> <OutPorts = 1>
ST_4 : Operation 263 [1/1] (0.39ns)   --->   "%select_ln37_7 = select i1 %icmp_ln37_7, i9 %select_ln27_7, i9 %p_read814" [src/fast.hpp:37]   --->   Operation 263 'select' 'select_ln37_7' <Predicate = true> <Delay = 0.39> <CoreInst = "Sel">   --->   Core 73 'Sel' <Latency = 0> <II = 1> <Delay = 0.39> <FuncUnit> <Opcode : 'select'> <InPorts = 3> <OutPorts = 1>
ST_4 : Operation 264 [1/1] (0.88ns)   --->   "%icmp_ln37_15 = icmp_sgt  i9 %zext_ln37_7, i9 %select_ln37_7" [src/fast.hpp:37]   --->   Operation 264 'icmp' 'icmp_ln37_15' <Predicate = true> <Delay = 0.88> <CoreInst = "Cmp">   --->   Core 9 'Cmp' <Latency = 0> <II = 1> <Delay = 0.84> <FuncUnit> <Opcode : 'icmp'> <InPorts = 2> <OutPorts = 1>
ST_4 : Operation 265 [1/1] (0.00ns)   --->   "%trunc_ln37_7 = trunc i9 %select_ln37_7" [src/fast.hpp:37]   --->   Operation 265 'trunc' 'trunc_ln37_7' <Predicate = true> <Delay = 0.00>
ST_4 : Operation 266 [1/1] (0.39ns)   --->   "%select_ln37_15 = select i1 %icmp_ln37_15, i8 %select_ln36_15, i8 %trunc_ln37_7" [src/fast.hpp:37]   --->   Operation 266 'select' 'select_ln37_15' <Predicate = true> <Delay = 0.39> <CoreInst = "Sel">   --->   Core 73 'Sel' <Latency = 0> <II = 1> <Delay = 0.39> <FuncUnit> <Opcode : 'select'> <InPorts = 3> <OutPorts = 1>
ST_4 : Operation 267 [1/1] (0.88ns)   --->   "%icmp_ln43_14 = icmp_slt  i9 %select_ln44_11, i9 %select_ln43_12" [src/fast.hpp:43]   --->   Operation 267 'icmp' 'icmp_ln43_14' <Predicate = true> <Delay = 0.88> <CoreInst = "Cmp">   --->   Core 9 'Cmp' <Latency = 0> <II = 1> <Delay = 0.84> <FuncUnit> <Opcode : 'icmp'> <InPorts = 2> <OutPorts = 1>
ST_4 : Operation 268 [1/1] (0.39ns)   --->   "%select_ln43_13 = select i1 %icmp_ln43_14, i9 %select_ln44_11, i9 %select_ln43_12" [src/fast.hpp:43]   --->   Operation 268 'select' 'select_ln43_13' <Predicate = true> <Delay = 0.39> <CoreInst = "Sel">   --->   Core 73 'Sel' <Latency = 0> <II = 1> <Delay = 0.39> <FuncUnit> <Opcode : 'select'> <InPorts = 3> <OutPorts = 1>
ST_4 : Operation 269 [1/1] (0.88ns)   --->   "%icmp_ln44_14 = icmp_slt  i9 %select_ln43_13, i9 %select_ln44_12" [src/fast.hpp:44]   --->   Operation 269 'icmp' 'icmp_ln44_14' <Predicate = true> <Delay = 0.88> <CoreInst = "Cmp">   --->   Core 9 'Cmp' <Latency = 0> <II = 1> <Delay = 0.84> <FuncUnit> <Opcode : 'icmp'> <InPorts = 2> <OutPorts = 1>
ST_4 : Operation 270 [1/1] (0.39ns)   --->   "%select_ln44_13 = select i1 %icmp_ln44_14, i9 %select_ln43_13, i9 %select_ln44_12" [src/fast.hpp:44]   --->   Operation 270 'select' 'select_ln44_13' <Predicate = true> <Delay = 0.39> <CoreInst = "Sel">   --->   Core 73 'Sel' <Latency = 0> <II = 1> <Delay = 0.39> <FuncUnit> <Opcode : 'select'> <InPorts = 3> <OutPorts = 1>
ST_4 : Operation 271 [1/1] (0.88ns)   --->   "%icmp_ln43_7 = icmp_sgt  i9 %select_ln28_7, i9 %p_read_8" [src/fast.hpp:43]   --->   Operation 271 'icmp' 'icmp_ln43_7' <Predicate = true> <Delay = 0.88> <CoreInst = "Cmp">   --->   Core 9 'Cmp' <Latency = 0> <II = 1> <Delay = 0.84> <FuncUnit> <Opcode : 'icmp'> <InPorts = 2> <OutPorts = 1>
ST_4 : Operation 272 [1/1] (0.39ns)   --->   "%select_ln43_14 = select i1 %icmp_ln43_7, i9 %select_ln28_7, i9 %p_read_8" [src/fast.hpp:43]   --->   Operation 272 'select' 'select_ln43_14' <Predicate = true> <Delay = 0.39> <CoreInst = "Sel">   --->   Core 73 'Sel' <Latency = 0> <II = 1> <Delay = 0.39> <FuncUnit> <Opcode : 'select'> <InPorts = 3> <OutPorts = 1>
ST_4 : Operation 273 [1/1] (0.88ns)   --->   "%icmp_ln43_15 = icmp_slt  i9 %select_ln44_13, i9 %select_ln43_14" [src/fast.hpp:43]   --->   Operation 273 'icmp' 'icmp_ln43_15' <Predicate = true> <Delay = 0.88> <CoreInst = "Cmp">   --->   Core 9 'Cmp' <Latency = 0> <II = 1> <Delay = 0.84> <FuncUnit> <Opcode : 'icmp'> <InPorts = 2> <OutPorts = 1>
ST_4 : Operation 274 [1/1] (0.39ns)   --->   "%select_ln43_15 = select i1 %icmp_ln43_15, i9 %select_ln44_13, i9 %select_ln43_14" [src/fast.hpp:43]   --->   Operation 274 'select' 'select_ln43_15' <Predicate = true> <Delay = 0.39> <CoreInst = "Sel">   --->   Core 73 'Sel' <Latency = 0> <II = 1> <Delay = 0.39> <FuncUnit> <Opcode : 'select'> <InPorts = 3> <OutPorts = 1>
ST_4 : Operation 275 [1/1] (0.88ns)   --->   "%icmp_ln44_7 = icmp_sgt  i9 %select_ln28_7, i9 %p_read814" [src/fast.hpp:44]   --->   Operation 275 'icmp' 'icmp_ln44_7' <Predicate = true> <Delay = 0.88> <CoreInst = "Cmp">   --->   Core 9 'Cmp' <Latency = 0> <II = 1> <Delay = 0.84> <FuncUnit> <Opcode : 'icmp'> <InPorts = 2> <OutPorts = 1>
ST_4 : Operation 276 [1/1] (0.39ns)   --->   "%select_ln44_14 = select i1 %icmp_ln44_7, i9 %select_ln28_7, i9 %p_read814" [src/fast.hpp:44]   --->   Operation 276 'select' 'select_ln44_14' <Predicate = true> <Delay = 0.39> <CoreInst = "Sel">   --->   Core 73 'Sel' <Latency = 0> <II = 1> <Delay = 0.39> <FuncUnit> <Opcode : 'select'> <InPorts = 3> <OutPorts = 1>
ST_4 : Operation 277 [1/1] (0.88ns)   --->   "%icmp_ln44_15 = icmp_slt  i9 %select_ln43_15, i9 %select_ln44_14" [src/fast.hpp:44]   --->   Operation 277 'icmp' 'icmp_ln44_15' <Predicate = true> <Delay = 0.88> <CoreInst = "Cmp">   --->   Core 9 'Cmp' <Latency = 0> <II = 1> <Delay = 0.84> <FuncUnit> <Opcode : 'icmp'> <InPorts = 2> <OutPorts = 1>
ST_4 : Operation 278 [1/1] (0.00ns) (grouped into LUT with out node sub_ln46)   --->   "%trunc_ln44 = trunc i9 %select_ln43_15" [src/fast.hpp:44]   --->   Operation 278 'trunc' 'trunc_ln44' <Predicate = true> <Delay = 0.00>
ST_4 : Operation 279 [1/1] (0.00ns) (grouped into LUT with out node sub_ln46)   --->   "%trunc_ln44_1 = trunc i9 %select_ln44_14" [src/fast.hpp:44]   --->   Operation 279 'trunc' 'trunc_ln44_1' <Predicate = true> <Delay = 0.00>
ST_4 : Operation 280 [1/1] (0.00ns) (grouped into LUT with out node sub_ln46)   --->   "%select_ln44_15 = select i1 %icmp_ln44_15, i8 %trunc_ln44, i8 %trunc_ln44_1" [src/fast.hpp:44]   --->   Operation 280 'select' 'select_ln44_15' <Predicate = true> <Delay = 0.00> <CoreInst = "Sel">   --->   Core 73 'Sel' <Latency = 0> <II = 1> <Delay = 0.39> <FuncUnit> <Opcode : 'select'> <InPorts = 3> <OutPorts = 1>
ST_4 : Operation 281 [1/1] (0.76ns) (out node of the LUT)   --->   "%sub_ln46 = sub i8 0, i8 %select_ln44_15" [src/fast.hpp:46]   --->   Operation 281 'sub' 'sub_ln46' <Predicate = true> <Delay = 0.76> <CoreInst = "Adder">   --->   Core 1 'Adder' <Latency = 0> <II = 1> <Delay = 0.76> <FuncUnit> <Opcode : 'add' 'sub'> <InPorts = 2> <OutPorts = 1>
ST_4 : Operation 282 [1/1] (0.84ns)   --->   "%icmp_ln46 = icmp_ugt  i8 %select_ln37_15, i8 %sub_ln46" [src/fast.hpp:46]   --->   Operation 282 'icmp' 'icmp_ln46' <Predicate = true> <Delay = 0.84> <CoreInst = "Cmp">   --->   Core 9 'Cmp' <Latency = 0> <II = 1> <Delay = 0.84> <FuncUnit> <Opcode : 'icmp'> <InPorts = 2> <OutPorts = 1>
ST_4 : Operation 283 [1/1] (0.00ns) (grouped into LUT with out node score_V)   --->   "%select_ln46 = select i1 %icmp_ln46, i8 %select_ln37_15, i8 %sub_ln46" [src/fast.hpp:46]   --->   Operation 283 'select' 'select_ln46' <Predicate = true> <Delay = 0.00> <CoreInst = "Sel">   --->   Core 73 'Sel' <Latency = 0> <II = 1> <Delay = 0.39> <FuncUnit> <Opcode : 'select'> <InPorts = 3> <OutPorts = 1>
ST_4 : Operation 284 [1/1] (0.76ns) (out node of the LUT)   --->   "%score_V = add i8 %select_ln46, i8 255"   --->   Operation 284 'add' 'score_V' <Predicate = true> <Delay = 0.76> <CoreInst = "Adder">   --->   Core 1 'Adder' <Latency = 0> <II = 1> <Delay = 0.76> <FuncUnit> <Opcode : 'add' 'sub'> <InPorts = 2> <OutPorts = 1>
ST_4 : Operation 285 [1/1] (0.00ns)   --->   "%ret_ln47 = ret i8 %score_V" [src/fast.hpp:47]   --->   Operation 285 'ret' 'ret_ln47' <Predicate = true> <Delay = 0.00>


============================================================
+ Verbose Summary: Timing violations
============================================================
Target clock period: 10ns, clock uncertainty: 2.7ns.

 <State 1>: 7.27ns
The critical path consists of the following:
	wire read on port 'p_read9' [26]  (0 ns)
	'icmp' operation ('icmp_ln18_3', src/fast.hpp:18) [49]  (0.881 ns)
	'select' operation ('select_ln18_3', src/fast.hpp:18) [50]  (0.398 ns)
	'icmp' operation ('icmp_ln23_2', src/fast.hpp:23) [77]  (0.881 ns)
	'select' operation ('select_ln23_2', src/fast.hpp:23) [78]  (0.398 ns)
	'icmp' operation ('icmp_ln28', src/fast.hpp:28) [101]  (0.881 ns)
	'select' operation ('select_ln28', src/fast.hpp:28) [102]  (0.398 ns)
	'icmp' operation ('icmp_ln43', src/fast.hpp:43) [228]  (0.881 ns)
	'select' operation ('select_ln43', src/fast.hpp:43) [229]  (0.398 ns)
	'icmp' operation ('icmp_ln43_1', src/fast.hpp:43) [230]  (0.881 ns)
	'select' operation ('select_ln43_1', src/fast.hpp:43) [231]  (0.398 ns)
	'icmp' operation ('icmp_ln44_2', src/fast.hpp:44) [234]  (0.881 ns)

 <State 2>: 6.79ns
The critical path consists of the following:
	'select' operation ('select_ln44_1', src/fast.hpp:44) [235]  (0.398 ns)
	'icmp' operation ('icmp_ln43_9', src/fast.hpp:43) [238]  (0.881 ns)
	'select' operation ('select_ln43_3', src/fast.hpp:43) [239]  (0.398 ns)
	'icmp' operation ('icmp_ln44_8', src/fast.hpp:44) [242]  (0.881 ns)
	'select' operation ('select_ln44_3', src/fast.hpp:44) [243]  (0.398 ns)
	'icmp' operation ('icmp_ln43_10', src/fast.hpp:43) [246]  (0.881 ns)
	'select' operation ('select_ln43_5', src/fast.hpp:43) [247]  (0.398 ns)
	'icmp' operation ('icmp_ln44_10', src/fast.hpp:44) [250]  (0.881 ns)
	'select' operation ('select_ln44_5', src/fast.hpp:44) [251]  (0.398 ns)
	'icmp' operation ('icmp_ln43_11', src/fast.hpp:43) [254]  (0.881 ns)
	'select' operation ('select_ln43_7', src/fast.hpp:43) [255]  (0.398 ns)

 <State 3>: 7.25ns
The critical path consists of the following:
	'icmp' operation ('icmp_ln36_4', src/fast.hpp:36) [180]  (0.881 ns)
	'select' operation ('select_ln36_4', src/fast.hpp:36) [181]  (0.398 ns)
	'icmp' operation ('icmp_ln36_12', src/fast.hpp:36) [182]  (0.881 ns)
	'select' operation ('select_ln36_12', src/fast.hpp:36) [184]  (0.393 ns)
	'icmp' operation ('icmp_ln37_12', src/fast.hpp:37) [188]  (0.881 ns)
	'select' operation ('select_ln37_12', src/fast.hpp:37) [190]  (0.393 ns)
	'icmp' operation ('icmp_ln36_13', src/fast.hpp:36) [194]  (0.881 ns)
	'select' operation ('select_ln36_13', src/fast.hpp:36) [196]  (0.393 ns)
	'icmp' operation ('icmp_ln37_13', src/fast.hpp:37) [200]  (0.881 ns)
	'select' operation ('select_ln37_13', src/fast.hpp:37) [202]  (0.393 ns)
	'icmp' operation ('icmp_ln36_14', src/fast.hpp:36) [206]  (0.881 ns)

 <State 4>: 7.1ns
The critical path consists of the following:
	'icmp' operation ('icmp_ln43_14', src/fast.hpp:43) [278]  (0.881 ns)
	'select' operation ('select_ln43_13', src/fast.hpp:43) [279]  (0.398 ns)
	'icmp' operation ('icmp_ln44_14', src/fast.hpp:44) [282]  (0.881 ns)
	'select' operation ('select_ln44_13', src/fast.hpp:44) [283]  (0.398 ns)
	'icmp' operation ('icmp_ln43_15', src/fast.hpp:43) [286]  (0.881 ns)
	'select' operation ('select_ln43_15', src/fast.hpp:43) [287]  (0.398 ns)
	'icmp' operation ('icmp_ln44_15', src/fast.hpp:44) [290]  (0.881 ns)
	'select' operation ('select_ln44_15', src/fast.hpp:44) [293]  (0 ns)
	'sub' operation ('sub_ln46', src/fast.hpp:46) [294]  (0.765 ns)
	'icmp' operation ('icmp_ln46', src/fast.hpp:46) [295]  (0.849 ns)
	'select' operation ('select_ln46', src/fast.hpp:46) [296]  (0 ns)
	'add' operation ('score.V') [297]  (0.765 ns)


============================================================
+ Verbose Summary: Binding
============================================================
N/A
* FSMD analyzer results:
  - Output states:
 - Input state : 
  - Chain level:
	State 1
	State 2
	State 3
	State 4


============================================================
+ Verbose Summary: Datapath Resource usage 
============================================================
N/A
