

================================================================
== Vitis HLS Report for 'generic_atan2_20_20_s'
================================================================
* Date:           Wed Jan 17 16:57:52 2024

* Version:        2020.2 (Build 3064766 on Wed Nov 18 09:12:45 MST 2020)
* Project:        hls_project
* Solution:       solution1 (Vivado IP Flow Target)
* Product family: zynquplus
* Target device:  xczu7ev-ffvc1156-2-e


================================================================
== Performance Estimates
================================================================
+ Timing: 
    * Summary: 
    +--------+----------+----------+------------+
    |  Clock |  Target  | Estimated| Uncertainty|
    +--------+----------+----------+------------+
    |ap_clk  |  10.00 ns|  3.442 ns|     2.70 ns|
    +--------+----------+----------+------------+

+ Latency: 
    * Summary: 
    +---------+---------+-----------+----------+-----+-----+---------+
    |  Latency (cycles) |  Latency (absolute)  |  Interval | Pipeline|
    |   min   |   max   |    min    |    max   | min | max |   Type  |
    +---------+---------+-----------+----------+-----+-----+---------+
    |        1|       29|  10.000 ns|  0.290 us|    1|   29|     none|
    +---------+---------+-----------+----------+-----+-----+---------+

    + Detail: 
        * Instance: 
        N/A

        * Loop: 
        +-------------------+---------+---------+----------+-----------+-----------+------+----------+
        |                   |  Latency (cycles) | Iteration|  Initiation Interval  | Trip |          |
        |     Loop Name     |   min   |   max   |  Latency |  achieved |   target  | Count| Pipelined|
        +-------------------+---------+---------+----------+-----------+-----------+------+----------+
        |- VITIS_LOOP_87_1  |       27|       27|         2|          1|          1|    27|       yes|
        +-------------------+---------+---------+----------+-----------+-----------+------+----------+

============================================================
+ Verbose Summary: Synthesis Manager
============================================================
InlineROM: 1
ExposeGlobal: 0
============================================================
+ Verbose Summary: CDFG Model
============================================================
IsTopModel: 0
ResetActiveHigh: 1
IsCombinational: 0
IsDatapathOnly: 0
HasWiredReturn: 1
HasMFsm: 0
HasVarLatency: 1
IsPipeline: 0
IsRtlPipelined: 0
IsInstanceOverlapped: 0
IsDontTouch: 0
HasImplIP: 0
IsGatedGlobalClock: 0

+ Individual pipeline summary: 
  * Pipeline-0: initiation interval (II) = 1, depth = 2


============================================================
+ Verbose Summary: Schedule
============================================================
* Number of FSM states : 5
* Pipeline : 1
  Pipeline-0 : II = 1, D = 2, States = { 2 3 }
* Dataflow Pipeline: 0

* FSM state transitions: 
1 --> 4 2 5 
2 --> 4 3 
3 --> 2 
4 --> 
5 --> 4 

* FSM state operations: 

State 1 <SV = 0> <Delay = 3.44>
ST_1 : Operation 6 [1/1] (0.00ns)   --->   "%in2_read = read i20 @_ssdm_op_Read.ap_auto.i20, i20 %in2"   --->   Operation 6 'read' 'in2_read' <Predicate = true> <Delay = 0.00>
ST_1 : Operation 7 [1/1] (0.00ns)   --->   "%in1_read = read i20 @_ssdm_op_Read.ap_auto.i20, i20 %in1"   --->   Operation 7 'read' 'in1_read' <Predicate = true> <Delay = 0.00>
ST_1 : Operation 8 [1/1] (1.07ns)   --->   "%icmp_ln1494 = icmp_sgt  i20 %in1_read, i20 0"   --->   Operation 8 'icmp' 'icmp_ln1494' <Predicate = true> <Delay = 1.07> <CoreInst = "Cmp">   --->   Core 9 'Cmp' <Latency = 0> <II = 1> <Delay = 0.44> <FuncUnit> <Opcode : 'icmp'> <InPorts = 2> <OutPorts = 1>
ST_1 : Operation 9 [1/1] (1.07ns)   --->   "%icmp_ln1498 = icmp_eq  i20 %in1_read, i20 0"   --->   Operation 9 'icmp' 'icmp_ln1498' <Predicate = true> <Delay = 1.07> <CoreInst = "Cmp">   --->   Core 9 'Cmp' <Latency = 0> <II = 1> <Delay = 0.44> <FuncUnit> <Opcode : 'icmp'> <InPorts = 2> <OutPorts = 1>
ST_1 : Operation 10 [1/1] (0.00ns)   --->   "%zext_ln601 = zext i1 %icmp_ln1498" [C:/Xilinx/Vitis_HLS/2020.2/common/technology/autopilot/hls_cordic_apfixed.h:601]   --->   Operation 10 'zext' 'zext_ln601' <Predicate = true> <Delay = 0.00>
ST_1 : Operation 11 [1/1] (0.17ns)   --->   "%signin1 = select i1 %icmp_ln1494, i2 2, i2 %zext_ln601" [C:/Xilinx/Vitis_HLS/2020.2/common/technology/autopilot/hls_cordic_apfixed.h:601]   --->   Operation 11 'select' 'signin1' <Predicate = true> <Delay = 0.17> <CoreInst = "Sel">   --->   Core 73 'Sel' <Latency = 0> <II = 1> <Delay = 0.36> <FuncUnit> <Opcode : 'select'> <InPorts = 3> <OutPorts = 1>
ST_1 : Operation 12 [1/1] (1.07ns)   --->   "%icmp_ln1494_1 = icmp_sgt  i20 %in2_read, i20 0"   --->   Operation 12 'icmp' 'icmp_ln1494_1' <Predicate = true> <Delay = 1.07> <CoreInst = "Cmp">   --->   Core 9 'Cmp' <Latency = 0> <II = 1> <Delay = 0.44> <FuncUnit> <Opcode : 'icmp'> <InPorts = 2> <OutPorts = 1>
ST_1 : Operation 13 [1/1] (1.07ns)   --->   "%icmp_ln1498_1 = icmp_eq  i20 %in2_read, i20 0"   --->   Operation 13 'icmp' 'icmp_ln1498_1' <Predicate = true> <Delay = 1.07> <CoreInst = "Cmp">   --->   Core 9 'Cmp' <Latency = 0> <II = 1> <Delay = 0.44> <FuncUnit> <Opcode : 'icmp'> <InPorts = 2> <OutPorts = 1>
ST_1 : Operation 14 [1/1] (0.00ns)   --->   "%zext_ln602 = zext i1 %icmp_ln1498_1" [C:/Xilinx/Vitis_HLS/2020.2/common/technology/autopilot/hls_cordic_apfixed.h:602]   --->   Operation 14 'zext' 'zext_ln602' <Predicate = true> <Delay = 0.00>
ST_1 : Operation 15 [1/1] (0.17ns)   --->   "%signin2 = select i1 %icmp_ln1494_1, i2 2, i2 %zext_ln602" [C:/Xilinx/Vitis_HLS/2020.2/common/technology/autopilot/hls_cordic_apfixed.h:602]   --->   Operation 15 'select' 'signin2' <Predicate = true> <Delay = 0.17> <CoreInst = "Sel">   --->   Core 73 'Sel' <Latency = 0> <II = 1> <Delay = 0.36> <FuncUnit> <Opcode : 'select'> <InPorts = 3> <OutPorts = 1>
ST_1 : Operation 16 [1/1] (0.44ns)   --->   "%icmp_ln870 = icmp_eq  i2 %signin1, i2 1"   --->   Operation 16 'icmp' 'icmp_ln870' <Predicate = true> <Delay = 0.44> <CoreInst = "Cmp">   --->   Core 9 'Cmp' <Latency = 0> <II = 1> <Delay = 0.44> <FuncUnit> <Opcode : 'icmp'> <InPorts = 2> <OutPorts = 1>
ST_1 : Operation 17 [1/1] (0.28ns)   --->   "%and_ln608 = and i1 %icmp_ln870, i1 %icmp_ln1494_1" [C:/Xilinx/Vitis_HLS/2020.2/common/technology/autopilot/hls_cordic_apfixed.h:608]   --->   Operation 17 'and' 'and_ln608' <Predicate = true> <Delay = 0.28> <CoreInst = "LogicGate">   --->   Core 74 'LogicGate' <Latency = 0> <II = 1> <Delay = 0.28> <FuncUnit> <Opcode : 'and' 'or' 'xor'> <InPorts = 2> <OutPorts = 1>
ST_1 : Operation 18 [1/1] (0.75ns)   --->   "%br_ln608 = br i1 %and_ln608, void, void %_ZN8ap_fixedILi20ELi3EL9ap_q_mode5EL9ap_o_mode3ELi0EEC2Ei.exit495" [C:/Xilinx/Vitis_HLS/2020.2/common/technology/autopilot/hls_cordic_apfixed.h:608]   --->   Operation 18 'br' 'br_ln608' <Predicate = true> <Delay = 0.75>
ST_1 : Operation 19 [1/1] (0.44ns)   --->   "%icmp_ln870_4 = icmp_eq  i2 %signin2, i2 0"   --->   Operation 19 'icmp' 'icmp_ln870_4' <Predicate = (!and_ln608)> <Delay = 0.44> <CoreInst = "Cmp">   --->   Core 9 'Cmp' <Latency = 0> <II = 1> <Delay = 0.44> <FuncUnit> <Opcode : 'icmp'> <InPorts = 2> <OutPorts = 1>
ST_1 : Operation 20 [1/1] (0.28ns)   --->   "%and_ln612 = and i1 %icmp_ln870, i1 %icmp_ln870_4" [C:/Xilinx/Vitis_HLS/2020.2/common/technology/autopilot/hls_cordic_apfixed.h:612]   --->   Operation 20 'and' 'and_ln612' <Predicate = (!and_ln608)> <Delay = 0.28> <CoreInst = "LogicGate">   --->   Core 74 'LogicGate' <Latency = 0> <II = 1> <Delay = 0.28> <FuncUnit> <Opcode : 'and' 'or' 'xor'> <InPorts = 2> <OutPorts = 1>
ST_1 : Operation 21 [1/1] (0.75ns)   --->   "%br_ln612 = br i1 %and_ln612, void, void %_ZN8ap_fixedILi20ELi3EL9ap_q_mode5EL9ap_o_mode3ELi0EEC2Ei.exit495" [C:/Xilinx/Vitis_HLS/2020.2/common/technology/autopilot/hls_cordic_apfixed.h:612]   --->   Operation 21 'br' 'br_ln612' <Predicate = (!and_ln608)> <Delay = 0.75>
ST_1 : Operation 22 [1/1] (0.44ns)   --->   "%icmp_ln870_5 = icmp_eq  i2 %signin2, i2 1"   --->   Operation 22 'icmp' 'icmp_ln870_5' <Predicate = (!and_ln608 & !and_ln612)> <Delay = 0.44> <CoreInst = "Cmp">   --->   Core 9 'Cmp' <Latency = 0> <II = 1> <Delay = 0.44> <FuncUnit> <Opcode : 'icmp'> <InPorts = 2> <OutPorts = 1>
ST_1 : Operation 23 [1/1] (0.28ns)   --->   "%and_ln616 = and i1 %icmp_ln1494, i1 %icmp_ln870_5" [C:/Xilinx/Vitis_HLS/2020.2/common/technology/autopilot/hls_cordic_apfixed.h:616]   --->   Operation 23 'and' 'and_ln616' <Predicate = (!and_ln608 & !and_ln612)> <Delay = 0.28> <CoreInst = "LogicGate">   --->   Core 74 'LogicGate' <Latency = 0> <II = 1> <Delay = 0.28> <FuncUnit> <Opcode : 'and' 'or' 'xor'> <InPorts = 2> <OutPorts = 1>
ST_1 : Operation 24 [1/1] (0.75ns)   --->   "%br_ln616 = br i1 %and_ln616, void, void %_ZN8ap_fixedILi20ELi3EL9ap_q_mode5EL9ap_o_mode3ELi0EEC2Ei.exit495" [C:/Xilinx/Vitis_HLS/2020.2/common/technology/autopilot/hls_cordic_apfixed.h:616]   --->   Operation 24 'br' 'br_ln616' <Predicate = (!and_ln608 & !and_ln612)> <Delay = 0.75>
ST_1 : Operation 25 [1/1] (0.44ns)   --->   "%icmp_ln870_6 = icmp_eq  i2 %signin1, i2 0"   --->   Operation 25 'icmp' 'icmp_ln870_6' <Predicate = (!and_ln608 & !and_ln612 & !and_ln616)> <Delay = 0.44> <CoreInst = "Cmp">   --->   Core 9 'Cmp' <Latency = 0> <II = 1> <Delay = 0.44> <FuncUnit> <Opcode : 'icmp'> <InPorts = 2> <OutPorts = 1>
ST_1 : Operation 26 [1/1] (0.28ns)   --->   "%and_ln620 = and i1 %icmp_ln870_6, i1 %icmp_ln870_5" [C:/Xilinx/Vitis_HLS/2020.2/common/technology/autopilot/hls_cordic_apfixed.h:620]   --->   Operation 26 'and' 'and_ln620' <Predicate = (!and_ln608 & !and_ln612 & !and_ln616)> <Delay = 0.28> <CoreInst = "LogicGate">   --->   Core 74 'LogicGate' <Latency = 0> <II = 1> <Delay = 0.28> <FuncUnit> <Opcode : 'and' 'or' 'xor'> <InPorts = 2> <OutPorts = 1>
ST_1 : Operation 27 [1/1] (0.75ns)   --->   "%br_ln620 = br i1 %and_ln620, void, void %_ZN8ap_fixedILi20ELi3EL9ap_q_mode5EL9ap_o_mode3ELi0EEC2Ei.exit495" [C:/Xilinx/Vitis_HLS/2020.2/common/technology/autopilot/hls_cordic_apfixed.h:620]   --->   Operation 27 'br' 'br_ln620' <Predicate = (!and_ln608 & !and_ln612 & !and_ln616)> <Delay = 0.75>
ST_1 : Operation 28 [1/1] (1.07ns)   --->   "%icmp_ln1498_2 = icmp_eq  i20 %in1_read, i20 %in2_read"   --->   Operation 28 'icmp' 'icmp_ln1498_2' <Predicate = (!and_ln608 & !and_ln612 & !and_ln616 & !and_ln620)> <Delay = 1.07> <CoreInst = "Cmp">   --->   Core 9 'Cmp' <Latency = 0> <II = 1> <Delay = 0.44> <FuncUnit> <Opcode : 'icmp'> <InPorts = 2> <OutPorts = 1>
ST_1 : Operation 29 [1/1] (0.00ns)   --->   "%br_ln624 = br i1 %icmp_ln1498_2, void %_ZN8ap_fixedILi21ELi21EL9ap_q_mode5EL9ap_o_mode3ELi0EEC2ILi20ELi20ELb1ELS0_5ELS1_3ELi0EEERK13ap_fixed_baseIXT_EXT0_EXT1_EXT2_EXT3_EXT4_EE.exit327, void" [C:/Xilinx/Vitis_HLS/2020.2/common/technology/autopilot/hls_cordic_apfixed.h:624]   --->   Operation 29 'br' 'br_ln624' <Predicate = (!and_ln608 & !and_ln612 & !and_ln616 & !and_ln620)> <Delay = 0.00>
ST_1 : Operation 30 [1/1] (0.00ns)   --->   "%sext_ln703 = sext i20 %in1_read"   --->   Operation 30 'sext' 'sext_ln703' <Predicate = (!and_ln608 & !and_ln612 & !and_ln616 & !and_ln620 & !icmp_ln1498_2)> <Delay = 0.00>
ST_1 : Operation 31 [1/1] (0.89ns)   --->   "%r_V = sub i21 0, i21 %sext_ln703"   --->   Operation 31 'sub' 'r_V' <Predicate = (!and_ln608 & !and_ln612 & !and_ln616 & !and_ln620 & !icmp_ln1498_2)> <Delay = 0.89> <CoreInst = "Adder">   --->   Core 1 'Adder' <Latency = 0> <II = 1> <Delay = 0.96> <FuncUnit> <Opcode : 'add' 'sub'> <InPorts = 2> <OutPorts = 1>
ST_1 : Operation 32 [1/1] (0.35ns)   --->   "%in1abs_V = select i1 %icmp_ln870_6, i21 %r_V, i21 %sext_ln703" [C:/Xilinx/Vitis_HLS/2020.2/common/technology/autopilot/hls_cordic_apfixed.h:642]   --->   Operation 32 'select' 'in1abs_V' <Predicate = (!and_ln608 & !and_ln612 & !and_ln616 & !and_ln620 & !icmp_ln1498_2)> <Delay = 0.35> <CoreInst = "Sel">   --->   Core 73 'Sel' <Latency = 0> <II = 1> <Delay = 0.36> <FuncUnit> <Opcode : 'select'> <InPorts = 3> <OutPorts = 1>
ST_1 : Operation 33 [1/1] (0.00ns)   --->   "%sext_ln703_1 = sext i20 %in2_read"   --->   Operation 33 'sext' 'sext_ln703_1' <Predicate = (!and_ln608 & !and_ln612 & !and_ln616 & !and_ln620 & !icmp_ln1498_2)> <Delay = 0.00>
ST_1 : Operation 34 [1/1] (0.89ns)   --->   "%r_V_10 = sub i21 0, i21 %sext_ln703_1"   --->   Operation 34 'sub' 'r_V_10' <Predicate = (!and_ln608 & !and_ln612 & !and_ln616 & !and_ln620 & !icmp_ln1498_2)> <Delay = 0.89> <CoreInst = "Adder">   --->   Core 1 'Adder' <Latency = 0> <II = 1> <Delay = 0.96> <FuncUnit> <Opcode : 'add' 'sub'> <InPorts = 2> <OutPorts = 1>
ST_1 : Operation 35 [1/1] (0.35ns)   --->   "%in2abs_V = select i1 %icmp_ln870_4, i21 %r_V_10, i21 %sext_ln703_1" [C:/Xilinx/Vitis_HLS/2020.2/common/technology/autopilot/hls_cordic_apfixed.h:648]   --->   Operation 35 'select' 'in2abs_V' <Predicate = (!and_ln608 & !and_ln612 & !and_ln616 & !and_ln620 & !icmp_ln1498_2)> <Delay = 0.35> <CoreInst = "Sel">   --->   Core 73 'Sel' <Latency = 0> <II = 1> <Delay = 0.36> <FuncUnit> <Opcode : 'select'> <InPorts = 3> <OutPorts = 1>
ST_1 : Operation 36 [1/1] (1.06ns)   --->   "%icmp_ln1494_2 = icmp_sgt  i21 %in1abs_V, i21 %in2abs_V"   --->   Operation 36 'icmp' 'icmp_ln1494_2' <Predicate = (!and_ln608 & !and_ln612 & !and_ln616 & !and_ln620 & !icmp_ln1498_2)> <Delay = 1.06> <CoreInst = "Cmp">   --->   Core 9 'Cmp' <Latency = 0> <II = 1> <Delay = 0.44> <FuncUnit> <Opcode : 'icmp'> <InPorts = 2> <OutPorts = 1>
ST_1 : Operation 37 [1/1] (0.00ns)   --->   "%shl_ln = bitconcatenate i26 @_ssdm_op_BitConcatenate.i26.i21.i5, i21 %in1abs_V, i5 0"   --->   Operation 37 'bitconcatenate' 'shl_ln' <Predicate = (!and_ln608 & !and_ln612 & !and_ln616 & !and_ln620 & !icmp_ln1498_2)> <Delay = 0.00>
ST_1 : Operation 38 [1/1] (0.00ns)   --->   "%shl_ln728_1 = bitconcatenate i26 @_ssdm_op_BitConcatenate.i26.i21.i5, i21 %in2abs_V, i5 0"   --->   Operation 38 'bitconcatenate' 'shl_ln728_1' <Predicate = (!and_ln608 & !and_ln612 & !and_ln616 & !and_ln620 & !icmp_ln1498_2)> <Delay = 0.00>
ST_1 : Operation 39 [1/1] (0.32ns)   --->   "%y_V = select i1 %icmp_ln1494_2, i26 %shl_ln728_1, i26 %shl_ln" [C:/Xilinx/Vitis_HLS/2020.2/common/technology/autopilot/hls_cordic_apfixed.h:669]   --->   Operation 39 'select' 'y_V' <Predicate = (!and_ln608 & !and_ln612 & !and_ln616 & !and_ln620 & !icmp_ln1498_2)> <Delay = 0.32> <CoreInst = "Sel">   --->   Core 73 'Sel' <Latency = 0> <II = 1> <Delay = 0.36> <FuncUnit> <Opcode : 'select'> <InPorts = 3> <OutPorts = 1>
ST_1 : Operation 40 [1/1] (0.00ns)   --->   "%sext_ln669 = sext i26 %y_V" [C:/Xilinx/Vitis_HLS/2020.2/common/technology/autopilot/hls_cordic_apfixed.h:669]   --->   Operation 40 'sext' 'sext_ln669' <Predicate = (!and_ln608 & !and_ln612 & !and_ln616 & !and_ln620 & !icmp_ln1498_2)> <Delay = 0.00>
ST_1 : Operation 41 [1/1] (0.32ns)   --->   "%x_V = select i1 %icmp_ln1494_2, i26 %shl_ln, i26 %shl_ln728_1" [C:/Xilinx/Vitis_HLS/2020.2/common/technology/autopilot/hls_cordic_apfixed.h:669]   --->   Operation 41 'select' 'x_V' <Predicate = (!and_ln608 & !and_ln612 & !and_ln616 & !and_ln620 & !icmp_ln1498_2)> <Delay = 0.32> <CoreInst = "Sel">   --->   Core 73 'Sel' <Latency = 0> <II = 1> <Delay = 0.36> <FuncUnit> <Opcode : 'select'> <InPorts = 3> <OutPorts = 1>
ST_1 : Operation 42 [1/1] (0.00ns)   --->   "%sext_ln664 = sext i26 %x_V" [C:/Xilinx/Vitis_HLS/2020.2/common/technology/autopilot/hls_cordic_apfixed.h:664]   --->   Operation 42 'sext' 'sext_ln664' <Predicate = (!and_ln608 & !and_ln612 & !and_ln616 & !and_ln620 & !icmp_ln1498_2)> <Delay = 0.00>
ST_1 : Operation 43 [1/1] (0.42ns)   --->   "%br_ln87 = br void %_ZN8ap_fixedILi27ELi3EL9ap_q_mode5EL9ap_o_mode3ELi0EEC2ILi128ELi2ELb0ELS0_5ELS1_3ELi0EEERK13ap_fixed_baseIXT_EXT0_EXT1_EXT2_EXT3_EXT4_EE.exit.i" [C:/Xilinx/Vitis_HLS/2020.2/common/technology/autopilot/hls_cordic_apfixed.h:87]   --->   Operation 43 'br' 'br_ln87' <Predicate = (!and_ln608 & !and_ln612 & !and_ln616 & !and_ln620 & !icmp_ln1498_2)> <Delay = 0.42>
ST_1 : Operation 44 [1/1] (0.75ns)   --->   "%br_ln625 = br i1 %icmp_ln1494, void, void %_ZN8ap_fixedILi20ELi3EL9ap_q_mode5EL9ap_o_mode3ELi0EEC2Ei.exit495" [C:/Xilinx/Vitis_HLS/2020.2/common/technology/autopilot/hls_cordic_apfixed.h:625]   --->   Operation 44 'br' 'br_ln625' <Predicate = (!and_ln608 & !and_ln612 & !and_ln616 & !and_ln620 & icmp_ln1498_2)> <Delay = 0.75>

State 2 <SV = 1> <Delay = 2.45>
ST_2 : Operation 45 [1/1] (0.00ns)   --->   "%n = phi i5 %add_ln87, void %_ZN8ap_fixedILi27ELi3EL9ap_q_mode5EL9ap_o_mode3ELi0EEC2ILi128ELi2ELb0ELS0_5ELS1_3ELi0EEERK13ap_fixed_baseIXT_EXT0_EXT1_EXT2_EXT3_EXT4_EE.exit.i.split_ifconv, i5 0, void %_ZN8ap_fixedILi21ELi21EL9ap_q_mode5EL9ap_o_mode3ELi0EEC2ILi20ELi20ELb1ELS0_5ELS1_3ELi0EEERK13ap_fixed_baseIXT_EXT0_EXT1_EXT2_EXT3_EXT4_EE.exit327"   --->   Operation 45 'phi' 'n' <Predicate = true> <Delay = 0.00>
ST_2 : Operation 46 [1/1] (0.00ns)   --->   "%empty = phi i27 %tz, void %_ZN8ap_fixedILi27ELi3EL9ap_q_mode5EL9ap_o_mode3ELi0EEC2ILi128ELi2ELb0ELS0_5ELS1_3ELi0EEERK13ap_fixed_baseIXT_EXT0_EXT1_EXT2_EXT3_EXT4_EE.exit.i.split_ifconv, i27 0, void %_ZN8ap_fixedILi21ELi21EL9ap_q_mode5EL9ap_o_mode3ELi0EEC2ILi20ELi20ELb1ELS0_5ELS1_3ELi0EEERK13ap_fixed_baseIXT_EXT0_EXT1_EXT2_EXT3_EXT4_EE.exit327"   --->   Operation 46 'phi' 'empty' <Predicate = true> <Delay = 0.00>
ST_2 : Operation 47 [1/1] (0.00ns)   --->   "%empty_112 = phi i27 %tx, void %_ZN8ap_fixedILi27ELi3EL9ap_q_mode5EL9ap_o_mode3ELi0EEC2ILi128ELi2ELb0ELS0_5ELS1_3ELi0EEERK13ap_fixed_baseIXT_EXT0_EXT1_EXT2_EXT3_EXT4_EE.exit.i.split_ifconv, i27 %sext_ln664, void %_ZN8ap_fixedILi21ELi21EL9ap_q_mode5EL9ap_o_mode3ELi0EEC2ILi20ELi20ELb1ELS0_5ELS1_3ELi0EEERK13ap_fixed_baseIXT_EXT0_EXT1_EXT2_EXT3_EXT4_EE.exit327"   --->   Operation 47 'phi' 'empty_112' <Predicate = true> <Delay = 0.00>
ST_2 : Operation 48 [1/1] (0.00ns)   --->   "%p_Val2_7 = phi i27 %ty, void %_ZN8ap_fixedILi27ELi3EL9ap_q_mode5EL9ap_o_mode3ELi0EEC2ILi128ELi2ELb0ELS0_5ELS1_3ELi0EEERK13ap_fixed_baseIXT_EXT0_EXT1_EXT2_EXT3_EXT4_EE.exit.i.split_ifconv, i27 %sext_ln669, void %_ZN8ap_fixedILi21ELi21EL9ap_q_mode5EL9ap_o_mode3ELi0EEC2ILi20ELi20ELb1ELS0_5ELS1_3ELi0EEERK13ap_fixed_baseIXT_EXT0_EXT1_EXT2_EXT3_EXT4_EE.exit327"   --->   Operation 48 'phi' 'p_Val2_7' <Predicate = true> <Delay = 0.00>
ST_2 : Operation 49 [1/1] (0.78ns)   --->   "%add_ln87 = add i5 %n, i5 1" [C:/Xilinx/Vitis_HLS/2020.2/common/technology/autopilot/hls_cordic_apfixed.h:87]   --->   Operation 49 'add' 'add_ln87' <Predicate = true> <Delay = 0.78> <CoreInst = "Adder">   --->   Core 1 'Adder' <Latency = 0> <II = 1> <Delay = 0.96> <FuncUnit> <Opcode : 'add' 'sub'> <InPorts = 2> <OutPorts = 1>
ST_2 : Operation 50 [1/1] (0.75ns)   --->   "%icmp_ln87 = icmp_eq  i5 %n, i5 27" [C:/Xilinx/Vitis_HLS/2020.2/common/technology/autopilot/hls_cordic_apfixed.h:87]   --->   Operation 50 'icmp' 'icmp_ln87' <Predicate = true> <Delay = 0.75> <CoreInst = "Cmp">   --->   Core 9 'Cmp' <Latency = 0> <II = 1> <Delay = 0.44> <FuncUnit> <Opcode : 'icmp'> <InPorts = 2> <OutPorts = 1>
ST_2 : Operation 51 [1/1] (0.00ns)   --->   "%speclooptripcount_ln0 = speclooptripcount void @_ssdm_op_SpecLoopTripCount, i64 27, i64 27, i64 27"   --->   Operation 51 'speclooptripcount' 'speclooptripcount_ln0' <Predicate = true> <Delay = 0.00>
ST_2 : Operation 52 [1/1] (0.00ns)   --->   "%br_ln87 = br i1 %icmp_ln87, void %_ZN8ap_fixedILi27ELi3EL9ap_q_mode5EL9ap_o_mode3ELi0EEC2ILi128ELi2ELb0ELS0_5ELS1_3ELi0EEERK13ap_fixed_baseIXT_EXT0_EXT1_EXT2_EXT3_EXT4_EE.exit.i.split_ifconv, void %_ZN14cordic_apfixed19cordic_circ_apfixedILi27ELi3ELi1EEEvR8ap_fixedIXT_EXT0_EL9ap_q_mode5EL9ap_o_mode3ELi0EES5_S5_.exit" [C:/Xilinx/Vitis_HLS/2020.2/common/technology/autopilot/hls_cordic_apfixed.h:87]   --->   Operation 52 'br' 'br_ln87' <Predicate = true> <Delay = 0.00>
ST_2 : Operation 53 [1/1] (0.00ns)   --->   "%zext_ln87 = zext i5 %n" [C:/Xilinx/Vitis_HLS/2020.2/common/technology/autopilot/hls_cordic_apfixed.h:87]   --->   Operation 53 'zext' 'zext_ln87' <Predicate = (!icmp_ln87)> <Delay = 0.00>
ST_2 : Operation 54 [1/1] (0.00ns)   --->   "%tmp_51 = bitselect i1 @_ssdm_op_BitSelect.i1.i27.i32, i27 %p_Val2_7, i32 26"   --->   Operation 54 'bitselect' 'tmp_51' <Predicate = (!icmp_ln87)> <Delay = 0.00>
ST_2 : Operation 55 [1/1] (0.00ns)   --->   "%zext_ln1333 = zext i5 %n"   --->   Operation 55 'zext' 'zext_ln1333' <Predicate = (!icmp_ln87)> <Delay = 0.00>
ST_2 : Operation 56 [1/1] (1.16ns)   --->   "%r_V_11 = ashr i27 %empty_112, i27 %zext_ln1333"   --->   Operation 56 'ashr' 'r_V_11' <Predicate = (!icmp_ln87)> <Delay = 1.16> <CoreInst = "Shifter">   --->   Core 75 'Shifter' <Latency = 0> <II = 1> <Delay = 1.16> <FuncUnit> <Opcode : 'shl' 'lshr' 'ashr'> <InPorts = 2> <OutPorts = 1>
ST_2 : Operation 57 [1/1] (1.16ns)   --->   "%r_V_12 = ashr i27 %p_Val2_7, i27 %zext_ln1333"   --->   Operation 57 'ashr' 'r_V_12' <Predicate = (!icmp_ln87)> <Delay = 1.16> <CoreInst = "Shifter">   --->   Core 75 'Shifter' <Latency = 0> <II = 1> <Delay = 1.16> <FuncUnit> <Opcode : 'shl' 'lshr' 'ashr'> <InPorts = 2> <OutPorts = 1>
ST_2 : Operation 58 [1/1] (0.00ns)   --->   "%circ_table_arctan_128_V56_addr = getelementptr i126 %circ_table_arctan_128_V56, i64 0, i64 %zext_ln87"   --->   Operation 58 'getelementptr' 'circ_table_arctan_128_V56_addr' <Predicate = (!icmp_ln87)> <Delay = 0.00>
ST_2 : Operation 59 [2/2] (1.23ns)   --->   "%circ_table_arctan_128_V56_load = load i7 %circ_table_arctan_128_V56_addr"   --->   Operation 59 'load' 'circ_table_arctan_128_V56_load' <Predicate = (!icmp_ln87)> <Delay = 1.23> <CoreInst = "ROM">   --->   Core 101 'ROM' <Latency = 1> <II = 1> <Delay = 1.23> <Storage> <Opcode : 'load'> <Ports = 0> <Width = 126> <Depth = 128> <ROM>
ST_2 : Operation 60 [1/1] (0.96ns)   --->   "%add_ln703 = add i27 %r_V_12, i27 %empty_112"   --->   Operation 60 'add' 'add_ln703' <Predicate = (!icmp_ln87)> <Delay = 0.96> <CoreInst = "Adder">   --->   Core 1 'Adder' <Latency = 0> <II = 1> <Delay = 0.96> <FuncUnit> <Opcode : 'add' 'sub'> <InPorts = 2> <OutPorts = 1>
ST_2 : Operation 61 [1/1] (0.96ns)   --->   "%sub_ln703 = sub i27 %p_Val2_7, i27 %r_V_11"   --->   Operation 61 'sub' 'sub_ln703' <Predicate = (!icmp_ln87)> <Delay = 0.96> <CoreInst = "Adder">   --->   Core 1 'Adder' <Latency = 0> <II = 1> <Delay = 0.96> <FuncUnit> <Opcode : 'add' 'sub'> <InPorts = 2> <OutPorts = 1>
ST_2 : Operation 62 [1/1] (0.96ns)   --->   "%sub_ln703_3 = sub i27 %empty_112, i27 %r_V_12"   --->   Operation 62 'sub' 'sub_ln703_3' <Predicate = (!icmp_ln87)> <Delay = 0.96> <CoreInst = "Adder">   --->   Core 1 'Adder' <Latency = 0> <II = 1> <Delay = 0.96> <FuncUnit> <Opcode : 'add' 'sub'> <InPorts = 2> <OutPorts = 1>
ST_2 : Operation 63 [1/1] (0.96ns)   --->   "%add_ln703_2 = add i27 %r_V_11, i27 %p_Val2_7"   --->   Operation 63 'add' 'add_ln703_2' <Predicate = (!icmp_ln87)> <Delay = 0.96> <CoreInst = "Adder">   --->   Core 1 'Adder' <Latency = 0> <II = 1> <Delay = 0.96> <FuncUnit> <Opcode : 'add' 'sub'> <InPorts = 2> <OutPorts = 1>
ST_2 : Operation 64 [1/1] (0.32ns)   --->   "%ty = select i1 %tmp_51, i27 %add_ln703_2, i27 %sub_ln703"   --->   Operation 64 'select' 'ty' <Predicate = (!icmp_ln87)> <Delay = 0.32> <CoreInst = "Sel">   --->   Core 73 'Sel' <Latency = 0> <II = 1> <Delay = 0.36> <FuncUnit> <Opcode : 'select'> <InPorts = 3> <OutPorts = 1>
ST_2 : Operation 65 [1/1] (0.32ns)   --->   "%tx = select i1 %tmp_51, i27 %sub_ln703_3, i27 %add_ln703"   --->   Operation 65 'select' 'tx' <Predicate = (!icmp_ln87)> <Delay = 0.32> <CoreInst = "Sel">   --->   Core 73 'Sel' <Latency = 0> <II = 1> <Delay = 0.36> <FuncUnit> <Opcode : 'select'> <InPorts = 3> <OutPorts = 1>

State 3 <SV = 2> <Delay = 2.52>
ST_3 : Operation 66 [1/1] (0.00ns)   --->   "%specpipeline_ln87 = specpipeline void @_ssdm_op_SpecPipeline, i32 4294967295, i32 0, i32 0, i32 0, void @empty_26" [C:/Xilinx/Vitis_HLS/2020.2/common/technology/autopilot/hls_cordic_apfixed.h:87]   --->   Operation 66 'specpipeline' 'specpipeline_ln87' <Predicate = (!icmp_ln87)> <Delay = 0.00>
ST_3 : Operation 67 [1/1] (0.00ns)   --->   "%specloopname_ln87 = specloopname void @_ssdm_op_SpecLoopName, void @empty_23" [C:/Xilinx/Vitis_HLS/2020.2/common/technology/autopilot/hls_cordic_apfixed.h:87]   --->   Operation 67 'specloopname' 'specloopname_ln87' <Predicate = (!icmp_ln87)> <Delay = 0.00>
ST_3 : Operation 68 [1/2] (1.23ns)   --->   "%circ_table_arctan_128_V56_load = load i7 %circ_table_arctan_128_V56_addr"   --->   Operation 68 'load' 'circ_table_arctan_128_V56_load' <Predicate = (!icmp_ln87)> <Delay = 1.23> <CoreInst = "ROM">   --->   Core 101 'ROM' <Latency = 1> <II = 1> <Delay = 1.23> <Storage> <Opcode : 'load'> <Ports = 0> <Width = 126> <Depth = 128> <ROM>
ST_3 : Operation 69 [1/1] (0.00ns)   --->   "%tmp = partselect i24 @_ssdm_op_PartSelect.i24.i126.i32.i32, i126 %circ_table_arctan_128_V56_load, i32 102, i32 125"   --->   Operation 69 'partselect' 'tmp' <Predicate = (!icmp_ln87)> <Delay = 0.00>
ST_3 : Operation 70 [1/1] (0.00ns)   --->   "%zext_ln708 = zext i24 %tmp"   --->   Operation 70 'zext' 'zext_ln708' <Predicate = (!icmp_ln87)> <Delay = 0.00>
ST_3 : Operation 71 [1/1] (0.96ns)   --->   "%add_ln703_1 = add i27 %zext_ln708, i27 %empty"   --->   Operation 71 'add' 'add_ln703_1' <Predicate = (!icmp_ln87 & !tmp_51)> <Delay = 0.96> <CoreInst = "Adder">   --->   Core 1 'Adder' <Latency = 0> <II = 1> <Delay = 0.96> <FuncUnit> <Opcode : 'add' 'sub'> <InPorts = 2> <OutPorts = 1>
ST_3 : Operation 72 [1/1] (0.96ns)   --->   "%sub_ln703_4 = sub i27 %empty, i27 %zext_ln708"   --->   Operation 72 'sub' 'sub_ln703_4' <Predicate = (!icmp_ln87 & tmp_51)> <Delay = 0.96> <CoreInst = "Adder">   --->   Core 1 'Adder' <Latency = 0> <II = 1> <Delay = 0.96> <FuncUnit> <Opcode : 'add' 'sub'> <InPorts = 2> <OutPorts = 1>
ST_3 : Operation 73 [1/1] (0.32ns)   --->   "%tz = select i1 %tmp_51, i27 %sub_ln703_4, i27 %add_ln703_1"   --->   Operation 73 'select' 'tz' <Predicate = (!icmp_ln87)> <Delay = 0.32> <CoreInst = "Sel">   --->   Core 73 'Sel' <Latency = 0> <II = 1> <Delay = 0.36> <FuncUnit> <Opcode : 'select'> <InPorts = 3> <OutPorts = 1>
ST_3 : Operation 74 [1/1] (0.00ns)   --->   "%br_ln0 = br void %_ZN8ap_fixedILi27ELi3EL9ap_q_mode5EL9ap_o_mode3ELi0EEC2ILi128ELi2ELb0ELS0_5ELS1_3ELi0EEERK13ap_fixed_baseIXT_EXT0_EXT1_EXT2_EXT3_EXT4_EE.exit.i"   --->   Operation 74 'br' 'br_ln0' <Predicate = (!icmp_ln87)> <Delay = 0.00>

State 4 <SV = 2> <Delay = 3.00>
ST_4 : Operation 75 [1/1] (0.96ns)   --->   "%z_V_1 = sub i27 26353568, i27 %empty"   --->   Operation 75 'sub' 'z_V_1' <Predicate = (!and_ln608 & !and_ln612 & !and_ln616 & !and_ln620 & !icmp_ln1498_2 & icmp_ln1494_2)> <Delay = 0.96> <CoreInst = "Adder">   --->   Core 1 'Adder' <Latency = 0> <II = 1> <Delay = 0.96> <FuncUnit> <Opcode : 'add' 'sub'> <InPorts = 2> <OutPorts = 1>
ST_4 : Operation 76 [1/1] (0.32ns)   --->   "%z_V_2 = select i1 %icmp_ln1494_2, i27 %z_V_1, i27 %empty" [C:/Xilinx/Vitis_HLS/2020.2/common/technology/autopilot/hls_cordic_apfixed.h:677]   --->   Operation 76 'select' 'z_V_2' <Predicate = (!and_ln608 & !and_ln612 & !and_ln616 & !and_ln620 & !icmp_ln1498_2)> <Delay = 0.32> <CoreInst = "Sel">   --->   Core 73 'Sel' <Latency = 0> <II = 1> <Delay = 0.36> <FuncUnit> <Opcode : 'select'> <InPorts = 3> <OutPorts = 1>
ST_4 : Operation 77 [1/1] (0.28ns)   --->   "%and_ln681 = and i1 %icmp_ln870_4, i1 %icmp_ln1494" [C:/Xilinx/Vitis_HLS/2020.2/common/technology/autopilot/hls_cordic_apfixed.h:681]   --->   Operation 77 'and' 'and_ln681' <Predicate = (!and_ln608 & !and_ln612 & !and_ln616 & !and_ln620 & !icmp_ln1498_2)> <Delay = 0.28> <CoreInst = "LogicGate">   --->   Core 74 'LogicGate' <Latency = 0> <II = 1> <Delay = 0.28> <FuncUnit> <Opcode : 'and' 'or' 'xor'> <InPorts = 2> <OutPorts = 1>
ST_4 : Operation 78 [1/1] (0.00ns)   --->   "%br_ln681 = br i1 %and_ln681, void, void %_ZN13ap_fixed_baseILi28ELi4ELb1EL9ap_q_mode5EL9ap_o_mode3ELi0EEC2ILi21ELi3ELb1ELS0_5ELS1_3ELi0EEERKS_IXT_EXT0_EXT1_EXT2_EXT3_EXT4_EE.exit.i" [C:/Xilinx/Vitis_HLS/2020.2/common/technology/autopilot/hls_cordic_apfixed.h:681]   --->   Operation 78 'br' 'br_ln681' <Predicate = (!and_ln608 & !and_ln612 & !and_ln616 & !and_ln620 & !icmp_ln1498_2)> <Delay = 0.00>
ST_4 : Operation 79 [1/1] (0.00ns) (grouped into LUT with out node icmp_ln684)   --->   "%or_ln684 = or i2 %signin2, i2 %signin1" [C:/Xilinx/Vitis_HLS/2020.2/common/technology/autopilot/hls_cordic_apfixed.h:684]   --->   Operation 79 'or' 'or_ln684' <Predicate = (!and_ln608 & !and_ln612 & !and_ln616 & !and_ln620 & !icmp_ln1498_2 & !and_ln681)> <Delay = 0.00> <CoreInst = "LogicGate">   --->   Core 74 'LogicGate' <Latency = 0> <II = 1> <Delay = 0.28> <FuncUnit> <Opcode : 'and' 'or' 'xor'> <InPorts = 2> <OutPorts = 1>
ST_4 : Operation 80 [1/1] (0.44ns) (out node of the LUT)   --->   "%icmp_ln684 = icmp_eq  i2 %or_ln684, i2 0" [C:/Xilinx/Vitis_HLS/2020.2/common/technology/autopilot/hls_cordic_apfixed.h:684]   --->   Operation 80 'icmp' 'icmp_ln684' <Predicate = (!and_ln608 & !and_ln612 & !and_ln616 & !and_ln620 & !icmp_ln1498_2 & !and_ln681)> <Delay = 0.44> <CoreInst = "Cmp">   --->   Core 9 'Cmp' <Latency = 0> <II = 1> <Delay = 0.44> <FuncUnit> <Opcode : 'icmp'> <InPorts = 2> <OutPorts = 1>
ST_4 : Operation 81 [1/1] (0.00ns)   --->   "%br_ln684 = br i1 %icmp_ln684, void, void %_ZN13ap_fixed_baseILi28ELi4ELb1EL9ap_q_mode5EL9ap_o_mode3ELi0EEC2ILi27ELi3ELb1ELS0_5ELS1_3ELi0EEERKS_IXT_EXT0_EXT1_EXT2_EXT3_EXT4_EE.exit.i" [C:/Xilinx/Vitis_HLS/2020.2/common/technology/autopilot/hls_cordic_apfixed.h:684]   --->   Operation 81 'br' 'br_ln684' <Predicate = (!and_ln608 & !and_ln612 & !and_ln616 & !and_ln620 & !icmp_ln1498_2 & !and_ln681)> <Delay = 0.00>
ST_4 : Operation 82 [1/1] (0.28ns)   --->   "%and_ln687 = and i1 %icmp_ln1494_1, i1 %icmp_ln870_6" [C:/Xilinx/Vitis_HLS/2020.2/common/technology/autopilot/hls_cordic_apfixed.h:687]   --->   Operation 82 'and' 'and_ln687' <Predicate = (!and_ln608 & !and_ln612 & !and_ln616 & !and_ln620 & !icmp_ln1498_2 & !and_ln681 & !icmp_ln684)> <Delay = 0.28> <CoreInst = "LogicGate">   --->   Core 74 'LogicGate' <Latency = 0> <II = 1> <Delay = 0.28> <FuncUnit> <Opcode : 'and' 'or' 'xor'> <InPorts = 2> <OutPorts = 1>
ST_4 : Operation 83 [1/1] (0.00ns)   --->   "%br_ln687 = br i1 %and_ln687, void %_ZN8ap_fixedILi20ELi3EL9ap_q_mode5EL9ap_o_mode3ELi0EEC2ILi27ELi3ELb1ELS0_5ELS1_3ELi0EEERK13ap_fixed_baseIXT_EXT0_EXT1_EXT2_EXT3_EXT4_EE.exit, void %_ZNK13ap_fixed_baseILi27ELi3ELb1EL9ap_q_mode5EL9ap_o_mode3ELi0EEngEv.exit" [C:/Xilinx/Vitis_HLS/2020.2/common/technology/autopilot/hls_cordic_apfixed.h:687]   --->   Operation 83 'br' 'br_ln687' <Predicate = (!and_ln608 & !and_ln612 & !and_ln616 & !and_ln620 & !icmp_ln1498_2 & !and_ln681 & !icmp_ln684)> <Delay = 0.00>
ST_4 : Operation 84 [1/1] (0.00ns)   --->   "%out_V_3 = partselect i20 @_ssdm_op_PartSelect.i20.i27.i32.i32, i27 %z_V_2, i32 7, i32 26"   --->   Operation 84 'partselect' 'out_V_3' <Predicate = (!and_ln608 & !and_ln612 & !and_ln616 & !and_ln620 & !icmp_ln1498_2 & !and_ln681 & !icmp_ln684 & !and_ln687)> <Delay = 0.00>
ST_4 : Operation 85 [1/1] (0.75ns)   --->   "%br_ln0 = br void %_ZN8ap_fixedILi20ELi3EL9ap_q_mode5EL9ap_o_mode3ELi0EEC2Ei.exit495"   --->   Operation 85 'br' 'br_ln0' <Predicate = (!and_ln608 & !and_ln612 & !and_ln616 & !and_ln620 & !icmp_ln1498_2 & !and_ln681 & !icmp_ln684 & !and_ln687)> <Delay = 0.75>
ST_4 : Operation 86 [1/1] (0.96ns)   --->   "%r = sub i27 0, i27 %z_V_2"   --->   Operation 86 'sub' 'r' <Predicate = (!and_ln608 & !and_ln612 & !and_ln616 & !and_ln620 & !icmp_ln1498_2 & !and_ln681 & !icmp_ln684 & and_ln687)> <Delay = 0.96> <CoreInst = "Adder">   --->   Core 1 'Adder' <Latency = 0> <II = 1> <Delay = 0.96> <FuncUnit> <Opcode : 'add' 'sub'> <InPorts = 2> <OutPorts = 1>
ST_4 : Operation 87 [1/1] (0.00ns)   --->   "%out_V_2 = partselect i20 @_ssdm_op_PartSelect.i20.i27.i32.i32, i27 %r, i32 7, i32 26"   --->   Operation 87 'partselect' 'out_V_2' <Predicate = (!and_ln608 & !and_ln612 & !and_ln616 & !and_ln620 & !icmp_ln1498_2 & !and_ln681 & !icmp_ln684 & and_ln687)> <Delay = 0.00>
ST_4 : Operation 88 [1/1] (0.75ns)   --->   "%br_ln689 = br void %_ZN8ap_fixedILi20ELi3EL9ap_q_mode5EL9ap_o_mode3ELi0EEC2Ei.exit495" [C:/Xilinx/Vitis_HLS/2020.2/common/technology/autopilot/hls_cordic_apfixed.h:689]   --->   Operation 88 'br' 'br_ln689' <Predicate = (!and_ln608 & !and_ln612 & !and_ln616 & !and_ln620 & !icmp_ln1498_2 & !and_ln681 & !icmp_ln684 & and_ln687)> <Delay = 0.75>
ST_4 : Operation 89 [1/1] (0.96ns)   --->   "%ret_V_20 = add i27 %z_V_2, i27 81510592"   --->   Operation 89 'add' 'ret_V_20' <Predicate = (!and_ln608 & !and_ln612 & !and_ln616 & !and_ln620 & !icmp_ln1498_2 & !and_ln681 & icmp_ln684)> <Delay = 0.96> <CoreInst = "Adder">   --->   Core 1 'Adder' <Latency = 0> <II = 1> <Delay = 0.96> <FuncUnit> <Opcode : 'add' 'sub'> <InPorts = 2> <OutPorts = 1>
ST_4 : Operation 90 [1/1] (0.00ns)   --->   "%out_V_1 = partselect i20 @_ssdm_op_PartSelect.i20.i27.i32.i32, i27 %ret_V_20, i32 7, i32 26"   --->   Operation 90 'partselect' 'out_V_1' <Predicate = (!and_ln608 & !and_ln612 & !and_ln616 & !and_ln620 & !icmp_ln1498_2 & !and_ln681 & icmp_ln684)> <Delay = 0.00>
ST_4 : Operation 91 [1/1] (0.75ns)   --->   "%br_ln686 = br void %_ZN8ap_fixedILi20ELi3EL9ap_q_mode5EL9ap_o_mode3ELi0EEC2Ei.exit495" [C:/Xilinx/Vitis_HLS/2020.2/common/technology/autopilot/hls_cordic_apfixed.h:686]   --->   Operation 91 'br' 'br_ln686' <Predicate = (!and_ln608 & !and_ln612 & !and_ln616 & !and_ln620 & !icmp_ln1498_2 & !and_ln681 & icmp_ln684)> <Delay = 0.75>
ST_4 : Operation 92 [1/1] (0.96ns)   --->   "%ret_V = sub i27 52707136, i27 %z_V_2"   --->   Operation 92 'sub' 'ret_V' <Predicate = (!and_ln608 & !and_ln612 & !and_ln616 & !and_ln620 & !icmp_ln1498_2 & and_ln681)> <Delay = 0.96> <CoreInst = "Adder">   --->   Core 1 'Adder' <Latency = 0> <II = 1> <Delay = 0.96> <FuncUnit> <Opcode : 'add' 'sub'> <InPorts = 2> <OutPorts = 1>
ST_4 : Operation 93 [1/1] (0.00ns)   --->   "%out_V = partselect i20 @_ssdm_op_PartSelect.i20.i27.i32.i32, i27 %ret_V, i32 7, i32 26"   --->   Operation 93 'partselect' 'out_V' <Predicate = (!and_ln608 & !and_ln612 & !and_ln616 & !and_ln620 & !icmp_ln1498_2 & and_ln681)> <Delay = 0.00>
ST_4 : Operation 94 [1/1] (0.75ns)   --->   "%br_ln683 = br void %_ZN8ap_fixedILi20ELi3EL9ap_q_mode5EL9ap_o_mode3ELi0EEC2Ei.exit495" [C:/Xilinx/Vitis_HLS/2020.2/common/technology/autopilot/hls_cordic_apfixed.h:683]   --->   Operation 94 'br' 'br_ln683' <Predicate = (!and_ln608 & !and_ln612 & !and_ln616 & !and_ln620 & !icmp_ln1498_2 & and_ln681)> <Delay = 0.75>
ST_4 : Operation 95 [1/1] (0.00ns)   --->   "%agg_result_0 = phi i20 %out_V, void %_ZN13ap_fixed_baseILi28ELi4ELb1EL9ap_q_mode5EL9ap_o_mode3ELi0EEC2ILi21ELi3ELb1ELS0_5ELS1_3ELi0EEERKS_IXT_EXT0_EXT1_EXT2_EXT3_EXT4_EE.exit.i, i20 %out_V_1, void %_ZN13ap_fixed_baseILi28ELi4ELb1EL9ap_q_mode5EL9ap_o_mode3ELi0EEC2ILi27ELi3ELb1ELS0_5ELS1_3ELi0EEERKS_IXT_EXT0_EXT1_EXT2_EXT3_EXT4_EE.exit.i, i20 %out_V_2, void %_ZNK13ap_fixed_baseILi27ELi3ELb1EL9ap_q_mode5EL9ap_o_mode3ELi0EEngEv.exit, i20 %out_V_3, void %_ZN8ap_fixedILi20ELi3EL9ap_q_mode5EL9ap_o_mode3ELi0EEC2ILi27ELi3ELb1ELS0_5ELS1_3ELi0EEERK13ap_fixed_baseIXT_EXT0_EXT1_EXT2_EXT3_EXT4_EE.exit, i20 %select_ln631, void, i20 0, void, i20 411774, void, i20 205887, void, i20 842688, void, i20 102943, void"   --->   Operation 95 'phi' 'agg_result_0' <Predicate = true> <Delay = 0.00>
ST_4 : Operation 96 [1/1] (0.00ns)   --->   "%ret_ln695 = ret i20 %agg_result_0" [C:/Xilinx/Vitis_HLS/2020.2/common/technology/autopilot/hls_cordic_apfixed.h:695]   --->   Operation 96 'ret' 'ret_ln695' <Predicate = true> <Delay = 0.00>

State 5 <SV = 1> <Delay = 0.75>
ST_5 : Operation 97 [1/1] (0.36ns)   --->   "%select_ln631 = select i1 %icmp_ln870, i20 0, i20 739744" [C:/Xilinx/Vitis_HLS/2020.2/common/technology/autopilot/hls_cordic_apfixed.h:631]   --->   Operation 97 'select' 'select_ln631' <Predicate = true> <Delay = 0.36> <CoreInst = "Sel">   --->   Core 73 'Sel' <Latency = 0> <II = 1> <Delay = 0.36> <FuncUnit> <Opcode : 'select'> <InPorts = 3> <OutPorts = 1>
ST_5 : Operation 98 [1/1] (0.75ns)   --->   "%br_ln631 = br void %_ZN8ap_fixedILi20ELi3EL9ap_q_mode5EL9ap_o_mode3ELi0EEC2Ei.exit495" [C:/Xilinx/Vitis_HLS/2020.2/common/technology/autopilot/hls_cordic_apfixed.h:631]   --->   Operation 98 'br' 'br_ln631' <Predicate = true> <Delay = 0.75>


============================================================
+ Verbose Summary: Timing violations
============================================================
Target clock period: 10ns, clock uncertainty: 2.7ns.

 <State 1>: 3.44ns
The critical path consists of the following:
	wire read on port 'in2' [5]  (0 ns)
	'icmp' operation ('icmp_ln1494_1') [11]  (1.07 ns)
	'select' operation ('signin2', C:/Xilinx/Vitis_HLS/2020.2/common/technology/autopilot/hls_cordic_apfixed.h:602) [14]  (0.179 ns)
	'icmp' operation ('icmp_ln870_4') [19]  (0.446 ns)
	'select' operation ('in2abs.V', C:/Xilinx/Vitis_HLS/2020.2/common/technology/autopilot/hls_cordic_apfixed.h:648) [39]  (0.352 ns)
	'icmp' operation ('icmp_ln1494_2') [40]  (1.07 ns)
	'select' operation ('y.V', C:/Xilinx/Vitis_HLS/2020.2/common/technology/autopilot/hls_cordic_apfixed.h:669) [43]  (0.323 ns)

 <State 2>: 2.46ns
The critical path consists of the following:
	'phi' operation ('n') with incoming values : ('add_ln87', C:/Xilinx/Vitis_HLS/2020.2/common/technology/autopilot/hls_cordic_apfixed.h:87) [49]  (0 ns)
	'ashr' operation ('r.V') [63]  (1.17 ns)
	'sub' operation ('sub_ln703') [70]  (0.965 ns)
	'select' operation ('ty') [76]  (0.324 ns)

 <State 3>: 2.53ns
The critical path consists of the following:
	'load' operation ('circ_table_arctan_128_V56_load') on array 'circ_table_arctan_128_V56' [66]  (1.24 ns)
	'add' operation ('add_ln703_1') [71]  (0.965 ns)
	'select' operation ('tz') [75]  (0.324 ns)

 <State 4>: 3.01ns
The critical path consists of the following:
	'sub' operation ('z.V') [80]  (0.965 ns)
	'select' operation ('z.V', C:/Xilinx/Vitis_HLS/2020.2/common/technology/autopilot/hls_cordic_apfixed.h:677) [81]  (0.324 ns)
	'sub' operation ('ret.V') [103]  (0.965 ns)
	multiplexor before 'phi' operation ('out.V') with incoming values : ('out.V') ('select_ln631', C:/Xilinx/Vitis_HLS/2020.2/common/technology/autopilot/hls_cordic_apfixed.h:631) [112]  (0.754 ns)
	'phi' operation ('out.V') with incoming values : ('out.V') ('select_ln631', C:/Xilinx/Vitis_HLS/2020.2/common/technology/autopilot/hls_cordic_apfixed.h:631) [112]  (0 ns)

 <State 5>: 0.754ns
The critical path consists of the following:
	multiplexor before 'phi' operation ('out.V') with incoming values : ('out.V') ('select_ln631', C:/Xilinx/Vitis_HLS/2020.2/common/technology/autopilot/hls_cordic_apfixed.h:631) [112]  (0.754 ns)


============================================================
+ Verbose Summary: Binding
============================================================
N/A
* FSMD analyzer results:
  - Output states:
 - Input state : 
  - Chain level:
	State 1
	State 2
	State 3
	State 4
	State 5


============================================================
+ Verbose Summary: Datapath Resource usage 
============================================================
N/A
