

================================================================
== Vitis HLS Report for 'process_output_8_0_1080_1920_1_s'
================================================================
* Date:           Wed Jan 17 16:58:27 2024

* Version:        2020.2 (Build 3064766 on Wed Nov 18 09:12:45 MST 2020)
* Project:        hls_project
* Solution:       solution1 (Vivado IP Flow Target)
* Product family: zynquplus
* Target device:  xczu7ev-ffvc1156-2-e


================================================================
== Performance Estimates
================================================================
+ Timing: 
    * Summary: 
    +--------+----------+----------+------------+
    |  Clock |  Target  | Estimated| Uncertainty|
    +--------+----------+----------+------------+
    |ap_clk  |  10.00 ns|  3.939 ns|     2.70 ns|
    +--------+----------+----------+------------+

+ Latency: 
    * Summary: 
    +---------+---------+----------+----------+-----+-----+---------+
    |  Latency (cycles) |  Latency (absolute) |  Interval | Pipeline|
    |   min   |   max   |    min   |    max   | min | max |   Type  |
    +---------+---------+----------+----------+-----+-----+---------+
    |        ?|        ?|         ?|         ?|    ?|    ?|     none|
    +---------+---------+----------+----------+-----+-----+---------+

    + Detail: 
        * Instance: 
        N/A

        * Loop: 
        +--------------------+---------+---------+----------+-----------+-----------+------+----------+
        |                    |  Latency (cycles) | Iteration|  Initiation Interval  | Trip |          |
        |      Loop Name     |   min   |   max   |  Latency |  achieved |   target  | Count| Pipelined|
        +--------------------+---------+---------+----------+-----------+-----------+------+----------+
        |- VITIS_LOOP_259_1  |        ?|        ?|         4|          1|          1|     ?|       yes|
        +--------------------+---------+---------+----------+-----------+-----------+------+----------+

============================================================
+ Verbose Summary: Synthesis Manager
============================================================
InlineROM: 1
ExposeGlobal: 0
============================================================
+ Verbose Summary: CDFG Model
============================================================
IsTopModel: 0
ResetActiveHigh: 1
IsCombinational: 2
IsDatapathOnly: 0
HasWiredReturn: 1
HasMFsm: 0
HasVarLatency: 1
IsPipeline: 0
IsRtlPipelined: 0
IsInstanceOverlapped: 0
IsDontTouch: 0
HasImplIP: 0
IsGatedGlobalClock: 0

+ Individual pipeline summary: 
  * Pipeline-0: initiation interval (II) = 1, depth = 4


============================================================
+ Verbose Summary: Schedule
============================================================
* Number of FSM states : 6
* Pipeline : 1
  Pipeline-0 : II = 1, D = 4, States = { 2 3 4 5 }
* Dataflow Pipeline: 0

* FSM state transitions: 
1 --> 2 
2 --> 6 3 
3 --> 4 
4 --> 5 
5 --> 2 
6 --> 

* FSM state operations: 

State 1 <SV = 0> <Delay = 0.42>
ST_1 : Operation 7 [1/1] (0.00ns)   --->   "%reuse_addr_reg = alloca i32 1"   --->   Operation 7 'alloca' 'reuse_addr_reg' <Predicate = true> <Delay = 0.00>
ST_1 : Operation 8 [1/1] (0.00ns)   --->   "%reuse_reg = alloca i32 1"   --->   Operation 8 'alloca' 'reuse_reg' <Predicate = true> <Delay = 0.00>
ST_1 : Operation 9 [1/1] (0.00ns)   --->   "%cnt = alloca i32 1"   --->   Operation 9 'alloca' 'cnt' <Predicate = true> <Delay = 0.00>
ST_1 : Operation 10 [1/1] (0.00ns)   --->   "%specinterface_ln0 = specinterface void @_ssdm_op_SpecInterface, i512 %src, void @empty_28, i32 0, i32 0, void @empty_26, i32 0, i32 0, void @empty_26, void @empty_26, void @empty_26, i32 0, i32 0, i32 0, i32 0, void @empty_26, void @empty_26"   --->   Operation 10 'specinterface' 'specinterface_ln0' <Predicate = true> <Delay = 0.00>
ST_1 : Operation 11 [1/1] (0.00ns)   --->   "%specinterface_ln0 = specinterface void @_ssdm_op_SpecInterface, i296 %dst_V_data_V, i37 %dst_V_keep_V, i37 %dst_V_strb_V, i1 %dst_V_user_V, i1 %dst_V_last_V, i1 %dst_V_id_V, i1 %dst_V_dest_V, void @empty_6, i32 0, i32 0, void @empty_5, i32 0, i32 4800, void @empty_26, void @empty_26, void @empty_26, i32 0, i32 0, i32 0, i32 0, void @empty_26, void @empty_26"   --->   Operation 11 'specinterface' 'specinterface_ln0' <Predicate = true> <Delay = 0.00>
ST_1 : Operation 12 [1/1] (0.42ns)   --->   "%store_ln259 = store i32 0, i32 %cnt" [src/ORB.cpp:259]   --->   Operation 12 'store' 'store_ln259' <Predicate = true> <Delay = 0.42>
ST_1 : Operation 13 [1/1] (0.00ns)   --->   "%specpipeline_ln0 = specpipeline void @_ssdm_op_SpecPipeline, i32 4294967295, i32 0, i32 1, i32 0, void @p_str29"   --->   Operation 13 'specpipeline' 'specpipeline_ln0' <Predicate = true> <Delay = 0.00>
ST_1 : Operation 14 [1/1] (0.42ns)   --->   "%store_ln0 = store i32 0, i32 %reuse_reg"   --->   Operation 14 'store' 'store_ln0' <Predicate = true> <Delay = 0.42>
ST_1 : Operation 15 [1/1] (0.42ns)   --->   "%store_ln0 = store i64 18446744073709551615, i64 %reuse_addr_reg"   --->   Operation 15 'store' 'store_ln0' <Predicate = true> <Delay = 0.42>
ST_1 : Operation 16 [1/1] (0.00ns)   --->   "%br_ln0 = br void"   --->   Operation 16 'br' 'br_ln0' <Predicate = true> <Delay = 0.00>

State 2 <SV = 1> <Delay = 3.07>
ST_2 : Operation 17 [1/1] (0.00ns)   --->   "%specloopname_ln0 = specloopname void @_ssdm_op_SpecLoopName, void @empty_35" [C:/Xilinx/Vitis_HLS/2020.2/common/technology/autopilot/hls_stream_39.h:0]   --->   Operation 17 'specloopname' 'specloopname_ln0' <Predicate = true> <Delay = 0.00>
ST_2 : Operation 18 [1/1] (1.83ns)   --->   "%tmp = read i512 @_ssdm_op_Read.ap_fifo.volatile.i512P0A, i512 %src" [C:/Xilinx/Vitis_HLS/2020.2/common/technology/autopilot/hls_stream_39.h:145]   --->   Operation 18 'read' 'tmp' <Predicate = true> <Delay = 1.83> <CoreInst = "FIFO_SRL">   --->   Core 81 'FIFO_SRL' <Latency = 0> <II = 1> <Delay = 1.83> <Storage> <Opcode : 'read' 'write' 'nbread' 'nbwrite'> <Ports = 0> <Width = 512> <Depth = 2> <FIFO>
ST_2 : Operation 19 [1/1] (0.00ns)   --->   "%flag_V = trunc i512 %tmp" [src/ORB.cpp:260]   --->   Operation 19 'trunc' 'flag_V' <Predicate = true> <Delay = 0.00>
ST_2 : Operation 20 [1/1] (0.00ns)   --->   "%data_x_V = partselect i16 @_ssdm_op_PartSelect.i16.i512.i32.i32, i512 %tmp, i32 16, i32 31" [src/ORB.cpp:260]   --->   Operation 20 'partselect' 'data_x_V' <Predicate = true> <Delay = 0.00>
ST_2 : Operation 21 [1/1] (0.00ns)   --->   "%data_y_V = partselect i16 @_ssdm_op_PartSelect.i16.i512.i32.i32, i512 %tmp, i32 32, i32 47" [src/ORB.cpp:260]   --->   Operation 21 'partselect' 'data_y_V' <Predicate = true> <Delay = 0.00>
ST_2 : Operation 22 [1/1] (0.00ns)   --->   "%data_response_V = partselect i8 @_ssdm_op_PartSelect.i8.i512.i32.i32, i512 %tmp, i32 48, i32 55" [src/ORB.cpp:260]   --->   Operation 22 'partselect' 'data_response_V' <Predicate = true> <Delay = 0.00>
ST_2 : Operation 23 [1/1] (0.00ns)   --->   "%data_descriptor_V = partselect i256 @_ssdm_op_PartSelect.i256.i512.i32.i32, i512 %tmp, i32 256, i32 511" [src/ORB.cpp:260]   --->   Operation 23 'partselect' 'data_descriptor_V' <Predicate = true> <Delay = 0.00>
ST_2 : Operation 24 [1/1] (0.00ns)   --->   "%br_ln262 = br i1 %flag_V, void %.critedge15, void %._crit_edge" [src/ORB.cpp:262]   --->   Operation 24 'br' 'br_ln262' <Predicate = true> <Delay = 0.00>
ST_2 : Operation 25 [1/1] (0.00ns)   --->   "%zext_ln534 = zext i8 %data_response_V"   --->   Operation 25 'zext' 'zext_ln534' <Predicate = (flag_V)> <Delay = 0.00>
ST_2 : Operation 26 [1/1] (0.00ns)   --->   "%zext_ln269 = zext i8 %data_response_V" [src/ORB.cpp:269]   --->   Operation 26 'zext' 'zext_ln269' <Predicate = (flag_V)> <Delay = 0.00>
ST_2 : Operation 27 [3/3] (0.99ns) (grouped into DSP with root node add_ln269)   --->   "%mul_ln269 = mul i15 %zext_ln269, i15 100" [src/ORB.cpp:269]   --->   Operation 27 'mul' 'mul_ln269' <Predicate = (flag_V)> <Delay = 0.99> <CoreInst = "DSP48">   --->   Core 127 'DSP48' <Latency = 3> <II = 1> <Delay = 0.53> <IPBlock> <Opcode : 'mul' 'add' 'sub' 'select'> <InPorts = 0> <OutPorts = 1> <Sync> <CReg>
ST_2 : Operation 28 [1/1] (0.00ns)   --->   "%cntTree_addr = getelementptr i32 %cntTree, i64 0, i64 %zext_ln534" [src/ORB.cpp:269]   --->   Operation 28 'getelementptr' 'cntTree_addr' <Predicate = (flag_V)> <Delay = 0.00>
ST_2 : Operation 29 [1/1] (0.00ns)   --->   "%reuse_addr_reg_load = load i64 %reuse_addr_reg"   --->   Operation 29 'load' 'reuse_addr_reg_load' <Predicate = (flag_V)> <Delay = 0.00>
ST_2 : Operation 30 [2/2] (1.23ns)   --->   "%cntTree_load = load i8 %cntTree_addr" [src/ORB.cpp:269]   --->   Operation 30 'load' 'cntTree_load' <Predicate = (flag_V)> <Delay = 1.23> <CoreInst = "RAM">   --->   Core 83 'RAM' <Latency = 1> <II = 1> <Delay = 1.23> <Storage> <Opcode : 'load' 'store'> <Ports = 2> <Width = 32> <Depth = 256> <RAM>
ST_2 : Operation 31 [1/1] (1.13ns)   --->   "%addr_cmp = icmp_eq  i64 %reuse_addr_reg_load, i64 %zext_ln534"   --->   Operation 31 'icmp' 'addr_cmp' <Predicate = (flag_V)> <Delay = 1.13> <CoreInst = "Cmp">   --->   Core 9 'Cmp' <Latency = 0> <II = 1> <Delay = 1.13> <FuncUnit> <Opcode : 'icmp'> <InPorts = 2> <OutPorts = 1>
ST_2 : Operation 32 [1/1] (0.42ns)   --->   "%store_ln534 = store i64 %zext_ln534, i64 %reuse_addr_reg"   --->   Operation 32 'store' 'store_ln534' <Predicate = (flag_V)> <Delay = 0.42>

State 3 <SV = 2> <Delay = 3.93>
ST_3 : Operation 33 [2/3] (0.99ns) (grouped into DSP with root node add_ln269)   --->   "%mul_ln269 = mul i15 %zext_ln269, i15 100" [src/ORB.cpp:269]   --->   Operation 33 'mul' 'mul_ln269' <Predicate = true> <Delay = 0.99> <CoreInst = "DSP48">   --->   Core 127 'DSP48' <Latency = 3> <II = 1> <Delay = 0.53> <IPBlock> <Opcode : 'mul' 'add' 'sub' 'select'> <InPorts = 0> <OutPorts = 1> <Sync> <CReg>
ST_3 : Operation 34 [1/1] (0.00ns)   --->   "%reuse_reg_load = load i32 %reuse_reg"   --->   Operation 34 'load' 'reuse_reg_load' <Predicate = (addr_cmp)> <Delay = 0.00>
ST_3 : Operation 35 [1/2] (1.23ns)   --->   "%cntTree_load = load i8 %cntTree_addr" [src/ORB.cpp:269]   --->   Operation 35 'load' 'cntTree_load' <Predicate = true> <Delay = 1.23> <CoreInst = "RAM">   --->   Core 83 'RAM' <Latency = 1> <II = 1> <Delay = 1.23> <Storage> <Opcode : 'load' 'store'> <Ports = 2> <Width = 32> <Depth = 256> <RAM>
ST_3 : Operation 36 [1/1] (0.44ns)   --->   "%reuse_select = select i1 %addr_cmp, i32 %reuse_reg_load, i32 %cntTree_load"   --->   Operation 36 'select' 'reuse_select' <Predicate = true> <Delay = 0.44> <CoreInst = "Sel">   --->   Core 73 'Sel' <Latency = 0> <II = 1> <Delay = 0.44> <FuncUnit> <Opcode : 'select'> <InPorts = 3> <OutPorts = 1>
ST_3 : Operation 37 [1/1] (0.00ns)   --->   "%trunc_ln269 = trunc i32 %reuse_select" [src/ORB.cpp:269]   --->   Operation 37 'trunc' 'trunc_ln269' <Predicate = true> <Delay = 0.00>
ST_3 : Operation 38 [1/1] (1.01ns)   --->   "%add_ln270 = add i32 %reuse_select, i32 1" [src/ORB.cpp:270]   --->   Operation 38 'add' 'add_ln270' <Predicate = true> <Delay = 1.01> <CoreInst = "Adder">   --->   Core 1 'Adder' <Latency = 0> <II = 1> <Delay = 1.01> <FuncUnit> <Opcode : 'add' 'sub'> <InPorts = 2> <OutPorts = 1>
ST_3 : Operation 39 [1/1] (1.23ns)   --->   "%store_ln270 = store i32 %add_ln270, i8 %cntTree_addr" [src/ORB.cpp:270]   --->   Operation 39 'store' 'store_ln270' <Predicate = true> <Delay = 1.23> <CoreInst = "RAM">   --->   Core 83 'RAM' <Latency = 1> <II = 1> <Delay = 1.23> <Storage> <Opcode : 'load' 'store'> <Ports = 2> <Width = 32> <Depth = 256> <RAM>
ST_3 : Operation 40 [1/1] (0.42ns)   --->   "%store_ln270 = store i32 %add_ln270, i32 %reuse_reg" [src/ORB.cpp:270]   --->   Operation 40 'store' 'store_ln270' <Predicate = true> <Delay = 0.42>

State 4 <SV = 3> <Delay = 0.64>
ST_4 : Operation 41 [1/3] (0.00ns) (grouped into DSP with root node add_ln269)   --->   "%mul_ln269 = mul i15 %zext_ln269, i15 100" [src/ORB.cpp:269]   --->   Operation 41 'mul' 'mul_ln269' <Predicate = true> <Delay = 0.00> <CoreInst = "DSP48">   --->   Core 127 'DSP48' <Latency = 3> <II = 1> <Delay = 0.53> <IPBlock> <Opcode : 'mul' 'add' 'sub' 'select'> <InPorts = 0> <OutPorts = 1> <Sync> <CReg>
ST_4 : Operation 42 [2/2] (0.64ns) (root node of the DSP)   --->   "%add_ln269 = add i15 %mul_ln269, i15 %trunc_ln269" [src/ORB.cpp:269]   --->   Operation 42 'add' 'add_ln269' <Predicate = true> <Delay = 0.64> <CoreInst = "DSP48">   --->   Core 127 'DSP48' <Latency = 3> <II = 1> <Delay = 0.53> <IPBlock> <Opcode : 'mul' 'add' 'sub' 'select'> <InPorts = 0> <OutPorts = 1> <Sync> <CReg>

State 5 <SV = 4> <Delay = 1.88>
ST_5 : Operation 43 [1/1] (0.00ns)   --->   "%cnt_load = load i32 %cnt" [src/ORB.cpp:271]   --->   Operation 43 'load' 'cnt_load' <Predicate = true> <Delay = 0.00>
ST_5 : Operation 44 [1/1] (0.00ns)   --->   "%p_Result_s = bitconcatenate i296 @_ssdm_op_BitConcatenate.i296.i16.i16.i8.i256, i16 %data_x_V, i16 %data_y_V, i8 %data_response_V, i256 %data_descriptor_V"   --->   Operation 44 'bitconcatenate' 'p_Result_s' <Predicate = true> <Delay = 0.00>
ST_5 : Operation 45 [1/2] (0.64ns) (root node of the DSP)   --->   "%add_ln269 = add i15 %mul_ln269, i15 %trunc_ln269" [src/ORB.cpp:269]   --->   Operation 45 'add' 'add_ln269' <Predicate = true> <Delay = 0.64> <CoreInst = "DSP48">   --->   Core 127 'DSP48' <Latency = 3> <II = 1> <Delay = 0.53> <IPBlock> <Opcode : 'mul' 'add' 'sub' 'select'> <InPorts = 0> <OutPorts = 1> <Sync> <CReg>
ST_5 : Operation 46 [1/1] (0.00ns)   --->   "%zext_ln269_1 = zext i15 %add_ln269" [src/ORB.cpp:269]   --->   Operation 46 'zext' 'zext_ln269_1' <Predicate = true> <Delay = 0.00>
ST_5 : Operation 47 [1/1] (0.00ns)   --->   "%idxTree_addr = getelementptr i32 %idxTree, i64 0, i64 %zext_ln269_1" [src/ORB.cpp:269]   --->   Operation 47 'getelementptr' 'idxTree_addr' <Predicate = true> <Delay = 0.00>
ST_5 : Operation 48 [1/1] (1.23ns)   --->   "%store_ln269 = store i32 %cnt_load, i15 %idxTree_addr" [src/ORB.cpp:269]   --->   Operation 48 'store' 'store_ln269' <Predicate = true> <Delay = 1.23> <CoreInst = "RAM">   --->   Core 83 'RAM' <Latency = 1> <II = 1> <Delay = 1.23> <Storage> <Opcode : 'load' 'store'> <Ports = 2> <Width = 32> <Depth = 25600> <RAM>
ST_5 : Operation 49 [1/1] (1.01ns)   --->   "%cnt_1 = add i32 %cnt_load, i32 1" [src/ORB.cpp:271]   --->   Operation 49 'add' 'cnt_1' <Predicate = true> <Delay = 1.01> <CoreInst = "Adder">   --->   Core 1 'Adder' <Latency = 0> <II = 1> <Delay = 1.01> <FuncUnit> <Opcode : 'add' 'sub'> <InPorts = 2> <OutPorts = 1>
ST_5 : Operation 50 [1/1] (0.00ns)   --->   "%write_ln304 = write void @_ssdm_op_Write.axis.volatile.i296P0A.i37P0A.i37P0A.i1P0A.i1P0A.i1P0A.i1P0A, i296 %dst_V_data_V, i37 %dst_V_keep_V, i37 %dst_V_strb_V, i1 %dst_V_user_V, i1 %dst_V_last_V, i1 %dst_V_id_V, i1 %dst_V_dest_V, i296 %p_Result_s, i37 137438953471, i37 0, i1 0, i1 0, i1 0, i1 0"   --->   Operation 50 'write' 'write_ln304' <Predicate = true> <Delay = 0.00> <CoreInst = "axis">   --->   Core 123 'axis' <Latency = 0> <II = 1> <Delay = 1.00> <Adapter> <Opcode : >
ST_5 : Operation 51 [1/1] (0.42ns)   --->   "%store_ln273 = store i32 %cnt_1, i32 %cnt" [src/ORB.cpp:273]   --->   Operation 51 'store' 'store_ln273' <Predicate = true> <Delay = 0.42>
ST_5 : Operation 52 [1/1] (0.00ns)   --->   "%specpipeline_ln0 = specpipeline void @_ssdm_op_SpecPipeline, i32 4294967295, i32 0, i32 1, i32 0, void @p_str29"   --->   Operation 52 'specpipeline' 'specpipeline_ln0' <Predicate = true> <Delay = 0.00>
ST_5 : Operation 53 [1/1] (0.00ns)   --->   "%br_ln259 = br void" [src/ORB.cpp:259]   --->   Operation 53 'br' 'br_ln259' <Predicate = true> <Delay = 0.00>

State 6 <SV = 5> <Delay = 0.00>
ST_6 : Operation 54 [1/1] (0.00ns)   --->   "%specpipeline_ln0 = specpipeline void @_ssdm_op_SpecPipeline, i32 4294967295, i32 0, i32 1, i32 0, void @p_str29"   --->   Operation 54 'specpipeline' 'specpipeline_ln0' <Predicate = true> <Delay = 0.00>
ST_6 : Operation 55 [1/1] (0.00ns)   --->   "%cnt_load_1 = load i32 %cnt" [src/ORB.cpp:275]   --->   Operation 55 'load' 'cnt_load_1' <Predicate = true> <Delay = 0.00>
ST_6 : Operation 56 [1/1] (0.00ns)   --->   "%write_ln275 = write void @_ssdm_op_Write.ap_auto.i32P0A, i32 %length_r, i32 %cnt_load_1" [src/ORB.cpp:275]   --->   Operation 56 'write' 'write_ln275' <Predicate = true> <Delay = 0.00>
ST_6 : Operation 57 [1/1] (0.00ns)   --->   "%ret_ln276 = ret" [src/ORB.cpp:276]   --->   Operation 57 'ret' 'ret_ln276' <Predicate = true> <Delay = 0.00>


============================================================
+ Verbose Summary: Timing violations
============================================================
Target clock period: 10ns, clock uncertainty: 2.7ns.

 <State 1>: 0.427ns
The critical path consists of the following:
	'alloca' operation ('cnt') [16]  (0 ns)
	'store' operation ('store_ln259', src/ORB.cpp:259) of constant 0 on local variable 'cnt' [19]  (0.427 ns)

 <State 2>: 3.08ns
The critical path consists of the following:
	fifo read on port 'src' (C:/Xilinx/Vitis_HLS/2020.2/common/technology/autopilot/hls_stream_39.h:145) [26]  (1.84 ns)
	'getelementptr' operation ('cntTree_addr', src/ORB.cpp:269) [39]  (0 ns)
	'load' operation ('cntTree_load', src/ORB.cpp:269) on array 'cntTree' [42]  (1.24 ns)

 <State 3>: 3.94ns
The critical path consists of the following:
	'load' operation ('cntTree_load', src/ORB.cpp:269) on array 'cntTree' [42]  (1.24 ns)
	'select' operation ('reuse_select') [44]  (0.449 ns)
	'add' operation ('add_ln270', src/ORB.cpp:270) [50]  (1.02 ns)
	'store' operation ('store_ln270', src/ORB.cpp:270) of variable 'add_ln270', src/ORB.cpp:270 on array 'cntTree' [51]  (1.24 ns)

 <State 4>: 0.645ns
The critical path consists of the following:
	'mul' operation of DSP[46] ('mul_ln269', src/ORB.cpp:269) [38]  (0 ns)
	'add' operation of DSP[46] ('add_ln269', src/ORB.cpp:269) [46]  (0.645 ns)

 <State 5>: 1.88ns
The critical path consists of the following:
	'add' operation of DSP[46] ('add_ln269', src/ORB.cpp:269) [46]  (0.645 ns)
	'getelementptr' operation ('idxTree_addr', src/ORB.cpp:269) [48]  (0 ns)
	'store' operation ('store_ln269', src/ORB.cpp:269) of variable 'cnt_load', src/ORB.cpp:271 on array 'idxTree' [49]  (1.24 ns)

 <State 6>: 0ns
The critical path consists of the following:


============================================================
+ Verbose Summary: Binding
============================================================
N/A
* FSMD analyzer results:
  - Output states:
 - Input state : 
  - Chain level:
	State 1
	State 2
	State 3
	State 4
	State 5
	State 6


============================================================
+ Verbose Summary: Datapath Resource usage 
============================================================
N/A
