

================================================================
== Vitis HLS Report for 'process_input_8_0_1080_1920_1_s'
================================================================
* Date:           Sun Jan 21 17:42:09 2024

* Version:        2020.2 (Build 3064766 on Wed Nov 18 09:12:45 MST 2020)
* Project:        hls_project
* Solution:       solution1 (Vivado IP Flow Target)
* Product family: zynquplus
* Target device:  xczu7ev-ffvc1156-2-e


================================================================
== Performance Estimates
================================================================
+ Timing: 
    * Summary: 
    +--------+----------+----------+------------+
    |  Clock |  Target  | Estimated| Uncertainty|
    +--------+----------+----------+------------+
    |ap_clk  |  10.00 ns|  2.373 ns|     2.70 ns|
    +--------+----------+----------+------------+

+ Latency: 
    * Summary: 
    +---------+---------+----------+----------+-----+-----+---------+
    |  Latency (cycles) |  Latency (absolute) |  Interval | Pipeline|
    |   min   |   max   |    min   |    max   | min | max |   Type  |
    +---------+---------+----------+----------+-----+-----+---------+
    |        ?|        ?|         ?|         ?|    ?|    ?|     none|
    +---------+---------+----------+----------+-----+-----+---------+

    + Detail: 
        * Instance: 
        N/A

        * Loop: 
        +-------------------+---------+---------+----------+-----------+-----------+------+----------+
        |                   |  Latency (cycles) | Iteration|  Initiation Interval  | Trip |          |
        |     Loop Name     |   min   |   max   |  Latency |  achieved |   target  | Count| Pipelined|
        +-------------------+---------+---------+----------+-----------+-----------+------+----------+
        |- VITIS_LOOP_75_1  |        ?|        ?|         9|          8|          1|     ?|       yes|
        +-------------------+---------+---------+----------+-----------+-----------+------+----------+

============================================================
+ Verbose Summary: Synthesis Manager
============================================================
InlineROM: 1
ExposeGlobal: 0
============================================================
+ Verbose Summary: CDFG Model
============================================================
IsTopModel: 0
ResetActiveHigh: 1
IsCombinational: 2
IsDatapathOnly: 0
HasWiredReturn: 1
HasMFsm: 0
HasVarLatency: 1
IsPipeline: 0
IsRtlPipelined: 0
IsInstanceOverlapped: 0
IsDontTouch: 0
HasImplIP: 0
IsGatedGlobalClock: 0

+ Individual pipeline summary: 
  * Pipeline-0: initiation interval (II) = 8, depth = 9


============================================================
+ Verbose Summary: Schedule
============================================================
* Number of FSM states : 14
* Pipeline : 1
  Pipeline-0 : II = 8, D = 9, States = { 5 6 7 8 9 10 11 12 13 }
* Dataflow Pipeline: 0

* FSM state transitions: 
1 --> 2 
2 --> 3 
3 --> 4 
4 --> 5 
5 --> 6 
6 --> 7 
7 --> 8 
8 --> 9 
9 --> 10 
10 --> 11 
11 --> 12 
12 --> 14 13 
13 --> 5 
14 --> 

* FSM state operations: 

State 1 <SV = 0> <Delay = 2.37>
ST_1 : Operation 15 [1/1] (1.83ns)   --->   "%height_read = read i11 @_ssdm_op_Read.ap_fifo.i11P0A, i11 %height" [src/ORB.cpp:71]   --->   Operation 15 'read' 'height_read' <Predicate = true> <Delay = 1.83> <CoreInst = "FIFO_SRL">   --->   Core 81 'FIFO_SRL' <Latency = 0> <II = 1> <Delay = 1.83> <Storage> <Opcode : 'read' 'write' 'nbread' 'nbwrite'> <Ports = 0> <Width = 11> <Depth = 2> <FIFO>
ST_1 : Operation 16 [1/1] (1.83ns)   --->   "%width_read = read i11 @_ssdm_op_Read.ap_fifo.i11P0A, i11 %width" [src/ORB.cpp:72]   --->   Operation 16 'read' 'width_read' <Predicate = true> <Delay = 1.83> <CoreInst = "FIFO_SRL">   --->   Core 81 'FIFO_SRL' <Latency = 0> <II = 1> <Delay = 1.83> <Storage> <Opcode : 'read' 'write' 'nbread' 'nbwrite'> <Ports = 0> <Width = 11> <Depth = 2> <FIFO>
ST_1 : Operation 17 [1/1] (0.00ns)   --->   "%height_cast_i = zext i11 %height_read" [src/ORB.cpp:71]   --->   Operation 17 'zext' 'height_cast_i' <Predicate = true> <Delay = 0.00>
ST_1 : Operation 18 [1/1] (0.00ns)   --->   "%width_cast_i = zext i11 %width_read" [src/ORB.cpp:72]   --->   Operation 18 'zext' 'width_cast_i' <Predicate = true> <Delay = 0.00>
ST_1 : Operation 19 [4/4] (0.53ns) (root node of the DSP)   --->   "%mul_i = mul i22 %width_cast_i, i22 %height_cast_i" [src/ORB.cpp:72]   --->   Operation 19 'mul' 'mul_i' <Predicate = true> <Delay = 0.53> <CoreInst = "DSP48">   --->   Core 127 'DSP48' <Latency = 3> <II = 1> <Delay = 0.53> <IPBlock> <Opcode : 'mul' 'add' 'sub' 'select'> <InPorts = 0> <OutPorts = 1> <Sync> <CReg>

State 2 <SV = 1> <Delay = 0.53>
ST_2 : Operation 20 [3/4] (0.53ns) (root node of the DSP)   --->   "%mul_i = mul i22 %width_cast_i, i22 %height_cast_i" [src/ORB.cpp:72]   --->   Operation 20 'mul' 'mul_i' <Predicate = true> <Delay = 0.53> <CoreInst = "DSP48">   --->   Core 127 'DSP48' <Latency = 3> <II = 1> <Delay = 0.53> <IPBlock> <Opcode : 'mul' 'add' 'sub' 'select'> <InPorts = 0> <OutPorts = 1> <Sync> <CReg>

State 3 <SV = 2> <Delay = 0.53>
ST_3 : Operation 21 [2/4] (0.53ns) (root node of the DSP)   --->   "%mul_i = mul i22 %width_cast_i, i22 %height_cast_i" [src/ORB.cpp:72]   --->   Operation 21 'mul' 'mul_i' <Predicate = true> <Delay = 0.53> <CoreInst = "DSP48">   --->   Core 127 'DSP48' <Latency = 3> <II = 1> <Delay = 0.53> <IPBlock> <Opcode : 'mul' 'add' 'sub' 'select'> <InPorts = 0> <OutPorts = 1> <Sync> <CReg>

State 4 <SV = 3> <Delay = 0.91>
ST_4 : Operation 22 [1/1] (0.00ns)   --->   "%specinterface_ln0 = specinterface void @_ssdm_op_SpecInterface, i8 %dst, void @empty_1, i32 0, i32 0, void @empty_24, i32 0, i32 0, void @empty_24, void @empty_24, void @empty_24, i32 0, i32 0, i32 0, i32 0, void @empty_24, void @empty_24"   --->   Operation 22 'specinterface' 'specinterface_ln0' <Predicate = true> <Delay = 0.00>
ST_4 : Operation 23 [1/1] (0.00ns)   --->   "%specinterface_ln0 = specinterface void @_ssdm_op_SpecInterface, i8 %src_V_data_V, i1 %src_V_keep_V, i1 %src_V_strb_V, i1 %src_V_user_V, i1 %src_V_last_V, i1 %src_V_id_V, i1 %src_V_dest_V, void @empty_15, i32 0, i32 0, void @empty_0, i32 0, i32 4800, void @empty_24, void @empty_24, void @empty_24, i32 0, i32 0, i32 0, i32 0, void @empty_24, void @empty_24"   --->   Operation 23 'specinterface' 'specinterface_ln0' <Predicate = true> <Delay = 0.00>
ST_4 : Operation 24 [1/1] (0.00ns)   --->   "%specinterface_ln0 = specinterface void @_ssdm_op_SpecInterface, i8 %src_V_data_V, i1 %src_V_keep_V, i1 %src_V_strb_V, i1 %src_V_user_V, i1 %src_V_last_V, i1 %src_V_id_V, i1 %src_V_dest_V, void @empty_15, i32 0, i32 0, void @empty_0, i32 0, i32 4800, void @empty_24, void @empty_24, void @empty_24, i32 0, i32 0, i32 0, i32 0, void @empty_24, void @empty_24"   --->   Operation 24 'specinterface' 'specinterface_ln0' <Predicate = true> <Delay = 0.00>
ST_4 : Operation 25 [1/1] (0.00ns)   --->   "%specinterface_ln0 = specinterface void @_ssdm_op_SpecInterface, i8 %src_V_data_V, i1 %src_V_keep_V, i1 %src_V_strb_V, i1 %src_V_user_V, i1 %src_V_last_V, i1 %src_V_id_V, i1 %src_V_dest_V, void @empty_15, i32 0, i32 0, void @empty_0, i32 0, i32 4800, void @empty_24, void @empty_24, void @empty_24, i32 0, i32 0, i32 0, i32 0, void @empty_24, void @empty_24"   --->   Operation 25 'specinterface' 'specinterface_ln0' <Predicate = true> <Delay = 0.00>
ST_4 : Operation 26 [1/1] (0.00ns)   --->   "%specinterface_ln0 = specinterface void @_ssdm_op_SpecInterface, i8 %src_V_data_V, i1 %src_V_keep_V, i1 %src_V_strb_V, i1 %src_V_user_V, i1 %src_V_last_V, i1 %src_V_id_V, i1 %src_V_dest_V, void @empty_15, i32 0, i32 0, void @empty_0, i32 0, i32 4800, void @empty_24, void @empty_24, void @empty_24, i32 0, i32 0, i32 0, i32 0, void @empty_24, void @empty_24"   --->   Operation 26 'specinterface' 'specinterface_ln0' <Predicate = true> <Delay = 0.00>
ST_4 : Operation 27 [1/1] (0.00ns)   --->   "%specinterface_ln0 = specinterface void @_ssdm_op_SpecInterface, i8 %src_V_data_V, i1 %src_V_keep_V, i1 %src_V_strb_V, i1 %src_V_user_V, i1 %src_V_last_V, i1 %src_V_id_V, i1 %src_V_dest_V, void @empty_15, i32 0, i32 0, void @empty_0, i32 0, i32 4800, void @empty_24, void @empty_24, void @empty_24, i32 0, i32 0, i32 0, i32 0, void @empty_24, void @empty_24"   --->   Operation 27 'specinterface' 'specinterface_ln0' <Predicate = true> <Delay = 0.00>
ST_4 : Operation 28 [1/1] (0.00ns)   --->   "%specinterface_ln0 = specinterface void @_ssdm_op_SpecInterface, i8 %src_V_data_V, i1 %src_V_keep_V, i1 %src_V_strb_V, i1 %src_V_user_V, i1 %src_V_last_V, i1 %src_V_id_V, i1 %src_V_dest_V, void @empty_15, i32 0, i32 0, void @empty_0, i32 0, i32 4800, void @empty_24, void @empty_24, void @empty_24, i32 0, i32 0, i32 0, i32 0, void @empty_24, void @empty_24"   --->   Operation 28 'specinterface' 'specinterface_ln0' <Predicate = true> <Delay = 0.00>
ST_4 : Operation 29 [1/1] (0.00ns)   --->   "%specinterface_ln0 = specinterface void @_ssdm_op_SpecInterface, i8 %src_V_data_V, i1 %src_V_keep_V, i1 %src_V_strb_V, i1 %src_V_user_V, i1 %src_V_last_V, i1 %src_V_id_V, i1 %src_V_dest_V, void @empty_15, i32 0, i32 0, void @empty_0, i32 0, i32 4800, void @empty_24, void @empty_24, void @empty_24, i32 0, i32 0, i32 0, i32 0, void @empty_24, void @empty_24"   --->   Operation 29 'specinterface' 'specinterface_ln0' <Predicate = true> <Delay = 0.00>
ST_4 : Operation 30 [1/1] (0.00ns)   --->   "%specinterface_ln0 = specinterface void @_ssdm_op_SpecInterface, i11 %width, void @ap_fifo_str, i32 0, i32 0, void @p_str, i32 0, i32 0, void @p_str, void @p_str, void @p_str, i32 2, i32 2, i32 16, i32 16, void @p_str, void @ScalarProp_str"   --->   Operation 30 'specinterface' 'specinterface_ln0' <Predicate = true> <Delay = 0.00>
ST_4 : Operation 31 [1/1] (0.00ns)   --->   "%specinterface_ln0 = specinterface void @_ssdm_op_SpecInterface, i11 %height, void @ap_fifo_str, i32 0, i32 0, void @p_str, i32 0, i32 0, void @p_str, void @p_str, void @p_str, i32 2, i32 2, i32 16, i32 16, void @p_str, void @ScalarProp_str"   --->   Operation 31 'specinterface' 'specinterface_ln0' <Predicate = true> <Delay = 0.00>
ST_4 : Operation 32 [1/1] (0.00ns)   --->   "%specinterface_ln0 = specinterface void @_ssdm_op_SpecInterface, i8 %dst, void @empty_1, i32 0, i32 0, void @empty_24, i32 0, i32 0, void @empty_24, void @empty_24, void @empty_24, i32 0, i32 0, i32 0, i32 0, void @empty_24, void @empty_24"   --->   Operation 32 'specinterface' 'specinterface_ln0' <Predicate = true> <Delay = 0.00>
ST_4 : Operation 33 [1/1] (0.00ns)   --->   "%specinterface_ln0 = specinterface void @_ssdm_op_SpecInterface, i8 %src_V_data_V, i1 %src_V_keep_V, i1 %src_V_strb_V, i1 %src_V_user_V, i1 %src_V_last_V, i1 %src_V_id_V, i1 %src_V_dest_V, void @empty_15, i32 0, i32 0, void @empty_0, i32 0, i32 4800, void @empty_24, void @empty_24, void @empty_24, i32 0, i32 0, i32 0, i32 0, void @empty_24, void @empty_24"   --->   Operation 33 'specinterface' 'specinterface_ln0' <Predicate = true> <Delay = 0.00>
ST_4 : Operation 34 [1/4] (0.00ns) (root node of the DSP)   --->   "%mul_i = mul i22 %width_cast_i, i22 %height_cast_i" [src/ORB.cpp:72]   --->   Operation 34 'mul' 'mul_i' <Predicate = true> <Delay = 0.00> <CoreInst = "DSP48">   --->   Core 127 'DSP48' <Latency = 3> <II = 1> <Delay = 0.53> <IPBlock> <Opcode : 'mul' 'add' 'sub' 'select'> <InPorts = 0> <OutPorts = 1> <Sync> <CReg>
ST_4 : Operation 35 [1/1] (0.00ns)   --->   "%zext_ln75 = zext i22 %mul_i" [src/ORB.cpp:75]   --->   Operation 35 'zext' 'zext_ln75' <Predicate = true> <Delay = 0.00>
ST_4 : Operation 36 [1/1] (0.91ns)   --->   "%add_ln75_1 = add i22 %mul_i, i22 7" [src/ORB.cpp:75]   --->   Operation 36 'add' 'add_ln75_1' <Predicate = true> <Delay = 0.91> <CoreInst = "Adder">   --->   Core 1 'Adder' <Latency = 0> <II = 1> <Delay = 1.01> <FuncUnit> <Opcode : 'add' 'sub'> <InPorts = 2> <OutPorts = 1>
ST_4 : Operation 37 [1/1] (0.00ns)   --->   "%tmp = partselect i19 @_ssdm_op_PartSelect.i19.i22.i32.i32, i22 %add_ln75_1, i32 3, i32 21" [src/ORB.cpp:75]   --->   Operation 37 'partselect' 'tmp' <Predicate = true> <Delay = 0.00>
ST_4 : Operation 38 [1/1] (0.00ns)   --->   "%tmp_25 = bitconcatenate i22 @_ssdm_op_BitConcatenate.i22.i19.i3, i19 %tmp, i3 0" [src/ORB.cpp:75]   --->   Operation 38 'bitconcatenate' 'tmp_25' <Predicate = true> <Delay = 0.00>
ST_4 : Operation 39 [1/1] (0.00ns)   --->   "%zext_ln75_1 = zext i22 %tmp_25" [src/ORB.cpp:75]   --->   Operation 39 'zext' 'zext_ln75_1' <Predicate = true> <Delay = 0.00>
ST_4 : Operation 40 [1/1] (0.42ns)   --->   "%br_ln75 = br void" [src/ORB.cpp:75]   --->   Operation 40 'br' 'br_ln75' <Predicate = true> <Delay = 0.42>

State 5 <SV = 4> <Delay = 1.27>
ST_5 : Operation 41 [1/1] (0.00ns)   --->   "%i_0_i = phi i32 0, void %entry, i32 %add_ln75, void %.split.7.i" [src/ORB.cpp:75]   --->   Operation 41 'phi' 'i_0_i' <Predicate = true> <Delay = 0.00>
ST_5 : Operation 42 [1/1] (0.00ns)   --->   "%specpipeline_ln0 = specpipeline void @_ssdm_op_SpecPipeline, i32 4294967295, i32 0, i32 1, i32 0, void @p_str31"   --->   Operation 42 'specpipeline' 'specpipeline_ln0' <Predicate = true> <Delay = 0.00>
ST_5 : Operation 43 [1/1] (0.99ns)   --->   "%icmp_ln75 = icmp_eq  i32 %i_0_i, i32 %zext_ln75_1" [src/ORB.cpp:75]   --->   Operation 43 'icmp' 'icmp_ln75' <Predicate = true> <Delay = 0.99> <CoreInst = "Cmp">   --->   Core 9 'Cmp' <Latency = 0> <II = 1> <Delay = 0.99> <FuncUnit> <Opcode : 'icmp'> <InPorts = 2> <OutPorts = 1>
ST_5 : Operation 44 [1/1] (0.00ns)   --->   "%br_ln75 = br i1 %icmp_ln75, void %.split.0.i, void %.exit" [src/ORB.cpp:75]   --->   Operation 44 'br' 'br_ln75' <Predicate = true> <Delay = 0.00>
ST_5 : Operation 45 [1/1] (0.00ns)   --->   "%empty = read i14 @_ssdm_op_Read.axis.volatile.i8P0A.i1P0A.i1P0A.i1P0A.i1P0A.i1P0A.i1P0A, i8 %src_V_data_V, i1 %src_V_keep_V, i1 %src_V_strb_V, i1 %src_V_user_V, i1 %src_V_last_V, i1 %src_V_id_V, i1 %src_V_dest_V"   --->   Operation 45 'read' 'empty' <Predicate = (!icmp_ln75)> <Delay = 0.00> <CoreInst = "axis">   --->   Core 123 'axis' <Latency = 0> <II = 1> <Delay = 1.00> <Adapter> <Opcode : >
ST_5 : Operation 46 [1/1] (0.00ns)   --->   "%src_V_data_V_val = extractvalue i14 %empty"   --->   Operation 46 'extractvalue' 'src_V_data_V_val' <Predicate = (!icmp_ln75)> <Delay = 0.00>
ST_5 : Operation 47 [1/1] (0.00ns) (grouped into LUT with out node icmp_ln75_1)   --->   "%or_ln75 = or i32 %i_0_i, i32 1" [src/ORB.cpp:75]   --->   Operation 47 'or' 'or_ln75' <Predicate = (!icmp_ln75)> <Delay = 0.00>
ST_5 : Operation 48 [1/1] (0.99ns) (out node of the LUT)   --->   "%icmp_ln75_1 = icmp_slt  i32 %or_ln75, i32 %zext_ln75" [src/ORB.cpp:75]   --->   Operation 48 'icmp' 'icmp_ln75_1' <Predicate = (!icmp_ln75)> <Delay = 0.99> <CoreInst = "Cmp">   --->   Core 9 'Cmp' <Latency = 0> <II = 1> <Delay = 0.99> <FuncUnit> <Opcode : 'icmp'> <InPorts = 2> <OutPorts = 1>
ST_5 : Operation 49 [1/1] (0.00ns)   --->   "%br_ln75 = br i1 %icmp_ln75_1, void %.exit, void %.split.1.i" [src/ORB.cpp:75]   --->   Operation 49 'br' 'br_ln75' <Predicate = (!icmp_ln75)> <Delay = 0.00>
ST_5 : Operation 50 [1/1] (0.00ns) (grouped into LUT with out node icmp_ln75_2)   --->   "%or_ln75_1 = or i32 %i_0_i, i32 2" [src/ORB.cpp:75]   --->   Operation 50 'or' 'or_ln75_1' <Predicate = (!icmp_ln75 & icmp_ln75_1)> <Delay = 0.00>
ST_5 : Operation 51 [1/1] (0.99ns) (out node of the LUT)   --->   "%icmp_ln75_2 = icmp_slt  i32 %or_ln75_1, i32 %zext_ln75" [src/ORB.cpp:75]   --->   Operation 51 'icmp' 'icmp_ln75_2' <Predicate = (!icmp_ln75 & icmp_ln75_1)> <Delay = 0.99> <CoreInst = "Cmp">   --->   Core 9 'Cmp' <Latency = 0> <II = 1> <Delay = 0.99> <FuncUnit> <Opcode : 'icmp'> <InPorts = 2> <OutPorts = 1>
ST_5 : Operation 52 [1/1] (0.00ns)   --->   "%br_ln75 = br i1 %icmp_ln75_2, void %.exit, void %.split.2.i" [src/ORB.cpp:75]   --->   Operation 52 'br' 'br_ln75' <Predicate = (!icmp_ln75 & icmp_ln75_1)> <Delay = 0.00>
ST_5 : Operation 53 [1/1] (0.00ns) (grouped into LUT with out node icmp_ln75_3)   --->   "%or_ln75_2 = or i32 %i_0_i, i32 3" [src/ORB.cpp:75]   --->   Operation 53 'or' 'or_ln75_2' <Predicate = (!icmp_ln75 & icmp_ln75_1 & icmp_ln75_2)> <Delay = 0.00>
ST_5 : Operation 54 [1/1] (0.99ns) (out node of the LUT)   --->   "%icmp_ln75_3 = icmp_slt  i32 %or_ln75_2, i32 %zext_ln75" [src/ORB.cpp:75]   --->   Operation 54 'icmp' 'icmp_ln75_3' <Predicate = (!icmp_ln75 & icmp_ln75_1 & icmp_ln75_2)> <Delay = 0.99> <CoreInst = "Cmp">   --->   Core 9 'Cmp' <Latency = 0> <II = 1> <Delay = 0.99> <FuncUnit> <Opcode : 'icmp'> <InPorts = 2> <OutPorts = 1>
ST_5 : Operation 55 [1/1] (0.00ns)   --->   "%br_ln75 = br i1 %icmp_ln75_3, void %.exit, void %.split.3.i" [src/ORB.cpp:75]   --->   Operation 55 'br' 'br_ln75' <Predicate = (!icmp_ln75 & icmp_ln75_1 & icmp_ln75_2)> <Delay = 0.00>
ST_5 : Operation 56 [1/1] (0.00ns) (grouped into LUT with out node icmp_ln75_4)   --->   "%or_ln75_3 = or i32 %i_0_i, i32 4" [src/ORB.cpp:75]   --->   Operation 56 'or' 'or_ln75_3' <Predicate = (!icmp_ln75 & icmp_ln75_1 & icmp_ln75_2 & icmp_ln75_3)> <Delay = 0.00>
ST_5 : Operation 57 [1/1] (0.99ns) (out node of the LUT)   --->   "%icmp_ln75_4 = icmp_slt  i32 %or_ln75_3, i32 %zext_ln75" [src/ORB.cpp:75]   --->   Operation 57 'icmp' 'icmp_ln75_4' <Predicate = (!icmp_ln75 & icmp_ln75_1 & icmp_ln75_2 & icmp_ln75_3)> <Delay = 0.99> <CoreInst = "Cmp">   --->   Core 9 'Cmp' <Latency = 0> <II = 1> <Delay = 0.99> <FuncUnit> <Opcode : 'icmp'> <InPorts = 2> <OutPorts = 1>
ST_5 : Operation 58 [1/1] (0.00ns)   --->   "%br_ln75 = br i1 %icmp_ln75_4, void %.exit, void %.split.4.i" [src/ORB.cpp:75]   --->   Operation 58 'br' 'br_ln75' <Predicate = (!icmp_ln75 & icmp_ln75_1 & icmp_ln75_2 & icmp_ln75_3)> <Delay = 0.00>
ST_5 : Operation 59 [1/1] (0.00ns) (grouped into LUT with out node icmp_ln75_5)   --->   "%or_ln75_4 = or i32 %i_0_i, i32 5" [src/ORB.cpp:75]   --->   Operation 59 'or' 'or_ln75_4' <Predicate = (!icmp_ln75 & icmp_ln75_1 & icmp_ln75_2 & icmp_ln75_3 & icmp_ln75_4)> <Delay = 0.00>
ST_5 : Operation 60 [1/1] (0.99ns) (out node of the LUT)   --->   "%icmp_ln75_5 = icmp_slt  i32 %or_ln75_4, i32 %zext_ln75" [src/ORB.cpp:75]   --->   Operation 60 'icmp' 'icmp_ln75_5' <Predicate = (!icmp_ln75 & icmp_ln75_1 & icmp_ln75_2 & icmp_ln75_3 & icmp_ln75_4)> <Delay = 0.99> <CoreInst = "Cmp">   --->   Core 9 'Cmp' <Latency = 0> <II = 1> <Delay = 0.99> <FuncUnit> <Opcode : 'icmp'> <InPorts = 2> <OutPorts = 1>
ST_5 : Operation 61 [1/1] (0.00ns)   --->   "%br_ln75 = br i1 %icmp_ln75_5, void %.exit, void %.split.5.i" [src/ORB.cpp:75]   --->   Operation 61 'br' 'br_ln75' <Predicate = (!icmp_ln75 & icmp_ln75_1 & icmp_ln75_2 & icmp_ln75_3 & icmp_ln75_4)> <Delay = 0.00>
ST_5 : Operation 62 [1/1] (0.00ns) (grouped into LUT with out node icmp_ln75_6)   --->   "%or_ln75_5 = or i32 %i_0_i, i32 6" [src/ORB.cpp:75]   --->   Operation 62 'or' 'or_ln75_5' <Predicate = (!icmp_ln75 & icmp_ln75_1 & icmp_ln75_2 & icmp_ln75_3 & icmp_ln75_4 & icmp_ln75_5)> <Delay = 0.00>
ST_5 : Operation 63 [1/1] (0.99ns) (out node of the LUT)   --->   "%icmp_ln75_6 = icmp_slt  i32 %or_ln75_5, i32 %zext_ln75" [src/ORB.cpp:75]   --->   Operation 63 'icmp' 'icmp_ln75_6' <Predicate = (!icmp_ln75 & icmp_ln75_1 & icmp_ln75_2 & icmp_ln75_3 & icmp_ln75_4 & icmp_ln75_5)> <Delay = 0.99> <CoreInst = "Cmp">   --->   Core 9 'Cmp' <Latency = 0> <II = 1> <Delay = 0.99> <FuncUnit> <Opcode : 'icmp'> <InPorts = 2> <OutPorts = 1>
ST_5 : Operation 64 [1/1] (0.00ns)   --->   "%br_ln75 = br i1 %icmp_ln75_6, void %.exit, void %.split.6.i" [src/ORB.cpp:75]   --->   Operation 64 'br' 'br_ln75' <Predicate = (!icmp_ln75 & icmp_ln75_1 & icmp_ln75_2 & icmp_ln75_3 & icmp_ln75_4 & icmp_ln75_5)> <Delay = 0.00>
ST_5 : Operation 65 [1/1] (0.00ns) (grouped into LUT with out node icmp_ln75_7)   --->   "%or_ln75_6 = or i32 %i_0_i, i32 7" [src/ORB.cpp:75]   --->   Operation 65 'or' 'or_ln75_6' <Predicate = (!icmp_ln75 & icmp_ln75_1 & icmp_ln75_2 & icmp_ln75_3 & icmp_ln75_4 & icmp_ln75_5 & icmp_ln75_6)> <Delay = 0.00>
ST_5 : Operation 66 [1/1] (0.99ns) (out node of the LUT)   --->   "%icmp_ln75_7 = icmp_slt  i32 %or_ln75_6, i32 %zext_ln75" [src/ORB.cpp:75]   --->   Operation 66 'icmp' 'icmp_ln75_7' <Predicate = (!icmp_ln75 & icmp_ln75_1 & icmp_ln75_2 & icmp_ln75_3 & icmp_ln75_4 & icmp_ln75_5 & icmp_ln75_6)> <Delay = 0.99> <CoreInst = "Cmp">   --->   Core 9 'Cmp' <Latency = 0> <II = 1> <Delay = 0.99> <FuncUnit> <Opcode : 'icmp'> <InPorts = 2> <OutPorts = 1>
ST_5 : Operation 67 [1/1] (0.00ns)   --->   "%br_ln75 = br i1 %icmp_ln75_7, void %.exit, void %.split.7.i" [src/ORB.cpp:75]   --->   Operation 67 'br' 'br_ln75' <Predicate = (!icmp_ln75 & icmp_ln75_1 & icmp_ln75_2 & icmp_ln75_3 & icmp_ln75_4 & icmp_ln75_5 & icmp_ln75_6)> <Delay = 0.00>

State 6 <SV = 5> <Delay = 1.83>
ST_6 : Operation 68 [1/1] (0.00ns)   --->   "%specloopname_ln75 = specloopname void @_ssdm_op_SpecLoopName, void @empty_26" [src/ORB.cpp:75]   --->   Operation 68 'specloopname' 'specloopname_ln75' <Predicate = (!icmp_ln75)> <Delay = 0.00>
ST_6 : Operation 69 [1/1] (1.83ns)   --->   "%write_ln174 = write void @_ssdm_op_Write.ap_fifo.volatile.i8P0A, i8 %dst, i8 %src_V_data_V_val" [C:/Xilinx/Vitis_HLS/2020.2/common/technology/autopilot/hls_stream_39.h:174]   --->   Operation 69 'write' 'write_ln174' <Predicate = (!icmp_ln75)> <Delay = 1.83> <CoreInst = "FIFO_SRL">   --->   Core 81 'FIFO_SRL' <Latency = 0> <II = 1> <Delay = 1.83> <Storage> <Opcode : 'read' 'write' 'nbread' 'nbwrite'> <Ports = 0> <Width = 8> <Depth = 2> <FIFO>
ST_6 : Operation 70 [1/1] (0.00ns)   --->   "%empty_74 = read i14 @_ssdm_op_Read.axis.volatile.i8P0A.i1P0A.i1P0A.i1P0A.i1P0A.i1P0A.i1P0A, i8 %src_V_data_V, i1 %src_V_keep_V, i1 %src_V_strb_V, i1 %src_V_user_V, i1 %src_V_last_V, i1 %src_V_id_V, i1 %src_V_dest_V"   --->   Operation 70 'read' 'empty_74' <Predicate = (!icmp_ln75 & icmp_ln75_1)> <Delay = 0.00> <CoreInst = "axis">   --->   Core 123 'axis' <Latency = 0> <II = 1> <Delay = 1.00> <Adapter> <Opcode : >
ST_6 : Operation 71 [1/1] (0.00ns)   --->   "%src_V_data_V_val6 = extractvalue i14 %empty_74"   --->   Operation 71 'extractvalue' 'src_V_data_V_val6' <Predicate = (!icmp_ln75 & icmp_ln75_1)> <Delay = 0.00>

State 7 <SV = 6> <Delay = 1.83>
ST_7 : Operation 72 [1/1] (1.83ns)   --->   "%write_ln174 = write void @_ssdm_op_Write.ap_fifo.volatile.i8P0A, i8 %dst, i8 %src_V_data_V_val6" [C:/Xilinx/Vitis_HLS/2020.2/common/technology/autopilot/hls_stream_39.h:174]   --->   Operation 72 'write' 'write_ln174' <Predicate = (!icmp_ln75 & icmp_ln75_1)> <Delay = 1.83> <CoreInst = "FIFO_SRL">   --->   Core 81 'FIFO_SRL' <Latency = 0> <II = 1> <Delay = 1.83> <Storage> <Opcode : 'read' 'write' 'nbread' 'nbwrite'> <Ports = 0> <Width = 8> <Depth = 2> <FIFO>
ST_7 : Operation 73 [1/1] (0.00ns)   --->   "%empty_75 = read i14 @_ssdm_op_Read.axis.volatile.i8P0A.i1P0A.i1P0A.i1P0A.i1P0A.i1P0A.i1P0A, i8 %src_V_data_V, i1 %src_V_keep_V, i1 %src_V_strb_V, i1 %src_V_user_V, i1 %src_V_last_V, i1 %src_V_id_V, i1 %src_V_dest_V"   --->   Operation 73 'read' 'empty_75' <Predicate = (!icmp_ln75 & icmp_ln75_1 & icmp_ln75_2)> <Delay = 0.00> <CoreInst = "axis">   --->   Core 123 'axis' <Latency = 0> <II = 1> <Delay = 1.00> <Adapter> <Opcode : >
ST_7 : Operation 74 [1/1] (0.00ns)   --->   "%src_V_data_V_val1 = extractvalue i14 %empty_75"   --->   Operation 74 'extractvalue' 'src_V_data_V_val1' <Predicate = (!icmp_ln75 & icmp_ln75_1 & icmp_ln75_2)> <Delay = 0.00>

State 8 <SV = 7> <Delay = 1.83>
ST_8 : Operation 75 [1/1] (1.83ns)   --->   "%write_ln174 = write void @_ssdm_op_Write.ap_fifo.volatile.i8P0A, i8 %dst, i8 %src_V_data_V_val1" [C:/Xilinx/Vitis_HLS/2020.2/common/technology/autopilot/hls_stream_39.h:174]   --->   Operation 75 'write' 'write_ln174' <Predicate = (!icmp_ln75 & icmp_ln75_1 & icmp_ln75_2)> <Delay = 1.83> <CoreInst = "FIFO_SRL">   --->   Core 81 'FIFO_SRL' <Latency = 0> <II = 1> <Delay = 1.83> <Storage> <Opcode : 'read' 'write' 'nbread' 'nbwrite'> <Ports = 0> <Width = 8> <Depth = 2> <FIFO>
ST_8 : Operation 76 [1/1] (0.00ns)   --->   "%empty_76 = read i14 @_ssdm_op_Read.axis.volatile.i8P0A.i1P0A.i1P0A.i1P0A.i1P0A.i1P0A.i1P0A, i8 %src_V_data_V, i1 %src_V_keep_V, i1 %src_V_strb_V, i1 %src_V_user_V, i1 %src_V_last_V, i1 %src_V_id_V, i1 %src_V_dest_V"   --->   Operation 76 'read' 'empty_76' <Predicate = (!icmp_ln75 & icmp_ln75_1 & icmp_ln75_2 & icmp_ln75_3)> <Delay = 0.00> <CoreInst = "axis">   --->   Core 123 'axis' <Latency = 0> <II = 1> <Delay = 1.00> <Adapter> <Opcode : >
ST_8 : Operation 77 [1/1] (0.00ns)   --->   "%src_V_data_V_val2 = extractvalue i14 %empty_76"   --->   Operation 77 'extractvalue' 'src_V_data_V_val2' <Predicate = (!icmp_ln75 & icmp_ln75_1 & icmp_ln75_2 & icmp_ln75_3)> <Delay = 0.00>

State 9 <SV = 8> <Delay = 1.83>
ST_9 : Operation 78 [1/1] (1.83ns)   --->   "%write_ln174 = write void @_ssdm_op_Write.ap_fifo.volatile.i8P0A, i8 %dst, i8 %src_V_data_V_val2" [C:/Xilinx/Vitis_HLS/2020.2/common/technology/autopilot/hls_stream_39.h:174]   --->   Operation 78 'write' 'write_ln174' <Predicate = (!icmp_ln75 & icmp_ln75_1 & icmp_ln75_2 & icmp_ln75_3)> <Delay = 1.83> <CoreInst = "FIFO_SRL">   --->   Core 81 'FIFO_SRL' <Latency = 0> <II = 1> <Delay = 1.83> <Storage> <Opcode : 'read' 'write' 'nbread' 'nbwrite'> <Ports = 0> <Width = 8> <Depth = 2> <FIFO>
ST_9 : Operation 79 [1/1] (0.00ns)   --->   "%empty_77 = read i14 @_ssdm_op_Read.axis.volatile.i8P0A.i1P0A.i1P0A.i1P0A.i1P0A.i1P0A.i1P0A, i8 %src_V_data_V, i1 %src_V_keep_V, i1 %src_V_strb_V, i1 %src_V_user_V, i1 %src_V_last_V, i1 %src_V_id_V, i1 %src_V_dest_V"   --->   Operation 79 'read' 'empty_77' <Predicate = (!icmp_ln75 & icmp_ln75_1 & icmp_ln75_2 & icmp_ln75_3 & icmp_ln75_4)> <Delay = 0.00> <CoreInst = "axis">   --->   Core 123 'axis' <Latency = 0> <II = 1> <Delay = 1.00> <Adapter> <Opcode : >
ST_9 : Operation 80 [1/1] (0.00ns)   --->   "%src_V_data_V_val3 = extractvalue i14 %empty_77"   --->   Operation 80 'extractvalue' 'src_V_data_V_val3' <Predicate = (!icmp_ln75 & icmp_ln75_1 & icmp_ln75_2 & icmp_ln75_3 & icmp_ln75_4)> <Delay = 0.00>

State 10 <SV = 9> <Delay = 1.83>
ST_10 : Operation 81 [1/1] (1.83ns)   --->   "%write_ln174 = write void @_ssdm_op_Write.ap_fifo.volatile.i8P0A, i8 %dst, i8 %src_V_data_V_val3" [C:/Xilinx/Vitis_HLS/2020.2/common/technology/autopilot/hls_stream_39.h:174]   --->   Operation 81 'write' 'write_ln174' <Predicate = (!icmp_ln75 & icmp_ln75_1 & icmp_ln75_2 & icmp_ln75_3 & icmp_ln75_4)> <Delay = 1.83> <CoreInst = "FIFO_SRL">   --->   Core 81 'FIFO_SRL' <Latency = 0> <II = 1> <Delay = 1.83> <Storage> <Opcode : 'read' 'write' 'nbread' 'nbwrite'> <Ports = 0> <Width = 8> <Depth = 2> <FIFO>
ST_10 : Operation 82 [1/1] (0.00ns)   --->   "%empty_78 = read i14 @_ssdm_op_Read.axis.volatile.i8P0A.i1P0A.i1P0A.i1P0A.i1P0A.i1P0A.i1P0A, i8 %src_V_data_V, i1 %src_V_keep_V, i1 %src_V_strb_V, i1 %src_V_user_V, i1 %src_V_last_V, i1 %src_V_id_V, i1 %src_V_dest_V"   --->   Operation 82 'read' 'empty_78' <Predicate = (!icmp_ln75 & icmp_ln75_1 & icmp_ln75_2 & icmp_ln75_3 & icmp_ln75_4 & icmp_ln75_5)> <Delay = 0.00> <CoreInst = "axis">   --->   Core 123 'axis' <Latency = 0> <II = 1> <Delay = 1.00> <Adapter> <Opcode : >
ST_10 : Operation 83 [1/1] (0.00ns)   --->   "%src_V_data_V_val4 = extractvalue i14 %empty_78"   --->   Operation 83 'extractvalue' 'src_V_data_V_val4' <Predicate = (!icmp_ln75 & icmp_ln75_1 & icmp_ln75_2 & icmp_ln75_3 & icmp_ln75_4 & icmp_ln75_5)> <Delay = 0.00>

State 11 <SV = 10> <Delay = 1.83>
ST_11 : Operation 84 [1/1] (1.83ns)   --->   "%write_ln174 = write void @_ssdm_op_Write.ap_fifo.volatile.i8P0A, i8 %dst, i8 %src_V_data_V_val4" [C:/Xilinx/Vitis_HLS/2020.2/common/technology/autopilot/hls_stream_39.h:174]   --->   Operation 84 'write' 'write_ln174' <Predicate = (!icmp_ln75 & icmp_ln75_1 & icmp_ln75_2 & icmp_ln75_3 & icmp_ln75_4 & icmp_ln75_5)> <Delay = 1.83> <CoreInst = "FIFO_SRL">   --->   Core 81 'FIFO_SRL' <Latency = 0> <II = 1> <Delay = 1.83> <Storage> <Opcode : 'read' 'write' 'nbread' 'nbwrite'> <Ports = 0> <Width = 8> <Depth = 2> <FIFO>
ST_11 : Operation 85 [1/1] (0.00ns)   --->   "%empty_79 = read i14 @_ssdm_op_Read.axis.volatile.i8P0A.i1P0A.i1P0A.i1P0A.i1P0A.i1P0A.i1P0A, i8 %src_V_data_V, i1 %src_V_keep_V, i1 %src_V_strb_V, i1 %src_V_user_V, i1 %src_V_last_V, i1 %src_V_id_V, i1 %src_V_dest_V"   --->   Operation 85 'read' 'empty_79' <Predicate = (!icmp_ln75 & icmp_ln75_1 & icmp_ln75_2 & icmp_ln75_3 & icmp_ln75_4 & icmp_ln75_5 & icmp_ln75_6)> <Delay = 0.00> <CoreInst = "axis">   --->   Core 123 'axis' <Latency = 0> <II = 1> <Delay = 1.00> <Adapter> <Opcode : >
ST_11 : Operation 86 [1/1] (0.00ns)   --->   "%src_V_data_V_val5 = extractvalue i14 %empty_79"   --->   Operation 86 'extractvalue' 'src_V_data_V_val5' <Predicate = (!icmp_ln75 & icmp_ln75_1 & icmp_ln75_2 & icmp_ln75_3 & icmp_ln75_4 & icmp_ln75_5 & icmp_ln75_6)> <Delay = 0.00>

State 12 <SV = 11> <Delay = 1.83>
ST_12 : Operation 87 [1/1] (1.83ns)   --->   "%write_ln174 = write void @_ssdm_op_Write.ap_fifo.volatile.i8P0A, i8 %dst, i8 %src_V_data_V_val5" [C:/Xilinx/Vitis_HLS/2020.2/common/technology/autopilot/hls_stream_39.h:174]   --->   Operation 87 'write' 'write_ln174' <Predicate = (!icmp_ln75 & icmp_ln75_1 & icmp_ln75_2 & icmp_ln75_3 & icmp_ln75_4 & icmp_ln75_5 & icmp_ln75_6)> <Delay = 1.83> <CoreInst = "FIFO_SRL">   --->   Core 81 'FIFO_SRL' <Latency = 0> <II = 1> <Delay = 1.83> <Storage> <Opcode : 'read' 'write' 'nbread' 'nbwrite'> <Ports = 0> <Width = 8> <Depth = 2> <FIFO>
ST_12 : Operation 88 [1/1] (0.00ns)   --->   "%empty_80 = read i14 @_ssdm_op_Read.axis.volatile.i8P0A.i1P0A.i1P0A.i1P0A.i1P0A.i1P0A.i1P0A, i8 %src_V_data_V, i1 %src_V_keep_V, i1 %src_V_strb_V, i1 %src_V_user_V, i1 %src_V_last_V, i1 %src_V_id_V, i1 %src_V_dest_V"   --->   Operation 88 'read' 'empty_80' <Predicate = (!icmp_ln75 & icmp_ln75_1 & icmp_ln75_2 & icmp_ln75_3 & icmp_ln75_4 & icmp_ln75_5 & icmp_ln75_6 & icmp_ln75_7)> <Delay = 0.00> <CoreInst = "axis">   --->   Core 123 'axis' <Latency = 0> <II = 1> <Delay = 1.00> <Adapter> <Opcode : >
ST_12 : Operation 89 [1/1] (0.00ns)   --->   "%src_V_data_V_val7 = extractvalue i14 %empty_80"   --->   Operation 89 'extractvalue' 'src_V_data_V_val7' <Predicate = (!icmp_ln75 & icmp_ln75_1 & icmp_ln75_2 & icmp_ln75_3 & icmp_ln75_4 & icmp_ln75_5 & icmp_ln75_6 & icmp_ln75_7)> <Delay = 0.00>
ST_12 : Operation 90 [1/1] (1.01ns)   --->   "%add_ln75 = add i32 %i_0_i, i32 8" [src/ORB.cpp:75]   --->   Operation 90 'add' 'add_ln75' <Predicate = (!icmp_ln75 & icmp_ln75_1 & icmp_ln75_2 & icmp_ln75_3 & icmp_ln75_4 & icmp_ln75_5 & icmp_ln75_6 & icmp_ln75_7)> <Delay = 1.01> <CoreInst = "Adder">   --->   Core 1 'Adder' <Latency = 0> <II = 1> <Delay = 1.01> <FuncUnit> <Opcode : 'add' 'sub'> <InPorts = 2> <OutPorts = 1>

State 13 <SV = 12> <Delay = 1.83>
ST_13 : Operation 91 [1/1] (1.83ns)   --->   "%write_ln174 = write void @_ssdm_op_Write.ap_fifo.volatile.i8P0A, i8 %dst, i8 %src_V_data_V_val7" [C:/Xilinx/Vitis_HLS/2020.2/common/technology/autopilot/hls_stream_39.h:174]   --->   Operation 91 'write' 'write_ln174' <Predicate = (!icmp_ln75 & icmp_ln75_1 & icmp_ln75_2 & icmp_ln75_3 & icmp_ln75_4 & icmp_ln75_5 & icmp_ln75_6 & icmp_ln75_7)> <Delay = 1.83> <CoreInst = "FIFO_SRL">   --->   Core 81 'FIFO_SRL' <Latency = 0> <II = 1> <Delay = 1.83> <Storage> <Opcode : 'read' 'write' 'nbread' 'nbwrite'> <Ports = 0> <Width = 8> <Depth = 2> <FIFO>
ST_13 : Operation 92 [1/1] (0.00ns)   --->   "%br_ln0 = br void"   --->   Operation 92 'br' 'br_ln0' <Predicate = (!icmp_ln75 & icmp_ln75_1 & icmp_ln75_2 & icmp_ln75_3 & icmp_ln75_4 & icmp_ln75_5 & icmp_ln75_6 & icmp_ln75_7)> <Delay = 0.00>

State 14 <SV = 12> <Delay = 0.00>
ST_14 : Operation 93 [1/1] (0.00ns)   --->   "%ret_ln0 = ret"   --->   Operation 93 'ret' 'ret_ln0' <Predicate = true> <Delay = 0.00>


============================================================
+ Verbose Summary: Binding
============================================================
STG Binding: 
---------------- STG Properties BEGIN ----------------
- Is combinational: 0
- Is one-state seq: 0
- Is datapath-only: 0
- Is pipelined: 0
- Is top level: 0
Port [ Return ] is wired: 1; IO mode=ap_ctrl_hs:ce=0
Port [ dst]:  wired=1; compound=1; hidden=0; nouse=0; global=0; static=0; extern=0; dir=1; type=3; pingpong=0; private_global=0; IO mode=ap_fifo:ce=0
Port [ src_V_data_V]:  wired=1; compound=1; hidden=0; nouse=0; global=0; static=0; extern=0; dir=0; type=0; pingpong=0; private_global=0; IO mode=axis:ce=0
Port [ src_V_keep_V]:  wired=1; compound=1; hidden=0; nouse=0; global=0; static=0; extern=0; dir=0; type=0; pingpong=0; private_global=0; IO mode=axis:ce=0
Port [ src_V_strb_V]:  wired=1; compound=1; hidden=0; nouse=0; global=0; static=0; extern=0; dir=0; type=0; pingpong=0; private_global=0; IO mode=axis:ce=0
Port [ src_V_user_V]:  wired=1; compound=1; hidden=0; nouse=0; global=0; static=0; extern=0; dir=0; type=0; pingpong=0; private_global=0; IO mode=axis:ce=0
Port [ src_V_last_V]:  wired=1; compound=1; hidden=0; nouse=0; global=0; static=0; extern=0; dir=0; type=0; pingpong=0; private_global=0; IO mode=axis:ce=0
Port [ src_V_id_V]:  wired=1; compound=1; hidden=0; nouse=0; global=0; static=0; extern=0; dir=0; type=0; pingpong=0; private_global=0; IO mode=axis:ce=0
Port [ src_V_dest_V]:  wired=1; compound=1; hidden=0; nouse=0; global=0; static=0; extern=0; dir=0; type=0; pingpong=0; private_global=0; IO mode=axis:ce=0
Port [ height]:  wired=1; compound=1; hidden=0; nouse=0; global=0; static=0; extern=0; dir=0; type=3; pingpong=0; private_global=0; IO mode=ap_fifo:ce=0
Port [ width]:  wired=1; compound=1; hidden=0; nouse=0; global=0; static=0; extern=0; dir=0; type=3; pingpong=0; private_global=0; IO mode=ap_fifo:ce=0
---------------- STG Properties END ------------------

---------------- Datapath Model BEGIN ----------------

<LifeTime>
<method=bitvector/>
height_read       (read          ) [ 000000000000000]
width_read        (read          ) [ 000000000000000]
height_cast_i     (zext          ) [ 001110000000000]
width_cast_i      (zext          ) [ 001110000000000]
specinterface_ln0 (specinterface ) [ 000000000000000]
specinterface_ln0 (specinterface ) [ 000000000000000]
specinterface_ln0 (specinterface ) [ 000000000000000]
specinterface_ln0 (specinterface ) [ 000000000000000]
specinterface_ln0 (specinterface ) [ 000000000000000]
specinterface_ln0 (specinterface ) [ 000000000000000]
specinterface_ln0 (specinterface ) [ 000000000000000]
specinterface_ln0 (specinterface ) [ 000000000000000]
specinterface_ln0 (specinterface ) [ 000000000000000]
specinterface_ln0 (specinterface ) [ 000000000000000]
specinterface_ln0 (specinterface ) [ 000000000000000]
specinterface_ln0 (specinterface ) [ 000000000000000]
mul_i             (mul           ) [ 000000000000000]
zext_ln75         (zext          ) [ 000001111111110]
add_ln75_1        (add           ) [ 000000000000000]
tmp               (partselect    ) [ 000000000000000]
tmp_25            (bitconcatenate) [ 000000000000000]
zext_ln75_1       (zext          ) [ 000001111111110]
br_ln75           (br            ) [ 000011111111110]
i_0_i             (phi           ) [ 000001111111100]
specpipeline_ln0  (specpipeline  ) [ 000000000000000]
icmp_ln75         (icmp          ) [ 000001111111110]
br_ln75           (br            ) [ 000000000000000]
empty             (read          ) [ 000000000000000]
src_V_data_V_val  (extractvalue  ) [ 000000100000000]
or_ln75           (or            ) [ 000000000000000]
icmp_ln75_1       (icmp          ) [ 000001111111110]
br_ln75           (br            ) [ 000000000000000]
or_ln75_1         (or            ) [ 000000000000000]
icmp_ln75_2       (icmp          ) [ 000001111111110]
br_ln75           (br            ) [ 000000000000000]
or_ln75_2         (or            ) [ 000000000000000]
icmp_ln75_3       (icmp          ) [ 000001111111110]
br_ln75           (br            ) [ 000000000000000]
or_ln75_3         (or            ) [ 000000000000000]
icmp_ln75_4       (icmp          ) [ 000001111111110]
br_ln75           (br            ) [ 000000000000000]
or_ln75_4         (or            ) [ 000000000000000]
icmp_ln75_5       (icmp          ) [ 000001111111110]
br_ln75           (br            ) [ 000000000000000]
or_ln75_5         (or            ) [ 000000000000000]
icmp_ln75_6       (icmp          ) [ 000001111111110]
br_ln75           (br            ) [ 000000000000000]
or_ln75_6         (or            ) [ 000000000000000]
icmp_ln75_7       (icmp          ) [ 000001111111110]
br_ln75           (br            ) [ 000000000000000]
specloopname_ln75 (specloopname  ) [ 000000000000000]
write_ln174       (write         ) [ 000000000000000]
empty_74          (read          ) [ 000000000000000]
src_V_data_V_val6 (extractvalue  ) [ 000000010000000]
write_ln174       (write         ) [ 000000000000000]
empty_75          (read          ) [ 000000000000000]
src_V_data_V_val1 (extractvalue  ) [ 000000001000000]
write_ln174       (write         ) [ 000000000000000]
empty_76          (read          ) [ 000000000000000]
src_V_data_V_val2 (extractvalue  ) [ 000000000100000]
write_ln174       (write         ) [ 000000000000000]
empty_77          (read          ) [ 000000000000000]
src_V_data_V_val3 (extractvalue  ) [ 000000000010000]
write_ln174       (write         ) [ 000000000000000]
empty_78          (read          ) [ 000000000000000]
src_V_data_V_val4 (extractvalue  ) [ 000000000001000]
write_ln174       (write         ) [ 000000000000000]
empty_79          (read          ) [ 000000000000000]
src_V_data_V_val5 (extractvalue  ) [ 000000000000100]
write_ln174       (write         ) [ 000000000000000]
empty_80          (read          ) [ 000000000000000]
src_V_data_V_val7 (extractvalue  ) [ 000001000000010]
add_ln75          (add           ) [ 000011000000010]
write_ln174       (write         ) [ 000000000000000]
br_ln0            (br            ) [ 000011111111110]
ret_ln0           (ret           ) [ 000000000000000]
</LifeTime>

<model>

<comp_list>
<comp id="0" class="1000" name="dst">
<pin_list>
<pin id="1" dir="1" index="0" bw="1" slack="0"/>
</pin_list>
<bind>
<StgValue><ssdm name="dst"/></StgValue>
</bind>
</comp>

<comp id="2" class="1000" name="src_V_data_V">
<pin_list>
<pin id="3" dir="1" index="0" bw="1" slack="0"/>
</pin_list>
<bind>
<StgValue><ssdm name="src_V_data_V"/></StgValue>
</bind>
</comp>

<comp id="4" class="1000" name="src_V_keep_V">
<pin_list>
<pin id="5" dir="1" index="0" bw="1" slack="0"/>
</pin_list>
<bind>
<StgValue><ssdm name="src_V_keep_V"/></StgValue>
</bind>
</comp>

<comp id="6" class="1000" name="src_V_strb_V">
<pin_list>
<pin id="7" dir="1" index="0" bw="1" slack="0"/>
</pin_list>
<bind>
<StgValue><ssdm name="src_V_strb_V"/></StgValue>
</bind>
</comp>

<comp id="8" class="1000" name="src_V_user_V">
<pin_list>
<pin id="9" dir="1" index="0" bw="1" slack="0"/>
</pin_list>
<bind>
<StgValue><ssdm name="src_V_user_V"/></StgValue>
</bind>
</comp>

<comp id="10" class="1000" name="src_V_last_V">
<pin_list>
<pin id="11" dir="1" index="0" bw="1" slack="0"/>
</pin_list>
<bind>
<StgValue><ssdm name="src_V_last_V"/></StgValue>
</bind>
</comp>

<comp id="12" class="1000" name="src_V_id_V">
<pin_list>
<pin id="13" dir="1" index="0" bw="1" slack="0"/>
</pin_list>
<bind>
<StgValue><ssdm name="src_V_id_V"/></StgValue>
</bind>
</comp>

<comp id="14" class="1000" name="src_V_dest_V">
<pin_list>
<pin id="15" dir="1" index="0" bw="1" slack="0"/>
</pin_list>
<bind>
<StgValue><ssdm name="src_V_dest_V"/></StgValue>
</bind>
</comp>

<comp id="16" class="1000" name="height">
<pin_list>
<pin id="17" dir="1" index="0" bw="1" slack="0"/>
</pin_list>
<bind>
<StgValue><ssdm name="height"/></StgValue>
</bind>
</comp>

<comp id="18" class="1000" name="width">
<pin_list>
<pin id="19" dir="1" index="0" bw="1" slack="0"/>
</pin_list>
<bind>
<StgValue><ssdm name="width"/></StgValue>
</bind>
</comp>

<comp id="20" class="1001" name="const_20">
<pin_list>
<pin id="21" dir="1" index="0" bw="1" slack="0"/>
</pin_list>
<bind>
<StgValue><ssdm name="_ssdm_op_Read.ap_fifo.i11P0A"/></StgValue>
</bind>
</comp>

<comp id="22" class="1001" name="const_22">
<pin_list>
<pin id="23" dir="1" index="0" bw="1" slack="2147483647"/>
</pin_list>
<bind>
<StgValue><ssdm name="_ssdm_op_SpecInterface"/></StgValue>
</bind>
</comp>

<comp id="24" class="1001" name="const_24">
<pin_list>
<pin id="25" dir="1" index="0" bw="1" slack="2147483647"/>
</pin_list>
<bind>
<StgValue><ssdm name="empty_1"/></StgValue>
</bind>
</comp>

<comp id="26" class="1001" name="const_26">
<pin_list>
<pin id="27" dir="1" index="0" bw="1" slack="1"/>
</pin_list>
<bind>
<StgValue><ssdm name=""/></StgValue>
</bind>
</comp>

<comp id="28" class="1001" name="const_28">
<pin_list>
<pin id="29" dir="1" index="0" bw="1" slack="2147483647"/>
</pin_list>
<bind>
<StgValue><ssdm name="empty_24"/></StgValue>
</bind>
</comp>

<comp id="30" class="1001" name="const_30">
<pin_list>
<pin id="31" dir="1" index="0" bw="1" slack="2147483647"/>
</pin_list>
<bind>
<StgValue><ssdm name="empty_15"/></StgValue>
</bind>
</comp>

<comp id="32" class="1001" name="const_32">
<pin_list>
<pin id="33" dir="1" index="0" bw="1" slack="2147483647"/>
</pin_list>
<bind>
<StgValue><ssdm name="empty_0"/></StgValue>
</bind>
</comp>

<comp id="34" class="1001" name="const_34">
<pin_list>
<pin id="35" dir="1" index="0" bw="1" slack="2147483647"/>
</pin_list>
<bind>
<StgValue><ssdm name=""/></StgValue>
</bind>
</comp>

<comp id="36" class="1001" name="const_36">
<pin_list>
<pin id="37" dir="1" index="0" bw="1" slack="2147483647"/>
</pin_list>
<bind>
<StgValue><ssdm name="ap_fifo_str"/></StgValue>
</bind>
</comp>

<comp id="38" class="1001" name="const_38">
<pin_list>
<pin id="39" dir="1" index="0" bw="1" slack="2147483647"/>
</pin_list>
<bind>
<StgValue><ssdm name="p_str"/></StgValue>
</bind>
</comp>

<comp id="40" class="1001" name="const_40">
<pin_list>
<pin id="41" dir="1" index="0" bw="1" slack="0"/>
</pin_list>
<bind>
<StgValue><ssdm name=""/></StgValue>
</bind>
</comp>

<comp id="42" class="1001" name="const_42">
<pin_list>
<pin id="43" dir="1" index="0" bw="1" slack="2147483647"/>
</pin_list>
<bind>
<StgValue><ssdm name=""/></StgValue>
</bind>
</comp>

<comp id="44" class="1001" name="const_44">
<pin_list>
<pin id="45" dir="1" index="0" bw="1" slack="2147483647"/>
</pin_list>
<bind>
<StgValue><ssdm name="ScalarProp_str"/></StgValue>
</bind>
</comp>

<comp id="46" class="1001" name="const_46">
<pin_list>
<pin id="47" dir="1" index="0" bw="1" slack="0"/>
</pin_list>
<bind>
<StgValue><ssdm name=""/></StgValue>
</bind>
</comp>

<comp id="48" class="1001" name="const_48">
<pin_list>
<pin id="49" dir="1" index="0" bw="1" slack="0"/>
</pin_list>
<bind>
<StgValue><ssdm name="_ssdm_op_PartSelect.i19.i22.i32.i32"/></StgValue>
</bind>
</comp>

<comp id="50" class="1001" name="const_50">
<pin_list>
<pin id="51" dir="1" index="0" bw="1" slack="0"/>
</pin_list>
<bind>
<StgValue><ssdm name=""/></StgValue>
</bind>
</comp>

<comp id="52" class="1001" name="const_52">
<pin_list>
<pin id="53" dir="1" index="0" bw="1" slack="0"/>
</pin_list>
<bind>
<StgValue><ssdm name=""/></StgValue>
</bind>
</comp>

<comp id="54" class="1001" name="const_54">
<pin_list>
<pin id="55" dir="1" index="0" bw="1" slack="0"/>
</pin_list>
<bind>
<StgValue><ssdm name="_ssdm_op_BitConcatenate.i22.i19.i3"/></StgValue>
</bind>
</comp>

<comp id="56" class="1001" name="const_56">
<pin_list>
<pin id="57" dir="1" index="0" bw="1" slack="0"/>
</pin_list>
<bind>
<StgValue><ssdm name=""/></StgValue>
</bind>
</comp>

<comp id="58" class="1001" name="const_58">
<pin_list>
<pin id="59" dir="1" index="0" bw="1" slack="2147483647"/>
</pin_list>
<bind>
<StgValue><ssdm name="_ssdm_op_SpecPipeline"/></StgValue>
</bind>
</comp>

<comp id="60" class="1001" name="const_60">
<pin_list>
<pin id="61" dir="1" index="0" bw="1" slack="2147483647"/>
</pin_list>
<bind>
<StgValue><ssdm name=""/></StgValue>
</bind>
</comp>

<comp id="62" class="1001" name="const_62">
<pin_list>
<pin id="63" dir="1" index="0" bw="1" slack="0"/>
</pin_list>
<bind>
<StgValue><ssdm name=""/></StgValue>
</bind>
</comp>

<comp id="64" class="1001" name="const_64">
<pin_list>
<pin id="65" dir="1" index="0" bw="1" slack="2147483647"/>
</pin_list>
<bind>
<StgValue><ssdm name="p_str31"/></StgValue>
</bind>
</comp>

<comp id="66" class="1001" name="const_66">
<pin_list>
<pin id="67" dir="1" index="0" bw="1" slack="0"/>
</pin_list>
<bind>
<StgValue><ssdm name="_ssdm_op_Read.axis.volatile.i8P0A.i1P0A.i1P0A.i1P0A.i1P0A.i1P0A.i1P0A"/></StgValue>
</bind>
</comp>

<comp id="68" class="1001" name="const_68">
<pin_list>
<pin id="69" dir="1" index="0" bw="1" slack="0"/>
</pin_list>
<bind>
<StgValue><ssdm name=""/></StgValue>
</bind>
</comp>

<comp id="70" class="1001" name="const_70">
<pin_list>
<pin id="71" dir="1" index="0" bw="1" slack="0"/>
</pin_list>
<bind>
<StgValue><ssdm name=""/></StgValue>
</bind>
</comp>

<comp id="72" class="1001" name="const_72">
<pin_list>
<pin id="73" dir="1" index="0" bw="1" slack="0"/>
</pin_list>
<bind>
<StgValue><ssdm name=""/></StgValue>
</bind>
</comp>

<comp id="74" class="1001" name="const_74">
<pin_list>
<pin id="75" dir="1" index="0" bw="1" slack="0"/>
</pin_list>
<bind>
<StgValue><ssdm name=""/></StgValue>
</bind>
</comp>

<comp id="76" class="1001" name="const_76">
<pin_list>
<pin id="77" dir="1" index="0" bw="1" slack="2147483647"/>
</pin_list>
<bind>
<StgValue><ssdm name="_ssdm_op_SpecLoopName"/></StgValue>
</bind>
</comp>

<comp id="78" class="1001" name="const_78">
<pin_list>
<pin id="79" dir="1" index="0" bw="1" slack="2147483647"/>
</pin_list>
<bind>
<StgValue><ssdm name="empty_26"/></StgValue>
</bind>
</comp>

<comp id="80" class="1001" name="const_80">
<pin_list>
<pin id="81" dir="1" index="0" bw="1" slack="0"/>
</pin_list>
<bind>
<StgValue><ssdm name="_ssdm_op_Write.ap_fifo.volatile.i8P0A"/></StgValue>
</bind>
</comp>

<comp id="82" class="1001" name="const_82">
<pin_list>
<pin id="83" dir="1" index="0" bw="1" slack="0"/>
</pin_list>
<bind>
<StgValue><ssdm name=""/></StgValue>
</bind>
</comp>

<comp id="84" class="1004" name="height_read_read_fu_84">
<pin_list>
<pin id="85" dir="0" index="0" bw="11" slack="0"/>
<pin id="86" dir="0" index="1" bw="11" slack="0"/>
<pin id="87" dir="1" index="2" bw="11" slack="0"/>
</pin_list>
<bind>
<opcode="read(1150) " fcode="read"/>
<opset="height_read/1 "/>
</bind>
</comp>

<comp id="90" class="1004" name="width_read_read_fu_90">
<pin_list>
<pin id="91" dir="0" index="0" bw="11" slack="0"/>
<pin id="92" dir="0" index="1" bw="11" slack="0"/>
<pin id="93" dir="1" index="2" bw="11" slack="0"/>
</pin_list>
<bind>
<opcode="read(1150) " fcode="read"/>
<opset="width_read/1 "/>
</bind>
</comp>

<comp id="96" class="1004" name="grp_read_fu_96">
<pin_list>
<pin id="97" dir="0" index="0" bw="14" slack="0"/>
<pin id="98" dir="0" index="1" bw="8" slack="0"/>
<pin id="99" dir="0" index="2" bw="1" slack="0"/>
<pin id="100" dir="0" index="3" bw="1" slack="0"/>
<pin id="101" dir="0" index="4" bw="1" slack="0"/>
<pin id="102" dir="0" index="5" bw="1" slack="0"/>
<pin id="103" dir="0" index="6" bw="1" slack="0"/>
<pin id="104" dir="0" index="7" bw="1" slack="0"/>
<pin id="105" dir="1" index="8" bw="14" slack="0"/>
</pin_list>
<bind>
<opcode="read(1150) " fcode="read"/>
<opset="empty/5 empty_74/6 empty_75/7 empty_76/8 empty_77/9 empty_78/10 empty_79/11 empty_80/12 "/>
</bind>
</comp>

<comp id="114" class="1004" name="grp_write_fu_114">
<pin_list>
<pin id="115" dir="0" index="0" bw="0" slack="0"/>
<pin id="116" dir="0" index="1" bw="8" slack="0"/>
<pin id="117" dir="0" index="2" bw="8" slack="1"/>
<pin id="118" dir="1" index="3" bw="0" slack="2147483647"/>
</pin_list>
<bind>
<opcode="write(1151) " fcode="write"/>
<opset="write_ln174/6 write_ln174/7 write_ln174/8 write_ln174/9 write_ln174/10 write_ln174/11 write_ln174/12 write_ln174/13 "/>
</bind>
</comp>

<comp id="121" class="1005" name="i_0_i_reg_121">
<pin_list>
<pin id="122" dir="0" index="0" bw="32" slack="1"/>
<pin id="123" dir="1" index="1" bw="32" slack="1"/>
</pin_list>
<bind>
<opset="i_0_i (phireg) "/>
</bind>
</comp>

<comp id="125" class="1004" name="i_0_i_phi_fu_125">
<pin_list>
<pin id="126" dir="0" index="0" bw="1" slack="1"/>
<pin id="127" dir="0" index="1" bw="0" slack="2147483647"/>
<pin id="128" dir="0" index="2" bw="32" slack="1"/>
<pin id="129" dir="0" index="3" bw="0" slack="2147483647"/>
<pin id="130" dir="1" index="4" bw="32" slack="0"/>
</pin_list>
<bind>
<opcode="phi(47) " fcode="phi"/>
<opset="i_0_i/5 "/>
</bind>
</comp>

<comp id="133" class="1004" name="grp_fu_133">
<pin_list>
<pin id="134" dir="0" index="0" bw="14" slack="0"/>
<pin id="135" dir="1" index="1" bw="8" slack="1"/>
</pin_list>
<bind>
<opcode="extractvalue(56) " fcode="extractvalue"/>
<opset="src_V_data_V_val/5 src_V_data_V_val6/6 src_V_data_V_val1/7 src_V_data_V_val2/8 src_V_data_V_val3/9 src_V_data_V_val4/10 src_V_data_V_val5/11 src_V_data_V_val7/12 "/>
</bind>
</comp>

<comp id="137" class="1005" name="reg_137">
<pin_list>
<pin id="138" dir="0" index="0" bw="8" slack="1"/>
<pin id="139" dir="1" index="1" bw="8" slack="1"/>
</pin_list>
<bind>
<opset="src_V_data_V_val src_V_data_V_val6 src_V_data_V_val1 src_V_data_V_val2 src_V_data_V_val3 src_V_data_V_val4 src_V_data_V_val5 src_V_data_V_val7 "/>
</bind>
</comp>

<comp id="142" class="1004" name="height_cast_i_fu_142">
<pin_list>
<pin id="143" dir="0" index="0" bw="11" slack="0"/>
<pin id="144" dir="1" index="1" bw="22" slack="0"/>
</pin_list>
<bind>
<opcode="zext(34) " fcode="zext"/>
<opset="height_cast_i/1 "/>
</bind>
</comp>

<comp id="146" class="1004" name="width_cast_i_fu_146">
<pin_list>
<pin id="147" dir="0" index="0" bw="11" slack="0"/>
<pin id="148" dir="1" index="1" bw="22" slack="0"/>
</pin_list>
<bind>
<opcode="zext(34) " fcode="zext"/>
<opset="width_cast_i/1 "/>
</bind>
</comp>

<comp id="150" class="1004" name="zext_ln75_fu_150">
<pin_list>
<pin id="151" dir="0" index="0" bw="22" slack="0"/>
<pin id="152" dir="1" index="1" bw="32" slack="1"/>
</pin_list>
<bind>
<opcode="zext(34) " fcode="zext"/>
<opset="zext_ln75/4 "/>
</bind>
</comp>

<comp id="153" class="1004" name="add_ln75_1_fu_153">
<pin_list>
<pin id="154" dir="0" index="0" bw="22" slack="0"/>
<pin id="155" dir="0" index="1" bw="4" slack="0"/>
<pin id="156" dir="1" index="2" bw="22" slack="0"/>
</pin_list>
<bind>
<opcode="add(8) " fcode="add"/>
<opset="add_ln75_1/4 "/>
</bind>
</comp>

<comp id="158" class="1004" name="tmp_fu_158">
<pin_list>
<pin id="159" dir="0" index="0" bw="19" slack="0"/>
<pin id="160" dir="0" index="1" bw="22" slack="0"/>
<pin id="161" dir="0" index="2" bw="3" slack="0"/>
<pin id="162" dir="0" index="3" bw="6" slack="0"/>
<pin id="163" dir="1" index="4" bw="19" slack="0"/>
</pin_list>
<bind>
<opcode="partselect(1002) " fcode="partselect"/>
<opset="tmp/4 "/>
</bind>
</comp>

<comp id="168" class="1004" name="tmp_25_fu_168">
<pin_list>
<pin id="169" dir="0" index="0" bw="22" slack="0"/>
<pin id="170" dir="0" index="1" bw="19" slack="0"/>
<pin id="171" dir="0" index="2" bw="1" slack="0"/>
<pin id="172" dir="1" index="3" bw="22" slack="0"/>
</pin_list>
<bind>
<opcode="bitconcatenate(1004) " fcode="bitconcatenate"/>
<opset="tmp_25/4 "/>
</bind>
</comp>

<comp id="176" class="1004" name="zext_ln75_1_fu_176">
<pin_list>
<pin id="177" dir="0" index="0" bw="22" slack="0"/>
<pin id="178" dir="1" index="1" bw="32" slack="1"/>
</pin_list>
<bind>
<opcode="zext(34) " fcode="zext"/>
<opset="zext_ln75_1/4 "/>
</bind>
</comp>

<comp id="180" class="1004" name="icmp_ln75_fu_180">
<pin_list>
<pin id="181" dir="0" index="0" bw="32" slack="0"/>
<pin id="182" dir="0" index="1" bw="22" slack="1"/>
<pin id="183" dir="1" index="2" bw="1" slack="1"/>
</pin_list>
<bind>
<opcode="icmp(45) " fcode="icmp"/>
<opset="icmp_ln75/5 "/>
</bind>
</comp>

<comp id="185" class="1004" name="or_ln75_fu_185">
<pin_list>
<pin id="186" dir="0" index="0" bw="32" slack="0"/>
<pin id="187" dir="0" index="1" bw="1" slack="0"/>
<pin id="188" dir="1" index="2" bw="32" slack="0"/>
</pin_list>
<bind>
<opcode="or(24) " fcode="or"/>
<opset="or_ln75/5 "/>
</bind>
</comp>

<comp id="191" class="1004" name="icmp_ln75_1_fu_191">
<pin_list>
<pin id="192" dir="0" index="0" bw="32" slack="0"/>
<pin id="193" dir="0" index="1" bw="22" slack="1"/>
<pin id="194" dir="1" index="2" bw="1" slack="1"/>
</pin_list>
<bind>
<opcode="icmp(45) " fcode="icmp"/>
<opset="icmp_ln75_1/5 "/>
</bind>
</comp>

<comp id="196" class="1004" name="or_ln75_1_fu_196">
<pin_list>
<pin id="197" dir="0" index="0" bw="32" slack="0"/>
<pin id="198" dir="0" index="1" bw="3" slack="0"/>
<pin id="199" dir="1" index="2" bw="32" slack="0"/>
</pin_list>
<bind>
<opcode="or(24) " fcode="or"/>
<opset="or_ln75_1/5 "/>
</bind>
</comp>

<comp id="202" class="1004" name="icmp_ln75_2_fu_202">
<pin_list>
<pin id="203" dir="0" index="0" bw="32" slack="0"/>
<pin id="204" dir="0" index="1" bw="22" slack="1"/>
<pin id="205" dir="1" index="2" bw="1" slack="2"/>
</pin_list>
<bind>
<opcode="icmp(45) " fcode="icmp"/>
<opset="icmp_ln75_2/5 "/>
</bind>
</comp>

<comp id="207" class="1004" name="or_ln75_2_fu_207">
<pin_list>
<pin id="208" dir="0" index="0" bw="32" slack="0"/>
<pin id="209" dir="0" index="1" bw="3" slack="0"/>
<pin id="210" dir="1" index="2" bw="32" slack="0"/>
</pin_list>
<bind>
<opcode="or(24) " fcode="or"/>
<opset="or_ln75_2/5 "/>
</bind>
</comp>

<comp id="213" class="1004" name="icmp_ln75_3_fu_213">
<pin_list>
<pin id="214" dir="0" index="0" bw="32" slack="0"/>
<pin id="215" dir="0" index="1" bw="22" slack="1"/>
<pin id="216" dir="1" index="2" bw="1" slack="3"/>
</pin_list>
<bind>
<opcode="icmp(45) " fcode="icmp"/>
<opset="icmp_ln75_3/5 "/>
</bind>
</comp>

<comp id="218" class="1004" name="or_ln75_3_fu_218">
<pin_list>
<pin id="219" dir="0" index="0" bw="32" slack="0"/>
<pin id="220" dir="0" index="1" bw="4" slack="0"/>
<pin id="221" dir="1" index="2" bw="32" slack="0"/>
</pin_list>
<bind>
<opcode="or(24) " fcode="or"/>
<opset="or_ln75_3/5 "/>
</bind>
</comp>

<comp id="224" class="1004" name="icmp_ln75_4_fu_224">
<pin_list>
<pin id="225" dir="0" index="0" bw="32" slack="0"/>
<pin id="226" dir="0" index="1" bw="22" slack="1"/>
<pin id="227" dir="1" index="2" bw="1" slack="4"/>
</pin_list>
<bind>
<opcode="icmp(45) " fcode="icmp"/>
<opset="icmp_ln75_4/5 "/>
</bind>
</comp>

<comp id="229" class="1004" name="or_ln75_4_fu_229">
<pin_list>
<pin id="230" dir="0" index="0" bw="32" slack="0"/>
<pin id="231" dir="0" index="1" bw="4" slack="0"/>
<pin id="232" dir="1" index="2" bw="32" slack="0"/>
</pin_list>
<bind>
<opcode="or(24) " fcode="or"/>
<opset="or_ln75_4/5 "/>
</bind>
</comp>

<comp id="235" class="1004" name="icmp_ln75_5_fu_235">
<pin_list>
<pin id="236" dir="0" index="0" bw="32" slack="0"/>
<pin id="237" dir="0" index="1" bw="22" slack="1"/>
<pin id="238" dir="1" index="2" bw="1" slack="5"/>
</pin_list>
<bind>
<opcode="icmp(45) " fcode="icmp"/>
<opset="icmp_ln75_5/5 "/>
</bind>
</comp>

<comp id="240" class="1004" name="or_ln75_5_fu_240">
<pin_list>
<pin id="241" dir="0" index="0" bw="32" slack="0"/>
<pin id="242" dir="0" index="1" bw="4" slack="0"/>
<pin id="243" dir="1" index="2" bw="32" slack="0"/>
</pin_list>
<bind>
<opcode="or(24) " fcode="or"/>
<opset="or_ln75_5/5 "/>
</bind>
</comp>

<comp id="246" class="1004" name="icmp_ln75_6_fu_246">
<pin_list>
<pin id="247" dir="0" index="0" bw="32" slack="0"/>
<pin id="248" dir="0" index="1" bw="22" slack="1"/>
<pin id="249" dir="1" index="2" bw="1" slack="6"/>
</pin_list>
<bind>
<opcode="icmp(45) " fcode="icmp"/>
<opset="icmp_ln75_6/5 "/>
</bind>
</comp>

<comp id="251" class="1004" name="or_ln75_6_fu_251">
<pin_list>
<pin id="252" dir="0" index="0" bw="32" slack="0"/>
<pin id="253" dir="0" index="1" bw="4" slack="0"/>
<pin id="254" dir="1" index="2" bw="32" slack="0"/>
</pin_list>
<bind>
<opcode="or(24) " fcode="or"/>
<opset="or_ln75_6/5 "/>
</bind>
</comp>

<comp id="257" class="1004" name="icmp_ln75_7_fu_257">
<pin_list>
<pin id="258" dir="0" index="0" bw="32" slack="0"/>
<pin id="259" dir="0" index="1" bw="22" slack="1"/>
<pin id="260" dir="1" index="2" bw="1" slack="7"/>
</pin_list>
<bind>
<opcode="icmp(45) " fcode="icmp"/>
<opset="icmp_ln75_7/5 "/>
</bind>
</comp>

<comp id="262" class="1004" name="add_ln75_fu_262">
<pin_list>
<pin id="263" dir="0" index="0" bw="32" slack="7"/>
<pin id="264" dir="0" index="1" bw="5" slack="0"/>
<pin id="265" dir="1" index="2" bw="32" slack="1"/>
</pin_list>
<bind>
<opcode="add(8) " fcode="add"/>
<opset="add_ln75/12 "/>
</bind>
</comp>

<comp id="268" class="1007" name="grp_fu_268">
<pin_list>
<pin id="269" dir="0" index="0" bw="11" slack="0"/>
<pin id="270" dir="0" index="1" bw="11" slack="0"/>
<pin id="271" dir="1" index="2" bw="22" slack="0"/>
</pin_list>
<bind>
<opcode="mul(12) " fcode="mul"/>
<opset="mul_i/1 "/>
</bind>
</comp>

<comp id="276" class="1005" name="height_cast_i_reg_276">
<pin_list>
<pin id="277" dir="0" index="0" bw="22" slack="1"/>
<pin id="278" dir="1" index="1" bw="22" slack="1"/>
</pin_list>
<bind>
<opset="height_cast_i "/>
</bind>
</comp>

<comp id="281" class="1005" name="width_cast_i_reg_281">
<pin_list>
<pin id="282" dir="0" index="0" bw="22" slack="1"/>
<pin id="283" dir="1" index="1" bw="22" slack="1"/>
</pin_list>
<bind>
<opset="width_cast_i "/>
</bind>
</comp>

<comp id="286" class="1005" name="zext_ln75_reg_286">
<pin_list>
<pin id="287" dir="0" index="0" bw="32" slack="1"/>
<pin id="288" dir="1" index="1" bw="32" slack="1"/>
</pin_list>
<bind>
<opset="zext_ln75 "/>
</bind>
</comp>

<comp id="297" class="1005" name="zext_ln75_1_reg_297">
<pin_list>
<pin id="298" dir="0" index="0" bw="32" slack="1"/>
<pin id="299" dir="1" index="1" bw="32" slack="1"/>
</pin_list>
<bind>
<opset="zext_ln75_1 "/>
</bind>
</comp>

<comp id="302" class="1005" name="icmp_ln75_reg_302">
<pin_list>
<pin id="303" dir="0" index="0" bw="1" slack="1"/>
<pin id="304" dir="1" index="1" bw="1" slack="2147483647"/>
</pin_list>
<bind>
<opset="icmp_ln75 "/>
</bind>
</comp>

<comp id="306" class="1005" name="icmp_ln75_1_reg_306">
<pin_list>
<pin id="307" dir="0" index="0" bw="1" slack="1"/>
<pin id="308" dir="1" index="1" bw="1" slack="2147483647"/>
</pin_list>
<bind>
<opset="icmp_ln75_1 "/>
</bind>
</comp>

<comp id="310" class="1005" name="icmp_ln75_2_reg_310">
<pin_list>
<pin id="311" dir="0" index="0" bw="1" slack="2"/>
<pin id="312" dir="1" index="1" bw="1" slack="2147483647"/>
</pin_list>
<bind>
<opset="icmp_ln75_2 "/>
</bind>
</comp>

<comp id="314" class="1005" name="icmp_ln75_3_reg_314">
<pin_list>
<pin id="315" dir="0" index="0" bw="1" slack="3"/>
<pin id="316" dir="1" index="1" bw="1" slack="2147483647"/>
</pin_list>
<bind>
<opset="icmp_ln75_3 "/>
</bind>
</comp>

<comp id="318" class="1005" name="icmp_ln75_4_reg_318">
<pin_list>
<pin id="319" dir="0" index="0" bw="1" slack="4"/>
<pin id="320" dir="1" index="1" bw="1" slack="2147483647"/>
</pin_list>
<bind>
<opset="icmp_ln75_4 "/>
</bind>
</comp>

<comp id="322" class="1005" name="icmp_ln75_5_reg_322">
<pin_list>
<pin id="323" dir="0" index="0" bw="1" slack="5"/>
<pin id="324" dir="1" index="1" bw="1" slack="2147483647"/>
</pin_list>
<bind>
<opset="icmp_ln75_5 "/>
</bind>
</comp>

<comp id="326" class="1005" name="icmp_ln75_6_reg_326">
<pin_list>
<pin id="327" dir="0" index="0" bw="1" slack="6"/>
<pin id="328" dir="1" index="1" bw="1" slack="2147483647"/>
</pin_list>
<bind>
<opset="icmp_ln75_6 "/>
</bind>
</comp>

<comp id="330" class="1005" name="icmp_ln75_7_reg_330">
<pin_list>
<pin id="331" dir="0" index="0" bw="1" slack="7"/>
<pin id="332" dir="1" index="1" bw="1" slack="2147483647"/>
</pin_list>
<bind>
<opset="icmp_ln75_7 "/>
</bind>
</comp>

<comp id="334" class="1005" name="add_ln75_reg_334">
<pin_list>
<pin id="335" dir="0" index="0" bw="32" slack="1"/>
<pin id="336" dir="1" index="1" bw="32" slack="1"/>
</pin_list>
<bind>
<opset="add_ln75 "/>
</bind>
</comp>

</comp_list>

<net_list>
<net id="88"><net_src comp="20" pin="0"/><net_sink comp="84" pin=0"/></net>

<net id="89"><net_src comp="16" pin="0"/><net_sink comp="84" pin=1"/></net>

<net id="94"><net_src comp="20" pin="0"/><net_sink comp="90" pin=0"/></net>

<net id="95"><net_src comp="18" pin="0"/><net_sink comp="90" pin=1"/></net>

<net id="106"><net_src comp="66" pin="0"/><net_sink comp="96" pin=0"/></net>

<net id="107"><net_src comp="2" pin="0"/><net_sink comp="96" pin=1"/></net>

<net id="108"><net_src comp="4" pin="0"/><net_sink comp="96" pin=2"/></net>

<net id="109"><net_src comp="6" pin="0"/><net_sink comp="96" pin=3"/></net>

<net id="110"><net_src comp="8" pin="0"/><net_sink comp="96" pin=4"/></net>

<net id="111"><net_src comp="10" pin="0"/><net_sink comp="96" pin=5"/></net>

<net id="112"><net_src comp="12" pin="0"/><net_sink comp="96" pin=6"/></net>

<net id="113"><net_src comp="14" pin="0"/><net_sink comp="96" pin=7"/></net>

<net id="119"><net_src comp="80" pin="0"/><net_sink comp="114" pin=0"/></net>

<net id="120"><net_src comp="0" pin="0"/><net_sink comp="114" pin=1"/></net>

<net id="124"><net_src comp="26" pin="0"/><net_sink comp="121" pin=0"/></net>

<net id="131"><net_src comp="121" pin="1"/><net_sink comp="125" pin=0"/></net>

<net id="132"><net_src comp="125" pin="4"/><net_sink comp="121" pin=0"/></net>

<net id="136"><net_src comp="96" pin="8"/><net_sink comp="133" pin=0"/></net>

<net id="140"><net_src comp="133" pin="1"/><net_sink comp="137" pin=0"/></net>

<net id="141"><net_src comp="137" pin="1"/><net_sink comp="114" pin=2"/></net>

<net id="145"><net_src comp="84" pin="2"/><net_sink comp="142" pin=0"/></net>

<net id="149"><net_src comp="90" pin="2"/><net_sink comp="146" pin=0"/></net>

<net id="157"><net_src comp="46" pin="0"/><net_sink comp="153" pin=1"/></net>

<net id="164"><net_src comp="48" pin="0"/><net_sink comp="158" pin=0"/></net>

<net id="165"><net_src comp="153" pin="2"/><net_sink comp="158" pin=1"/></net>

<net id="166"><net_src comp="50" pin="0"/><net_sink comp="158" pin=2"/></net>

<net id="167"><net_src comp="52" pin="0"/><net_sink comp="158" pin=3"/></net>

<net id="173"><net_src comp="54" pin="0"/><net_sink comp="168" pin=0"/></net>

<net id="174"><net_src comp="158" pin="4"/><net_sink comp="168" pin=1"/></net>

<net id="175"><net_src comp="56" pin="0"/><net_sink comp="168" pin=2"/></net>

<net id="179"><net_src comp="168" pin="3"/><net_sink comp="176" pin=0"/></net>

<net id="184"><net_src comp="125" pin="4"/><net_sink comp="180" pin=0"/></net>

<net id="189"><net_src comp="125" pin="4"/><net_sink comp="185" pin=0"/></net>

<net id="190"><net_src comp="62" pin="0"/><net_sink comp="185" pin=1"/></net>

<net id="195"><net_src comp="185" pin="2"/><net_sink comp="191" pin=0"/></net>

<net id="200"><net_src comp="125" pin="4"/><net_sink comp="196" pin=0"/></net>

<net id="201"><net_src comp="40" pin="0"/><net_sink comp="196" pin=1"/></net>

<net id="206"><net_src comp="196" pin="2"/><net_sink comp="202" pin=0"/></net>

<net id="211"><net_src comp="125" pin="4"/><net_sink comp="207" pin=0"/></net>

<net id="212"><net_src comp="50" pin="0"/><net_sink comp="207" pin=1"/></net>

<net id="217"><net_src comp="207" pin="2"/><net_sink comp="213" pin=0"/></net>

<net id="222"><net_src comp="125" pin="4"/><net_sink comp="218" pin=0"/></net>

<net id="223"><net_src comp="68" pin="0"/><net_sink comp="218" pin=1"/></net>

<net id="228"><net_src comp="218" pin="2"/><net_sink comp="224" pin=0"/></net>

<net id="233"><net_src comp="125" pin="4"/><net_sink comp="229" pin=0"/></net>

<net id="234"><net_src comp="70" pin="0"/><net_sink comp="229" pin=1"/></net>

<net id="239"><net_src comp="229" pin="2"/><net_sink comp="235" pin=0"/></net>

<net id="244"><net_src comp="125" pin="4"/><net_sink comp="240" pin=0"/></net>

<net id="245"><net_src comp="72" pin="0"/><net_sink comp="240" pin=1"/></net>

<net id="250"><net_src comp="240" pin="2"/><net_sink comp="246" pin=0"/></net>

<net id="255"><net_src comp="125" pin="4"/><net_sink comp="251" pin=0"/></net>

<net id="256"><net_src comp="74" pin="0"/><net_sink comp="251" pin=1"/></net>

<net id="261"><net_src comp="251" pin="2"/><net_sink comp="257" pin=0"/></net>

<net id="266"><net_src comp="121" pin="1"/><net_sink comp="262" pin=0"/></net>

<net id="267"><net_src comp="82" pin="0"/><net_sink comp="262" pin=1"/></net>

<net id="272"><net_src comp="146" pin="1"/><net_sink comp="268" pin=0"/></net>

<net id="273"><net_src comp="142" pin="1"/><net_sink comp="268" pin=1"/></net>

<net id="274"><net_src comp="268" pin="2"/><net_sink comp="150" pin=0"/></net>

<net id="275"><net_src comp="268" pin="2"/><net_sink comp="153" pin=0"/></net>

<net id="279"><net_src comp="142" pin="1"/><net_sink comp="276" pin=0"/></net>

<net id="280"><net_src comp="276" pin="1"/><net_sink comp="268" pin=1"/></net>

<net id="284"><net_src comp="146" pin="1"/><net_sink comp="281" pin=0"/></net>

<net id="285"><net_src comp="281" pin="1"/><net_sink comp="268" pin=0"/></net>

<net id="289"><net_src comp="150" pin="1"/><net_sink comp="286" pin=0"/></net>

<net id="290"><net_src comp="286" pin="1"/><net_sink comp="191" pin=1"/></net>

<net id="291"><net_src comp="286" pin="1"/><net_sink comp="202" pin=1"/></net>

<net id="292"><net_src comp="286" pin="1"/><net_sink comp="213" pin=1"/></net>

<net id="293"><net_src comp="286" pin="1"/><net_sink comp="224" pin=1"/></net>

<net id="294"><net_src comp="286" pin="1"/><net_sink comp="235" pin=1"/></net>

<net id="295"><net_src comp="286" pin="1"/><net_sink comp="246" pin=1"/></net>

<net id="296"><net_src comp="286" pin="1"/><net_sink comp="257" pin=1"/></net>

<net id="300"><net_src comp="176" pin="1"/><net_sink comp="297" pin=0"/></net>

<net id="301"><net_src comp="297" pin="1"/><net_sink comp="180" pin=1"/></net>

<net id="305"><net_src comp="180" pin="2"/><net_sink comp="302" pin=0"/></net>

<net id="309"><net_src comp="191" pin="2"/><net_sink comp="306" pin=0"/></net>

<net id="313"><net_src comp="202" pin="2"/><net_sink comp="310" pin=0"/></net>

<net id="317"><net_src comp="213" pin="2"/><net_sink comp="314" pin=0"/></net>

<net id="321"><net_src comp="224" pin="2"/><net_sink comp="318" pin=0"/></net>

<net id="325"><net_src comp="235" pin="2"/><net_sink comp="322" pin=0"/></net>

<net id="329"><net_src comp="246" pin="2"/><net_sink comp="326" pin=0"/></net>

<net id="333"><net_src comp="257" pin="2"/><net_sink comp="330" pin=0"/></net>

<net id="337"><net_src comp="262" pin="2"/><net_sink comp="334" pin=0"/></net>

<net id="338"><net_src comp="334" pin="1"/><net_sink comp="125" pin=2"/></net>

</net_list>

</model> 
---------------- Datapath Model END ------------------

* FSMD analyzer results:
  - Output states:
	Port: dst | {6 7 8 9 10 11 12 13 }
 - Input state : 
	Port: process_input<8, 0, 1080, 1920, 1> : src_V_data_V | {5 6 7 8 9 10 11 12 }
	Port: process_input<8, 0, 1080, 1920, 1> : src_V_keep_V | {5 6 7 8 9 10 11 12 }
	Port: process_input<8, 0, 1080, 1920, 1> : src_V_strb_V | {5 6 7 8 9 10 11 12 }
	Port: process_input<8, 0, 1080, 1920, 1> : src_V_user_V | {5 6 7 8 9 10 11 12 }
	Port: process_input<8, 0, 1080, 1920, 1> : src_V_last_V | {5 6 7 8 9 10 11 12 }
	Port: process_input<8, 0, 1080, 1920, 1> : src_V_id_V | {5 6 7 8 9 10 11 12 }
	Port: process_input<8, 0, 1080, 1920, 1> : src_V_dest_V | {5 6 7 8 9 10 11 12 }
	Port: process_input<8, 0, 1080, 1920, 1> : height | {1 }
	Port: process_input<8, 0, 1080, 1920, 1> : width | {1 }
  - Chain level:
	State 1
		mul_i : 1
	State 2
	State 3
	State 4
		zext_ln75 : 1
		add_ln75_1 : 1
		tmp : 2
		tmp_25 : 3
		zext_ln75_1 : 4
	State 5
		icmp_ln75 : 1
		br_ln75 : 2
		or_ln75 : 1
		icmp_ln75_1 : 1
		br_ln75 : 2
		or_ln75_1 : 1
		icmp_ln75_2 : 1
		br_ln75 : 2
		or_ln75_2 : 1
		icmp_ln75_3 : 1
		br_ln75 : 2
		or_ln75_3 : 1
		icmp_ln75_4 : 1
		br_ln75 : 2
		or_ln75_4 : 1
		icmp_ln75_5 : 1
		br_ln75 : 2
		or_ln75_5 : 1
		icmp_ln75_6 : 1
		br_ln75 : 2
		or_ln75_6 : 1
		icmp_ln75_7 : 1
		br_ln75 : 2
	State 6
	State 7
	State 8
	State 9
	State 10
	State 11
	State 12
	State 13
	State 14


============================================================
+ Verbose Summary: Datapath Resource usage 
============================================================

* Functional unit list:
|----------|------------------------|---------|---------|---------|
| Operation|     Functional Unit    |   DSP   |    FF   |   LUT   |
|----------|------------------------|---------|---------|---------|
|          |    icmp_ln75_fu_180    |    0    |    0    |    20   |
|          |   icmp_ln75_1_fu_191   |    0    |    0    |    20   |
|          |   icmp_ln75_2_fu_202   |    0    |    0    |    20   |
|   icmp   |   icmp_ln75_3_fu_213   |    0    |    0    |    20   |
|          |   icmp_ln75_4_fu_224   |    0    |    0    |    20   |
|          |   icmp_ln75_5_fu_235   |    0    |    0    |    20   |
|          |   icmp_ln75_6_fu_246   |    0    |    0    |    20   |
|          |   icmp_ln75_7_fu_257   |    0    |    0    |    20   |
|----------|------------------------|---------|---------|---------|
|    add   |    add_ln75_1_fu_153   |    0    |    0    |    29   |
|          |     add_ln75_fu_262    |    0    |    0    |    39   |
|----------|------------------------|---------|---------|---------|
|    mul   |       grp_fu_268       |    1    |    0    |    0    |
|----------|------------------------|---------|---------|---------|
|          | height_read_read_fu_84 |    0    |    0    |    0    |
|   read   |  width_read_read_fu_90 |    0    |    0    |    0    |
|          |     grp_read_fu_96     |    0    |    0    |    0    |
|----------|------------------------|---------|---------|---------|
|   write  |    grp_write_fu_114    |    0    |    0    |    0    |
|----------|------------------------|---------|---------|---------|
|extractvalue|       grp_fu_133       |    0    |    0    |    0    |
|----------|------------------------|---------|---------|---------|
|          |  height_cast_i_fu_142  |    0    |    0    |    0    |
|   zext   |   width_cast_i_fu_146  |    0    |    0    |    0    |
|          |    zext_ln75_fu_150    |    0    |    0    |    0    |
|          |   zext_ln75_1_fu_176   |    0    |    0    |    0    |
|----------|------------------------|---------|---------|---------|
|partselect|       tmp_fu_158       |    0    |    0    |    0    |
|----------|------------------------|---------|---------|---------|
|bitconcatenate|      tmp_25_fu_168     |    0    |    0    |    0    |
|----------|------------------------|---------|---------|---------|
|          |     or_ln75_fu_185     |    0    |    0    |    0    |
|          |    or_ln75_1_fu_196    |    0    |    0    |    0    |
|          |    or_ln75_2_fu_207    |    0    |    0    |    0    |
|    or    |    or_ln75_3_fu_218    |    0    |    0    |    0    |
|          |    or_ln75_4_fu_229    |    0    |    0    |    0    |
|          |    or_ln75_5_fu_240    |    0    |    0    |    0    |
|          |    or_ln75_6_fu_251    |    0    |    0    |    0    |
|----------|------------------------|---------|---------|---------|
|   Total  |                        |    1    |    0    |   228   |
|----------|------------------------|---------|---------|---------|

Memories:
N/A

* Register list:
+---------------------+--------+
|                     |   FF   |
+---------------------+--------+
|   add_ln75_reg_334  |   32   |
|height_cast_i_reg_276|   22   |
|    i_0_i_reg_121    |   32   |
| icmp_ln75_1_reg_306 |    1   |
| icmp_ln75_2_reg_310 |    1   |
| icmp_ln75_3_reg_314 |    1   |
| icmp_ln75_4_reg_318 |    1   |
| icmp_ln75_5_reg_322 |    1   |
| icmp_ln75_6_reg_326 |    1   |
| icmp_ln75_7_reg_330 |    1   |
|  icmp_ln75_reg_302  |    1   |
|       reg_137       |    8   |
| width_cast_i_reg_281|   22   |
| zext_ln75_1_reg_297 |   32   |
|  zext_ln75_reg_286  |   32   |
+---------------------+--------+
|        Total        |   188  |
+---------------------+--------+

* Multiplexer (MUX) list: 
|---------------|------|------|------|--------||---------||---------|
|      Comp     |  Pin | Size |  BW  | S x BW ||  Delay  ||   LUT   |
|---------------|------|------|------|--------||---------||---------|
| i_0_i_reg_121 |  p0  |   2  |  32  |   64   ||    9    |
|   grp_fu_268  |  p0  |   2  |  11  |   22   ||    9    |
|   grp_fu_268  |  p1  |   2  |  11  |   22   ||    9    |
|---------------|------|------|------|--------||---------||---------|
|     Total     |      |      |      |   108  ||  1.281  ||    27   |
|---------------|------|------|------|--------||---------||---------|



* Summary:
+-----------+--------+--------+--------+--------+
|           |   DSP  |  Delay |   FF   |   LUT  |
+-----------+--------+--------+--------+--------+
|  Function |    1   |    -   |    0   |   228  |
|   Memory  |    -   |    -   |    -   |    -   |
|Multiplexer|    -   |    1   |    -   |   27   |
|  Register |    -   |    -   |   188  |    -   |
+-----------+--------+--------+--------+--------+
|   Total   |    1   |    1   |   188  |   255  |
+-----------+--------+--------+--------+--------+
