

================================================================
== Vitis HLS Report for 'process_ORB_8_0_1080_1920_1_s'
================================================================
* Date:           Sun Jan 21 17:43:24 2024

* Version:        2020.2 (Build 3064766 on Wed Nov 18 09:12:45 MST 2020)
* Project:        hls_project
* Solution:       solution1 (Vivado IP Flow Target)
* Product family: zynquplus
* Target device:  xczu7ev-ffvc1156-2-e


================================================================
== Performance Estimates
================================================================
+ Timing: 
    * Summary: 
    +--------+----------+----------+------------+
    |  Clock |  Target  | Estimated| Uncertainty|
    +--------+----------+----------+------------+
    |ap_clk  |  10.00 ns|  7.299 ns|     2.70 ns|
    +--------+----------+----------+------------+

+ Latency: 
    * Summary: 
    +---------+---------+----------+----------+-----+-----+----------+
    |  Latency (cycles) |  Latency (absolute) |  Interval | Pipeline |
    |   min   |   max   |    min   |    max   | min | max |   Type   |
    +---------+---------+----------+----------+-----+-----+----------+
    |        ?|        ?|         ?|         ?|    ?|    ?|  dataflow|
    +---------+---------+----------+----------+-----+-----+----------+

    + Detail: 
        * Instance: 
        N/A

        * Loop: 
        N/A

============================================================
+ Verbose Summary: Synthesis Manager
============================================================
InlineROM: 1
ExposeGlobal: 0
============================================================
+ Verbose Summary: CDFG Model
============================================================
IsTopModel: 0
ResetActiveHigh: 1
IsCombinational: 2
IsDatapathOnly: 0
HasWiredReturn: 1
HasMFsm: 0
HasVarLatency: 1
IsPipeline: 0
IsRtlPipelined: 0
IsInstanceOverlapped: 0
IsDontTouch: 0
HasImplIP: 0
IsGatedGlobalClock: 0


============================================================
+ Verbose Summary: Schedule
============================================================
* Number of FSM states : 19
* Pipeline : 0
* Dataflow Pipeline: 1
  DF-Pipeline-0: Size = 19, States = { 1 2 3 4 5 6 7 8 9 10 11 12 13 14 15 16 17 18 19 }

* FSM state transitions: 
1 --> 2 
2 --> 3 
3 --> 4 
4 --> 5 
5 --> 6 
6 --> 7 
7 --> 8 
8 --> 9 
9 --> 10 
10 --> 11 
11 --> 12 
12 --> 13 
13 --> 14 
14 --> 15 
15 --> 16 
16 --> 17 
17 --> 18 
18 --> 19 
19 --> 

* FSM state operations: 

State 1 <SV = 0> <Delay = 1.90>
ST_1 : Operation 20 [1/1] (0.00ns)   --->   "%threshold_read = read i8 @_ssdm_op_Read.ap_auto.i8, i8 %threshold" [vitis_library_vision_L1/include\common/xf_structs.hpp:509]   --->   Operation 20 'read' 'threshold_read' <Predicate = true> <Delay = 0.00>
ST_1 : Operation 21 [1/1] (0.00ns)   --->   "%width_new_read = read i11 @_ssdm_op_Read.ap_auto.i11, i11 %width_new" [vitis_library_vision_L1/include\common/xf_structs.hpp:509]   --->   Operation 21 'read' 'width_new_read' <Predicate = true> <Delay = 0.00>
ST_1 : Operation 22 [1/1] (0.00ns)   --->   "%height_new_read = read i11 @_ssdm_op_Read.ap_auto.i11, i11 %height_new" [vitis_library_vision_L1/include\common/xf_structs.hpp:509]   --->   Operation 22 'read' 'height_new_read' <Predicate = true> <Delay = 0.00>
ST_1 : Operation 23 [1/1] (0.00ns)   --->   "%width_read = read i11 @_ssdm_op_Read.ap_auto.i11, i11 %width" [vitis_library_vision_L1/include\common/xf_structs.hpp:509]   --->   Operation 23 'read' 'width_read' <Predicate = true> <Delay = 0.00>
ST_1 : Operation 24 [1/1] (0.00ns)   --->   "%height_read = read i11 @_ssdm_op_Read.ap_auto.i11, i11 %height" [vitis_library_vision_L1/include\common/xf_structs.hpp:509]   --->   Operation 24 'read' 'height_read' <Predicate = true> <Delay = 0.00>
ST_1 : Operation 25 [1/1] (0.00ns)   --->   "%width_new_c34 = alloca i64 1" [vitis_library_vision_L1/include\common/xf_structs.hpp:509]   --->   Operation 25 'alloca' 'width_new_c34' <Predicate = true> <Delay = 0.00> <CoreInst = "FIFO_SRL">   --->   Core 81 'FIFO_SRL' <Latency = 0> <II = 1> <Delay = 1.83> <Storage> <Opcode : 'read' 'write' 'nbread' 'nbwrite'> <Ports = 0> <Width = 11> <Depth = 2> <FIFO>
ST_1 : Operation 26 [1/1] (0.00ns)   --->   "%height_new_c33 = alloca i64 1" [vitis_library_vision_L1/include\common/xf_structs.hpp:508]   --->   Operation 26 'alloca' 'height_new_c33' <Predicate = true> <Delay = 0.00> <CoreInst = "FIFO_SRL">   --->   Core 81 'FIFO_SRL' <Latency = 0> <II = 1> <Delay = 1.83> <Storage> <Opcode : 'read' 'write' 'nbread' 'nbwrite'> <Ports = 0> <Width = 11> <Depth = 2> <FIFO>
ST_1 : Operation 27 [1/1] (0.00ns)   --->   "%width_new_c32 = alloca i64 1" [vitis_library_vision_L1/include\common/xf_structs.hpp:509]   --->   Operation 27 'alloca' 'width_new_c32' <Predicate = true> <Delay = 0.00> <CoreInst = "FIFO_SRL">   --->   Core 81 'FIFO_SRL' <Latency = 0> <II = 1> <Delay = 1.83> <Storage> <Opcode : 'read' 'write' 'nbread' 'nbwrite'> <Ports = 0> <Width = 11> <Depth = 2> <FIFO>
ST_1 : Operation 28 [1/1] (0.00ns)   --->   "%height_new_c31 = alloca i64 1" [vitis_library_vision_L1/include\common/xf_structs.hpp:508]   --->   Operation 28 'alloca' 'height_new_c31' <Predicate = true> <Delay = 0.00> <CoreInst = "FIFO_SRL">   --->   Core 81 'FIFO_SRL' <Latency = 0> <II = 1> <Delay = 1.83> <Storage> <Opcode : 'read' 'write' 'nbread' 'nbwrite'> <Ports = 0> <Width = 11> <Depth = 2> <FIFO>
ST_1 : Operation 29 [1/1] (0.00ns)   --->   "%width_new_c30 = alloca i64 1" [vitis_library_vision_L1/include\common/xf_structs.hpp:509]   --->   Operation 29 'alloca' 'width_new_c30' <Predicate = true> <Delay = 0.00> <CoreInst = "FIFO_SRL">   --->   Core 81 'FIFO_SRL' <Latency = 0> <II = 1> <Delay = 1.83> <Storage> <Opcode : 'read' 'write' 'nbread' 'nbwrite'> <Ports = 0> <Width = 11> <Depth = 2> <FIFO>
ST_1 : Operation 30 [1/1] (0.00ns)   --->   "%height_new_c29 = alloca i64 1" [vitis_library_vision_L1/include\common/xf_structs.hpp:508]   --->   Operation 30 'alloca' 'height_new_c29' <Predicate = true> <Delay = 0.00> <CoreInst = "FIFO_SRL">   --->   Core 81 'FIFO_SRL' <Latency = 0> <II = 1> <Delay = 1.83> <Storage> <Opcode : 'read' 'write' 'nbread' 'nbwrite'> <Ports = 0> <Width = 11> <Depth = 2> <FIFO>
ST_1 : Operation 31 [1/1] (0.00ns)   --->   "%resized_mat_cols_c28 = alloca i64 1"   --->   Operation 31 'alloca' 'resized_mat_cols_c28' <Predicate = true> <Delay = 0.00> <CoreInst = "FIFO_SRL">   --->   Core 81 'FIFO_SRL' <Latency = 0> <II = 1> <Delay = 1.83> <Storage> <Opcode : 'read' 'write' 'nbread' 'nbwrite'> <Ports = 0> <Width = 11> <Depth = 2> <FIFO>
ST_1 : Operation 32 [1/1] (0.00ns)   --->   "%resized_mat_rows_c27 = alloca i64 1"   --->   Operation 32 'alloca' 'resized_mat_rows_c27' <Predicate = true> <Delay = 0.00> <CoreInst = "FIFO_SRL">   --->   Core 81 'FIFO_SRL' <Latency = 0> <II = 1> <Delay = 1.83> <Storage> <Opcode : 'read' 'write' 'nbread' 'nbwrite'> <Ports = 0> <Width = 11> <Depth = 2> <FIFO>
ST_1 : Operation 33 [1/1] (0.00ns)   --->   "%img_mat_cols_c26 = alloca i64 1"   --->   Operation 33 'alloca' 'img_mat_cols_c26' <Predicate = true> <Delay = 0.00> <CoreInst = "FIFO_SRL">   --->   Core 81 'FIFO_SRL' <Latency = 0> <II = 1> <Delay = 1.83> <Storage> <Opcode : 'read' 'write' 'nbread' 'nbwrite'> <Ports = 0> <Width = 11> <Depth = 2> <FIFO>
ST_1 : Operation 34 [1/1] (0.00ns)   --->   "%img_mat_rows_c25 = alloca i64 1"   --->   Operation 34 'alloca' 'img_mat_rows_c25' <Predicate = true> <Delay = 0.00> <CoreInst = "FIFO_SRL">   --->   Core 81 'FIFO_SRL' <Latency = 0> <II = 1> <Delay = 1.83> <Storage> <Opcode : 'read' 'write' 'nbread' 'nbwrite'> <Ports = 0> <Width = 11> <Depth = 2> <FIFO>
ST_1 : Operation 35 [1/1] (0.00ns)   --->   "%resized_mat_cols_c = alloca i64 1"   --->   Operation 35 'alloca' 'resized_mat_cols_c' <Predicate = true> <Delay = 0.00> <CoreInst = "FIFO_SRL">   --->   Core 81 'FIFO_SRL' <Latency = 0> <II = 1> <Delay = 1.83> <Storage> <Opcode : 'read' 'write' 'nbread' 'nbwrite'> <Ports = 0> <Width = 11> <Depth = 3> <FIFO>
ST_1 : Operation 36 [1/1] (0.00ns)   --->   "%width_new_c24 = alloca i64 1" [vitis_library_vision_L1/include\common/xf_structs.hpp:509]   --->   Operation 36 'alloca' 'width_new_c24' <Predicate = true> <Delay = 0.00> <CoreInst = "FIFO_SRL">   --->   Core 81 'FIFO_SRL' <Latency = 0> <II = 1> <Delay = 1.86> <Storage> <Opcode : 'read' 'write' 'nbread' 'nbwrite'> <Ports = 0> <Width = 11> <Depth = 5> <FIFO>
ST_1 : Operation 37 [1/1] (0.00ns)   --->   "%resized_mat_rows_c = alloca i64 1"   --->   Operation 37 'alloca' 'resized_mat_rows_c' <Predicate = true> <Delay = 0.00> <CoreInst = "FIFO_SRL">   --->   Core 81 'FIFO_SRL' <Latency = 0> <II = 1> <Delay = 1.83> <Storage> <Opcode : 'read' 'write' 'nbread' 'nbwrite'> <Ports = 0> <Width = 11> <Depth = 3> <FIFO>
ST_1 : Operation 38 [1/1] (0.00ns)   --->   "%height_new_c23 = alloca i64 1" [vitis_library_vision_L1/include\common/xf_structs.hpp:508]   --->   Operation 38 'alloca' 'height_new_c23' <Predicate = true> <Delay = 0.00> <CoreInst = "FIFO_SRL">   --->   Core 81 'FIFO_SRL' <Latency = 0> <II = 1> <Delay = 1.86> <Storage> <Opcode : 'read' 'write' 'nbread' 'nbwrite'> <Ports = 0> <Width = 11> <Depth = 5> <FIFO>
ST_1 : Operation 39 [1/1] (0.00ns)   --->   "%img_mat_cols_c = alloca i64 1"   --->   Operation 39 'alloca' 'img_mat_cols_c' <Predicate = true> <Delay = 0.00> <CoreInst = "FIFO_SRL">   --->   Core 81 'FIFO_SRL' <Latency = 0> <II = 1> <Delay = 1.83> <Storage> <Opcode : 'read' 'write' 'nbread' 'nbwrite'> <Ports = 0> <Width = 11> <Depth = 2> <FIFO>
ST_1 : Operation 40 [1/1] (0.00ns)   --->   "%img_mat_rows_c = alloca i64 1"   --->   Operation 40 'alloca' 'img_mat_rows_c' <Predicate = true> <Delay = 0.00> <CoreInst = "FIFO_SRL">   --->   Core 81 'FIFO_SRL' <Latency = 0> <II = 1> <Delay = 1.83> <Storage> <Opcode : 'read' 'write' 'nbread' 'nbwrite'> <Ports = 0> <Width = 11> <Depth = 2> <FIFO>
ST_1 : Operation 41 [1/1] (0.00ns)   --->   "%threshold_c = alloca i64 1" [src/ORB.cpp:322]   --->   Operation 41 'alloca' 'threshold_c' <Predicate = true> <Delay = 0.00> <CoreInst = "FIFO_SRL">   --->   Core 81 'FIFO_SRL' <Latency = 0> <II = 1> <Delay = 1.90> <Storage> <Opcode : 'read' 'write' 'nbread' 'nbwrite'> <Ports = 0> <Width = 8> <Depth = 7> <FIFO>
ST_1 : Operation 42 [1/1] (0.00ns)   --->   "%width_new_c = alloca i64 1" [vitis_library_vision_L1/include\common/xf_structs.hpp:509]   --->   Operation 42 'alloca' 'width_new_c' <Predicate = true> <Delay = 0.00> <CoreInst = "FIFO_SRL">   --->   Core 81 'FIFO_SRL' <Latency = 0> <II = 1> <Delay = 1.83> <Storage> <Opcode : 'read' 'write' 'nbread' 'nbwrite'> <Ports = 0> <Width = 11> <Depth = 2> <FIFO>
ST_1 : Operation 43 [1/1] (0.00ns)   --->   "%height_new_c = alloca i64 1" [vitis_library_vision_L1/include\common/xf_structs.hpp:508]   --->   Operation 43 'alloca' 'height_new_c' <Predicate = true> <Delay = 0.00> <CoreInst = "FIFO_SRL">   --->   Core 81 'FIFO_SRL' <Latency = 0> <II = 1> <Delay = 1.83> <Storage> <Opcode : 'read' 'write' 'nbread' 'nbwrite'> <Ports = 0> <Width = 11> <Depth = 2> <FIFO>
ST_1 : Operation 44 [1/1] (0.00ns)   --->   "%width_c22 = alloca i64 1" [vitis_library_vision_L1/include\common/xf_structs.hpp:509]   --->   Operation 44 'alloca' 'width_c22' <Predicate = true> <Delay = 0.00> <CoreInst = "FIFO_SRL">   --->   Core 81 'FIFO_SRL' <Latency = 0> <II = 1> <Delay = 1.83> <Storage> <Opcode : 'read' 'write' 'nbread' 'nbwrite'> <Ports = 0> <Width = 11> <Depth = 2> <FIFO>
ST_1 : Operation 45 [1/1] (0.00ns)   --->   "%width_c = alloca i64 1" [vitis_library_vision_L1/include\common/xf_structs.hpp:509]   --->   Operation 45 'alloca' 'width_c' <Predicate = true> <Delay = 0.00> <CoreInst = "FIFO_SRL">   --->   Core 81 'FIFO_SRL' <Latency = 0> <II = 1> <Delay = 1.83> <Storage> <Opcode : 'read' 'write' 'nbread' 'nbwrite'> <Ports = 0> <Width = 11> <Depth = 2> <FIFO>
ST_1 : Operation 46 [1/1] (0.00ns)   --->   "%height_c21 = alloca i64 1" [vitis_library_vision_L1/include\common/xf_structs.hpp:508]   --->   Operation 46 'alloca' 'height_c21' <Predicate = true> <Delay = 0.00> <CoreInst = "FIFO_SRL">   --->   Core 81 'FIFO_SRL' <Latency = 0> <II = 1> <Delay = 1.83> <Storage> <Opcode : 'read' 'write' 'nbread' 'nbwrite'> <Ports = 0> <Width = 11> <Depth = 2> <FIFO>
ST_1 : Operation 47 [1/1] (0.00ns)   --->   "%height_c = alloca i64 1" [vitis_library_vision_L1/include\common/xf_structs.hpp:508]   --->   Operation 47 'alloca' 'height_c' <Predicate = true> <Delay = 0.00> <CoreInst = "FIFO_SRL">   --->   Core 81 'FIFO_SRL' <Latency = 0> <II = 1> <Delay = 1.83> <Storage> <Opcode : 'read' 'write' 'nbread' 'nbwrite'> <Ports = 0> <Width = 11> <Depth = 2> <FIFO>
ST_1 : Operation 48 [1/1] (0.00ns)   --->   "%img_mat_data = alloca i64 1" [src/ORB.cpp:325]   --->   Operation 48 'alloca' 'img_mat_data' <Predicate = true> <Delay = 0.00> <CoreInst = "FIFO_SRL">   --->   Core 81 'FIFO_SRL' <Latency = 0> <II = 1> <Delay = 1.83> <Storage> <Opcode : 'read' 'write' 'nbread' 'nbwrite'> <Ports = 0> <Width = 8> <Depth = 2> <FIFO>
ST_1 : Operation 49 [1/1] (0.00ns)   --->   "%resized_mat_data = alloca i64 1" [src/ORB.cpp:326]   --->   Operation 49 'alloca' 'resized_mat_data' <Predicate = true> <Delay = 0.00> <CoreInst = "FIFO_SRL">   --->   Core 81 'FIFO_SRL' <Latency = 0> <II = 1> <Delay = 1.83> <Storage> <Opcode : 'read' 'write' 'nbread' 'nbwrite'> <Ports = 0> <Width = 8> <Depth = 2> <FIFO>
ST_1 : Operation 50 [1/1] (0.00ns)   --->   "%img = alloca i64 1" [src/ORB.cpp:327]   --->   Operation 50 'alloca' 'img' <Predicate = true> <Delay = 0.00> <CoreInst = "FIFO_SRL">   --->   Core 81 'FIFO_SRL' <Latency = 0> <II = 1> <Delay = 1.83> <Storage> <Opcode : 'read' 'write' 'nbread' 'nbwrite'> <Ports = 0> <Width = 8> <Depth = 2> <FIFO>
ST_1 : Operation 51 [1/1] (0.00ns)   --->   "%resized_img = alloca i64 1" [src/ORB.cpp:327]   --->   Operation 51 'alloca' 'resized_img' <Predicate = true> <Delay = 0.00> <CoreInst = "FIFO_SRL">   --->   Core 81 'FIFO_SRL' <Latency = 0> <II = 1> <Delay = 1.83> <Storage> <Opcode : 'read' 'write' 'nbread' 'nbwrite'> <Ports = 0> <Width = 8> <Depth = 2> <FIFO>
ST_1 : Operation 52 [1/1] (0.00ns)   --->   "%img1 = alloca i64 1" [src/ORB.cpp:327]   --->   Operation 52 'alloca' 'img1' <Predicate = true> <Delay = 0.00> <CoreInst = "FIFO">   --->   Core 78 'FIFO' <Latency = 0> <II = 1> <Delay = 1.75> <Storage> <Opcode : 'read' 'write' 'nbread' 'nbwrite'> <Ports = 0> <Width = 8> <Depth = 7680> <FIFO>
ST_1 : Operation 53 [1/1] (0.00ns)   --->   "%img2 = alloca i64 1" [src/ORB.cpp:327]   --->   Operation 53 'alloca' 'img2' <Predicate = true> <Delay = 0.00> <CoreInst = "FIFO">   --->   Core 78 'FIFO' <Latency = 0> <II = 1> <Delay = 1.75> <Storage> <Opcode : 'read' 'write' 'nbread' 'nbwrite'> <Ports = 0> <Width = 8> <Depth = 7680> <FIFO>
ST_1 : Operation 54 [1/1] (0.00ns)   --->   "%img3 = alloca i64 1" [src/ORB.cpp:327]   --->   Operation 54 'alloca' 'img3' <Predicate = true> <Delay = 0.00> <CoreInst = "FIFO">   --->   Core 78 'FIFO' <Latency = 0> <II = 1> <Delay = 1.75> <Storage> <Opcode : 'read' 'write' 'nbread' 'nbwrite'> <Ports = 0> <Width = 8> <Depth = 7680> <FIFO>
ST_1 : Operation 55 [1/1] (0.00ns)   --->   "%mask2 = alloca i64 1" [src/ORB.cpp:327]   --->   Operation 55 'alloca' 'mask2' <Predicate = true> <Delay = 0.00> <CoreInst = "FIFO_SRL">   --->   Core 81 'FIFO_SRL' <Latency = 0> <II = 1> <Delay = 1.83> <Storage> <Opcode : 'read' 'write' 'nbread' 'nbwrite'> <Ports = 0> <Width = 8> <Depth = 2> <FIFO>
ST_1 : Operation 56 [1/1] (0.00ns)   --->   "%mask3 = alloca i64 1" [src/ORB.cpp:327]   --->   Operation 56 'alloca' 'mask3' <Predicate = true> <Delay = 0.00> <CoreInst = "FIFO_SRL">   --->   Core 81 'FIFO_SRL' <Latency = 0> <II = 1> <Delay = 1.83> <Storage> <Opcode : 'read' 'write' 'nbread' 'nbwrite'> <Ports = 0> <Width = 8> <Depth = 2> <FIFO>
ST_1 : Operation 57 [1/1] (0.00ns)   --->   "%blur1 = alloca i64 1" [src/ORB.cpp:327]   --->   Operation 57 'alloca' 'blur1' <Predicate = true> <Delay = 0.00> <CoreInst = "FIFO_SRL">   --->   Core 81 'FIFO_SRL' <Latency = 0> <II = 1> <Delay = 1.83> <Storage> <Opcode : 'read' 'write' 'nbread' 'nbwrite'> <Ports = 0> <Width = 8> <Depth = 2> <FIFO>
ST_1 : Operation 58 [1/1] (0.00ns)   --->   "%blur2 = alloca i64 1" [src/ORB.cpp:327]   --->   Operation 58 'alloca' 'blur2' <Predicate = true> <Delay = 0.00> <CoreInst = "FIFO">   --->   Core 78 'FIFO' <Latency = 0> <II = 1> <Delay = 1.75> <Storage> <Opcode : 'read' 'write' 'nbread' 'nbwrite'> <Ports = 0> <Width = 8> <Depth = 7680> <FIFO>
ST_1 : Operation 59 [1/1] (0.00ns)   --->   "%blur3 = alloca i64 1" [src/ORB.cpp:327]   --->   Operation 59 'alloca' 'blur3' <Predicate = true> <Delay = 0.00> <CoreInst = "FIFO">   --->   Core 78 'FIFO' <Latency = 0> <II = 1> <Delay = 1.75> <Storage> <Opcode : 'read' 'write' 'nbread' 'nbwrite'> <Ports = 0> <Width = 8> <Depth = 7680> <FIFO>
ST_1 : Operation 60 [1/1] (0.00ns)   --->   "%desc = alloca i64 1" [src/ORB.cpp:328]   --->   Operation 60 'alloca' 'desc' <Predicate = true> <Delay = 0.00> <CoreInst = "FIFO_SRL">   --->   Core 81 'FIFO_SRL' <Latency = 0> <II = 1> <Delay = 1.83> <Storage> <Opcode : 'read' 'write' 'nbread' 'nbwrite'> <Ports = 0> <Width = 512> <Depth = 2> <FIFO>
ST_1 : Operation 61 [1/1] (1.90ns)   --->   "%call_ln509 = call void @process_ORB<8, 0, 1080, 1920, 1>.entry336, i11 %height_read, i11 %width_read, i11 %height_new_read, i11 %width_new_read, i8 %threshold_read, i11 %height_c, i11 %height_c21, i11 %width_c, i11 %width_c22, i11 %height_new_c, i11 %width_new_c, i8 %threshold_c" [vitis_library_vision_L1/include\common/xf_structs.hpp:509]   --->   Operation 61 'call' 'call_ln509' <Predicate = true> <Delay = 1.90> <CoreType = "Generic">   --->   Core 0 '' <Latency = 0> <II = 1> <Delay = 1.00> <Generic> <Opcode : >

State 2 <SV = 1> <Delay = 0.00>
ST_2 : Operation 62 [1/1] (0.00ns)   --->   "%call_ln508 = call void @process_ORB<8, 0, 1080, 1920, 1>_Block_.split1_proc, i11 %height_c, i11 %width_c, i11 %height_new_c, i11 %width_new_c, i11 %img_mat_rows_c, i11 %img_mat_cols_c, i11 %height_new_c23, i11 %resized_mat_rows_c, i11 %width_new_c24, i11 %resized_mat_cols_c" [vitis_library_vision_L1/include\common/xf_structs.hpp:508]   --->   Operation 62 'call' 'call_ln508' <Predicate = true> <Delay = 0.00> <CoreType = "Generic">   --->   Core 0 '' <Latency = 0> <II = 1> <Delay = 1.00> <Generic> <Opcode : >
ST_2 : Operation 63 [2/2] (0.00ns)   --->   "%call_ln343 = call void @process_input<8, 0, 1080, 1920, 1>, i8 %img, i8 %src_V_data_V, i1 %src_V_keep_V, i1 %src_V_strb_V, i1 %src_V_user_V, i1 %src_V_last_V, i1 %src_V_id_V, i1 %src_V_dest_V, i11 %height_c21, i11 %width_c22" [src/ORB.cpp:343]   --->   Operation 63 'call' 'call_ln343' <Predicate = true> <Delay = 0.00> <CoreType = "Generic">   --->   Core 0 '' <Latency = 0> <II = 1> <Delay = 1.00> <Generic> <Opcode : >

State 3 <SV = 2> <Delay = 0.00>
ST_3 : Operation 64 [1/2] (0.00ns)   --->   "%call_ln343 = call void @process_input<8, 0, 1080, 1920, 1>, i8 %img, i8 %src_V_data_V, i1 %src_V_keep_V, i1 %src_V_strb_V, i1 %src_V_user_V, i1 %src_V_last_V, i1 %src_V_id_V, i1 %src_V_dest_V, i11 %height_c21, i11 %width_c22" [src/ORB.cpp:343]   --->   Operation 64 'call' 'call_ln343' <Predicate = true> <Delay = 0.00> <CoreType = "Generic">   --->   Core 0 '' <Latency = 0> <II = 1> <Delay = 1.00> <Generic> <Opcode : >

State 4 <SV = 3> <Delay = 0.00>
ST_4 : Operation 65 [2/2] (0.00ns)   --->   "%call_ln344 = call void @process_stream2xfMat<8, 0, 1080, 1920, 1>, i8 %img, i8 %img_mat_data, i11 %img_mat_rows_c, i11 %img_mat_cols_c, i11 %img_mat_rows_c25, i11 %img_mat_cols_c26" [src/ORB.cpp:344]   --->   Operation 65 'call' 'call_ln344' <Predicate = true> <Delay = 0.00> <CoreType = "Generic">   --->   Core 0 '' <Latency = 0> <II = 1> <Delay = 1.00> <Generic> <Opcode : >

State 5 <SV = 4> <Delay = 0.00>
ST_5 : Operation 66 [1/2] (0.00ns)   --->   "%call_ln344 = call void @process_stream2xfMat<8, 0, 1080, 1920, 1>, i8 %img, i8 %img_mat_data, i11 %img_mat_rows_c, i11 %img_mat_cols_c, i11 %img_mat_rows_c25, i11 %img_mat_cols_c26" [src/ORB.cpp:344]   --->   Operation 66 'call' 'call_ln344' <Predicate = true> <Delay = 0.00> <CoreType = "Generic">   --->   Core 0 '' <Latency = 0> <II = 1> <Delay = 1.00> <Generic> <Opcode : >

State 6 <SV = 5> <Delay = 0.00>
ST_6 : Operation 67 [2/2] (0.00ns)   --->   "%call_ln345 = call void @process_resize<8, 0, 1080, 1920, 1>, i8 %img_mat_data, i8 %resized_mat_data, i11 %img_mat_rows_c25, i11 %img_mat_cols_c26, i11 %resized_mat_rows_c, i11 %resized_mat_cols_c, i11 %resized_mat_rows_c27, i11 %resized_mat_cols_c28" [src/ORB.cpp:345]   --->   Operation 67 'call' 'call_ln345' <Predicate = true> <Delay = 0.00> <CoreType = "Generic">   --->   Core 0 '' <Latency = 0> <II = 1> <Delay = 1.00> <Generic> <Opcode : >

State 7 <SV = 6> <Delay = 0.00>
ST_7 : Operation 68 [1/2] (0.00ns)   --->   "%call_ln345 = call void @process_resize<8, 0, 1080, 1920, 1>, i8 %img_mat_data, i8 %resized_mat_data, i11 %img_mat_rows_c25, i11 %img_mat_cols_c26, i11 %resized_mat_rows_c, i11 %resized_mat_cols_c, i11 %resized_mat_rows_c27, i11 %resized_mat_cols_c28" [src/ORB.cpp:345]   --->   Operation 68 'call' 'call_ln345' <Predicate = true> <Delay = 0.00> <CoreType = "Generic">   --->   Core 0 '' <Latency = 0> <II = 1> <Delay = 1.00> <Generic> <Opcode : >

State 8 <SV = 7> <Delay = 0.00>
ST_8 : Operation 69 [2/2] (0.00ns)   --->   "%call_ln346 = call void @process_xfMat2stream<8, 0, 1080, 1920, 1>, i8 %resized_mat_data, i8 %resized_img, i11 %resized_mat_rows_c27, i11 %resized_mat_cols_c28" [src/ORB.cpp:346]   --->   Operation 69 'call' 'call_ln346' <Predicate = true> <Delay = 0.00> <CoreType = "Generic">   --->   Core 0 '' <Latency = 0> <II = 1> <Delay = 1.00> <Generic> <Opcode : >

State 9 <SV = 8> <Delay = 0.00>
ST_9 : Operation 70 [1/2] (0.00ns)   --->   "%call_ln346 = call void @process_xfMat2stream<8, 0, 1080, 1920, 1>, i8 %resized_mat_data, i8 %resized_img, i11 %resized_mat_rows_c27, i11 %resized_mat_cols_c28" [src/ORB.cpp:346]   --->   Operation 70 'call' 'call_ln346' <Predicate = true> <Delay = 0.00> <CoreType = "Generic">   --->   Core 0 '' <Latency = 0> <II = 1> <Delay = 1.00> <Generic> <Opcode : >

State 10 <SV = 9> <Delay = 0.00>
ST_10 : Operation 71 [2/2] (0.00ns)   --->   "%call_ln347 = call void @process_blur<8, 0, 1080, 1920, 1>, i8 %resized_img, i8 %img1, i8 %blur1, i11 %height_new_c23, i11 %width_new_c24, i11 %height_new_c29, i11 %width_new_c30" [src/ORB.cpp:347]   --->   Operation 71 'call' 'call_ln347' <Predicate = true> <Delay = 0.00> <CoreType = "Generic">   --->   Core 0 '' <Latency = 0> <II = 1> <Delay = 1.00> <Generic> <Opcode : >

State 11 <SV = 10> <Delay = 0.00>
ST_11 : Operation 72 [1/2] (0.00ns)   --->   "%call_ln347 = call void @process_blur<8, 0, 1080, 1920, 1>, i8 %resized_img, i8 %img1, i8 %blur1, i11 %height_new_c23, i11 %width_new_c24, i11 %height_new_c29, i11 %width_new_c30" [src/ORB.cpp:347]   --->   Operation 72 'call' 'call_ln347' <Predicate = true> <Delay = 0.00> <CoreType = "Generic">   --->   Core 0 '' <Latency = 0> <II = 1> <Delay = 1.00> <Generic> <Opcode : >

State 12 <SV = 11> <Delay = 0.00>
ST_12 : Operation 73 [2/2] (0.00ns)   --->   "%call_ln348 = call void @process_fast<8, 1080, 1920, 1>, i8 %img1, i8 %img2, i8 %blur1, i8 %blur2, i8 %mask2, i11 %height_new_c29, i11 %width_new_c30, i8 %threshold_c, i11 %height_new_c31, i11 %width_new_c32" [src/ORB.cpp:348]   --->   Operation 73 'call' 'call_ln348' <Predicate = true> <Delay = 0.00> <CoreType = "Generic">   --->   Core 0 '' <Latency = 0> <II = 1> <Delay = 1.00> <Generic> <Opcode : >

State 13 <SV = 12> <Delay = 0.00>
ST_13 : Operation 74 [1/2] (0.00ns)   --->   "%call_ln348 = call void @process_fast<8, 1080, 1920, 1>, i8 %img1, i8 %img2, i8 %blur1, i8 %blur2, i8 %mask2, i11 %height_new_c29, i11 %width_new_c30, i8 %threshold_c, i11 %height_new_c31, i11 %width_new_c32" [src/ORB.cpp:348]   --->   Operation 74 'call' 'call_ln348' <Predicate = true> <Delay = 0.00> <CoreType = "Generic">   --->   Core 0 '' <Latency = 0> <II = 1> <Delay = 1.00> <Generic> <Opcode : >

State 14 <SV = 13> <Delay = 0.00>
ST_14 : Operation 75 [2/2] (0.00ns)   --->   "%call_ln349 = call void @process_nms<8, 1080, 1920, 1>, i8 %img2, i8 %img3, i8 %blur2, i8 %blur3, i8 %mask2, i8 %mask3, i11 %height_new_c31, i11 %width_new_c32, i11 %height_new_c33, i11 %width_new_c34" [src/ORB.cpp:349]   --->   Operation 75 'call' 'call_ln349' <Predicate = true> <Delay = 0.00> <CoreType = "Generic">   --->   Core 0 '' <Latency = 0> <II = 1> <Delay = 1.00> <Generic> <Opcode : >

State 15 <SV = 14> <Delay = 0.00>
ST_15 : Operation 76 [1/2] (0.00ns)   --->   "%call_ln349 = call void @process_nms<8, 1080, 1920, 1>, i8 %img2, i8 %img3, i8 %blur2, i8 %blur3, i8 %mask2, i8 %mask3, i11 %height_new_c31, i11 %width_new_c32, i11 %height_new_c33, i11 %width_new_c34" [src/ORB.cpp:349]   --->   Operation 76 'call' 'call_ln349' <Predicate = true> <Delay = 0.00> <CoreType = "Generic">   --->   Core 0 '' <Latency = 0> <II = 1> <Delay = 1.00> <Generic> <Opcode : >

State 16 <SV = 15> <Delay = 0.00>
ST_16 : Operation 77 [2/2] (0.00ns)   --->   "%call_ln350 = call void @process_rBRIEF<8, 1080, 1920>, i8 %img3, i8 %blur3, i8 %mask3, i512 %desc, i11 %height_new_c33, i11 %width_new_c34, i126 %cordic_apfixed_circ_table_arctan_128_V, i5 %bit_pattern_31" [src/ORB.cpp:350]   --->   Operation 77 'call' 'call_ln350' <Predicate = true> <Delay = 0.00> <CoreType = "Generic">   --->   Core 0 '' <Latency = 0> <II = 1> <Delay = 1.00> <Generic> <Opcode : >

State 17 <SV = 16> <Delay = 0.00>
ST_17 : Operation 78 [1/2] (0.00ns)   --->   "%call_ln350 = call void @process_rBRIEF<8, 1080, 1920>, i8 %img3, i8 %blur3, i8 %mask3, i512 %desc, i11 %height_new_c33, i11 %width_new_c34, i126 %cordic_apfixed_circ_table_arctan_128_V, i5 %bit_pattern_31" [src/ORB.cpp:350]   --->   Operation 78 'call' 'call_ln350' <Predicate = true> <Delay = 0.00> <CoreType = "Generic">   --->   Core 0 '' <Latency = 0> <II = 1> <Delay = 1.00> <Generic> <Opcode : >

State 18 <SV = 17> <Delay = 0.00>
ST_18 : Operation 79 [2/2] (0.00ns)   --->   "%call_ln351 = call void @process_output<8, 0, 1080, 1920, 1>, i512 %desc, i296 %dst_V_data_V, i37 %dst_V_keep_V, i37 %dst_V_strb_V, i1 %dst_V_user_V, i1 %dst_V_last_V, i1 %dst_V_id_V, i1 %dst_V_dest_V, i32 %length_r, i32 %cntTree, i32 %idxTree" [src/ORB.cpp:351]   --->   Operation 79 'call' 'call_ln351' <Predicate = true> <Delay = 0.00> <CoreType = "Generic">   --->   Core 0 '' <Latency = 0> <II = 1> <Delay = 1.00> <Generic> <Opcode : >

State 19 <SV = 18> <Delay = 0.00>
ST_19 : Operation 80 [1/1] (0.00ns)   --->   "%specdataflowpipeline_ln0 = specdataflowpipeline void @_ssdm_op_SpecDataflowPipeline, i32 4294967295, i32 0, void @empty_24"   --->   Operation 80 'specdataflowpipeline' 'specdataflowpipeline_ln0' <Predicate = true> <Delay = 0.00>
ST_19 : Operation 81 [1/1] (0.00ns)   --->   "%specinterface_ln0 = specinterface void @_ssdm_op_SpecInterface, i1 %dst_V_dest_V, i1 %dst_V_id_V, i1 %dst_V_last_V, i1 %dst_V_user_V, i37 %dst_V_strb_V, i37 %dst_V_keep_V, i296 %dst_V_data_V, void @empty_15, i32 0, i32 0, void @empty_0, i32 0, i32 4800, void @empty_24, void @empty_24, void @empty_24, i32 0, i32 0, i32 0, i32 0, void @empty_24, void @empty_24"   --->   Operation 81 'specinterface' 'specinterface_ln0' <Predicate = true> <Delay = 0.00>
ST_19 : Operation 82 [1/1] (0.00ns)   --->   "%specinterface_ln0 = specinterface void @_ssdm_op_SpecInterface, i1 %src_V_dest_V, i1 %src_V_id_V, i1 %src_V_last_V, i1 %src_V_user_V, i1 %src_V_strb_V, i1 %src_V_keep_V, i8 %src_V_data_V, void @empty_15, i32 0, i32 0, void @empty_0, i32 0, i32 4800, void @empty_24, void @empty_24, void @empty_24, i32 0, i32 0, i32 0, i32 0, void @empty_24, void @empty_24"   --->   Operation 82 'specinterface' 'specinterface_ln0' <Predicate = true> <Delay = 0.00>
ST_19 : Operation 83 [1/1] (0.00ns)   --->   "%empty = specchannel i32 @_ssdm_op_SpecChannel, void @img_mat_OC_data_str, i32 1, void @p_str, void @p_str, i32 2, i32 2, i8 %img_mat_data, i8 %img_mat_data"   --->   Operation 83 'specchannel' 'empty' <Predicate = true> <Delay = 0.00>
ST_19 : Operation 84 [1/1] (0.00ns)   --->   "%specinterface_ln0 = specinterface void @_ssdm_op_SpecInterface, i8 %img_mat_data, void @empty_1, i32 0, i32 0, void @empty_24, i32 0, i32 0, void @empty_24, void @empty_24, void @empty_24, i32 0, i32 0, i32 0, i32 0, void @empty_24, void @empty_24"   --->   Operation 84 'specinterface' 'specinterface_ln0' <Predicate = true> <Delay = 0.00>
ST_19 : Operation 85 [1/1] (0.00ns)   --->   "%empty_81 = specchannel i32 @_ssdm_op_SpecChannel, void @resized_mat_OC_data_str, i32 1, void @p_str, void @p_str, i32 2, i32 2, i8 %resized_mat_data, i8 %resized_mat_data"   --->   Operation 85 'specchannel' 'empty_81' <Predicate = true> <Delay = 0.00>
ST_19 : Operation 86 [1/1] (0.00ns)   --->   "%specinterface_ln0 = specinterface void @_ssdm_op_SpecInterface, i8 %resized_mat_data, void @empty_1, i32 0, i32 0, void @empty_24, i32 0, i32 0, void @empty_24, void @empty_24, void @empty_24, i32 0, i32 0, i32 0, i32 0, void @empty_24, void @empty_24"   --->   Operation 86 'specinterface' 'specinterface_ln0' <Predicate = true> <Delay = 0.00>
ST_19 : Operation 87 [1/1] (0.00ns)   --->   "%empty_82 = specchannel i32 @_ssdm_op_SpecChannel, void @img_str, i32 1, void @p_str, void @p_str, i32 2, i32 2, i8 %img, i8 %img"   --->   Operation 87 'specchannel' 'empty_82' <Predicate = true> <Delay = 0.00>
ST_19 : Operation 88 [1/1] (0.00ns)   --->   "%specinterface_ln0 = specinterface void @_ssdm_op_SpecInterface, i8 %img, void @empty_1, i32 0, i32 0, void @empty_24, i32 0, i32 0, void @empty_24, void @empty_24, void @empty_24, i32 0, i32 0, i32 0, i32 0, void @empty_24, void @empty_24"   --->   Operation 88 'specinterface' 'specinterface_ln0' <Predicate = true> <Delay = 0.00>
ST_19 : Operation 89 [1/1] (0.00ns)   --->   "%empty_83 = specchannel i32 @_ssdm_op_SpecChannel, void @resized_img_str, i32 1, void @p_str, void @p_str, i32 2, i32 2, i8 %resized_img, i8 %resized_img"   --->   Operation 89 'specchannel' 'empty_83' <Predicate = true> <Delay = 0.00>
ST_19 : Operation 90 [1/1] (0.00ns)   --->   "%specinterface_ln0 = specinterface void @_ssdm_op_SpecInterface, i8 %resized_img, void @empty_1, i32 0, i32 0, void @empty_24, i32 0, i32 0, void @empty_24, void @empty_24, void @empty_24, i32 0, i32 0, i32 0, i32 0, void @empty_24, void @empty_24"   --->   Operation 90 'specinterface' 'specinterface_ln0' <Predicate = true> <Delay = 0.00>
ST_19 : Operation 91 [1/1] (0.00ns)   --->   "%empty_84 = specchannel i32 @_ssdm_op_SpecChannel, void @img1_str, i32 1, void @p_str, void @p_str, i32 7680, i32 7680, i8 %img1, i8 %img1"   --->   Operation 91 'specchannel' 'empty_84' <Predicate = true> <Delay = 0.00>
ST_19 : Operation 92 [1/1] (0.00ns)   --->   "%specinterface_ln0 = specinterface void @_ssdm_op_SpecInterface, i8 %img1, void @empty_1, i32 0, i32 0, void @empty_24, i32 0, i32 0, void @empty_24, void @empty_24, void @empty_24, i32 0, i32 0, i32 0, i32 0, void @empty_24, void @empty_24"   --->   Operation 92 'specinterface' 'specinterface_ln0' <Predicate = true> <Delay = 0.00>
ST_19 : Operation 93 [1/1] (0.00ns)   --->   "%empty_85 = specchannel i32 @_ssdm_op_SpecChannel, void @img2_str, i32 1, void @p_str, void @p_str, i32 7680, i32 7680, i8 %img2, i8 %img2"   --->   Operation 93 'specchannel' 'empty_85' <Predicate = true> <Delay = 0.00>
ST_19 : Operation 94 [1/1] (0.00ns)   --->   "%specinterface_ln0 = specinterface void @_ssdm_op_SpecInterface, i8 %img2, void @empty_1, i32 0, i32 0, void @empty_24, i32 0, i32 0, void @empty_24, void @empty_24, void @empty_24, i32 0, i32 0, i32 0, i32 0, void @empty_24, void @empty_24"   --->   Operation 94 'specinterface' 'specinterface_ln0' <Predicate = true> <Delay = 0.00>
ST_19 : Operation 95 [1/1] (0.00ns)   --->   "%empty_86 = specchannel i32 @_ssdm_op_SpecChannel, void @img3_str, i32 1, void @p_str, void @p_str, i32 7680, i32 7680, i8 %img3, i8 %img3"   --->   Operation 95 'specchannel' 'empty_86' <Predicate = true> <Delay = 0.00>
ST_19 : Operation 96 [1/1] (0.00ns)   --->   "%specinterface_ln0 = specinterface void @_ssdm_op_SpecInterface, i8 %img3, void @empty_1, i32 0, i32 0, void @empty_24, i32 0, i32 0, void @empty_24, void @empty_24, void @empty_24, i32 0, i32 0, i32 0, i32 0, void @empty_24, void @empty_24"   --->   Operation 96 'specinterface' 'specinterface_ln0' <Predicate = true> <Delay = 0.00>
ST_19 : Operation 97 [1/1] (0.00ns)   --->   "%empty_87 = specchannel i32 @_ssdm_op_SpecChannel, void @mask2_str, i32 1, void @p_str, void @p_str, i32 2, i32 2, i8 %mask2, i8 %mask2"   --->   Operation 97 'specchannel' 'empty_87' <Predicate = true> <Delay = 0.00>
ST_19 : Operation 98 [1/1] (0.00ns)   --->   "%specinterface_ln0 = specinterface void @_ssdm_op_SpecInterface, i8 %mask2, void @empty_1, i32 0, i32 0, void @empty_24, i32 0, i32 0, void @empty_24, void @empty_24, void @empty_24, i32 0, i32 0, i32 0, i32 0, void @empty_24, void @empty_24"   --->   Operation 98 'specinterface' 'specinterface_ln0' <Predicate = true> <Delay = 0.00>
ST_19 : Operation 99 [1/1] (0.00ns)   --->   "%empty_88 = specchannel i32 @_ssdm_op_SpecChannel, void @mask3_str, i32 1, void @p_str, void @p_str, i32 2, i32 2, i8 %mask3, i8 %mask3"   --->   Operation 99 'specchannel' 'empty_88' <Predicate = true> <Delay = 0.00>
ST_19 : Operation 100 [1/1] (0.00ns)   --->   "%specinterface_ln0 = specinterface void @_ssdm_op_SpecInterface, i8 %mask3, void @empty_1, i32 0, i32 0, void @empty_24, i32 0, i32 0, void @empty_24, void @empty_24, void @empty_24, i32 0, i32 0, i32 0, i32 0, void @empty_24, void @empty_24"   --->   Operation 100 'specinterface' 'specinterface_ln0' <Predicate = true> <Delay = 0.00>
ST_19 : Operation 101 [1/1] (0.00ns)   --->   "%empty_89 = specchannel i32 @_ssdm_op_SpecChannel, void @blur1_str, i32 1, void @p_str, void @p_str, i32 2, i32 2, i8 %blur1, i8 %blur1"   --->   Operation 101 'specchannel' 'empty_89' <Predicate = true> <Delay = 0.00>
ST_19 : Operation 102 [1/1] (0.00ns)   --->   "%specinterface_ln0 = specinterface void @_ssdm_op_SpecInterface, i8 %blur1, void @empty_1, i32 0, i32 0, void @empty_24, i32 0, i32 0, void @empty_24, void @empty_24, void @empty_24, i32 0, i32 0, i32 0, i32 0, void @empty_24, void @empty_24"   --->   Operation 102 'specinterface' 'specinterface_ln0' <Predicate = true> <Delay = 0.00>
ST_19 : Operation 103 [1/1] (0.00ns)   --->   "%empty_90 = specchannel i32 @_ssdm_op_SpecChannel, void @blur2_str, i32 1, void @p_str, void @p_str, i32 7680, i32 7680, i8 %blur2, i8 %blur2"   --->   Operation 103 'specchannel' 'empty_90' <Predicate = true> <Delay = 0.00>
ST_19 : Operation 104 [1/1] (0.00ns)   --->   "%specinterface_ln0 = specinterface void @_ssdm_op_SpecInterface, i8 %blur2, void @empty_1, i32 0, i32 0, void @empty_24, i32 0, i32 0, void @empty_24, void @empty_24, void @empty_24, i32 0, i32 0, i32 0, i32 0, void @empty_24, void @empty_24"   --->   Operation 104 'specinterface' 'specinterface_ln0' <Predicate = true> <Delay = 0.00>
ST_19 : Operation 105 [1/1] (0.00ns)   --->   "%empty_91 = specchannel i32 @_ssdm_op_SpecChannel, void @blur3_str, i32 1, void @p_str, void @p_str, i32 7680, i32 7680, i8 %blur3, i8 %blur3"   --->   Operation 105 'specchannel' 'empty_91' <Predicate = true> <Delay = 0.00>
ST_19 : Operation 106 [1/1] (0.00ns)   --->   "%specinterface_ln0 = specinterface void @_ssdm_op_SpecInterface, i8 %blur3, void @empty_1, i32 0, i32 0, void @empty_24, i32 0, i32 0, void @empty_24, void @empty_24, void @empty_24, i32 0, i32 0, i32 0, i32 0, void @empty_24, void @empty_24"   --->   Operation 106 'specinterface' 'specinterface_ln0' <Predicate = true> <Delay = 0.00>
ST_19 : Operation 107 [1/1] (0.00ns)   --->   "%empty_92 = specchannel i32 @_ssdm_op_SpecChannel, void @desc_str, i32 1, void @p_str, void @p_str, i32 2, i32 2, i512 %desc, i512 %desc"   --->   Operation 107 'specchannel' 'empty_92' <Predicate = true> <Delay = 0.00>
ST_19 : Operation 108 [1/1] (0.00ns)   --->   "%specinterface_ln0 = specinterface void @_ssdm_op_SpecInterface, i512 %desc, void @empty_1, i32 0, i32 0, void @empty_24, i32 0, i32 0, void @empty_24, void @empty_24, void @empty_24, i32 0, i32 0, i32 0, i32 0, void @empty_24, void @empty_24"   --->   Operation 108 'specinterface' 'specinterface_ln0' <Predicate = true> <Delay = 0.00>
ST_19 : Operation 109 [1/1] (0.00ns)   --->   "%empty_93 = specchannel i32 @_ssdm_op_SpecChannel, void @height_c_str, i32 1, void @p_str, void @p_str, i32 2, i32 0, i11 %height_c, i11 %height_c" [vitis_library_vision_L1/include\common/xf_structs.hpp:508]   --->   Operation 109 'specchannel' 'empty_93' <Predicate = true> <Delay = 0.00>
ST_19 : Operation 110 [1/1] (0.00ns)   --->   "%specinterface_ln508 = specinterface void @_ssdm_op_SpecInterface, i11 %height_c, void @ap_fifo_str, i32 0, i32 0, void @p_str, i32 0, i32 0, void @p_str, void @p_str, void @p_str, i32 2, i32 2, i32 16, i32 16, void @p_str, void @p_str" [vitis_library_vision_L1/include\common/xf_structs.hpp:508]   --->   Operation 110 'specinterface' 'specinterface_ln508' <Predicate = true> <Delay = 0.00>
ST_19 : Operation 111 [1/1] (0.00ns)   --->   "%empty_94 = specchannel i32 @_ssdm_op_SpecChannel, void @height_c21_str, i32 1, void @p_str, void @p_str, i32 2, i32 0, i11 %height_c21, i11 %height_c21" [vitis_library_vision_L1/include\common/xf_structs.hpp:508]   --->   Operation 111 'specchannel' 'empty_94' <Predicate = true> <Delay = 0.00>
ST_19 : Operation 112 [1/1] (0.00ns)   --->   "%specinterface_ln508 = specinterface void @_ssdm_op_SpecInterface, i11 %height_c21, void @ap_fifo_str, i32 0, i32 0, void @p_str, i32 0, i32 0, void @p_str, void @p_str, void @p_str, i32 2, i32 2, i32 16, i32 16, void @p_str, void @p_str" [vitis_library_vision_L1/include\common/xf_structs.hpp:508]   --->   Operation 112 'specinterface' 'specinterface_ln508' <Predicate = true> <Delay = 0.00>
ST_19 : Operation 113 [1/1] (0.00ns)   --->   "%empty_95 = specchannel i32 @_ssdm_op_SpecChannel, void @width_c_str, i32 1, void @p_str, void @p_str, i32 2, i32 0, i11 %width_c, i11 %width_c" [vitis_library_vision_L1/include\common/xf_structs.hpp:509]   --->   Operation 113 'specchannel' 'empty_95' <Predicate = true> <Delay = 0.00>
ST_19 : Operation 114 [1/1] (0.00ns)   --->   "%specinterface_ln509 = specinterface void @_ssdm_op_SpecInterface, i11 %width_c, void @ap_fifo_str, i32 0, i32 0, void @p_str, i32 0, i32 0, void @p_str, void @p_str, void @p_str, i32 2, i32 2, i32 16, i32 16, void @p_str, void @p_str" [vitis_library_vision_L1/include\common/xf_structs.hpp:509]   --->   Operation 114 'specinterface' 'specinterface_ln509' <Predicate = true> <Delay = 0.00>
ST_19 : Operation 115 [1/1] (0.00ns)   --->   "%empty_96 = specchannel i32 @_ssdm_op_SpecChannel, void @width_c22_str, i32 1, void @p_str, void @p_str, i32 2, i32 0, i11 %width_c22, i11 %width_c22" [vitis_library_vision_L1/include\common/xf_structs.hpp:509]   --->   Operation 115 'specchannel' 'empty_96' <Predicate = true> <Delay = 0.00>
ST_19 : Operation 116 [1/1] (0.00ns)   --->   "%specinterface_ln509 = specinterface void @_ssdm_op_SpecInterface, i11 %width_c22, void @ap_fifo_str, i32 0, i32 0, void @p_str, i32 0, i32 0, void @p_str, void @p_str, void @p_str, i32 2, i32 2, i32 16, i32 16, void @p_str, void @p_str" [vitis_library_vision_L1/include\common/xf_structs.hpp:509]   --->   Operation 116 'specinterface' 'specinterface_ln509' <Predicate = true> <Delay = 0.00>
ST_19 : Operation 117 [1/1] (0.00ns)   --->   "%empty_97 = specchannel i32 @_ssdm_op_SpecChannel, void @height_new_c_str, i32 1, void @p_str, void @p_str, i32 2, i32 0, i11 %height_new_c, i11 %height_new_c" [vitis_library_vision_L1/include\common/xf_structs.hpp:508]   --->   Operation 117 'specchannel' 'empty_97' <Predicate = true> <Delay = 0.00>
ST_19 : Operation 118 [1/1] (0.00ns)   --->   "%specinterface_ln508 = specinterface void @_ssdm_op_SpecInterface, i11 %height_new_c, void @ap_fifo_str, i32 0, i32 0, void @p_str, i32 0, i32 0, void @p_str, void @p_str, void @p_str, i32 2, i32 2, i32 16, i32 16, void @p_str, void @p_str" [vitis_library_vision_L1/include\common/xf_structs.hpp:508]   --->   Operation 118 'specinterface' 'specinterface_ln508' <Predicate = true> <Delay = 0.00>
ST_19 : Operation 119 [1/1] (0.00ns)   --->   "%empty_98 = specchannel i32 @_ssdm_op_SpecChannel, void @width_new_c_str, i32 1, void @p_str, void @p_str, i32 2, i32 0, i11 %width_new_c, i11 %width_new_c" [vitis_library_vision_L1/include\common/xf_structs.hpp:509]   --->   Operation 119 'specchannel' 'empty_98' <Predicate = true> <Delay = 0.00>
ST_19 : Operation 120 [1/1] (0.00ns)   --->   "%specinterface_ln509 = specinterface void @_ssdm_op_SpecInterface, i11 %width_new_c, void @ap_fifo_str, i32 0, i32 0, void @p_str, i32 0, i32 0, void @p_str, void @p_str, void @p_str, i32 2, i32 2, i32 16, i32 16, void @p_str, void @p_str" [vitis_library_vision_L1/include\common/xf_structs.hpp:509]   --->   Operation 120 'specinterface' 'specinterface_ln509' <Predicate = true> <Delay = 0.00>
ST_19 : Operation 121 [1/1] (0.00ns)   --->   "%empty_99 = specchannel i32 @_ssdm_op_SpecChannel, void @threshold_c_str, i32 1, void @p_str, void @p_str, i32 7, i32 0, i8 %threshold_c, i8 %threshold_c" [src/ORB.cpp:322]   --->   Operation 121 'specchannel' 'empty_99' <Predicate = true> <Delay = 0.00>
ST_19 : Operation 122 [1/1] (0.00ns)   --->   "%specinterface_ln322 = specinterface void @_ssdm_op_SpecInterface, i8 %threshold_c, void @ap_fifo_str, i32 0, i32 0, void @p_str, i32 0, i32 0, void @p_str, void @p_str, void @p_str, i32 2, i32 2, i32 16, i32 16, void @p_str, void @p_str" [src/ORB.cpp:322]   --->   Operation 122 'specinterface' 'specinterface_ln322' <Predicate = true> <Delay = 0.00>
ST_19 : Operation 123 [1/1] (0.00ns)   --->   "%empty_100 = specchannel i32 @_ssdm_op_SpecChannel, void @img_mat_OC_rows_c_str, i32 1, void @p_str, void @p_str, i32 2, i32 0, i11 %img_mat_rows_c, i11 %img_mat_rows_c"   --->   Operation 123 'specchannel' 'empty_100' <Predicate = true> <Delay = 0.00>
ST_19 : Operation 124 [1/1] (0.00ns)   --->   "%specinterface_ln0 = specinterface void @_ssdm_op_SpecInterface, i11 %img_mat_rows_c, void @ap_fifo_str, i32 0, i32 0, void @p_str, i32 0, i32 0, void @p_str, void @p_str, void @p_str, i32 2, i32 2, i32 16, i32 16, void @p_str, void @p_str"   --->   Operation 124 'specinterface' 'specinterface_ln0' <Predicate = true> <Delay = 0.00>
ST_19 : Operation 125 [1/1] (0.00ns)   --->   "%empty_101 = specchannel i32 @_ssdm_op_SpecChannel, void @img_mat_OC_cols_c_str, i32 1, void @p_str, void @p_str, i32 2, i32 0, i11 %img_mat_cols_c, i11 %img_mat_cols_c"   --->   Operation 125 'specchannel' 'empty_101' <Predicate = true> <Delay = 0.00>
ST_19 : Operation 126 [1/1] (0.00ns)   --->   "%specinterface_ln0 = specinterface void @_ssdm_op_SpecInterface, i11 %img_mat_cols_c, void @ap_fifo_str, i32 0, i32 0, void @p_str, i32 0, i32 0, void @p_str, void @p_str, void @p_str, i32 2, i32 2, i32 16, i32 16, void @p_str, void @p_str"   --->   Operation 126 'specinterface' 'specinterface_ln0' <Predicate = true> <Delay = 0.00>
ST_19 : Operation 127 [1/1] (0.00ns)   --->   "%empty_102 = specchannel i32 @_ssdm_op_SpecChannel, void @height_new_c23_str, i32 1, void @p_str, void @p_str, i32 5, i32 0, i11 %height_new_c23, i11 %height_new_c23" [vitis_library_vision_L1/include\common/xf_structs.hpp:508]   --->   Operation 127 'specchannel' 'empty_102' <Predicate = true> <Delay = 0.00>
ST_19 : Operation 128 [1/1] (0.00ns)   --->   "%specinterface_ln508 = specinterface void @_ssdm_op_SpecInterface, i11 %height_new_c23, void @ap_fifo_str, i32 0, i32 0, void @p_str, i32 0, i32 0, void @p_str, void @p_str, void @p_str, i32 2, i32 2, i32 16, i32 16, void @p_str, void @p_str" [vitis_library_vision_L1/include\common/xf_structs.hpp:508]   --->   Operation 128 'specinterface' 'specinterface_ln508' <Predicate = true> <Delay = 0.00>
ST_19 : Operation 129 [1/1] (0.00ns)   --->   "%empty_103 = specchannel i32 @_ssdm_op_SpecChannel, void @resized_mat_OC_rows_c_str, i32 1, void @p_str, void @p_str, i32 3, i32 0, i11 %resized_mat_rows_c, i11 %resized_mat_rows_c"   --->   Operation 129 'specchannel' 'empty_103' <Predicate = true> <Delay = 0.00>
ST_19 : Operation 130 [1/1] (0.00ns)   --->   "%specinterface_ln0 = specinterface void @_ssdm_op_SpecInterface, i11 %resized_mat_rows_c, void @ap_fifo_str, i32 0, i32 0, void @p_str, i32 0, i32 0, void @p_str, void @p_str, void @p_str, i32 2, i32 2, i32 16, i32 16, void @p_str, void @p_str"   --->   Operation 130 'specinterface' 'specinterface_ln0' <Predicate = true> <Delay = 0.00>
ST_19 : Operation 131 [1/1] (0.00ns)   --->   "%empty_104 = specchannel i32 @_ssdm_op_SpecChannel, void @width_new_c24_str, i32 1, void @p_str, void @p_str, i32 5, i32 0, i11 %width_new_c24, i11 %width_new_c24" [vitis_library_vision_L1/include\common/xf_structs.hpp:509]   --->   Operation 131 'specchannel' 'empty_104' <Predicate = true> <Delay = 0.00>
ST_19 : Operation 132 [1/1] (0.00ns)   --->   "%specinterface_ln509 = specinterface void @_ssdm_op_SpecInterface, i11 %width_new_c24, void @ap_fifo_str, i32 0, i32 0, void @p_str, i32 0, i32 0, void @p_str, void @p_str, void @p_str, i32 2, i32 2, i32 16, i32 16, void @p_str, void @p_str" [vitis_library_vision_L1/include\common/xf_structs.hpp:509]   --->   Operation 132 'specinterface' 'specinterface_ln509' <Predicate = true> <Delay = 0.00>
ST_19 : Operation 133 [1/1] (0.00ns)   --->   "%empty_105 = specchannel i32 @_ssdm_op_SpecChannel, void @resized_mat_OC_cols_c_str, i32 1, void @p_str, void @p_str, i32 3, i32 0, i11 %resized_mat_cols_c, i11 %resized_mat_cols_c"   --->   Operation 133 'specchannel' 'empty_105' <Predicate = true> <Delay = 0.00>
ST_19 : Operation 134 [1/1] (0.00ns)   --->   "%specinterface_ln0 = specinterface void @_ssdm_op_SpecInterface, i11 %resized_mat_cols_c, void @ap_fifo_str, i32 0, i32 0, void @p_str, i32 0, i32 0, void @p_str, void @p_str, void @p_str, i32 2, i32 2, i32 16, i32 16, void @p_str, void @p_str"   --->   Operation 134 'specinterface' 'specinterface_ln0' <Predicate = true> <Delay = 0.00>
ST_19 : Operation 135 [1/1] (0.00ns)   --->   "%empty_106 = specchannel i32 @_ssdm_op_SpecChannel, void @img_mat_OC_rows_c25_str, i32 1, void @p_str, void @p_str, i32 2, i32 0, i11 %img_mat_rows_c25, i11 %img_mat_rows_c25"   --->   Operation 135 'specchannel' 'empty_106' <Predicate = true> <Delay = 0.00>
ST_19 : Operation 136 [1/1] (0.00ns)   --->   "%specinterface_ln0 = specinterface void @_ssdm_op_SpecInterface, i11 %img_mat_rows_c25, void @ap_fifo_str, i32 0, i32 0, void @p_str, i32 0, i32 0, void @p_str, void @p_str, void @p_str, i32 2, i32 2, i32 16, i32 16, void @p_str, void @p_str"   --->   Operation 136 'specinterface' 'specinterface_ln0' <Predicate = true> <Delay = 0.00>
ST_19 : Operation 137 [1/1] (0.00ns)   --->   "%empty_107 = specchannel i32 @_ssdm_op_SpecChannel, void @img_mat_OC_cols_c26_str, i32 1, void @p_str, void @p_str, i32 2, i32 0, i11 %img_mat_cols_c26, i11 %img_mat_cols_c26"   --->   Operation 137 'specchannel' 'empty_107' <Predicate = true> <Delay = 0.00>
ST_19 : Operation 138 [1/1] (0.00ns)   --->   "%specinterface_ln0 = specinterface void @_ssdm_op_SpecInterface, i11 %img_mat_cols_c26, void @ap_fifo_str, i32 0, i32 0, void @p_str, i32 0, i32 0, void @p_str, void @p_str, void @p_str, i32 2, i32 2, i32 16, i32 16, void @p_str, void @p_str"   --->   Operation 138 'specinterface' 'specinterface_ln0' <Predicate = true> <Delay = 0.00>
ST_19 : Operation 139 [1/1] (0.00ns)   --->   "%empty_108 = specchannel i32 @_ssdm_op_SpecChannel, void @resized_mat_OC_rows_c27_str, i32 1, void @p_str, void @p_str, i32 2, i32 0, i11 %resized_mat_rows_c27, i11 %resized_mat_rows_c27"   --->   Operation 139 'specchannel' 'empty_108' <Predicate = true> <Delay = 0.00>
ST_19 : Operation 140 [1/1] (0.00ns)   --->   "%specinterface_ln0 = specinterface void @_ssdm_op_SpecInterface, i11 %resized_mat_rows_c27, void @ap_fifo_str, i32 0, i32 0, void @p_str, i32 0, i32 0, void @p_str, void @p_str, void @p_str, i32 2, i32 2, i32 16, i32 16, void @p_str, void @p_str"   --->   Operation 140 'specinterface' 'specinterface_ln0' <Predicate = true> <Delay = 0.00>
ST_19 : Operation 141 [1/1] (0.00ns)   --->   "%empty_109 = specchannel i32 @_ssdm_op_SpecChannel, void @resized_mat_OC_cols_c28_str, i32 1, void @p_str, void @p_str, i32 2, i32 0, i11 %resized_mat_cols_c28, i11 %resized_mat_cols_c28"   --->   Operation 141 'specchannel' 'empty_109' <Predicate = true> <Delay = 0.00>
ST_19 : Operation 142 [1/1] (0.00ns)   --->   "%specinterface_ln0 = specinterface void @_ssdm_op_SpecInterface, i11 %resized_mat_cols_c28, void @ap_fifo_str, i32 0, i32 0, void @p_str, i32 0, i32 0, void @p_str, void @p_str, void @p_str, i32 2, i32 2, i32 16, i32 16, void @p_str, void @p_str"   --->   Operation 142 'specinterface' 'specinterface_ln0' <Predicate = true> <Delay = 0.00>
ST_19 : Operation 143 [1/1] (0.00ns)   --->   "%empty_110 = specchannel i32 @_ssdm_op_SpecChannel, void @height_new_c29_str, i32 1, void @p_str, void @p_str, i32 2, i32 0, i11 %height_new_c29, i11 %height_new_c29" [vitis_library_vision_L1/include\common/xf_structs.hpp:508]   --->   Operation 143 'specchannel' 'empty_110' <Predicate = true> <Delay = 0.00>
ST_19 : Operation 144 [1/1] (0.00ns)   --->   "%specinterface_ln508 = specinterface void @_ssdm_op_SpecInterface, i11 %height_new_c29, void @ap_fifo_str, i32 0, i32 0, void @p_str, i32 0, i32 0, void @p_str, void @p_str, void @p_str, i32 2, i32 2, i32 16, i32 16, void @p_str, void @p_str" [vitis_library_vision_L1/include\common/xf_structs.hpp:508]   --->   Operation 144 'specinterface' 'specinterface_ln508' <Predicate = true> <Delay = 0.00>
ST_19 : Operation 145 [1/1] (0.00ns)   --->   "%empty_111 = specchannel i32 @_ssdm_op_SpecChannel, void @width_new_c30_str, i32 1, void @p_str, void @p_str, i32 2, i32 0, i11 %width_new_c30, i11 %width_new_c30" [vitis_library_vision_L1/include\common/xf_structs.hpp:509]   --->   Operation 145 'specchannel' 'empty_111' <Predicate = true> <Delay = 0.00>
ST_19 : Operation 146 [1/1] (0.00ns)   --->   "%specinterface_ln509 = specinterface void @_ssdm_op_SpecInterface, i11 %width_new_c30, void @ap_fifo_str, i32 0, i32 0, void @p_str, i32 0, i32 0, void @p_str, void @p_str, void @p_str, i32 2, i32 2, i32 16, i32 16, void @p_str, void @p_str" [vitis_library_vision_L1/include\common/xf_structs.hpp:509]   --->   Operation 146 'specinterface' 'specinterface_ln509' <Predicate = true> <Delay = 0.00>
ST_19 : Operation 147 [1/1] (0.00ns)   --->   "%empty_112 = specchannel i32 @_ssdm_op_SpecChannel, void @height_new_c31_str, i32 1, void @p_str, void @p_str, i32 2, i32 0, i11 %height_new_c31, i11 %height_new_c31" [vitis_library_vision_L1/include\common/xf_structs.hpp:508]   --->   Operation 147 'specchannel' 'empty_112' <Predicate = true> <Delay = 0.00>
ST_19 : Operation 148 [1/1] (0.00ns)   --->   "%specinterface_ln508 = specinterface void @_ssdm_op_SpecInterface, i11 %height_new_c31, void @ap_fifo_str, i32 0, i32 0, void @p_str, i32 0, i32 0, void @p_str, void @p_str, void @p_str, i32 2, i32 2, i32 16, i32 16, void @p_str, void @p_str" [vitis_library_vision_L1/include\common/xf_structs.hpp:508]   --->   Operation 148 'specinterface' 'specinterface_ln508' <Predicate = true> <Delay = 0.00>
ST_19 : Operation 149 [1/1] (0.00ns)   --->   "%empty_113 = specchannel i32 @_ssdm_op_SpecChannel, void @width_new_c32_str, i32 1, void @p_str, void @p_str, i32 2, i32 0, i11 %width_new_c32, i11 %width_new_c32" [vitis_library_vision_L1/include\common/xf_structs.hpp:509]   --->   Operation 149 'specchannel' 'empty_113' <Predicate = true> <Delay = 0.00>
ST_19 : Operation 150 [1/1] (0.00ns)   --->   "%specinterface_ln509 = specinterface void @_ssdm_op_SpecInterface, i11 %width_new_c32, void @ap_fifo_str, i32 0, i32 0, void @p_str, i32 0, i32 0, void @p_str, void @p_str, void @p_str, i32 2, i32 2, i32 16, i32 16, void @p_str, void @p_str" [vitis_library_vision_L1/include\common/xf_structs.hpp:509]   --->   Operation 150 'specinterface' 'specinterface_ln509' <Predicate = true> <Delay = 0.00>
ST_19 : Operation 151 [1/1] (0.00ns)   --->   "%empty_114 = specchannel i32 @_ssdm_op_SpecChannel, void @height_new_c33_str, i32 1, void @p_str, void @p_str, i32 2, i32 0, i11 %height_new_c33, i11 %height_new_c33" [vitis_library_vision_L1/include\common/xf_structs.hpp:508]   --->   Operation 151 'specchannel' 'empty_114' <Predicate = true> <Delay = 0.00>
ST_19 : Operation 152 [1/1] (0.00ns)   --->   "%specinterface_ln508 = specinterface void @_ssdm_op_SpecInterface, i11 %height_new_c33, void @ap_fifo_str, i32 0, i32 0, void @p_str, i32 0, i32 0, void @p_str, void @p_str, void @p_str, i32 2, i32 2, i32 16, i32 16, void @p_str, void @p_str" [vitis_library_vision_L1/include\common/xf_structs.hpp:508]   --->   Operation 152 'specinterface' 'specinterface_ln508' <Predicate = true> <Delay = 0.00>
ST_19 : Operation 153 [1/1] (0.00ns)   --->   "%empty_115 = specchannel i32 @_ssdm_op_SpecChannel, void @width_new_c34_str, i32 1, void @p_str, void @p_str, i32 2, i32 0, i11 %width_new_c34, i11 %width_new_c34" [vitis_library_vision_L1/include\common/xf_structs.hpp:509]   --->   Operation 153 'specchannel' 'empty_115' <Predicate = true> <Delay = 0.00>
ST_19 : Operation 154 [1/1] (0.00ns)   --->   "%specinterface_ln509 = specinterface void @_ssdm_op_SpecInterface, i11 %width_new_c34, void @ap_fifo_str, i32 0, i32 0, void @p_str, i32 0, i32 0, void @p_str, void @p_str, void @p_str, i32 2, i32 2, i32 16, i32 16, void @p_str, void @p_str" [vitis_library_vision_L1/include\common/xf_structs.hpp:509]   --->   Operation 154 'specinterface' 'specinterface_ln509' <Predicate = true> <Delay = 0.00>
ST_19 : Operation 155 [1/2] (0.00ns)   --->   "%call_ln351 = call void @process_output<8, 0, 1080, 1920, 1>, i512 %desc, i296 %dst_V_data_V, i37 %dst_V_keep_V, i37 %dst_V_strb_V, i1 %dst_V_user_V, i1 %dst_V_last_V, i1 %dst_V_id_V, i1 %dst_V_dest_V, i32 %length_r, i32 %cntTree, i32 %idxTree" [src/ORB.cpp:351]   --->   Operation 155 'call' 'call_ln351' <Predicate = true> <Delay = 0.00> <CoreType = "Generic">   --->   Core 0 '' <Latency = 0> <II = 1> <Delay = 1.00> <Generic> <Opcode : >
ST_19 : Operation 156 [1/1] (0.00ns)   --->   "%ret_ln352 = ret" [src/ORB.cpp:352]   --->   Operation 156 'ret' 'ret_ln352' <Predicate = true> <Delay = 0.00>


============================================================
+ Verbose Summary: Timing violations
============================================================
Target clock period: 10ns, clock uncertainty: 2.7ns.

 <State 1>: 1.91ns
The critical path consists of the following:
	wire read on port 'threshold' (vitis_library_vision_L1/include\common/xf_structs.hpp:509) [29]  (0 ns)
	'call' operation ('call_ln509', vitis_library_vision_L1/include\common/xf_structs.hpp:509) to 'process_ORB<8, 0, 1080, 1920, 1>.entry336' [113]  (1.91 ns)

 <State 2>: 0ns
The critical path consists of the following:

 <State 3>: 0ns
The critical path consists of the following:

 <State 4>: 0ns
The critical path consists of the following:

 <State 5>: 0ns
The critical path consists of the following:

 <State 6>: 0ns
The critical path consists of the following:

 <State 7>: 0ns
The critical path consists of the following:

 <State 8>: 0ns
The critical path consists of the following:

 <State 9>: 0ns
The critical path consists of the following:

 <State 10>: 0ns
The critical path consists of the following:

 <State 11>: 0ns
The critical path consists of the following:

 <State 12>: 0ns
The critical path consists of the following:

 <State 13>: 0ns
The critical path consists of the following:

 <State 14>: 0ns
The critical path consists of the following:

 <State 15>: 0ns
The critical path consists of the following:

 <State 16>: 0ns
The critical path consists of the following:

 <State 17>: 0ns
The critical path consists of the following:

 <State 18>: 0ns
The critical path consists of the following:

 <State 19>: 0ns
The critical path consists of the following:


============================================================
+ Verbose Summary: Binding
============================================================
N/A
* FSMD analyzer results:
  - Output states:
 - Input state : 
  - Chain level:
	State 1
	State 2
	State 3
	State 4
	State 5
	State 6
	State 7
	State 8
	State 9
	State 10
	State 11
	State 12
	State 13
	State 14
	State 15
	State 16
	State 17
	State 18
	State 19


============================================================
+ Verbose Summary: Datapath Resource usage 
============================================================
N/A
