

================================================================
== Vitis HLS Report for 'process_ORB_8_0_1080_1920_1_Block_split1_proc'
================================================================
* Date:           Sun Jan 21 17:46:44 2024

* Version:        2020.2 (Build 3064766 on Wed Nov 18 09:12:45 MST 2020)
* Project:        hls_project
* Solution:       solution1 (Vivado IP Flow Target)
* Product family: zynquplus
* Target device:  xczu7ev-ffvc1156-2-e


================================================================
== Performance Estimates
================================================================
+ Timing: 
    * Summary: 
    +--------+----------+----------+------------+
    |  Clock |  Target  | Estimated| Uncertainty|
    +--------+----------+----------+------------+
    |ap_clk  |  10.00 ns|  3.699 ns|     2.70 ns|
    +--------+----------+----------+------------+

+ Latency: 
    * Summary: 
    +---------+---------+----------+----------+-----+-----+---------+
    |  Latency (cycles) |  Latency (absolute) |  Interval | Pipeline|
    |   min   |   max   |    min   |    max   | min | max |   Type  |
    +---------+---------+----------+----------+-----+-----+---------+
    |        0|        0|      0 ns|      0 ns|    0|    0|     none|
    +---------+---------+----------+----------+-----+-----+---------+

    + Detail: 
        * Instance: 
        N/A

        * Loop: 
        N/A



================================================================
== Utilization Estimates
================================================================
* Summary: 
+-----------------+---------+------+--------+--------+-----+
|       Name      | BRAM_18K|  DSP |   FF   |   LUT  | URAM|
+-----------------+---------+------+--------+--------+-----+
|DSP              |        -|     -|       -|       -|    -|
|Expression       |        -|     -|       0|       2|    -|
|FIFO             |        -|     -|       -|       -|    -|
|Instance         |        -|     -|       -|       -|    -|
|Memory           |        -|     -|       -|       -|    -|
|Multiplexer      |        -|     -|       -|     108|    -|
|Register         |        -|     -|       3|       -|    -|
+-----------------+---------+------+--------+--------+-----+
|Total            |        0|     0|       3|     110|    0|
+-----------------+---------+------+--------+--------+-----+
|Available        |      624|  1728|  460800|  230400|   96|
+-----------------+---------+------+--------+--------+-----+
|Utilization (%)  |        0|     0|      ~0|      ~0|    0|
+-----------------+---------+------+--------+--------+-----+

+ Detail: 
    * Instance: 
    N/A

    * DSP: 
    N/A

    * Memory: 
    N/A

    * FIFO: 
    N/A

    * Expression: 
    +-----------------+----------+----+---+----+------------+------------+
    |  Variable Name  | Operation| DSP| FF| LUT| Bitwidth P0| Bitwidth P1|
    +-----------------+----------+----+---+----+------------+------------+
    |ap_block_state1  |        or|   0|  0|   2|           1|           1|
    +-----------------+----------+----+---+----+------------+------------+
    |Total            |          |   0|  0|   2|           1|           1|
    +-----------------+----------+----+---+----+------------+------------+

    * Multiplexer: 
    +----------------------------+----+-----------+-----+-----------+
    |            Name            | LUT| Input Size| Bits| Total Bits|
    +----------------------------+----+-----------+-----+-----------+
    |ap_done                     |   9|          2|    1|          2|
    |height_blk_n                |   9|          2|    1|          2|
    |height_new_blk_n            |   9|          2|    1|          2|
    |height_new_out_blk_n        |   9|          2|    1|          2|
    |img_mat_cols_out_blk_n      |   9|          2|    1|          2|
    |img_mat_rows_out_blk_n      |   9|          2|    1|          2|
    |real_start                  |   9|          2|    1|          2|
    |resized_mat_cols_out_blk_n  |   9|          2|    1|          2|
    |resized_mat_rows_out_blk_n  |   9|          2|    1|          2|
    |width_blk_n                 |   9|          2|    1|          2|
    |width_new_blk_n             |   9|          2|    1|          2|
    |width_new_out_blk_n         |   9|          2|    1|          2|
    +----------------------------+----+-----------+-----+-----------+
    |Total                       | 108|         24|   12|         24|
    +----------------------------+----+-----------+-----+-----------+

    * Register: 
    +----------------+---+----+-----+-----------+
    |      Name      | FF| LUT| Bits| Const Bits|
    +----------------+---+----+-----+-----------+
    |ap_CS_fsm       |  1|   0|    1|          0|
    |ap_done_reg     |  1|   0|    1|          0|
    |start_once_reg  |  1|   0|    1|          0|
    +----------------+---+----+-----+-----------+
    |Total           |  3|   0|    3|          0|
    +----------------+---+----+-----+-----------+



================================================================
== Interface
================================================================
* Summary: 
+-----------------------------+-----+-----+------------+-----------------------------------------------------+--------------+
|          RTL Ports          | Dir | Bits|  Protocol  |                    Source Object                    |    C Type    |
+-----------------------------+-----+-----+------------+-----------------------------------------------------+--------------+
|ap_clk                       |   in|    1|  ap_ctrl_hs|  process_ORB<8, 0, 1080, 1920, 1>_Block_.split1_proc|  return value|
|ap_rst                       |   in|    1|  ap_ctrl_hs|  process_ORB<8, 0, 1080, 1920, 1>_Block_.split1_proc|  return value|
|ap_start                     |   in|    1|  ap_ctrl_hs|  process_ORB<8, 0, 1080, 1920, 1>_Block_.split1_proc|  return value|
|start_full_n                 |   in|    1|  ap_ctrl_hs|  process_ORB<8, 0, 1080, 1920, 1>_Block_.split1_proc|  return value|
|ap_done                      |  out|    1|  ap_ctrl_hs|  process_ORB<8, 0, 1080, 1920, 1>_Block_.split1_proc|  return value|
|ap_continue                  |   in|    1|  ap_ctrl_hs|  process_ORB<8, 0, 1080, 1920, 1>_Block_.split1_proc|  return value|
|ap_idle                      |  out|    1|  ap_ctrl_hs|  process_ORB<8, 0, 1080, 1920, 1>_Block_.split1_proc|  return value|
|ap_ready                     |  out|    1|  ap_ctrl_hs|  process_ORB<8, 0, 1080, 1920, 1>_Block_.split1_proc|  return value|
|start_out                    |  out|    1|  ap_ctrl_hs|  process_ORB<8, 0, 1080, 1920, 1>_Block_.split1_proc|  return value|
|start_write                  |  out|    1|  ap_ctrl_hs|  process_ORB<8, 0, 1080, 1920, 1>_Block_.split1_proc|  return value|
|height_dout                  |   in|   11|     ap_fifo|                                               height|       pointer|
|height_empty_n               |   in|    1|     ap_fifo|                                               height|       pointer|
|height_read                  |  out|    1|     ap_fifo|                                               height|       pointer|
|width_dout                   |   in|   11|     ap_fifo|                                                width|       pointer|
|width_empty_n                |   in|    1|     ap_fifo|                                                width|       pointer|
|width_read                   |  out|    1|     ap_fifo|                                                width|       pointer|
|height_new_dout              |   in|   11|     ap_fifo|                                           height_new|       pointer|
|height_new_empty_n           |   in|    1|     ap_fifo|                                           height_new|       pointer|
|height_new_read              |  out|    1|     ap_fifo|                                           height_new|       pointer|
|width_new_dout               |   in|   11|     ap_fifo|                                            width_new|       pointer|
|width_new_empty_n            |   in|    1|     ap_fifo|                                            width_new|       pointer|
|width_new_read               |  out|    1|     ap_fifo|                                            width_new|       pointer|
|img_mat_rows_out_din         |  out|   11|     ap_fifo|                                     img_mat_rows_out|       pointer|
|img_mat_rows_out_full_n      |   in|    1|     ap_fifo|                                     img_mat_rows_out|       pointer|
|img_mat_rows_out_write       |  out|    1|     ap_fifo|                                     img_mat_rows_out|       pointer|
|img_mat_cols_out_din         |  out|   11|     ap_fifo|                                     img_mat_cols_out|       pointer|
|img_mat_cols_out_full_n      |   in|    1|     ap_fifo|                                     img_mat_cols_out|       pointer|
|img_mat_cols_out_write       |  out|    1|     ap_fifo|                                     img_mat_cols_out|       pointer|
|height_new_out_din           |  out|   11|     ap_fifo|                                       height_new_out|       pointer|
|height_new_out_full_n        |   in|    1|     ap_fifo|                                       height_new_out|       pointer|
|height_new_out_write         |  out|    1|     ap_fifo|                                       height_new_out|       pointer|
|resized_mat_rows_out_din     |  out|   11|     ap_fifo|                                 resized_mat_rows_out|       pointer|
|resized_mat_rows_out_full_n  |   in|    1|     ap_fifo|                                 resized_mat_rows_out|       pointer|
|resized_mat_rows_out_write   |  out|    1|     ap_fifo|                                 resized_mat_rows_out|       pointer|
|width_new_out_din            |  out|   11|     ap_fifo|                                        width_new_out|       pointer|
|width_new_out_full_n         |   in|    1|     ap_fifo|                                        width_new_out|       pointer|
|width_new_out_write          |  out|    1|     ap_fifo|                                        width_new_out|       pointer|
|resized_mat_cols_out_din     |  out|   11|     ap_fifo|                                 resized_mat_cols_out|       pointer|
|resized_mat_cols_out_full_n  |   in|    1|     ap_fifo|                                 resized_mat_cols_out|       pointer|
|resized_mat_cols_out_write   |  out|    1|     ap_fifo|                                 resized_mat_cols_out|       pointer|
+-----------------------------+-----+-----+------------+-----------------------------------------------------+--------------+

============================================================
+ Verbose Summary: Synthesis Manager
============================================================
InlineROM: 1
ExposeGlobal: 0
============================================================
+ Verbose Summary: CDFG Model
============================================================
IsTopModel: 0
ResetActiveHigh: 1
IsCombinational: 2
IsDatapathOnly: 0
HasWiredReturn: 1
HasMFsm: 0
HasVarLatency: 0
IsPipeline: 0
IsRtlPipelined: 0
IsInstanceOverlapped: 0
IsDontTouch: 0
HasImplIP: 0
IsGatedGlobalClock: 0


============================================================
+ Verbose Summary: Schedule
============================================================
* Number of FSM states : 1
* Pipeline : 0
* Dataflow Pipeline: 0

* FSM state transitions: 
1 --> 

* FSM state operations: 

State 1 <SV = 0> <Delay = 3.69>
ST_1 : Operation 2 [1/1] (0.00ns)   --->   "%specinterface_ln0 = specinterface void @_ssdm_op_SpecInterface, i11 %resized_mat_cols_out, void @ap_fifo_str, i32 0, i32 0, void @p_str, i32 0, i32 0, void @p_str, void @p_str, void @p_str, i32 2, i32 2, i32 16, i32 16, void @p_str, void @p_str"   --->   Operation 2 'specinterface' 'specinterface_ln0' <Predicate = true> <Delay = 0.00>
ST_1 : Operation 3 [1/1] (0.00ns)   --->   "%specinterface_ln0 = specinterface void @_ssdm_op_SpecInterface, i11 %resized_mat_rows_out, void @ap_fifo_str, i32 0, i32 0, void @p_str, i32 0, i32 0, void @p_str, void @p_str, void @p_str, i32 2, i32 2, i32 16, i32 16, void @p_str, void @p_str"   --->   Operation 3 'specinterface' 'specinterface_ln0' <Predicate = true> <Delay = 0.00>
ST_1 : Operation 4 [1/1] (0.00ns)   --->   "%specinterface_ln0 = specinterface void @_ssdm_op_SpecInterface, i11 %img_mat_cols_out, void @ap_fifo_str, i32 0, i32 0, void @p_str, i32 0, i32 0, void @p_str, void @p_str, void @p_str, i32 2, i32 2, i32 16, i32 16, void @p_str, void @p_str"   --->   Operation 4 'specinterface' 'specinterface_ln0' <Predicate = true> <Delay = 0.00>
ST_1 : Operation 5 [1/1] (0.00ns)   --->   "%specinterface_ln0 = specinterface void @_ssdm_op_SpecInterface, i11 %img_mat_rows_out, void @ap_fifo_str, i32 0, i32 0, void @p_str, i32 0, i32 0, void @p_str, void @p_str, void @p_str, i32 2, i32 2, i32 16, i32 16, void @p_str, void @p_str"   --->   Operation 5 'specinterface' 'specinterface_ln0' <Predicate = true> <Delay = 0.00>
ST_1 : Operation 6 [1/1] (0.00ns)   --->   "%specinterface_ln0 = specinterface void @_ssdm_op_SpecInterface, i11 %width_new, void @ap_fifo_str, i32 0, i32 0, void @p_str, i32 0, i32 0, void @p_str, void @p_str, void @p_str, i32 2, i32 2, i32 16, i32 16, void @p_str, void @ScalarProp_str"   --->   Operation 6 'specinterface' 'specinterface_ln0' <Predicate = true> <Delay = 0.00>
ST_1 : Operation 7 [1/1] (0.00ns)   --->   "%specinterface_ln0 = specinterface void @_ssdm_op_SpecInterface, i11 %height_new, void @ap_fifo_str, i32 0, i32 0, void @p_str, i32 0, i32 0, void @p_str, void @p_str, void @p_str, i32 2, i32 2, i32 16, i32 16, void @p_str, void @ScalarProp_str"   --->   Operation 7 'specinterface' 'specinterface_ln0' <Predicate = true> <Delay = 0.00>
ST_1 : Operation 8 [1/1] (0.00ns)   --->   "%specinterface_ln0 = specinterface void @_ssdm_op_SpecInterface, i11 %width, void @ap_fifo_str, i32 0, i32 0, void @p_str, i32 0, i32 0, void @p_str, void @p_str, void @p_str, i32 2, i32 2, i32 16, i32 16, void @p_str, void @ScalarProp_str"   --->   Operation 8 'specinterface' 'specinterface_ln0' <Predicate = true> <Delay = 0.00>
ST_1 : Operation 9 [1/1] (0.00ns)   --->   "%specinterface_ln0 = specinterface void @_ssdm_op_SpecInterface, i11 %height, void @ap_fifo_str, i32 0, i32 0, void @p_str, i32 0, i32 0, void @p_str, void @p_str, void @p_str, i32 2, i32 2, i32 16, i32 16, void @p_str, void @ScalarProp_str"   --->   Operation 9 'specinterface' 'specinterface_ln0' <Predicate = true> <Delay = 0.00>
ST_1 : Operation 10 [1/1] (1.83ns)   --->   "%height_read = read i11 @_ssdm_op_Read.ap_fifo.i11P0A, i11 %height" [vitis_library_vision_L1/include\common/xf_structs.hpp:508]   --->   Operation 10 'read' 'height_read' <Predicate = true> <Delay = 1.83> <CoreInst = "FIFO_SRL">   --->   Core 81 'FIFO_SRL' <Latency = 0> <II = 1> <Delay = 1.83> <Storage> <Opcode : 'read' 'write' 'nbread' 'nbwrite'> <Ports = 0> <Width = 11> <Depth = 2> <FIFO>
ST_1 : Operation 11 [1/1] (1.83ns)   --->   "%width_read = read i11 @_ssdm_op_Read.ap_fifo.i11P0A, i11 %width" [vitis_library_vision_L1/include\common/xf_structs.hpp:509]   --->   Operation 11 'read' 'width_read' <Predicate = true> <Delay = 1.83> <CoreInst = "FIFO_SRL">   --->   Core 81 'FIFO_SRL' <Latency = 0> <II = 1> <Delay = 1.83> <Storage> <Opcode : 'read' 'write' 'nbread' 'nbwrite'> <Ports = 0> <Width = 11> <Depth = 2> <FIFO>
ST_1 : Operation 12 [1/1] (1.83ns)   --->   "%height_new_read = read i11 @_ssdm_op_Read.ap_fifo.i11P0A, i11 %height_new" [vitis_library_vision_L1/include\common/xf_structs.hpp:508]   --->   Operation 12 'read' 'height_new_read' <Predicate = true> <Delay = 1.83> <CoreInst = "FIFO_SRL">   --->   Core 81 'FIFO_SRL' <Latency = 0> <II = 1> <Delay = 1.83> <Storage> <Opcode : 'read' 'write' 'nbread' 'nbwrite'> <Ports = 0> <Width = 11> <Depth = 2> <FIFO>
ST_1 : Operation 13 [1/1] (1.83ns)   --->   "%width_new_read = read i11 @_ssdm_op_Read.ap_fifo.i11P0A, i11 %width_new" [vitis_library_vision_L1/include\common/xf_structs.hpp:509]   --->   Operation 13 'read' 'width_new_read' <Predicate = true> <Delay = 1.83> <CoreInst = "FIFO_SRL">   --->   Core 81 'FIFO_SRL' <Latency = 0> <II = 1> <Delay = 1.83> <Storage> <Opcode : 'read' 'write' 'nbread' 'nbwrite'> <Ports = 0> <Width = 11> <Depth = 2> <FIFO>
ST_1 : Operation 14 [1/1] (0.00ns)   --->   "%specinterface_ln0 = specinterface void @_ssdm_op_SpecInterface, i11 %height_new_out, void @ap_fifo_str, i32 0, i32 0, void @p_str, i32 0, i32 0, void @p_str, void @p_str, void @p_str, i32 2, i32 2, i32 16, i32 16, void @p_str, void @ScalarProp_str"   --->   Operation 14 'specinterface' 'specinterface_ln0' <Predicate = true> <Delay = 0.00>
ST_1 : Operation 15 [1/1] (1.86ns)   --->   "%write_ln322 = write void @_ssdm_op_Write.ap_fifo.i11P0A, i11 %height_new_out, i11 %height_new_read" [src/ORB.cpp:322]   --->   Operation 15 'write' 'write_ln322' <Predicate = true> <Delay = 1.86> <CoreInst = "FIFO_SRL">   --->   Core 81 'FIFO_SRL' <Latency = 0> <II = 1> <Delay = 1.86> <Storage> <Opcode : 'read' 'write' 'nbread' 'nbwrite'> <Ports = 0> <Width = 11> <Depth = 5> <FIFO>
ST_1 : Operation 16 [1/1] (0.00ns)   --->   "%specinterface_ln0 = specinterface void @_ssdm_op_SpecInterface, i11 %width_new_out, void @ap_fifo_str, i32 0, i32 0, void @p_str, i32 0, i32 0, void @p_str, void @p_str, void @p_str, i32 2, i32 2, i32 16, i32 16, void @p_str, void @ScalarProp_str"   --->   Operation 16 'specinterface' 'specinterface_ln0' <Predicate = true> <Delay = 0.00>
ST_1 : Operation 17 [1/1] (1.86ns)   --->   "%write_ln322 = write void @_ssdm_op_Write.ap_fifo.i11P0A, i11 %width_new_out, i11 %width_new_read" [src/ORB.cpp:322]   --->   Operation 17 'write' 'write_ln322' <Predicate = true> <Delay = 1.86> <CoreInst = "FIFO_SRL">   --->   Core 81 'FIFO_SRL' <Latency = 0> <II = 1> <Delay = 1.86> <Storage> <Opcode : 'read' 'write' 'nbread' 'nbwrite'> <Ports = 0> <Width = 11> <Depth = 5> <FIFO>
ST_1 : Operation 18 [1/1] (1.83ns)   --->   "%write_ln508 = write void @_ssdm_op_Write.ap_fifo.i11P0A, i11 %img_mat_rows_out, i11 %height_read" [vitis_library_vision_L1/include\common/xf_structs.hpp:508]   --->   Operation 18 'write' 'write_ln508' <Predicate = true> <Delay = 1.83> <CoreInst = "FIFO_SRL">   --->   Core 81 'FIFO_SRL' <Latency = 0> <II = 1> <Delay = 1.83> <Storage> <Opcode : 'read' 'write' 'nbread' 'nbwrite'> <Ports = 0> <Width = 11> <Depth = 2> <FIFO>
ST_1 : Operation 19 [1/1] (1.83ns)   --->   "%write_ln509 = write void @_ssdm_op_Write.ap_fifo.i11P0A, i11 %img_mat_cols_out, i11 %width_read" [vitis_library_vision_L1/include\common/xf_structs.hpp:509]   --->   Operation 19 'write' 'write_ln509' <Predicate = true> <Delay = 1.83> <CoreInst = "FIFO_SRL">   --->   Core 81 'FIFO_SRL' <Latency = 0> <II = 1> <Delay = 1.83> <Storage> <Opcode : 'read' 'write' 'nbread' 'nbwrite'> <Ports = 0> <Width = 11> <Depth = 2> <FIFO>
ST_1 : Operation 20 [1/1] (1.83ns)   --->   "%write_ln508 = write void @_ssdm_op_Write.ap_fifo.i11P0A, i11 %resized_mat_rows_out, i11 %height_new_read" [vitis_library_vision_L1/include\common/xf_structs.hpp:508]   --->   Operation 20 'write' 'write_ln508' <Predicate = true> <Delay = 1.83> <CoreInst = "FIFO_SRL">   --->   Core 81 'FIFO_SRL' <Latency = 0> <II = 1> <Delay = 1.83> <Storage> <Opcode : 'read' 'write' 'nbread' 'nbwrite'> <Ports = 0> <Width = 11> <Depth = 3> <FIFO>
ST_1 : Operation 21 [1/1] (1.83ns)   --->   "%write_ln509 = write void @_ssdm_op_Write.ap_fifo.i11P0A, i11 %resized_mat_cols_out, i11 %width_new_read" [vitis_library_vision_L1/include\common/xf_structs.hpp:509]   --->   Operation 21 'write' 'write_ln509' <Predicate = true> <Delay = 1.83> <CoreInst = "FIFO_SRL">   --->   Core 81 'FIFO_SRL' <Latency = 0> <II = 1> <Delay = 1.83> <Storage> <Opcode : 'read' 'write' 'nbread' 'nbwrite'> <Ports = 0> <Width = 11> <Depth = 3> <FIFO>
ST_1 : Operation 22 [1/1] (0.00ns)   --->   "%ret_ln322 = ret" [src/ORB.cpp:322]   --->   Operation 22 'ret' 'ret_ln322' <Predicate = true> <Delay = 0.00>


============================================================
+ Verbose Summary: Binding
============================================================
STG Binding: 
---------------- STG Properties BEGIN ----------------
- Is combinational: 0
- Is one-state seq: 1
- Is datapath-only: 0
- Is pipelined: 0
- Is top level: 0
Port [ Return ] is wired: 1; IO mode=ap_ctrl_hs:ce=0
Port [ height]:  wired=1; compound=1; hidden=0; nouse=0; global=0; static=0; extern=0; dir=0; type=3; pingpong=0; private_global=0; IO mode=ap_fifo:ce=0
Port [ width]:  wired=1; compound=1; hidden=0; nouse=0; global=0; static=0; extern=0; dir=0; type=3; pingpong=0; private_global=0; IO mode=ap_fifo:ce=0
Port [ height_new]:  wired=1; compound=1; hidden=0; nouse=0; global=0; static=0; extern=0; dir=0; type=3; pingpong=0; private_global=0; IO mode=ap_fifo:ce=0
Port [ width_new]:  wired=1; compound=1; hidden=0; nouse=0; global=0; static=0; extern=0; dir=0; type=3; pingpong=0; private_global=0; IO mode=ap_fifo:ce=0
Port [ img_mat_rows_out]:  wired=1; compound=1; hidden=0; nouse=0; global=0; static=0; extern=0; dir=1; type=3; pingpong=0; private_global=0; IO mode=ap_fifo:ce=0
Port [ img_mat_cols_out]:  wired=1; compound=1; hidden=0; nouse=0; global=0; static=0; extern=0; dir=1; type=3; pingpong=0; private_global=0; IO mode=ap_fifo:ce=0
Port [ height_new_out]:  wired=1; compound=1; hidden=0; nouse=0; global=0; static=0; extern=0; dir=1; type=3; pingpong=0; private_global=0; IO mode=ap_fifo:ce=0
Port [ resized_mat_rows_out]:  wired=1; compound=1; hidden=0; nouse=0; global=0; static=0; extern=0; dir=1; type=3; pingpong=0; private_global=0; IO mode=ap_fifo:ce=0
Port [ width_new_out]:  wired=1; compound=1; hidden=0; nouse=0; global=0; static=0; extern=0; dir=1; type=3; pingpong=0; private_global=0; IO mode=ap_fifo:ce=0
Port [ resized_mat_cols_out]:  wired=1; compound=1; hidden=0; nouse=0; global=0; static=0; extern=0; dir=1; type=3; pingpong=0; private_global=0; IO mode=ap_fifo:ce=0
---------------- STG Properties END ------------------

---------------- Datapath Model BEGIN ----------------

<LifeTime>
<method=bitvector/>
specinterface_ln0 (specinterface) [ 00]
specinterface_ln0 (specinterface) [ 00]
specinterface_ln0 (specinterface) [ 00]
specinterface_ln0 (specinterface) [ 00]
specinterface_ln0 (specinterface) [ 00]
specinterface_ln0 (specinterface) [ 00]
specinterface_ln0 (specinterface) [ 00]
specinterface_ln0 (specinterface) [ 00]
height_read       (read         ) [ 00]
width_read        (read         ) [ 00]
height_new_read   (read         ) [ 00]
width_new_read    (read         ) [ 00]
specinterface_ln0 (specinterface) [ 00]
write_ln322       (write        ) [ 00]
specinterface_ln0 (specinterface) [ 00]
write_ln322       (write        ) [ 00]
write_ln508       (write        ) [ 00]
write_ln509       (write        ) [ 00]
write_ln508       (write        ) [ 00]
write_ln509       (write        ) [ 00]
ret_ln322         (ret          ) [ 00]
</LifeTime>

<model>

<comp_list>
<comp id="0" class="1000" name="height">
<pin_list>
<pin id="1" dir="1" index="0" bw="1" slack="0"/>
</pin_list>
<bind>
<StgValue><ssdm name="height"/></StgValue>
</bind>
</comp>

<comp id="2" class="1000" name="width">
<pin_list>
<pin id="3" dir="1" index="0" bw="1" slack="0"/>
</pin_list>
<bind>
<StgValue><ssdm name="width"/></StgValue>
</bind>
</comp>

<comp id="4" class="1000" name="height_new">
<pin_list>
<pin id="5" dir="1" index="0" bw="1" slack="0"/>
</pin_list>
<bind>
<StgValue><ssdm name="height_new"/></StgValue>
</bind>
</comp>

<comp id="6" class="1000" name="width_new">
<pin_list>
<pin id="7" dir="1" index="0" bw="1" slack="0"/>
</pin_list>
<bind>
<StgValue><ssdm name="width_new"/></StgValue>
</bind>
</comp>

<comp id="8" class="1000" name="img_mat_rows_out">
<pin_list>
<pin id="9" dir="1" index="0" bw="1" slack="0"/>
</pin_list>
<bind>
<StgValue><ssdm name="img_mat_rows_out"/></StgValue>
</bind>
</comp>

<comp id="10" class="1000" name="img_mat_cols_out">
<pin_list>
<pin id="11" dir="1" index="0" bw="1" slack="0"/>
</pin_list>
<bind>
<StgValue><ssdm name="img_mat_cols_out"/></StgValue>
</bind>
</comp>

<comp id="12" class="1000" name="height_new_out">
<pin_list>
<pin id="13" dir="1" index="0" bw="1" slack="0"/>
</pin_list>
<bind>
<StgValue><ssdm name="height_new_out"/></StgValue>
</bind>
</comp>

<comp id="14" class="1000" name="resized_mat_rows_out">
<pin_list>
<pin id="15" dir="1" index="0" bw="1" slack="0"/>
</pin_list>
<bind>
<StgValue><ssdm name="resized_mat_rows_out"/></StgValue>
</bind>
</comp>

<comp id="16" class="1000" name="width_new_out">
<pin_list>
<pin id="17" dir="1" index="0" bw="1" slack="0"/>
</pin_list>
<bind>
<StgValue><ssdm name="width_new_out"/></StgValue>
</bind>
</comp>

<comp id="18" class="1000" name="resized_mat_cols_out">
<pin_list>
<pin id="19" dir="1" index="0" bw="1" slack="0"/>
</pin_list>
<bind>
<StgValue><ssdm name="resized_mat_cols_out"/></StgValue>
</bind>
</comp>

<comp id="20" class="1001" name="const_20">
<pin_list>
<pin id="21" dir="1" index="0" bw="1" slack="2147483647"/>
</pin_list>
<bind>
<StgValue><ssdm name="_ssdm_op_SpecInterface"/></StgValue>
</bind>
</comp>

<comp id="22" class="1001" name="const_22">
<pin_list>
<pin id="23" dir="1" index="0" bw="1" slack="2147483647"/>
</pin_list>
<bind>
<StgValue><ssdm name="ap_fifo_str"/></StgValue>
</bind>
</comp>

<comp id="24" class="1001" name="const_24">
<pin_list>
<pin id="25" dir="1" index="0" bw="1" slack="2147483647"/>
</pin_list>
<bind>
<StgValue><ssdm name=""/></StgValue>
</bind>
</comp>

<comp id="26" class="1001" name="const_26">
<pin_list>
<pin id="27" dir="1" index="0" bw="1" slack="2147483647"/>
</pin_list>
<bind>
<StgValue><ssdm name="p_str"/></StgValue>
</bind>
</comp>

<comp id="28" class="1001" name="const_28">
<pin_list>
<pin id="29" dir="1" index="0" bw="1" slack="2147483647"/>
</pin_list>
<bind>
<StgValue><ssdm name=""/></StgValue>
</bind>
</comp>

<comp id="30" class="1001" name="const_30">
<pin_list>
<pin id="31" dir="1" index="0" bw="1" slack="2147483647"/>
</pin_list>
<bind>
<StgValue><ssdm name=""/></StgValue>
</bind>
</comp>

<comp id="32" class="1001" name="const_32">
<pin_list>
<pin id="33" dir="1" index="0" bw="1" slack="2147483647"/>
</pin_list>
<bind>
<StgValue><ssdm name="ScalarProp_str"/></StgValue>
</bind>
</comp>

<comp id="34" class="1001" name="const_34">
<pin_list>
<pin id="35" dir="1" index="0" bw="1" slack="0"/>
</pin_list>
<bind>
<StgValue><ssdm name="_ssdm_op_Read.ap_fifo.i11P0A"/></StgValue>
</bind>
</comp>

<comp id="36" class="1001" name="const_36">
<pin_list>
<pin id="37" dir="1" index="0" bw="1" slack="0"/>
</pin_list>
<bind>
<StgValue><ssdm name="_ssdm_op_Write.ap_fifo.i11P0A"/></StgValue>
</bind>
</comp>

<comp id="38" class="1004" name="height_read_read_fu_38">
<pin_list>
<pin id="39" dir="0" index="0" bw="11" slack="0"/>
<pin id="40" dir="0" index="1" bw="11" slack="0"/>
<pin id="41" dir="1" index="2" bw="11" slack="0"/>
</pin_list>
<bind>
<opcode="read(1150) " fcode="read"/>
<opset="height_read/1 "/>
</bind>
</comp>

<comp id="44" class="1004" name="width_read_read_fu_44">
<pin_list>
<pin id="45" dir="0" index="0" bw="11" slack="0"/>
<pin id="46" dir="0" index="1" bw="11" slack="0"/>
<pin id="47" dir="1" index="2" bw="11" slack="0"/>
</pin_list>
<bind>
<opcode="read(1150) " fcode="read"/>
<opset="width_read/1 "/>
</bind>
</comp>

<comp id="50" class="1004" name="height_new_read_read_fu_50">
<pin_list>
<pin id="51" dir="0" index="0" bw="11" slack="0"/>
<pin id="52" dir="0" index="1" bw="11" slack="0"/>
<pin id="53" dir="1" index="2" bw="11" slack="0"/>
</pin_list>
<bind>
<opcode="read(1150) " fcode="read"/>
<opset="height_new_read/1 "/>
</bind>
</comp>

<comp id="56" class="1004" name="width_new_read_read_fu_56">
<pin_list>
<pin id="57" dir="0" index="0" bw="11" slack="0"/>
<pin id="58" dir="0" index="1" bw="11" slack="0"/>
<pin id="59" dir="1" index="2" bw="11" slack="0"/>
</pin_list>
<bind>
<opcode="read(1150) " fcode="read"/>
<opset="width_new_read/1 "/>
</bind>
</comp>

<comp id="62" class="1004" name="write_ln322_write_fu_62">
<pin_list>
<pin id="63" dir="0" index="0" bw="0" slack="0"/>
<pin id="64" dir="0" index="1" bw="11" slack="0"/>
<pin id="65" dir="0" index="2" bw="11" slack="0"/>
<pin id="66" dir="1" index="3" bw="0" slack="2147483647"/>
</pin_list>
<bind>
<opcode="write(1151) " fcode="write"/>
<opset="write_ln322/1 "/>
</bind>
</comp>

<comp id="70" class="1004" name="write_ln322_write_fu_70">
<pin_list>
<pin id="71" dir="0" index="0" bw="0" slack="0"/>
<pin id="72" dir="0" index="1" bw="11" slack="0"/>
<pin id="73" dir="0" index="2" bw="11" slack="0"/>
<pin id="74" dir="1" index="3" bw="0" slack="2147483647"/>
</pin_list>
<bind>
<opcode="write(1151) " fcode="write"/>
<opset="write_ln322/1 "/>
</bind>
</comp>

<comp id="78" class="1004" name="write_ln508_write_fu_78">
<pin_list>
<pin id="79" dir="0" index="0" bw="0" slack="0"/>
<pin id="80" dir="0" index="1" bw="11" slack="0"/>
<pin id="81" dir="0" index="2" bw="11" slack="0"/>
<pin id="82" dir="1" index="3" bw="0" slack="2147483647"/>
</pin_list>
<bind>
<opcode="write(1151) " fcode="write"/>
<opset="write_ln508/1 "/>
</bind>
</comp>

<comp id="86" class="1004" name="write_ln509_write_fu_86">
<pin_list>
<pin id="87" dir="0" index="0" bw="0" slack="0"/>
<pin id="88" dir="0" index="1" bw="11" slack="0"/>
<pin id="89" dir="0" index="2" bw="11" slack="0"/>
<pin id="90" dir="1" index="3" bw="0" slack="2147483647"/>
</pin_list>
<bind>
<opcode="write(1151) " fcode="write"/>
<opset="write_ln509/1 "/>
</bind>
</comp>

<comp id="94" class="1004" name="write_ln508_write_fu_94">
<pin_list>
<pin id="95" dir="0" index="0" bw="0" slack="0"/>
<pin id="96" dir="0" index="1" bw="11" slack="0"/>
<pin id="97" dir="0" index="2" bw="11" slack="0"/>
<pin id="98" dir="1" index="3" bw="0" slack="2147483647"/>
</pin_list>
<bind>
<opcode="write(1151) " fcode="write"/>
<opset="write_ln508/1 "/>
</bind>
</comp>

<comp id="102" class="1004" name="write_ln509_write_fu_102">
<pin_list>
<pin id="103" dir="0" index="0" bw="0" slack="0"/>
<pin id="104" dir="0" index="1" bw="11" slack="0"/>
<pin id="105" dir="0" index="2" bw="11" slack="0"/>
<pin id="106" dir="1" index="3" bw="0" slack="2147483647"/>
</pin_list>
<bind>
<opcode="write(1151) " fcode="write"/>
<opset="write_ln509/1 "/>
</bind>
</comp>

</comp_list>

<net_list>
<net id="42"><net_src comp="34" pin="0"/><net_sink comp="38" pin=0"/></net>

<net id="43"><net_src comp="0" pin="0"/><net_sink comp="38" pin=1"/></net>

<net id="48"><net_src comp="34" pin="0"/><net_sink comp="44" pin=0"/></net>

<net id="49"><net_src comp="2" pin="0"/><net_sink comp="44" pin=1"/></net>

<net id="54"><net_src comp="34" pin="0"/><net_sink comp="50" pin=0"/></net>

<net id="55"><net_src comp="4" pin="0"/><net_sink comp="50" pin=1"/></net>

<net id="60"><net_src comp="34" pin="0"/><net_sink comp="56" pin=0"/></net>

<net id="61"><net_src comp="6" pin="0"/><net_sink comp="56" pin=1"/></net>

<net id="67"><net_src comp="36" pin="0"/><net_sink comp="62" pin=0"/></net>

<net id="68"><net_src comp="12" pin="0"/><net_sink comp="62" pin=1"/></net>

<net id="69"><net_src comp="50" pin="2"/><net_sink comp="62" pin=2"/></net>

<net id="75"><net_src comp="36" pin="0"/><net_sink comp="70" pin=0"/></net>

<net id="76"><net_src comp="16" pin="0"/><net_sink comp="70" pin=1"/></net>

<net id="77"><net_src comp="56" pin="2"/><net_sink comp="70" pin=2"/></net>

<net id="83"><net_src comp="36" pin="0"/><net_sink comp="78" pin=0"/></net>

<net id="84"><net_src comp="8" pin="0"/><net_sink comp="78" pin=1"/></net>

<net id="85"><net_src comp="38" pin="2"/><net_sink comp="78" pin=2"/></net>

<net id="91"><net_src comp="36" pin="0"/><net_sink comp="86" pin=0"/></net>

<net id="92"><net_src comp="10" pin="0"/><net_sink comp="86" pin=1"/></net>

<net id="93"><net_src comp="44" pin="2"/><net_sink comp="86" pin=2"/></net>

<net id="99"><net_src comp="36" pin="0"/><net_sink comp="94" pin=0"/></net>

<net id="100"><net_src comp="14" pin="0"/><net_sink comp="94" pin=1"/></net>

<net id="101"><net_src comp="50" pin="2"/><net_sink comp="94" pin=2"/></net>

<net id="107"><net_src comp="36" pin="0"/><net_sink comp="102" pin=0"/></net>

<net id="108"><net_src comp="18" pin="0"/><net_sink comp="102" pin=1"/></net>

<net id="109"><net_src comp="56" pin="2"/><net_sink comp="102" pin=2"/></net>

</net_list>

</model> 
---------------- Datapath Model END ------------------

* FSMD analyzer results:
  - Output states:
	Port: img_mat_rows_out | {1 }
	Port: img_mat_cols_out | {1 }
	Port: height_new_out | {1 }
	Port: resized_mat_rows_out | {1 }
	Port: width_new_out | {1 }
	Port: resized_mat_cols_out | {1 }
 - Input state : 
	Port: process_ORB<8, 0, 1080, 1920, 1>_Block_.split1_proc : height | {1 }
	Port: process_ORB<8, 0, 1080, 1920, 1>_Block_.split1_proc : width | {1 }
	Port: process_ORB<8, 0, 1080, 1920, 1>_Block_.split1_proc : height_new | {1 }
	Port: process_ORB<8, 0, 1080, 1920, 1>_Block_.split1_proc : width_new | {1 }
	Port: process_ORB<8, 0, 1080, 1920, 1>_Block_.split1_proc : img_mat_rows_out | {}
	Port: process_ORB<8, 0, 1080, 1920, 1>_Block_.split1_proc : img_mat_cols_out | {}
	Port: process_ORB<8, 0, 1080, 1920, 1>_Block_.split1_proc : height_new_out | {}
	Port: process_ORB<8, 0, 1080, 1920, 1>_Block_.split1_proc : resized_mat_rows_out | {}
	Port: process_ORB<8, 0, 1080, 1920, 1>_Block_.split1_proc : width_new_out | {}
	Port: process_ORB<8, 0, 1080, 1920, 1>_Block_.split1_proc : resized_mat_cols_out | {}
  - Chain level:
	State 1


============================================================
+ Verbose Summary: Datapath Resource usage 
============================================================

* Functional unit list:
|----------|----------------------------|
| Operation|       Functional Unit      |
|----------|----------------------------|
|          |   height_read_read_fu_38   |
|   read   |    width_read_read_fu_44   |
|          | height_new_read_read_fu_50 |
|          |  width_new_read_read_fu_56 |
|----------|----------------------------|
|          |   write_ln322_write_fu_62  |
|          |   write_ln322_write_fu_70  |
|   write  |   write_ln508_write_fu_78  |
|          |   write_ln509_write_fu_86  |
|          |   write_ln508_write_fu_94  |
|          |  write_ln509_write_fu_102  |
|----------|----------------------------|
|   Total  |                            |
|----------|----------------------------|

Memories:
N/A

* Register list:
N/A

* Multiplexer (MUX) list: 
|--------|------|------|------|--------|
|  Comp  |  Pin | Size |  BW  | S x BW |
|--------|------|------|------|--------|
|  Total |      |      |      |    0   |
|--------|------|------|------|--------|



* Summary:
+-----------+
|           |
+-----------+
|  Function |
|   Memory  |
|Multiplexer|
|  Register |
+-----------+
|   Total   |
+-----------+
