

================================================================
== Vitis HLS Report for 'process_input_8_0_1080_1920_1_s'
================================================================
* Date:           Wed Jan 17 16:58:40 2024

* Version:        2020.2 (Build 3064766 on Wed Nov 18 09:12:45 MST 2020)
* Project:        hls_project
* Solution:       solution1 (Vivado IP Flow Target)
* Product family: zynquplus
* Target device:  xczu7ev-ffvc1156-2-e


================================================================
== Performance Estimates
================================================================
+ Timing: 
    * Summary: 
    +--------+----------+----------+------------+
    |  Clock |  Target  | Estimated| Uncertainty|
    +--------+----------+----------+------------+
    |ap_clk  |  10.00 ns|  2.373 ns|     2.70 ns|
    +--------+----------+----------+------------+

+ Latency: 
    * Summary: 
    +---------+---------+----------+----------+-----+-----+---------+
    |  Latency (cycles) |  Latency (absolute) |  Interval | Pipeline|
    |   min   |   max   |    min   |    max   | min | max |   Type  |
    +---------+---------+----------+----------+-----+-----+---------+
    |        ?|        ?|         ?|         ?|    ?|    ?|     none|
    +---------+---------+----------+----------+-----+-----+---------+

    + Detail: 
        * Instance: 
        N/A

        * Loop: 
        +-------------------+---------+---------+----------+-----------+-----------+------+----------+
        |                   |  Latency (cycles) | Iteration|  Initiation Interval  | Trip |          |
        |     Loop Name     |   min   |   max   |  Latency |  achieved |   target  | Count| Pipelined|
        +-------------------+---------+---------+----------+-----------+-----------+------+----------+
        |- VITIS_LOOP_64_1  |        ?|        ?|         2|          1|          1|     ?|       yes|
        +-------------------+---------+---------+----------+-----------+-----------+------+----------+



================================================================
== Utilization Estimates
================================================================
* Summary: 
+-----------------+---------+------+--------+--------+-----+
|       Name      | BRAM_18K|  DSP |   FF   |   LUT  | URAM|
+-----------------+---------+------+--------+--------+-----+
|DSP              |        -|     1|       -|       -|    -|
|Expression       |        -|     -|       0|      56|    -|
|FIFO             |        -|     -|       -|       -|    -|
|Instance         |        -|     -|       -|       -|    -|
|Memory           |        -|     -|       -|       -|    -|
|Multiplexer      |        -|     -|       -|     105|    -|
|Register         |        -|     -|      62|       -|    -|
+-----------------+---------+------+--------+--------+-----+
|Total            |        0|     1|      62|     161|    0|
+-----------------+---------+------+--------+--------+-----+
|Available        |      624|  1728|  460800|  230400|   96|
+-----------------+---------+------+--------+--------+-----+
|Utilization (%)  |        0|    ~0|      ~0|      ~0|    0|
+-----------------+---------+------+--------+--------+-----+

+ Detail: 
    * Instance: 
    N/A

    * DSP: 
    +------------------------------+--------------------------+-----------+
    |           Instance           |          Module          | Expression|
    +------------------------------+--------------------------+-----------+
    |mul_mul_11ns_11ns_22_4_1_U23  |mul_mul_11ns_11ns_22_4_1  |    i0 * i1|
    +------------------------------+--------------------------+-----------+

    * Memory: 
    N/A

    * FIFO: 
    N/A

    * Expression: 
    +----------------------------------+----------+----+---+----+------------+------------+
    |           Variable Name          | Operation| DSP| FF| LUT| Bitwidth P0| Bitwidth P1|
    +----------------------------------+----------+----+---+----+------------+------------+
    |i_8_fu_122_p2                     |         +|   0|  0|  29|          22|           1|
    |ap_block_state5_pp0_stage0_iter0  |       and|   0|  0|   2|           1|           1|
    |ap_block_state6_pp0_stage0_iter1  |       and|   0|  0|   2|           1|           1|
    |icmp_ln64_fu_128_p2               |      icmp|   0|  0|  15|          22|          22|
    |ap_block_pp0_stage0_01001         |        or|   0|  0|   2|           1|           1|
    |ap_block_state1                   |        or|   0|  0|   2|           1|           1|
    |ap_enable_pp0                     |       xor|   0|  0|   2|           1|           2|
    |ap_enable_reg_pp0_iter1           |       xor|   0|  0|   2|           2|           1|
    +----------------------------------+----------+----+---+----+------------+------------+
    |Total                             |          |   0|  0|  56|          51|          30|
    +----------------------------------+----------+----+---+----+------------+------------+

    * Multiplexer: 
    +-------------------------+----+-----------+-----+-----------+
    |           Name          | LUT| Input Size| Bits| Total Bits|
    +-------------------------+----+-----------+-----+-----------+
    |ap_NS_fsm                |  37|          7|    1|          7|
    |ap_done                  |   9|          2|    1|          2|
    |ap_enable_reg_pp0_iter1  |  14|          3|    1|          3|
    |dst_blk_n                |   9|          2|    1|          2|
    |height_blk_n             |   9|          2|    1|          2|
    |i_reg_103                |   9|          2|   22|         44|
    |src_TDATA_blk_n          |   9|          2|    1|          2|
    |width_blk_n              |   9|          2|    1|          2|
    +-------------------------+----+-----------+-----+-----------+
    |Total                    | 105|         22|   29|         64|
    +-------------------------+----+-----------+-----+-----------+

    * Register: 
    +-------------------------+----+----+-----+-----------+
    |           Name          | FF | LUT| Bits| Const Bits|
    +-------------------------+----+----+-----+-----------+
    |ap_CS_fsm                |   6|   0|    6|          0|
    |ap_done_reg              |   1|   0|    1|          0|
    |ap_enable_reg_pp0_iter0  |   1|   0|    1|          0|
    |ap_enable_reg_pp0_iter1  |   1|   0|    1|          0|
    |din_assign_reg_167       |   8|   0|    8|          0|
    |i_reg_103                |  22|   0|   22|          0|
    |icmp_ln64_reg_163        |   1|   0|    1|          0|
    |mul_ln64_reg_153         |  22|   0|   22|          0|
    +-------------------------+----+----+-----+-----------+
    |Total                    |  62|   0|   62|          0|
    +-------------------------+----+----+-----+-----------+



================================================================
== Interface
================================================================
* Summary: 
+----------------+-----+-----+------------+------------------------------------+--------------+
|    RTL Ports   | Dir | Bits|  Protocol  |            Source Object           |    C Type    |
+----------------+-----+-----+------------+------------------------------------+--------------+
|ap_clk          |   in|    1|  ap_ctrl_hs|  process_input<8, 0, 1080, 1920, 1>|  return value|
|ap_rst          |   in|    1|  ap_ctrl_hs|  process_input<8, 0, 1080, 1920, 1>|  return value|
|ap_start        |   in|    1|  ap_ctrl_hs|  process_input<8, 0, 1080, 1920, 1>|  return value|
|ap_done         |  out|    1|  ap_ctrl_hs|  process_input<8, 0, 1080, 1920, 1>|  return value|
|ap_continue     |   in|    1|  ap_ctrl_hs|  process_input<8, 0, 1080, 1920, 1>|  return value|
|ap_idle         |  out|    1|  ap_ctrl_hs|  process_input<8, 0, 1080, 1920, 1>|  return value|
|ap_ready        |  out|    1|  ap_ctrl_hs|  process_input<8, 0, 1080, 1920, 1>|  return value|
|dst_din         |  out|    8|     ap_fifo|                                 dst|       pointer|
|dst_full_n      |   in|    1|     ap_fifo|                                 dst|       pointer|
|dst_write       |  out|    1|     ap_fifo|                                 dst|       pointer|
|src_TDATA       |   in|    8|        axis|                        src_V_data_V|       pointer|
|src_TVALID      |   in|    1|        axis|                        src_V_data_V|       pointer|
|src_TREADY      |  out|    1|        axis|                        src_V_dest_V|       pointer|
|src_TDEST       |   in|    1|        axis|                        src_V_dest_V|       pointer|
|src_TKEEP       |   in|    1|        axis|                        src_V_keep_V|       pointer|
|src_TSTRB       |   in|    1|        axis|                        src_V_strb_V|       pointer|
|src_TUSER       |   in|    1|        axis|                        src_V_user_V|       pointer|
|src_TLAST       |   in|    1|        axis|                        src_V_last_V|       pointer|
|src_TID         |   in|    1|        axis|                          src_V_id_V|       pointer|
|height_dout     |   in|   11|     ap_fifo|                              height|       pointer|
|height_empty_n  |   in|    1|     ap_fifo|                              height|       pointer|
|height_read     |  out|    1|     ap_fifo|                              height|       pointer|
|width_dout      |   in|   11|     ap_fifo|                               width|       pointer|
|width_empty_n   |   in|    1|     ap_fifo|                               width|       pointer|
|width_read      |  out|    1|     ap_fifo|                               width|       pointer|
+----------------+-----+-----+------------+------------------------------------+--------------+

============================================================
+ Verbose Summary: Synthesis Manager
============================================================
InlineROM: 1
ExposeGlobal: 0
============================================================
+ Verbose Summary: CDFG Model
============================================================
IsTopModel: 0
ResetActiveHigh: 1
IsCombinational: 2
IsDatapathOnly: 0
HasWiredReturn: 1
HasMFsm: 0
HasVarLatency: 1
IsPipeline: 0
IsRtlPipelined: 0
IsInstanceOverlapped: 0
IsDontTouch: 0
HasImplIP: 0
IsGatedGlobalClock: 0

+ Individual pipeline summary: 
  * Pipeline-0: initiation interval (II) = 1, depth = 2


============================================================
+ Verbose Summary: Schedule
============================================================
* Number of FSM states : 7
* Pipeline : 1
  Pipeline-0 : II = 1, D = 2, States = { 5 6 }
* Dataflow Pipeline: 0

* FSM state transitions: 
1 --> 2 
2 --> 3 
3 --> 4 
4 --> 5 
5 --> 7 6 
6 --> 5 
7 --> 

* FSM state operations: 

State 1 <SV = 0> <Delay = 2.37>
ST_1 : Operation 8 [1/1] (1.83ns)   --->   "%height_read = read i11 @_ssdm_op_Read.ap_fifo.i11P0A, i11 %height" [src/ORB.cpp:61]   --->   Operation 8 'read' 'height_read' <Predicate = true> <Delay = 1.83> <CoreInst = "FIFO_SRL">   --->   Core 81 'FIFO_SRL' <Latency = 0> <II = 1> <Delay = 1.83> <Storage> <Opcode : 'read' 'write' 'nbread' 'nbwrite'> <Ports = 0> <Width = 11> <Depth = 2> <FIFO>
ST_1 : Operation 9 [1/1] (1.83ns)   --->   "%width_read = read i11 @_ssdm_op_Read.ap_fifo.i11P0A, i11 %width" [src/ORB.cpp:62]   --->   Operation 9 'read' 'width_read' <Predicate = true> <Delay = 1.83> <CoreInst = "FIFO_SRL">   --->   Core 81 'FIFO_SRL' <Latency = 0> <II = 1> <Delay = 1.83> <Storage> <Opcode : 'read' 'write' 'nbread' 'nbwrite'> <Ports = 0> <Width = 11> <Depth = 2> <FIFO>
ST_1 : Operation 10 [1/1] (0.00ns)   --->   "%width_assign_cast = zext i11 %width_read" [src/ORB.cpp:62]   --->   Operation 10 'zext' 'width_assign_cast' <Predicate = true> <Delay = 0.00>
ST_1 : Operation 11 [1/1] (0.00ns)   --->   "%height_assign_cast = zext i11 %height_read" [src/ORB.cpp:61]   --->   Operation 11 'zext' 'height_assign_cast' <Predicate = true> <Delay = 0.00>
ST_1 : Operation 12 [4/4] (0.53ns) (root node of the DSP)   --->   "%mul_ln64 = mul i22 %width_assign_cast, i22 %height_assign_cast" [src/ORB.cpp:64]   --->   Operation 12 'mul' 'mul_ln64' <Predicate = true> <Delay = 0.53> <CoreInst = "DSP48">   --->   Core 127 'DSP48' <Latency = 3> <II = 1> <Delay = 0.53> <IPBlock> <Opcode : 'mul' 'add' 'sub' 'select'> <InPorts = 0> <OutPorts = 1> <Sync> <CReg>

State 2 <SV = 1> <Delay = 0.53>
ST_2 : Operation 13 [3/4] (0.53ns) (root node of the DSP)   --->   "%mul_ln64 = mul i22 %width_assign_cast, i22 %height_assign_cast" [src/ORB.cpp:64]   --->   Operation 13 'mul' 'mul_ln64' <Predicate = true> <Delay = 0.53> <CoreInst = "DSP48">   --->   Core 127 'DSP48' <Latency = 3> <II = 1> <Delay = 0.53> <IPBlock> <Opcode : 'mul' 'add' 'sub' 'select'> <InPorts = 0> <OutPorts = 1> <Sync> <CReg>

State 3 <SV = 2> <Delay = 0.53>
ST_3 : Operation 14 [2/4] (0.53ns) (root node of the DSP)   --->   "%mul_ln64 = mul i22 %width_assign_cast, i22 %height_assign_cast" [src/ORB.cpp:64]   --->   Operation 14 'mul' 'mul_ln64' <Predicate = true> <Delay = 0.53> <CoreInst = "DSP48">   --->   Core 127 'DSP48' <Latency = 3> <II = 1> <Delay = 0.53> <IPBlock> <Opcode : 'mul' 'add' 'sub' 'select'> <InPorts = 0> <OutPorts = 1> <Sync> <CReg>

State 4 <SV = 3> <Delay = 0.42>
ST_4 : Operation 15 [1/1] (0.00ns)   --->   "%specinterface_ln0 = specinterface void @_ssdm_op_SpecInterface, i8 %dst, void @empty_28, i32 0, i32 0, void @empty_26, i32 0, i32 0, void @empty_26, void @empty_26, void @empty_26, i32 0, i32 0, i32 0, i32 0, void @empty_26, void @empty_26"   --->   Operation 15 'specinterface' 'specinterface_ln0' <Predicate = true> <Delay = 0.00>
ST_4 : Operation 16 [1/1] (0.00ns)   --->   "%specinterface_ln0 = specinterface void @_ssdm_op_SpecInterface, i8 %src_V_data_V, i1 %src_V_keep_V, i1 %src_V_strb_V, i1 %src_V_user_V, i1 %src_V_last_V, i1 %src_V_id_V, i1 %src_V_dest_V, void @empty_6, i32 0, i32 0, void @empty_5, i32 0, i32 4800, void @empty_26, void @empty_26, void @empty_26, i32 0, i32 0, i32 0, i32 0, void @empty_26, void @empty_26"   --->   Operation 16 'specinterface' 'specinterface_ln0' <Predicate = true> <Delay = 0.00>
ST_4 : Operation 17 [1/1] (0.00ns)   --->   "%specinterface_ln0 = specinterface void @_ssdm_op_SpecInterface, i8 %src_V_data_V, i1 %src_V_keep_V, i1 %src_V_strb_V, i1 %src_V_user_V, i1 %src_V_last_V, i1 %src_V_id_V, i1 %src_V_dest_V, void @empty_6, i32 0, i32 0, void @empty_5, i32 0, i32 4800, void @empty_26, void @empty_26, void @empty_26, i32 0, i32 0, i32 0, i32 0, void @empty_26, void @empty_26"   --->   Operation 17 'specinterface' 'specinterface_ln0' <Predicate = true> <Delay = 0.00>
ST_4 : Operation 18 [1/1] (0.00ns)   --->   "%specinterface_ln0 = specinterface void @_ssdm_op_SpecInterface, i8 %src_V_data_V, i1 %src_V_keep_V, i1 %src_V_strb_V, i1 %src_V_user_V, i1 %src_V_last_V, i1 %src_V_id_V, i1 %src_V_dest_V, void @empty_6, i32 0, i32 0, void @empty_5, i32 0, i32 4800, void @empty_26, void @empty_26, void @empty_26, i32 0, i32 0, i32 0, i32 0, void @empty_26, void @empty_26"   --->   Operation 18 'specinterface' 'specinterface_ln0' <Predicate = true> <Delay = 0.00>
ST_4 : Operation 19 [1/1] (0.00ns)   --->   "%specinterface_ln0 = specinterface void @_ssdm_op_SpecInterface, i8 %src_V_data_V, i1 %src_V_keep_V, i1 %src_V_strb_V, i1 %src_V_user_V, i1 %src_V_last_V, i1 %src_V_id_V, i1 %src_V_dest_V, void @empty_6, i32 0, i32 0, void @empty_5, i32 0, i32 4800, void @empty_26, void @empty_26, void @empty_26, i32 0, i32 0, i32 0, i32 0, void @empty_26, void @empty_26"   --->   Operation 19 'specinterface' 'specinterface_ln0' <Predicate = true> <Delay = 0.00>
ST_4 : Operation 20 [1/1] (0.00ns)   --->   "%specinterface_ln0 = specinterface void @_ssdm_op_SpecInterface, i8 %src_V_data_V, i1 %src_V_keep_V, i1 %src_V_strb_V, i1 %src_V_user_V, i1 %src_V_last_V, i1 %src_V_id_V, i1 %src_V_dest_V, void @empty_6, i32 0, i32 0, void @empty_5, i32 0, i32 4800, void @empty_26, void @empty_26, void @empty_26, i32 0, i32 0, i32 0, i32 0, void @empty_26, void @empty_26"   --->   Operation 20 'specinterface' 'specinterface_ln0' <Predicate = true> <Delay = 0.00>
ST_4 : Operation 21 [1/1] (0.00ns)   --->   "%specinterface_ln0 = specinterface void @_ssdm_op_SpecInterface, i8 %src_V_data_V, i1 %src_V_keep_V, i1 %src_V_strb_V, i1 %src_V_user_V, i1 %src_V_last_V, i1 %src_V_id_V, i1 %src_V_dest_V, void @empty_6, i32 0, i32 0, void @empty_5, i32 0, i32 4800, void @empty_26, void @empty_26, void @empty_26, i32 0, i32 0, i32 0, i32 0, void @empty_26, void @empty_26"   --->   Operation 21 'specinterface' 'specinterface_ln0' <Predicate = true> <Delay = 0.00>
ST_4 : Operation 22 [1/1] (0.00ns)   --->   "%specinterface_ln0 = specinterface void @_ssdm_op_SpecInterface, i8 %src_V_data_V, i1 %src_V_keep_V, i1 %src_V_strb_V, i1 %src_V_user_V, i1 %src_V_last_V, i1 %src_V_id_V, i1 %src_V_dest_V, void @empty_6, i32 0, i32 0, void @empty_5, i32 0, i32 4800, void @empty_26, void @empty_26, void @empty_26, i32 0, i32 0, i32 0, i32 0, void @empty_26, void @empty_26"   --->   Operation 22 'specinterface' 'specinterface_ln0' <Predicate = true> <Delay = 0.00>
ST_4 : Operation 23 [1/1] (0.00ns)   --->   "%specinterface_ln0 = specinterface void @_ssdm_op_SpecInterface, i11 %width, void @ap_fifo_str, i32 0, i32 0, void @p_str, i32 0, i32 0, void @p_str, void @p_str, void @p_str, i32 2, i32 2, i32 16, i32 16, void @p_str, void @ScalarProp_str"   --->   Operation 23 'specinterface' 'specinterface_ln0' <Predicate = true> <Delay = 0.00>
ST_4 : Operation 24 [1/1] (0.00ns)   --->   "%specinterface_ln0 = specinterface void @_ssdm_op_SpecInterface, i11 %height, void @ap_fifo_str, i32 0, i32 0, void @p_str, i32 0, i32 0, void @p_str, void @p_str, void @p_str, i32 2, i32 2, i32 16, i32 16, void @p_str, void @ScalarProp_str"   --->   Operation 24 'specinterface' 'specinterface_ln0' <Predicate = true> <Delay = 0.00>
ST_4 : Operation 25 [1/1] (0.00ns)   --->   "%specinterface_ln0 = specinterface void @_ssdm_op_SpecInterface, i8 %dst, void @empty_28, i32 0, i32 0, void @empty_26, i32 0, i32 0, void @empty_26, void @empty_26, void @empty_26, i32 0, i32 0, i32 0, i32 0, void @empty_26, void @empty_26"   --->   Operation 25 'specinterface' 'specinterface_ln0' <Predicate = true> <Delay = 0.00>
ST_4 : Operation 26 [1/1] (0.00ns)   --->   "%specinterface_ln0 = specinterface void @_ssdm_op_SpecInterface, i8 %src_V_data_V, i1 %src_V_keep_V, i1 %src_V_strb_V, i1 %src_V_user_V, i1 %src_V_last_V, i1 %src_V_id_V, i1 %src_V_dest_V, void @empty_6, i32 0, i32 0, void @empty_5, i32 0, i32 4800, void @empty_26, void @empty_26, void @empty_26, i32 0, i32 0, i32 0, i32 0, void @empty_26, void @empty_26"   --->   Operation 26 'specinterface' 'specinterface_ln0' <Predicate = true> <Delay = 0.00>
ST_4 : Operation 27 [1/4] (0.00ns) (root node of the DSP)   --->   "%mul_ln64 = mul i22 %width_assign_cast, i22 %height_assign_cast" [src/ORB.cpp:64]   --->   Operation 27 'mul' 'mul_ln64' <Predicate = true> <Delay = 0.00> <CoreInst = "DSP48">   --->   Core 127 'DSP48' <Latency = 3> <II = 1> <Delay = 0.53> <IPBlock> <Opcode : 'mul' 'add' 'sub' 'select'> <InPorts = 0> <OutPorts = 1> <Sync> <CReg>
ST_4 : Operation 28 [1/1] (0.42ns)   --->   "%br_ln64 = br void" [src/ORB.cpp:64]   --->   Operation 28 'br' 'br_ln64' <Predicate = true> <Delay = 0.42>

State 5 <SV = 4> <Delay = 1.06>
ST_5 : Operation 29 [1/1] (0.00ns)   --->   "%i = phi i22 0, void %entry, i22 %i_8, void %.split.i"   --->   Operation 29 'phi' 'i' <Predicate = true> <Delay = 0.00>
ST_5 : Operation 30 [1/1] (0.91ns)   --->   "%i_8 = add i22 %i, i22 1" [src/ORB.cpp:64]   --->   Operation 30 'add' 'i_8' <Predicate = true> <Delay = 0.91> <CoreInst = "Adder">   --->   Core 1 'Adder' <Latency = 0> <II = 1> <Delay = 0.91> <FuncUnit> <Opcode : 'add' 'sub'> <InPorts = 2> <OutPorts = 1>
ST_5 : Operation 31 [1/1] (0.00ns)   --->   "%specpipeline_ln0 = specpipeline void @_ssdm_op_SpecPipeline, i32 4294967295, i32 0, i32 1, i32 0, void @p_str26"   --->   Operation 31 'specpipeline' 'specpipeline_ln0' <Predicate = true> <Delay = 0.00>
ST_5 : Operation 32 [1/1] (1.06ns)   --->   "%icmp_ln64 = icmp_eq  i22 %i, i22 %mul_ln64" [src/ORB.cpp:64]   --->   Operation 32 'icmp' 'icmp_ln64' <Predicate = true> <Delay = 1.06> <CoreInst = "Cmp">   --->   Core 9 'Cmp' <Latency = 0> <II = 1> <Delay = 1.06> <FuncUnit> <Opcode : 'icmp'> <InPorts = 2> <OutPorts = 1>
ST_5 : Operation 33 [1/1] (0.00ns)   --->   "%br_ln64 = br i1 %icmp_ln64, void %.split.i, void %.exit" [src/ORB.cpp:64]   --->   Operation 33 'br' 'br_ln64' <Predicate = true> <Delay = 0.00>
ST_5 : Operation 34 [1/1] (0.00ns)   --->   "%empty = read i14 @_ssdm_op_Read.axis.volatile.i8P0A.i1P0A.i1P0A.i1P0A.i1P0A.i1P0A.i1P0A, i8 %src_V_data_V, i1 %src_V_keep_V, i1 %src_V_strb_V, i1 %src_V_user_V, i1 %src_V_last_V, i1 %src_V_id_V, i1 %src_V_dest_V"   --->   Operation 34 'read' 'empty' <Predicate = (!icmp_ln64)> <Delay = 0.00> <CoreInst = "axis">   --->   Core 123 'axis' <Latency = 0> <II = 1> <Delay = 1.00> <Adapter> <Opcode : >
ST_5 : Operation 35 [1/1] (0.00ns)   --->   "%din_assign = extractvalue i14 %empty"   --->   Operation 35 'extractvalue' 'din_assign' <Predicate = (!icmp_ln64)> <Delay = 0.00>

State 6 <SV = 5> <Delay = 1.83>
ST_6 : Operation 36 [1/1] (0.00ns)   --->   "%specloopname_ln64 = specloopname void @_ssdm_op_SpecLoopName, void @empty_14" [src/ORB.cpp:64]   --->   Operation 36 'specloopname' 'specloopname_ln64' <Predicate = (!icmp_ln64)> <Delay = 0.00>
ST_6 : Operation 37 [1/1] (1.83ns)   --->   "%write_ln174 = write void @_ssdm_op_Write.ap_fifo.volatile.i8P0A, i8 %dst, i8 %din_assign" [C:/Xilinx/Vitis_HLS/2020.2/common/technology/autopilot/hls_stream_39.h:174]   --->   Operation 37 'write' 'write_ln174' <Predicate = (!icmp_ln64)> <Delay = 1.83> <CoreInst = "FIFO_SRL">   --->   Core 81 'FIFO_SRL' <Latency = 0> <II = 1> <Delay = 1.83> <Storage> <Opcode : 'read' 'write' 'nbread' 'nbwrite'> <Ports = 0> <Width = 8> <Depth = 2> <FIFO>
ST_6 : Operation 38 [1/1] (0.00ns)   --->   "%br_ln0 = br void"   --->   Operation 38 'br' 'br_ln0' <Predicate = (!icmp_ln64)> <Delay = 0.00>

State 7 <SV = 5> <Delay = 0.00>
ST_7 : Operation 39 [1/1] (0.00ns)   --->   "%ret_ln0 = ret"   --->   Operation 39 'ret' 'ret_ln0' <Predicate = true> <Delay = 0.00>


============================================================
+ Verbose Summary: Binding
============================================================
STG Binding: 
---------------- STG Properties BEGIN ----------------
- Is combinational: 0
- Is one-state seq: 0
- Is datapath-only: 0
- Is pipelined: 0
- Is top level: 0
Port [ Return ] is wired: 1; IO mode=ap_ctrl_hs:ce=0
Port [ dst]:  wired=1; compound=1; hidden=0; nouse=0; global=0; static=0; extern=0; dir=1; type=3; pingpong=0; private_global=0; IO mode=ap_fifo:ce=0
Port [ src_V_data_V]:  wired=1; compound=1; hidden=0; nouse=0; global=0; static=0; extern=0; dir=0; type=0; pingpong=0; private_global=0; IO mode=axis:ce=0
Port [ src_V_keep_V]:  wired=1; compound=1; hidden=0; nouse=0; global=0; static=0; extern=0; dir=0; type=0; pingpong=0; private_global=0; IO mode=axis:ce=0
Port [ src_V_strb_V]:  wired=1; compound=1; hidden=0; nouse=0; global=0; static=0; extern=0; dir=0; type=0; pingpong=0; private_global=0; IO mode=axis:ce=0
Port [ src_V_user_V]:  wired=1; compound=1; hidden=0; nouse=0; global=0; static=0; extern=0; dir=0; type=0; pingpong=0; private_global=0; IO mode=axis:ce=0
Port [ src_V_last_V]:  wired=1; compound=1; hidden=0; nouse=0; global=0; static=0; extern=0; dir=0; type=0; pingpong=0; private_global=0; IO mode=axis:ce=0
Port [ src_V_id_V]:  wired=1; compound=1; hidden=0; nouse=0; global=0; static=0; extern=0; dir=0; type=0; pingpong=0; private_global=0; IO mode=axis:ce=0
Port [ src_V_dest_V]:  wired=1; compound=1; hidden=0; nouse=0; global=0; static=0; extern=0; dir=0; type=0; pingpong=0; private_global=0; IO mode=axis:ce=0
Port [ height]:  wired=1; compound=1; hidden=0; nouse=0; global=0; static=0; extern=0; dir=0; type=3; pingpong=0; private_global=0; IO mode=ap_fifo:ce=0
Port [ width]:  wired=1; compound=1; hidden=0; nouse=0; global=0; static=0; extern=0; dir=0; type=3; pingpong=0; private_global=0; IO mode=ap_fifo:ce=0
---------------- STG Properties END ------------------

---------------- Datapath Model BEGIN ----------------

<LifeTime>
<method=bitvector/>
height_read        (read         ) [ 00000000]
width_read         (read         ) [ 00000000]
width_assign_cast  (zext         ) [ 00111000]
height_assign_cast (zext         ) [ 00111000]
specinterface_ln0  (specinterface) [ 00000000]
specinterface_ln0  (specinterface) [ 00000000]
specinterface_ln0  (specinterface) [ 00000000]
specinterface_ln0  (specinterface) [ 00000000]
specinterface_ln0  (specinterface) [ 00000000]
specinterface_ln0  (specinterface) [ 00000000]
specinterface_ln0  (specinterface) [ 00000000]
specinterface_ln0  (specinterface) [ 00000000]
specinterface_ln0  (specinterface) [ 00000000]
specinterface_ln0  (specinterface) [ 00000000]
specinterface_ln0  (specinterface) [ 00000000]
specinterface_ln0  (specinterface) [ 00000000]
mul_ln64           (mul          ) [ 00000110]
br_ln64            (br           ) [ 00001110]
i                  (phi          ) [ 00000100]
i_8                (add          ) [ 00001110]
specpipeline_ln0   (specpipeline ) [ 00000000]
icmp_ln64          (icmp         ) [ 00000110]
br_ln64            (br           ) [ 00000000]
empty              (read         ) [ 00000000]
din_assign         (extractvalue ) [ 00000110]
specloopname_ln64  (specloopname ) [ 00000000]
write_ln174        (write        ) [ 00000000]
br_ln0             (br           ) [ 00001110]
ret_ln0            (ret          ) [ 00000000]
</LifeTime>

<model>

<comp_list>
<comp id="0" class="1000" name="dst">
<pin_list>
<pin id="1" dir="1" index="0" bw="1" slack="0"/>
</pin_list>
<bind>
<StgValue><ssdm name="dst"/></StgValue>
</bind>
</comp>

<comp id="2" class="1000" name="src_V_data_V">
<pin_list>
<pin id="3" dir="1" index="0" bw="1" slack="0"/>
</pin_list>
<bind>
<StgValue><ssdm name="src_V_data_V"/></StgValue>
</bind>
</comp>

<comp id="4" class="1000" name="src_V_keep_V">
<pin_list>
<pin id="5" dir="1" index="0" bw="1" slack="0"/>
</pin_list>
<bind>
<StgValue><ssdm name="src_V_keep_V"/></StgValue>
</bind>
</comp>

<comp id="6" class="1000" name="src_V_strb_V">
<pin_list>
<pin id="7" dir="1" index="0" bw="1" slack="0"/>
</pin_list>
<bind>
<StgValue><ssdm name="src_V_strb_V"/></StgValue>
</bind>
</comp>

<comp id="8" class="1000" name="src_V_user_V">
<pin_list>
<pin id="9" dir="1" index="0" bw="1" slack="0"/>
</pin_list>
<bind>
<StgValue><ssdm name="src_V_user_V"/></StgValue>
</bind>
</comp>

<comp id="10" class="1000" name="src_V_last_V">
<pin_list>
<pin id="11" dir="1" index="0" bw="1" slack="0"/>
</pin_list>
<bind>
<StgValue><ssdm name="src_V_last_V"/></StgValue>
</bind>
</comp>

<comp id="12" class="1000" name="src_V_id_V">
<pin_list>
<pin id="13" dir="1" index="0" bw="1" slack="0"/>
</pin_list>
<bind>
<StgValue><ssdm name="src_V_id_V"/></StgValue>
</bind>
</comp>

<comp id="14" class="1000" name="src_V_dest_V">
<pin_list>
<pin id="15" dir="1" index="0" bw="1" slack="0"/>
</pin_list>
<bind>
<StgValue><ssdm name="src_V_dest_V"/></StgValue>
</bind>
</comp>

<comp id="16" class="1000" name="height">
<pin_list>
<pin id="17" dir="1" index="0" bw="1" slack="0"/>
</pin_list>
<bind>
<StgValue><ssdm name="height"/></StgValue>
</bind>
</comp>

<comp id="18" class="1000" name="width">
<pin_list>
<pin id="19" dir="1" index="0" bw="1" slack="0"/>
</pin_list>
<bind>
<StgValue><ssdm name="width"/></StgValue>
</bind>
</comp>

<comp id="20" class="1001" name="const_20">
<pin_list>
<pin id="21" dir="1" index="0" bw="1" slack="0"/>
</pin_list>
<bind>
<StgValue><ssdm name="_ssdm_op_Read.ap_fifo.i11P0A"/></StgValue>
</bind>
</comp>

<comp id="22" class="1001" name="const_22">
<pin_list>
<pin id="23" dir="1" index="0" bw="1" slack="2147483647"/>
</pin_list>
<bind>
<StgValue><ssdm name="_ssdm_op_SpecInterface"/></StgValue>
</bind>
</comp>

<comp id="24" class="1001" name="const_24">
<pin_list>
<pin id="25" dir="1" index="0" bw="1" slack="2147483647"/>
</pin_list>
<bind>
<StgValue><ssdm name="empty_28"/></StgValue>
</bind>
</comp>

<comp id="26" class="1001" name="const_26">
<pin_list>
<pin id="27" dir="1" index="0" bw="1" slack="2147483647"/>
</pin_list>
<bind>
<StgValue><ssdm name=""/></StgValue>
</bind>
</comp>

<comp id="28" class="1001" name="const_28">
<pin_list>
<pin id="29" dir="1" index="0" bw="1" slack="2147483647"/>
</pin_list>
<bind>
<StgValue><ssdm name="empty_26"/></StgValue>
</bind>
</comp>

<comp id="30" class="1001" name="const_30">
<pin_list>
<pin id="31" dir="1" index="0" bw="1" slack="2147483647"/>
</pin_list>
<bind>
<StgValue><ssdm name="empty_6"/></StgValue>
</bind>
</comp>

<comp id="32" class="1001" name="const_32">
<pin_list>
<pin id="33" dir="1" index="0" bw="1" slack="2147483647"/>
</pin_list>
<bind>
<StgValue><ssdm name="empty_5"/></StgValue>
</bind>
</comp>

<comp id="34" class="1001" name="const_34">
<pin_list>
<pin id="35" dir="1" index="0" bw="1" slack="2147483647"/>
</pin_list>
<bind>
<StgValue><ssdm name=""/></StgValue>
</bind>
</comp>

<comp id="36" class="1001" name="const_36">
<pin_list>
<pin id="37" dir="1" index="0" bw="1" slack="2147483647"/>
</pin_list>
<bind>
<StgValue><ssdm name="ap_fifo_str"/></StgValue>
</bind>
</comp>

<comp id="38" class="1001" name="const_38">
<pin_list>
<pin id="39" dir="1" index="0" bw="1" slack="2147483647"/>
</pin_list>
<bind>
<StgValue><ssdm name="p_str"/></StgValue>
</bind>
</comp>

<comp id="40" class="1001" name="const_40">
<pin_list>
<pin id="41" dir="1" index="0" bw="1" slack="2147483647"/>
</pin_list>
<bind>
<StgValue><ssdm name=""/></StgValue>
</bind>
</comp>

<comp id="42" class="1001" name="const_42">
<pin_list>
<pin id="43" dir="1" index="0" bw="1" slack="2147483647"/>
</pin_list>
<bind>
<StgValue><ssdm name=""/></StgValue>
</bind>
</comp>

<comp id="44" class="1001" name="const_44">
<pin_list>
<pin id="45" dir="1" index="0" bw="1" slack="2147483647"/>
</pin_list>
<bind>
<StgValue><ssdm name="ScalarProp_str"/></StgValue>
</bind>
</comp>

<comp id="46" class="1001" name="const_46">
<pin_list>
<pin id="47" dir="1" index="0" bw="1" slack="1"/>
</pin_list>
<bind>
<StgValue><ssdm name=""/></StgValue>
</bind>
</comp>

<comp id="48" class="1001" name="const_48">
<pin_list>
<pin id="49" dir="1" index="0" bw="1" slack="0"/>
</pin_list>
<bind>
<StgValue><ssdm name=""/></StgValue>
</bind>
</comp>

<comp id="50" class="1001" name="const_50">
<pin_list>
<pin id="51" dir="1" index="0" bw="1" slack="2147483647"/>
</pin_list>
<bind>
<StgValue><ssdm name="_ssdm_op_SpecPipeline"/></StgValue>
</bind>
</comp>

<comp id="52" class="1001" name="const_52">
<pin_list>
<pin id="53" dir="1" index="0" bw="1" slack="2147483647"/>
</pin_list>
<bind>
<StgValue><ssdm name=""/></StgValue>
</bind>
</comp>

<comp id="54" class="1001" name="const_54">
<pin_list>
<pin id="55" dir="1" index="0" bw="1" slack="2147483647"/>
</pin_list>
<bind>
<StgValue><ssdm name=""/></StgValue>
</bind>
</comp>

<comp id="56" class="1001" name="const_56">
<pin_list>
<pin id="57" dir="1" index="0" bw="1" slack="2147483647"/>
</pin_list>
<bind>
<StgValue><ssdm name="p_str26"/></StgValue>
</bind>
</comp>

<comp id="58" class="1001" name="const_58">
<pin_list>
<pin id="59" dir="1" index="0" bw="1" slack="0"/>
</pin_list>
<bind>
<StgValue><ssdm name="_ssdm_op_Read.axis.volatile.i8P0A.i1P0A.i1P0A.i1P0A.i1P0A.i1P0A.i1P0A"/></StgValue>
</bind>
</comp>

<comp id="60" class="1001" name="const_60">
<pin_list>
<pin id="61" dir="1" index="0" bw="1" slack="2147483647"/>
</pin_list>
<bind>
<StgValue><ssdm name="_ssdm_op_SpecLoopName"/></StgValue>
</bind>
</comp>

<comp id="62" class="1001" name="const_62">
<pin_list>
<pin id="63" dir="1" index="0" bw="1" slack="2147483647"/>
</pin_list>
<bind>
<StgValue><ssdm name="empty_14"/></StgValue>
</bind>
</comp>

<comp id="64" class="1001" name="const_64">
<pin_list>
<pin id="65" dir="1" index="0" bw="1" slack="0"/>
</pin_list>
<bind>
<StgValue><ssdm name="_ssdm_op_Write.ap_fifo.volatile.i8P0A"/></StgValue>
</bind>
</comp>

<comp id="66" class="1004" name="height_read_read_fu_66">
<pin_list>
<pin id="67" dir="0" index="0" bw="11" slack="0"/>
<pin id="68" dir="0" index="1" bw="11" slack="0"/>
<pin id="69" dir="1" index="2" bw="11" slack="0"/>
</pin_list>
<bind>
<opcode="read(1150) " fcode="read"/>
<opset="height_read/1 "/>
</bind>
</comp>

<comp id="72" class="1004" name="width_read_read_fu_72">
<pin_list>
<pin id="73" dir="0" index="0" bw="11" slack="0"/>
<pin id="74" dir="0" index="1" bw="11" slack="0"/>
<pin id="75" dir="1" index="2" bw="11" slack="0"/>
</pin_list>
<bind>
<opcode="read(1150) " fcode="read"/>
<opset="width_read/1 "/>
</bind>
</comp>

<comp id="78" class="1004" name="empty_read_fu_78">
<pin_list>
<pin id="79" dir="0" index="0" bw="14" slack="0"/>
<pin id="80" dir="0" index="1" bw="8" slack="0"/>
<pin id="81" dir="0" index="2" bw="1" slack="0"/>
<pin id="82" dir="0" index="3" bw="1" slack="0"/>
<pin id="83" dir="0" index="4" bw="1" slack="0"/>
<pin id="84" dir="0" index="5" bw="1" slack="0"/>
<pin id="85" dir="0" index="6" bw="1" slack="0"/>
<pin id="86" dir="0" index="7" bw="1" slack="0"/>
<pin id="87" dir="1" index="8" bw="14" slack="0"/>
</pin_list>
<bind>
<opcode="read(1150) " fcode="read"/>
<opset="empty/5 "/>
</bind>
</comp>

<comp id="96" class="1004" name="write_ln174_write_fu_96">
<pin_list>
<pin id="97" dir="0" index="0" bw="0" slack="0"/>
<pin id="98" dir="0" index="1" bw="8" slack="0"/>
<pin id="99" dir="0" index="2" bw="8" slack="1"/>
<pin id="100" dir="1" index="3" bw="0" slack="2147483647"/>
</pin_list>
<bind>
<opcode="write(1151) " fcode="write"/>
<opset="write_ln174/6 "/>
</bind>
</comp>

<comp id="103" class="1005" name="i_reg_103">
<pin_list>
<pin id="104" dir="0" index="0" bw="22" slack="1"/>
<pin id="105" dir="1" index="1" bw="22" slack="1"/>
</pin_list>
<bind>
<opset="i (phireg) "/>
</bind>
</comp>

<comp id="107" class="1004" name="i_phi_fu_107">
<pin_list>
<pin id="108" dir="0" index="0" bw="1" slack="1"/>
<pin id="109" dir="0" index="1" bw="0" slack="2147483647"/>
<pin id="110" dir="0" index="2" bw="22" slack="0"/>
<pin id="111" dir="0" index="3" bw="0" slack="2147483647"/>
<pin id="112" dir="1" index="4" bw="22" slack="0"/>
</pin_list>
<bind>
<opcode="phi(47) " fcode="phi"/>
<opset="i/5 "/>
</bind>
</comp>

<comp id="114" class="1004" name="width_assign_cast_fu_114">
<pin_list>
<pin id="115" dir="0" index="0" bw="11" slack="0"/>
<pin id="116" dir="1" index="1" bw="22" slack="0"/>
</pin_list>
<bind>
<opcode="zext(34) " fcode="zext"/>
<opset="width_assign_cast/1 "/>
</bind>
</comp>

<comp id="118" class="1004" name="height_assign_cast_fu_118">
<pin_list>
<pin id="119" dir="0" index="0" bw="11" slack="0"/>
<pin id="120" dir="1" index="1" bw="22" slack="0"/>
</pin_list>
<bind>
<opcode="zext(34) " fcode="zext"/>
<opset="height_assign_cast/1 "/>
</bind>
</comp>

<comp id="122" class="1004" name="i_8_fu_122">
<pin_list>
<pin id="123" dir="0" index="0" bw="22" slack="0"/>
<pin id="124" dir="0" index="1" bw="1" slack="0"/>
<pin id="125" dir="1" index="2" bw="22" slack="0"/>
</pin_list>
<bind>
<opcode="add(8) " fcode="add"/>
<opset="i_8/5 "/>
</bind>
</comp>

<comp id="128" class="1004" name="icmp_ln64_fu_128">
<pin_list>
<pin id="129" dir="0" index="0" bw="22" slack="0"/>
<pin id="130" dir="0" index="1" bw="22" slack="1"/>
<pin id="131" dir="1" index="2" bw="1" slack="1"/>
</pin_list>
<bind>
<opcode="icmp(45) " fcode="icmp"/>
<opset="icmp_ln64/5 "/>
</bind>
</comp>

<comp id="133" class="1004" name="din_assign_fu_133">
<pin_list>
<pin id="134" dir="0" index="0" bw="14" slack="0"/>
<pin id="135" dir="1" index="1" bw="8" slack="1"/>
</pin_list>
<bind>
<opcode="extractvalue(56) " fcode="extractvalue"/>
<opset="din_assign/5 "/>
</bind>
</comp>

<comp id="137" class="1007" name="grp_fu_137">
<pin_list>
<pin id="138" dir="0" index="0" bw="11" slack="0"/>
<pin id="139" dir="0" index="1" bw="11" slack="0"/>
<pin id="140" dir="1" index="2" bw="22" slack="1"/>
</pin_list>
<bind>
<opcode="mul(12) " fcode="mul"/>
<opset="mul_ln64/1 "/>
</bind>
</comp>

<comp id="143" class="1005" name="width_assign_cast_reg_143">
<pin_list>
<pin id="144" dir="0" index="0" bw="22" slack="1"/>
<pin id="145" dir="1" index="1" bw="22" slack="1"/>
</pin_list>
<bind>
<opset="width_assign_cast "/>
</bind>
</comp>

<comp id="148" class="1005" name="height_assign_cast_reg_148">
<pin_list>
<pin id="149" dir="0" index="0" bw="22" slack="1"/>
<pin id="150" dir="1" index="1" bw="22" slack="1"/>
</pin_list>
<bind>
<opset="height_assign_cast "/>
</bind>
</comp>

<comp id="153" class="1005" name="mul_ln64_reg_153">
<pin_list>
<pin id="154" dir="0" index="0" bw="22" slack="1"/>
<pin id="155" dir="1" index="1" bw="22" slack="1"/>
</pin_list>
<bind>
<opset="mul_ln64 "/>
</bind>
</comp>

<comp id="158" class="1005" name="i_8_reg_158">
<pin_list>
<pin id="159" dir="0" index="0" bw="22" slack="0"/>
<pin id="160" dir="1" index="1" bw="22" slack="0"/>
</pin_list>
<bind>
<opset="i_8 "/>
</bind>
</comp>

<comp id="163" class="1005" name="icmp_ln64_reg_163">
<pin_list>
<pin id="164" dir="0" index="0" bw="1" slack="1"/>
<pin id="165" dir="1" index="1" bw="1" slack="2147483647"/>
</pin_list>
<bind>
<opset="icmp_ln64 "/>
</bind>
</comp>

<comp id="167" class="1005" name="din_assign_reg_167">
<pin_list>
<pin id="168" dir="0" index="0" bw="8" slack="1"/>
<pin id="169" dir="1" index="1" bw="8" slack="1"/>
</pin_list>
<bind>
<opset="din_assign "/>
</bind>
</comp>

</comp_list>

<net_list>
<net id="70"><net_src comp="20" pin="0"/><net_sink comp="66" pin=0"/></net>

<net id="71"><net_src comp="16" pin="0"/><net_sink comp="66" pin=1"/></net>

<net id="76"><net_src comp="20" pin="0"/><net_sink comp="72" pin=0"/></net>

<net id="77"><net_src comp="18" pin="0"/><net_sink comp="72" pin=1"/></net>

<net id="88"><net_src comp="58" pin="0"/><net_sink comp="78" pin=0"/></net>

<net id="89"><net_src comp="2" pin="0"/><net_sink comp="78" pin=1"/></net>

<net id="90"><net_src comp="4" pin="0"/><net_sink comp="78" pin=2"/></net>

<net id="91"><net_src comp="6" pin="0"/><net_sink comp="78" pin=3"/></net>

<net id="92"><net_src comp="8" pin="0"/><net_sink comp="78" pin=4"/></net>

<net id="93"><net_src comp="10" pin="0"/><net_sink comp="78" pin=5"/></net>

<net id="94"><net_src comp="12" pin="0"/><net_sink comp="78" pin=6"/></net>

<net id="95"><net_src comp="14" pin="0"/><net_sink comp="78" pin=7"/></net>

<net id="101"><net_src comp="64" pin="0"/><net_sink comp="96" pin=0"/></net>

<net id="102"><net_src comp="0" pin="0"/><net_sink comp="96" pin=1"/></net>

<net id="106"><net_src comp="46" pin="0"/><net_sink comp="103" pin=0"/></net>

<net id="113"><net_src comp="103" pin="1"/><net_sink comp="107" pin=0"/></net>

<net id="117"><net_src comp="72" pin="2"/><net_sink comp="114" pin=0"/></net>

<net id="121"><net_src comp="66" pin="2"/><net_sink comp="118" pin=0"/></net>

<net id="126"><net_src comp="107" pin="4"/><net_sink comp="122" pin=0"/></net>

<net id="127"><net_src comp="48" pin="0"/><net_sink comp="122" pin=1"/></net>

<net id="132"><net_src comp="107" pin="4"/><net_sink comp="128" pin=0"/></net>

<net id="136"><net_src comp="78" pin="8"/><net_sink comp="133" pin=0"/></net>

<net id="141"><net_src comp="114" pin="1"/><net_sink comp="137" pin=0"/></net>

<net id="142"><net_src comp="118" pin="1"/><net_sink comp="137" pin=1"/></net>

<net id="146"><net_src comp="114" pin="1"/><net_sink comp="143" pin=0"/></net>

<net id="147"><net_src comp="143" pin="1"/><net_sink comp="137" pin=0"/></net>

<net id="151"><net_src comp="118" pin="1"/><net_sink comp="148" pin=0"/></net>

<net id="152"><net_src comp="148" pin="1"/><net_sink comp="137" pin=1"/></net>

<net id="156"><net_src comp="137" pin="2"/><net_sink comp="153" pin=0"/></net>

<net id="157"><net_src comp="153" pin="1"/><net_sink comp="128" pin=1"/></net>

<net id="161"><net_src comp="122" pin="2"/><net_sink comp="158" pin=0"/></net>

<net id="162"><net_src comp="158" pin="1"/><net_sink comp="107" pin=2"/></net>

<net id="166"><net_src comp="128" pin="2"/><net_sink comp="163" pin=0"/></net>

<net id="170"><net_src comp="133" pin="1"/><net_sink comp="167" pin=0"/></net>

<net id="171"><net_src comp="167" pin="1"/><net_sink comp="96" pin=2"/></net>

</net_list>

</model> 
---------------- Datapath Model END ------------------

* FSMD analyzer results:
  - Output states:
	Port: dst | {6 }
	Port: src_V_data_V | {}
	Port: src_V_keep_V | {}
	Port: src_V_strb_V | {}
	Port: src_V_user_V | {}
	Port: src_V_last_V | {}
	Port: src_V_id_V | {}
	Port: src_V_dest_V | {}
 - Input state : 
	Port: process_input<8, 0, 1080, 1920, 1> : src_V_data_V | {5 }
	Port: process_input<8, 0, 1080, 1920, 1> : src_V_keep_V | {5 }
	Port: process_input<8, 0, 1080, 1920, 1> : src_V_strb_V | {5 }
	Port: process_input<8, 0, 1080, 1920, 1> : src_V_user_V | {5 }
	Port: process_input<8, 0, 1080, 1920, 1> : src_V_last_V | {5 }
	Port: process_input<8, 0, 1080, 1920, 1> : src_V_id_V | {5 }
	Port: process_input<8, 0, 1080, 1920, 1> : src_V_dest_V | {5 }
	Port: process_input<8, 0, 1080, 1920, 1> : height | {1 }
	Port: process_input<8, 0, 1080, 1920, 1> : width | {1 }
  - Chain level:
	State 1
		mul_ln64 : 1
	State 2
	State 3
	State 4
	State 5
		i_8 : 1
		icmp_ln64 : 1
		br_ln64 : 2
	State 6
	State 7


============================================================
+ Verbose Summary: Datapath Resource usage 
============================================================

* Functional unit list:
|----------|---------------------------|---------|---------|---------|
| Operation|      Functional Unit      |   DSP   |    FF   |   LUT   |
|----------|---------------------------|---------|---------|---------|
|    add   |         i_8_fu_122        |    0    |    0    |    29   |
|----------|---------------------------|---------|---------|---------|
|   icmp   |      icmp_ln64_fu_128     |    0    |    0    |    15   |
|----------|---------------------------|---------|---------|---------|
|    mul   |         grp_fu_137        |    1    |    0    |    0    |
|----------|---------------------------|---------|---------|---------|
|          |   height_read_read_fu_66  |    0    |    0    |    0    |
|   read   |   width_read_read_fu_72   |    0    |    0    |    0    |
|          |      empty_read_fu_78     |    0    |    0    |    0    |
|----------|---------------------------|---------|---------|---------|
|   write  |  write_ln174_write_fu_96  |    0    |    0    |    0    |
|----------|---------------------------|---------|---------|---------|
|   zext   |  width_assign_cast_fu_114 |    0    |    0    |    0    |
|          | height_assign_cast_fu_118 |    0    |    0    |    0    |
|----------|---------------------------|---------|---------|---------|
|extractvalue|     din_assign_fu_133     |    0    |    0    |    0    |
|----------|---------------------------|---------|---------|---------|
|   Total  |                           |    1    |    0    |    44   |
|----------|---------------------------|---------|---------|---------|

Memories:
N/A

* Register list:
+--------------------------+--------+
|                          |   FF   |
+--------------------------+--------+
|    din_assign_reg_167    |    8   |
|height_assign_cast_reg_148|   22   |
|        i_8_reg_158       |   22   |
|         i_reg_103        |   22   |
|     icmp_ln64_reg_163    |    1   |
|     mul_ln64_reg_153     |   22   |
| width_assign_cast_reg_143|   22   |
+--------------------------+--------+
|           Total          |   119  |
+--------------------------+--------+

* Multiplexer (MUX) list: 
|------------|------|------|------|--------||---------||---------|
|    Comp    |  Pin | Size |  BW  | S x BW ||  Delay  ||   LUT   |
|------------|------|------|------|--------||---------||---------|
| grp_fu_137 |  p0  |   2  |  11  |   22   ||    9    |
| grp_fu_137 |  p1  |   2  |  11  |   22   ||    9    |
|------------|------|------|------|--------||---------||---------|
|    Total   |      |      |      |   44   ||  0.854  ||    18   |
|------------|------|------|------|--------||---------||---------|



* Summary:
+-----------+--------+--------+--------+--------+
|           |   DSP  |  Delay |   FF   |   LUT  |
+-----------+--------+--------+--------+--------+
|  Function |    1   |    -   |    0   |   44   |
|   Memory  |    -   |    -   |    -   |    -   |
|Multiplexer|    -   |    0   |    -   |   18   |
|  Register |    -   |    -   |   119  |    -   |
+-----------+--------+--------+--------+--------+
|   Total   |    1   |    0   |   119  |   62   |
+-----------+--------+--------+--------+--------+
