

================================================================
== Vitis HLS Report for 'process_output_8_0_1080_1920_1_s'
================================================================
* Date:           Sun Jan 21 17:43:24 2024

* Version:        2020.2 (Build 3064766 on Wed Nov 18 09:12:45 MST 2020)
* Project:        hls_project
* Solution:       solution1 (Vivado IP Flow Target)
* Product family: zynquplus
* Target device:  xczu7ev-ffvc1156-2-e


================================================================
== Performance Estimates
================================================================
+ Timing: 
    * Summary: 
    +--------+----------+----------+------------+
    |  Clock |  Target  | Estimated| Uncertainty|
    +--------+----------+----------+------------+
    |ap_clk  |  10.00 ns|  3.939 ns|     2.70 ns|
    +--------+----------+----------+------------+

+ Latency: 
    * Summary: 
    +---------+---------+----------+----------+-----+-----+---------+
    |  Latency (cycles) |  Latency (absolute) |  Interval | Pipeline|
    |   min   |   max   |    min   |    max   | min | max |   Type  |
    +---------+---------+----------+----------+-----+-----+---------+
    |        ?|        ?|         ?|         ?|    ?|    ?|     none|
    +---------+---------+----------+----------+-----+-----+---------+

    + Detail: 
        * Instance: 
        N/A

        * Loop: 
        +--------------------+---------+---------+----------+-----------+-----------+------+----------+
        |                    |  Latency (cycles) | Iteration|  Initiation Interval  | Trip |          |
        |      Loop Name     |   min   |   max   |  Latency |  achieved |   target  | Count| Pipelined|
        +--------------------+---------+---------+----------+-----------+-----------+------+----------+
        |- VITIS_LOOP_294_1  |        ?|        ?|         4|          1|          1|     ?|       yes|
        +--------------------+---------+---------+----------+-----------+-----------+------+----------+

============================================================
+ Verbose Summary: Synthesis Manager
============================================================
InlineROM: 1
ExposeGlobal: 0
============================================================
+ Verbose Summary: CDFG Model
============================================================
IsTopModel: 0
ResetActiveHigh: 1
IsCombinational: 2
IsDatapathOnly: 0
HasWiredReturn: 1
HasMFsm: 0
HasVarLatency: 1
IsPipeline: 0
IsRtlPipelined: 0
IsInstanceOverlapped: 0
IsDontTouch: 0
HasImplIP: 0
IsGatedGlobalClock: 0

+ Individual pipeline summary: 
  * Pipeline-0: initiation interval (II) = 1, depth = 4


============================================================
+ Verbose Summary: Schedule
============================================================
* Number of FSM states : 6
* Pipeline : 1
  Pipeline-0 : II = 1, D = 4, States = { 2 3 4 5 }
* Dataflow Pipeline: 0

* FSM state transitions: 
1 --> 2 
2 --> 6 3 
3 --> 4 
4 --> 5 
5 --> 2 
6 --> 

* FSM state operations: 

State 1 <SV = 0> <Delay = 0.42>
ST_1 : Operation 7 [1/1] (0.00ns)   --->   "%reuse_addr_reg = alloca i32 1"   --->   Operation 7 'alloca' 'reuse_addr_reg' <Predicate = true> <Delay = 0.00>
ST_1 : Operation 8 [1/1] (0.00ns)   --->   "%reuse_reg = alloca i32 1"   --->   Operation 8 'alloca' 'reuse_reg' <Predicate = true> <Delay = 0.00>
ST_1 : Operation 9 [1/1] (0.00ns)   --->   "%cnt = alloca i32 1"   --->   Operation 9 'alloca' 'cnt' <Predicate = true> <Delay = 0.00>
ST_1 : Operation 10 [1/1] (0.00ns)   --->   "%specinterface_ln0 = specinterface void @_ssdm_op_SpecInterface, i512 %src, void @empty_1, i32 0, i32 0, void @empty_24, i32 0, i32 0, void @empty_24, void @empty_24, void @empty_24, i32 0, i32 0, i32 0, i32 0, void @empty_24, void @empty_24"   --->   Operation 10 'specinterface' 'specinterface_ln0' <Predicate = true> <Delay = 0.00>
ST_1 : Operation 11 [1/1] (0.00ns)   --->   "%specinterface_ln0 = specinterface void @_ssdm_op_SpecInterface, i296 %dst_V_data_V, i37 %dst_V_keep_V, i37 %dst_V_strb_V, i1 %dst_V_user_V, i1 %dst_V_last_V, i1 %dst_V_id_V, i1 %dst_V_dest_V, void @empty_15, i32 0, i32 0, void @empty_0, i32 0, i32 4800, void @empty_24, void @empty_24, void @empty_24, i32 0, i32 0, i32 0, i32 0, void @empty_24, void @empty_24"   --->   Operation 11 'specinterface' 'specinterface_ln0' <Predicate = true> <Delay = 0.00>
ST_1 : Operation 12 [1/1] (0.42ns)   --->   "%store_ln294 = store i32 0, i32 %cnt" [src/ORB.cpp:294]   --->   Operation 12 'store' 'store_ln294' <Predicate = true> <Delay = 0.42>
ST_1 : Operation 13 [1/1] (0.00ns)   --->   "%specpipeline_ln0 = specpipeline void @_ssdm_op_SpecPipeline, i32 4294967295, i32 0, i32 1, i32 0, void @p_str34"   --->   Operation 13 'specpipeline' 'specpipeline_ln0' <Predicate = true> <Delay = 0.00>
ST_1 : Operation 14 [1/1] (0.42ns)   --->   "%store_ln0 = store i32 0, i32 %reuse_reg"   --->   Operation 14 'store' 'store_ln0' <Predicate = true> <Delay = 0.42>
ST_1 : Operation 15 [1/1] (0.42ns)   --->   "%store_ln0 = store i64 18446744073709551615, i64 %reuse_addr_reg"   --->   Operation 15 'store' 'store_ln0' <Predicate = true> <Delay = 0.42>
ST_1 : Operation 16 [1/1] (0.00ns)   --->   "%br_ln0 = br void"   --->   Operation 16 'br' 'br_ln0' <Predicate = true> <Delay = 0.00>

State 2 <SV = 1> <Delay = 3.07>
ST_2 : Operation 17 [1/1] (0.00ns)   --->   "%specloopname_ln0 = specloopname void @_ssdm_op_SpecLoopName, void @empty_27" [C:/Xilinx/Vitis_HLS/2020.2/common/technology/autopilot/hls_stream_39.h:0]   --->   Operation 17 'specloopname' 'specloopname_ln0' <Predicate = true> <Delay = 0.00>
ST_2 : Operation 18 [1/1] (1.83ns)   --->   "%tmp = read i512 @_ssdm_op_Read.ap_fifo.volatile.i512P0A, i512 %src" [C:/Xilinx/Vitis_HLS/2020.2/common/technology/autopilot/hls_stream_39.h:145]   --->   Operation 18 'read' 'tmp' <Predicate = true> <Delay = 1.83> <CoreInst = "FIFO_SRL">   --->   Core 81 'FIFO_SRL' <Latency = 0> <II = 1> <Delay = 1.83> <Storage> <Opcode : 'read' 'write' 'nbread' 'nbwrite'> <Ports = 0> <Width = 512> <Depth = 2> <FIFO>
ST_2 : Operation 19 [1/1] (0.00ns)   --->   "%flag_V = trunc i512 %tmp" [src/ORB.cpp:295]   --->   Operation 19 'trunc' 'flag_V' <Predicate = true> <Delay = 0.00>
ST_2 : Operation 20 [1/1] (0.00ns)   --->   "%data_x_V = partselect i16 @_ssdm_op_PartSelect.i16.i512.i32.i32, i512 %tmp, i32 16, i32 31" [src/ORB.cpp:295]   --->   Operation 20 'partselect' 'data_x_V' <Predicate = true> <Delay = 0.00>
ST_2 : Operation 21 [1/1] (0.00ns)   --->   "%data_y_V = partselect i16 @_ssdm_op_PartSelect.i16.i512.i32.i32, i512 %tmp, i32 32, i32 47" [src/ORB.cpp:295]   --->   Operation 21 'partselect' 'data_y_V' <Predicate = true> <Delay = 0.00>
ST_2 : Operation 22 [1/1] (0.00ns)   --->   "%data_response_V = partselect i8 @_ssdm_op_PartSelect.i8.i512.i32.i32, i512 %tmp, i32 48, i32 55" [src/ORB.cpp:295]   --->   Operation 22 'partselect' 'data_response_V' <Predicate = true> <Delay = 0.00>
ST_2 : Operation 23 [1/1] (0.00ns)   --->   "%data_descriptor_V = partselect i256 @_ssdm_op_PartSelect.i256.i512.i32.i32, i512 %tmp, i32 256, i32 511" [src/ORB.cpp:295]   --->   Operation 23 'partselect' 'data_descriptor_V' <Predicate = true> <Delay = 0.00>
ST_2 : Operation 24 [1/1] (0.00ns)   --->   "%br_ln297 = br i1 %flag_V, void %.critedge15, void %._crit_edge" [src/ORB.cpp:297]   --->   Operation 24 'br' 'br_ln297' <Predicate = true> <Delay = 0.00>
ST_2 : Operation 25 [1/1] (0.00ns)   --->   "%zext_ln534 = zext i8 %data_response_V"   --->   Operation 25 'zext' 'zext_ln534' <Predicate = (flag_V)> <Delay = 0.00>
ST_2 : Operation 26 [1/1] (0.00ns)   --->   "%zext_ln305 = zext i8 %data_response_V" [src/ORB.cpp:305]   --->   Operation 26 'zext' 'zext_ln305' <Predicate = (flag_V)> <Delay = 0.00>
ST_2 : Operation 27 [3/3] (0.99ns) (grouped into DSP with root node add_ln305)   --->   "%mul_ln305 = mul i15 %zext_ln305, i15 100" [src/ORB.cpp:305]   --->   Operation 27 'mul' 'mul_ln305' <Predicate = (flag_V)> <Delay = 0.99> <CoreInst = "DSP48">   --->   Core 127 'DSP48' <Latency = 3> <II = 1> <Delay = 0.53> <IPBlock> <Opcode : 'mul' 'add' 'sub' 'select'> <InPorts = 0> <OutPorts = 1> <Sync> <CReg>
ST_2 : Operation 28 [1/1] (0.00ns)   --->   "%cntTree_addr = getelementptr i32 %cntTree, i64 0, i64 %zext_ln534" [src/ORB.cpp:305]   --->   Operation 28 'getelementptr' 'cntTree_addr' <Predicate = (flag_V)> <Delay = 0.00>
ST_2 : Operation 29 [1/1] (0.00ns)   --->   "%reuse_addr_reg_load = load i64 %reuse_addr_reg"   --->   Operation 29 'load' 'reuse_addr_reg_load' <Predicate = (flag_V)> <Delay = 0.00>
ST_2 : Operation 30 [2/2] (1.23ns)   --->   "%cntTree_load = load i8 %cntTree_addr" [src/ORB.cpp:305]   --->   Operation 30 'load' 'cntTree_load' <Predicate = (flag_V)> <Delay = 1.23> <CoreInst = "RAM">   --->   Core 83 'RAM' <Latency = 1> <II = 1> <Delay = 1.23> <Storage> <Opcode : 'load' 'store'> <Ports = 2> <Width = 32> <Depth = 256> <RAM>
ST_2 : Operation 31 [1/1] (1.13ns)   --->   "%addr_cmp = icmp_eq  i64 %reuse_addr_reg_load, i64 %zext_ln534"   --->   Operation 31 'icmp' 'addr_cmp' <Predicate = (flag_V)> <Delay = 1.13> <CoreInst = "Cmp">   --->   Core 9 'Cmp' <Latency = 0> <II = 1> <Delay = 1.13> <FuncUnit> <Opcode : 'icmp'> <InPorts = 2> <OutPorts = 1>
ST_2 : Operation 32 [1/1] (0.42ns)   --->   "%store_ln534 = store i64 %zext_ln534, i64 %reuse_addr_reg"   --->   Operation 32 'store' 'store_ln534' <Predicate = (flag_V)> <Delay = 0.42>

State 3 <SV = 2> <Delay = 3.93>
ST_3 : Operation 33 [2/3] (0.99ns) (grouped into DSP with root node add_ln305)   --->   "%mul_ln305 = mul i15 %zext_ln305, i15 100" [src/ORB.cpp:305]   --->   Operation 33 'mul' 'mul_ln305' <Predicate = true> <Delay = 0.99> <CoreInst = "DSP48">   --->   Core 127 'DSP48' <Latency = 3> <II = 1> <Delay = 0.53> <IPBlock> <Opcode : 'mul' 'add' 'sub' 'select'> <InPorts = 0> <OutPorts = 1> <Sync> <CReg>
ST_3 : Operation 34 [1/1] (0.00ns)   --->   "%reuse_reg_load = load i32 %reuse_reg"   --->   Operation 34 'load' 'reuse_reg_load' <Predicate = (addr_cmp)> <Delay = 0.00>
ST_3 : Operation 35 [1/2] (1.23ns)   --->   "%cntTree_load = load i8 %cntTree_addr" [src/ORB.cpp:305]   --->   Operation 35 'load' 'cntTree_load' <Predicate = true> <Delay = 1.23> <CoreInst = "RAM">   --->   Core 83 'RAM' <Latency = 1> <II = 1> <Delay = 1.23> <Storage> <Opcode : 'load' 'store'> <Ports = 2> <Width = 32> <Depth = 256> <RAM>
ST_3 : Operation 36 [1/1] (0.44ns)   --->   "%reuse_select = select i1 %addr_cmp, i32 %reuse_reg_load, i32 %cntTree_load"   --->   Operation 36 'select' 'reuse_select' <Predicate = true> <Delay = 0.44> <CoreInst = "Sel">   --->   Core 73 'Sel' <Latency = 0> <II = 1> <Delay = 0.44> <FuncUnit> <Opcode : 'select'> <InPorts = 3> <OutPorts = 1>
ST_3 : Operation 37 [1/1] (0.00ns)   --->   "%trunc_ln305 = trunc i32 %reuse_select" [src/ORB.cpp:305]   --->   Operation 37 'trunc' 'trunc_ln305' <Predicate = true> <Delay = 0.00>
ST_3 : Operation 38 [1/1] (1.01ns)   --->   "%add_ln306 = add i32 %reuse_select, i32 1" [src/ORB.cpp:306]   --->   Operation 38 'add' 'add_ln306' <Predicate = true> <Delay = 1.01> <CoreInst = "Adder">   --->   Core 1 'Adder' <Latency = 0> <II = 1> <Delay = 1.01> <FuncUnit> <Opcode : 'add' 'sub'> <InPorts = 2> <OutPorts = 1>
ST_3 : Operation 39 [1/1] (1.23ns)   --->   "%store_ln306 = store i32 %add_ln306, i8 %cntTree_addr" [src/ORB.cpp:306]   --->   Operation 39 'store' 'store_ln306' <Predicate = true> <Delay = 1.23> <CoreInst = "RAM">   --->   Core 83 'RAM' <Latency = 1> <II = 1> <Delay = 1.23> <Storage> <Opcode : 'load' 'store'> <Ports = 2> <Width = 32> <Depth = 256> <RAM>
ST_3 : Operation 40 [1/1] (0.42ns)   --->   "%store_ln306 = store i32 %add_ln306, i32 %reuse_reg" [src/ORB.cpp:306]   --->   Operation 40 'store' 'store_ln306' <Predicate = true> <Delay = 0.42>

State 4 <SV = 3> <Delay = 0.64>
ST_4 : Operation 41 [1/3] (0.00ns) (grouped into DSP with root node add_ln305)   --->   "%mul_ln305 = mul i15 %zext_ln305, i15 100" [src/ORB.cpp:305]   --->   Operation 41 'mul' 'mul_ln305' <Predicate = true> <Delay = 0.00> <CoreInst = "DSP48">   --->   Core 127 'DSP48' <Latency = 3> <II = 1> <Delay = 0.53> <IPBlock> <Opcode : 'mul' 'add' 'sub' 'select'> <InPorts = 0> <OutPorts = 1> <Sync> <CReg>
ST_4 : Operation 42 [2/2] (0.64ns) (root node of the DSP)   --->   "%add_ln305 = add i15 %mul_ln305, i15 %trunc_ln305" [src/ORB.cpp:305]   --->   Operation 42 'add' 'add_ln305' <Predicate = true> <Delay = 0.64> <CoreInst = "DSP48">   --->   Core 127 'DSP48' <Latency = 3> <II = 1> <Delay = 0.53> <IPBlock> <Opcode : 'mul' 'add' 'sub' 'select'> <InPorts = 0> <OutPorts = 1> <Sync> <CReg>

State 5 <SV = 4> <Delay = 1.88>
ST_5 : Operation 43 [1/1] (0.00ns)   --->   "%cnt_load = load i32 %cnt" [src/ORB.cpp:307]   --->   Operation 43 'load' 'cnt_load' <Predicate = true> <Delay = 0.00>
ST_5 : Operation 44 [1/1] (0.00ns)   --->   "%p_Result_s = bitconcatenate i296 @_ssdm_op_BitConcatenate.i296.i16.i16.i8.i256, i16 %data_x_V, i16 %data_y_V, i8 %data_response_V, i256 %data_descriptor_V"   --->   Operation 44 'bitconcatenate' 'p_Result_s' <Predicate = true> <Delay = 0.00>
ST_5 : Operation 45 [1/2] (0.64ns) (root node of the DSP)   --->   "%add_ln305 = add i15 %mul_ln305, i15 %trunc_ln305" [src/ORB.cpp:305]   --->   Operation 45 'add' 'add_ln305' <Predicate = true> <Delay = 0.64> <CoreInst = "DSP48">   --->   Core 127 'DSP48' <Latency = 3> <II = 1> <Delay = 0.53> <IPBlock> <Opcode : 'mul' 'add' 'sub' 'select'> <InPorts = 0> <OutPorts = 1> <Sync> <CReg>
ST_5 : Operation 46 [1/1] (0.00ns)   --->   "%zext_ln305_1 = zext i15 %add_ln305" [src/ORB.cpp:305]   --->   Operation 46 'zext' 'zext_ln305_1' <Predicate = true> <Delay = 0.00>
ST_5 : Operation 47 [1/1] (0.00ns)   --->   "%idxTree_addr = getelementptr i32 %idxTree, i64 0, i64 %zext_ln305_1" [src/ORB.cpp:305]   --->   Operation 47 'getelementptr' 'idxTree_addr' <Predicate = true> <Delay = 0.00>
ST_5 : Operation 48 [1/1] (1.23ns)   --->   "%store_ln305 = store i32 %cnt_load, i15 %idxTree_addr" [src/ORB.cpp:305]   --->   Operation 48 'store' 'store_ln305' <Predicate = true> <Delay = 1.23> <CoreInst = "RAM">   --->   Core 83 'RAM' <Latency = 1> <II = 1> <Delay = 1.23> <Storage> <Opcode : 'load' 'store'> <Ports = 2> <Width = 32> <Depth = 25600> <RAM>
ST_5 : Operation 49 [1/1] (1.01ns)   --->   "%cnt_1 = add i32 %cnt_load, i32 1" [src/ORB.cpp:307]   --->   Operation 49 'add' 'cnt_1' <Predicate = true> <Delay = 1.01> <CoreInst = "Adder">   --->   Core 1 'Adder' <Latency = 0> <II = 1> <Delay = 1.01> <FuncUnit> <Opcode : 'add' 'sub'> <InPorts = 2> <OutPorts = 1>
ST_5 : Operation 50 [1/1] (0.00ns)   --->   "%write_ln304 = write void @_ssdm_op_Write.axis.volatile.i296P0A.i37P0A.i37P0A.i1P0A.i1P0A.i1P0A.i1P0A, i296 %dst_V_data_V, i37 %dst_V_keep_V, i37 %dst_V_strb_V, i1 %dst_V_user_V, i1 %dst_V_last_V, i1 %dst_V_id_V, i1 %dst_V_dest_V, i296 %p_Result_s, i37 137438953471, i37 0, i1 0, i1 0, i1 0, i1 0"   --->   Operation 50 'write' 'write_ln304' <Predicate = true> <Delay = 0.00> <CoreInst = "axis">   --->   Core 123 'axis' <Latency = 0> <II = 1> <Delay = 1.00> <Adapter> <Opcode : >
ST_5 : Operation 51 [1/1] (0.42ns)   --->   "%store_ln309 = store i32 %cnt_1, i32 %cnt" [src/ORB.cpp:309]   --->   Operation 51 'store' 'store_ln309' <Predicate = true> <Delay = 0.42>
ST_5 : Operation 52 [1/1] (0.00ns)   --->   "%specpipeline_ln0 = specpipeline void @_ssdm_op_SpecPipeline, i32 4294967295, i32 0, i32 1, i32 0, void @p_str34"   --->   Operation 52 'specpipeline' 'specpipeline_ln0' <Predicate = true> <Delay = 0.00>
ST_5 : Operation 53 [1/1] (0.00ns)   --->   "%br_ln294 = br void" [src/ORB.cpp:294]   --->   Operation 53 'br' 'br_ln294' <Predicate = true> <Delay = 0.00>

State 6 <SV = 5> <Delay = 0.00>
ST_6 : Operation 54 [1/1] (0.00ns)   --->   "%specpipeline_ln0 = specpipeline void @_ssdm_op_SpecPipeline, i32 4294967295, i32 0, i32 1, i32 0, void @p_str34"   --->   Operation 54 'specpipeline' 'specpipeline_ln0' <Predicate = true> <Delay = 0.00>
ST_6 : Operation 55 [1/1] (0.00ns)   --->   "%cnt_load_1 = load i32 %cnt" [src/ORB.cpp:311]   --->   Operation 55 'load' 'cnt_load_1' <Predicate = true> <Delay = 0.00>
ST_6 : Operation 56 [1/1] (0.00ns)   --->   "%write_ln311 = write void @_ssdm_op_Write.ap_auto.i32P0A, i32 %length_r, i32 %cnt_load_1" [src/ORB.cpp:311]   --->   Operation 56 'write' 'write_ln311' <Predicate = true> <Delay = 0.00>
ST_6 : Operation 57 [1/1] (0.00ns)   --->   "%ret_ln312 = ret" [src/ORB.cpp:312]   --->   Operation 57 'ret' 'ret_ln312' <Predicate = true> <Delay = 0.00>


============================================================
+ Verbose Summary: Binding
============================================================
STG Binding: 
---------------- STG Properties BEGIN ----------------
- Is combinational: 0
- Is one-state seq: 0
- Is datapath-only: 0
- Is pipelined: 0
- Is top level: 0
Port [ Return ] is wired: 1; IO mode=ap_ctrl_hs:ce=0
Port [ src]:  wired=1; compound=1; hidden=0; nouse=0; global=0; static=0; extern=0; dir=0; type=3; pingpong=0; private_global=0; IO mode=ap_fifo:ce=0
Port [ dst_V_data_V]:  wired=1; compound=1; hidden=0; nouse=0; global=0; static=0; extern=0; dir=1; type=0; pingpong=0; private_global=0; IO mode=axis:ce=0
Port [ dst_V_keep_V]:  wired=1; compound=1; hidden=0; nouse=0; global=0; static=0; extern=0; dir=1; type=0; pingpong=0; private_global=0; IO mode=axis:ce=0
Port [ dst_V_strb_V]:  wired=1; compound=1; hidden=0; nouse=0; global=0; static=0; extern=0; dir=1; type=0; pingpong=0; private_global=0; IO mode=axis:ce=0
Port [ dst_V_user_V]:  wired=1; compound=1; hidden=0; nouse=0; global=0; static=0; extern=0; dir=1; type=0; pingpong=0; private_global=0; IO mode=axis:ce=0
Port [ dst_V_last_V]:  wired=1; compound=1; hidden=0; nouse=0; global=0; static=0; extern=0; dir=1; type=0; pingpong=0; private_global=0; IO mode=axis:ce=0
Port [ dst_V_id_V]:  wired=1; compound=1; hidden=0; nouse=0; global=0; static=0; extern=0; dir=1; type=0; pingpong=0; private_global=0; IO mode=axis:ce=0
Port [ dst_V_dest_V]:  wired=1; compound=1; hidden=0; nouse=0; global=0; static=0; extern=0; dir=1; type=0; pingpong=0; private_global=0; IO mode=axis:ce=0
Port [ length_r]:  wired=1; compound=0; hidden=0; nouse=0; global=0; static=0; extern=0; dir=1; type=0; pingpong=0; private_global=0; IO mode=ap_vld:ce=0
Port [ cntTree]:  wired=1; compound=1; hidden=0; nouse=0; global=1; static=1; extern=0; dir=2; type=1; pingpong=0; private_global=0; MemPort=[01]; IO mode=ap_memory:ce=0
Port [ idxTree]:  wired=1; compound=1; hidden=0; nouse=0; global=1; static=1; extern=0; dir=1; type=1; pingpong=0; private_global=0; MemPort=[03]; IO mode=ap_memory:ce=0
---------------- STG Properties END ------------------

---------------- Datapath Model BEGIN ----------------

<LifeTime>
<method=bitvector/>
reuse_addr_reg      (alloca        ) [ 0111110]
reuse_reg           (alloca        ) [ 0111110]
cnt                 (alloca        ) [ 0111111]
specinterface_ln0   (specinterface ) [ 0000000]
specinterface_ln0   (specinterface ) [ 0000000]
store_ln294         (store         ) [ 0000000]
specpipeline_ln0    (specpipeline  ) [ 0000000]
store_ln0           (store         ) [ 0000000]
store_ln0           (store         ) [ 0000000]
br_ln0              (br            ) [ 0000000]
specloopname_ln0    (specloopname  ) [ 0000000]
tmp                 (read          ) [ 0000000]
flag_V              (trunc         ) [ 0011110]
data_x_V            (partselect    ) [ 0011110]
data_y_V            (partselect    ) [ 0011110]
data_response_V     (partselect    ) [ 0011110]
data_descriptor_V   (partselect    ) [ 0011110]
br_ln297            (br            ) [ 0000000]
zext_ln534          (zext          ) [ 0000000]
zext_ln305          (zext          ) [ 0011100]
cntTree_addr        (getelementptr ) [ 0011000]
reuse_addr_reg_load (load          ) [ 0000000]
addr_cmp            (icmp          ) [ 0011000]
store_ln534         (store         ) [ 0000000]
reuse_reg_load      (load          ) [ 0000000]
cntTree_load        (load          ) [ 0000000]
reuse_select        (select        ) [ 0000000]
trunc_ln305         (trunc         ) [ 0010110]
add_ln306           (add           ) [ 0000000]
store_ln306         (store         ) [ 0000000]
store_ln306         (store         ) [ 0000000]
mul_ln305           (mul           ) [ 0010010]
cnt_load            (load          ) [ 0000000]
p_Result_s          (bitconcatenate) [ 0000000]
add_ln305           (add           ) [ 0000000]
zext_ln305_1        (zext          ) [ 0000000]
idxTree_addr        (getelementptr ) [ 0000000]
store_ln305         (store         ) [ 0000000]
cnt_1               (add           ) [ 0000000]
write_ln304         (write         ) [ 0000000]
store_ln309         (store         ) [ 0000000]
specpipeline_ln0    (specpipeline  ) [ 0000000]
br_ln294            (br            ) [ 0000000]
specpipeline_ln0    (specpipeline  ) [ 0000000]
cnt_load_1          (load          ) [ 0000000]
write_ln311         (write         ) [ 0000000]
ret_ln312           (ret           ) [ 0000000]
</LifeTime>

<model>

<comp_list>
<comp id="0" class="1000" name="src">
<pin_list>
<pin id="1" dir="1" index="0" bw="1" slack="0"/>
</pin_list>
<bind>
<StgValue><ssdm name="src"/></StgValue>
</bind>
</comp>

<comp id="2" class="1000" name="dst_V_data_V">
<pin_list>
<pin id="3" dir="1" index="0" bw="1" slack="0"/>
</pin_list>
<bind>
<StgValue><ssdm name="dst_V_data_V"/></StgValue>
</bind>
</comp>

<comp id="4" class="1000" name="dst_V_keep_V">
<pin_list>
<pin id="5" dir="1" index="0" bw="1" slack="0"/>
</pin_list>
<bind>
<StgValue><ssdm name="dst_V_keep_V"/></StgValue>
</bind>
</comp>

<comp id="6" class="1000" name="dst_V_strb_V">
<pin_list>
<pin id="7" dir="1" index="0" bw="1" slack="0"/>
</pin_list>
<bind>
<StgValue><ssdm name="dst_V_strb_V"/></StgValue>
</bind>
</comp>

<comp id="8" class="1000" name="dst_V_user_V">
<pin_list>
<pin id="9" dir="1" index="0" bw="1" slack="0"/>
</pin_list>
<bind>
<StgValue><ssdm name="dst_V_user_V"/></StgValue>
</bind>
</comp>

<comp id="10" class="1000" name="dst_V_last_V">
<pin_list>
<pin id="11" dir="1" index="0" bw="1" slack="0"/>
</pin_list>
<bind>
<StgValue><ssdm name="dst_V_last_V"/></StgValue>
</bind>
</comp>

<comp id="12" class="1000" name="dst_V_id_V">
<pin_list>
<pin id="13" dir="1" index="0" bw="1" slack="0"/>
</pin_list>
<bind>
<StgValue><ssdm name="dst_V_id_V"/></StgValue>
</bind>
</comp>

<comp id="14" class="1000" name="dst_V_dest_V">
<pin_list>
<pin id="15" dir="1" index="0" bw="1" slack="0"/>
</pin_list>
<bind>
<StgValue><ssdm name="dst_V_dest_V"/></StgValue>
</bind>
</comp>

<comp id="16" class="1000" name="length_r">
<pin_list>
<pin id="17" dir="1" index="0" bw="1" slack="0"/>
</pin_list>
<bind>
<StgValue><ssdm name="length_r"/></StgValue>
</bind>
</comp>

<comp id="18" class="1000" name="cntTree">
<pin_list>
<pin id="19" dir="1" index="0" bw="1" slack="0"/>
</pin_list>
<bind>
<StgValue><ssdm name="cntTree"/><MemPortTyVec>0 1 </MemPortTyVec>
</StgValue>
</bind>
</comp>

<comp id="20" class="1000" name="idxTree">
<pin_list>
<pin id="21" dir="1" index="0" bw="1" slack="0"/>
</pin_list>
<bind>
<StgValue><ssdm name="idxTree"/><MemPortTyVec>0 3 </MemPortTyVec>
</StgValue>
</bind>
</comp>

<comp id="22" class="1001" name="const_22">
<pin_list>
<pin id="23" dir="1" index="0" bw="1" slack="0"/>
</pin_list>
<bind>
<StgValue><ssdm name=""/></StgValue>
</bind>
</comp>

<comp id="24" class="1001" name="const_24">
<pin_list>
<pin id="25" dir="1" index="0" bw="1" slack="2147483647"/>
</pin_list>
<bind>
<StgValue><ssdm name="_ssdm_op_SpecInterface"/></StgValue>
</bind>
</comp>

<comp id="26" class="1001" name="const_26">
<pin_list>
<pin id="27" dir="1" index="0" bw="1" slack="2147483647"/>
</pin_list>
<bind>
<StgValue><ssdm name="empty_1"/></StgValue>
</bind>
</comp>

<comp id="28" class="1001" name="const_28">
<pin_list>
<pin id="29" dir="1" index="0" bw="1" slack="0"/>
</pin_list>
<bind>
<StgValue><ssdm name=""/></StgValue>
</bind>
</comp>

<comp id="30" class="1001" name="const_30">
<pin_list>
<pin id="31" dir="1" index="0" bw="1" slack="2147483647"/>
</pin_list>
<bind>
<StgValue><ssdm name="empty_24"/></StgValue>
</bind>
</comp>

<comp id="32" class="1001" name="const_32">
<pin_list>
<pin id="33" dir="1" index="0" bw="1" slack="2147483647"/>
</pin_list>
<bind>
<StgValue><ssdm name="empty_15"/></StgValue>
</bind>
</comp>

<comp id="34" class="1001" name="const_34">
<pin_list>
<pin id="35" dir="1" index="0" bw="1" slack="2147483647"/>
</pin_list>
<bind>
<StgValue><ssdm name="empty_0"/></StgValue>
</bind>
</comp>

<comp id="36" class="1001" name="const_36">
<pin_list>
<pin id="37" dir="1" index="0" bw="1" slack="2147483647"/>
</pin_list>
<bind>
<StgValue><ssdm name=""/></StgValue>
</bind>
</comp>

<comp id="38" class="1001" name="const_38">
<pin_list>
<pin id="39" dir="1" index="0" bw="1" slack="2147483647"/>
</pin_list>
<bind>
<StgValue><ssdm name="_ssdm_op_SpecPipeline"/></StgValue>
</bind>
</comp>

<comp id="40" class="1001" name="const_40">
<pin_list>
<pin id="41" dir="1" index="0" bw="1" slack="2147483647"/>
</pin_list>
<bind>
<StgValue><ssdm name=""/></StgValue>
</bind>
</comp>

<comp id="42" class="1001" name="const_42">
<pin_list>
<pin id="43" dir="1" index="0" bw="1" slack="2147483647"/>
</pin_list>
<bind>
<StgValue><ssdm name="p_str34"/></StgValue>
</bind>
</comp>

<comp id="44" class="1001" name="const_44">
<pin_list>
<pin id="45" dir="1" index="0" bw="1" slack="0"/>
</pin_list>
<bind>
<StgValue><ssdm name=""/></StgValue>
</bind>
</comp>

<comp id="46" class="1001" name="const_46">
<pin_list>
<pin id="47" dir="1" index="0" bw="1" slack="2147483647"/>
</pin_list>
<bind>
<StgValue><ssdm name="_ssdm_op_SpecLoopName"/></StgValue>
</bind>
</comp>

<comp id="48" class="1001" name="const_48">
<pin_list>
<pin id="49" dir="1" index="0" bw="1" slack="2147483647"/>
</pin_list>
<bind>
<StgValue><ssdm name="empty_27"/></StgValue>
</bind>
</comp>

<comp id="50" class="1001" name="const_50">
<pin_list>
<pin id="51" dir="1" index="0" bw="1" slack="0"/>
</pin_list>
<bind>
<StgValue><ssdm name="_ssdm_op_Read.ap_fifo.volatile.i512P0A"/></StgValue>
</bind>
</comp>

<comp id="52" class="1001" name="const_52">
<pin_list>
<pin id="53" dir="1" index="0" bw="1" slack="0"/>
</pin_list>
<bind>
<StgValue><ssdm name="_ssdm_op_PartSelect.i16.i512.i32.i32"/></StgValue>
</bind>
</comp>

<comp id="54" class="1001" name="const_54">
<pin_list>
<pin id="55" dir="1" index="0" bw="1" slack="0"/>
</pin_list>
<bind>
<StgValue><ssdm name=""/></StgValue>
</bind>
</comp>

<comp id="56" class="1001" name="const_56">
<pin_list>
<pin id="57" dir="1" index="0" bw="1" slack="0"/>
</pin_list>
<bind>
<StgValue><ssdm name=""/></StgValue>
</bind>
</comp>

<comp id="58" class="1001" name="const_58">
<pin_list>
<pin id="59" dir="1" index="0" bw="1" slack="0"/>
</pin_list>
<bind>
<StgValue><ssdm name=""/></StgValue>
</bind>
</comp>

<comp id="60" class="1001" name="const_60">
<pin_list>
<pin id="61" dir="1" index="0" bw="1" slack="0"/>
</pin_list>
<bind>
<StgValue><ssdm name=""/></StgValue>
</bind>
</comp>

<comp id="62" class="1001" name="const_62">
<pin_list>
<pin id="63" dir="1" index="0" bw="1" slack="0"/>
</pin_list>
<bind>
<StgValue><ssdm name="_ssdm_op_PartSelect.i8.i512.i32.i32"/></StgValue>
</bind>
</comp>

<comp id="64" class="1001" name="const_64">
<pin_list>
<pin id="65" dir="1" index="0" bw="1" slack="0"/>
</pin_list>
<bind>
<StgValue><ssdm name=""/></StgValue>
</bind>
</comp>

<comp id="66" class="1001" name="const_66">
<pin_list>
<pin id="67" dir="1" index="0" bw="1" slack="0"/>
</pin_list>
<bind>
<StgValue><ssdm name=""/></StgValue>
</bind>
</comp>

<comp id="68" class="1001" name="const_68">
<pin_list>
<pin id="69" dir="1" index="0" bw="1" slack="0"/>
</pin_list>
<bind>
<StgValue><ssdm name="_ssdm_op_PartSelect.i256.i512.i32.i32"/></StgValue>
</bind>
</comp>

<comp id="70" class="1001" name="const_70">
<pin_list>
<pin id="71" dir="1" index="0" bw="1" slack="0"/>
</pin_list>
<bind>
<StgValue><ssdm name=""/></StgValue>
</bind>
</comp>

<comp id="72" class="1001" name="const_72">
<pin_list>
<pin id="73" dir="1" index="0" bw="1" slack="0"/>
</pin_list>
<bind>
<StgValue><ssdm name=""/></StgValue>
</bind>
</comp>

<comp id="74" class="1001" name="const_74">
<pin_list>
<pin id="75" dir="1" index="0" bw="1" slack="0"/>
</pin_list>
<bind>
<StgValue><ssdm name=""/></StgValue>
</bind>
</comp>

<comp id="76" class="1001" name="const_76">
<pin_list>
<pin id="77" dir="1" index="0" bw="1" slack="0"/>
</pin_list>
<bind>
<StgValue><ssdm name=""/></StgValue>
</bind>
</comp>

<comp id="78" class="1001" name="const_78">
<pin_list>
<pin id="79" dir="1" index="0" bw="1" slack="0"/>
</pin_list>
<bind>
<StgValue><ssdm name="_ssdm_op_BitConcatenate.i296.i16.i16.i8.i256"/></StgValue>
</bind>
</comp>

<comp id="80" class="1001" name="const_80">
<pin_list>
<pin id="81" dir="1" index="0" bw="1" slack="0"/>
</pin_list>
<bind>
<StgValue><ssdm name="_ssdm_op_Write.axis.volatile.i296P0A.i37P0A.i37P0A.i1P0A.i1P0A.i1P0A.i1P0A"/></StgValue>
</bind>
</comp>

<comp id="82" class="1001" name="const_82">
<pin_list>
<pin id="83" dir="1" index="0" bw="1" slack="0"/>
</pin_list>
<bind>
<StgValue><ssdm name=""/></StgValue>
</bind>
</comp>

<comp id="84" class="1001" name="const_84">
<pin_list>
<pin id="85" dir="1" index="0" bw="1" slack="0"/>
</pin_list>
<bind>
<StgValue><ssdm name=""/></StgValue>
</bind>
</comp>

<comp id="86" class="1001" name="const_86">
<pin_list>
<pin id="87" dir="1" index="0" bw="1" slack="0"/>
</pin_list>
<bind>
<StgValue><ssdm name=""/></StgValue>
</bind>
</comp>

<comp id="88" class="1001" name="const_88">
<pin_list>
<pin id="89" dir="1" index="0" bw="1" slack="0"/>
</pin_list>
<bind>
<StgValue><ssdm name="_ssdm_op_Write.ap_auto.i32P0A"/></StgValue>
</bind>
</comp>

<comp id="90" class="1004" name="reuse_addr_reg_fu_90">
<pin_list>
<pin id="91" dir="0" index="0" bw="1" slack="0"/>
<pin id="92" dir="1" index="1" bw="64" slack="0"/>
</pin_list>
<bind>
<opcode="alloca(26) " fcode="alloca"/>
<opset="reuse_addr_reg/1 "/>
</bind>
</comp>

<comp id="94" class="1004" name="reuse_reg_fu_94">
<pin_list>
<pin id="95" dir="0" index="0" bw="1" slack="0"/>
<pin id="96" dir="1" index="1" bw="32" slack="0"/>
</pin_list>
<bind>
<opcode="alloca(26) " fcode="alloca"/>
<opset="reuse_reg/1 "/>
</bind>
</comp>

<comp id="98" class="1004" name="cnt_fu_98">
<pin_list>
<pin id="99" dir="0" index="0" bw="1" slack="0"/>
<pin id="100" dir="1" index="1" bw="32" slack="0"/>
</pin_list>
<bind>
<opcode="alloca(26) " fcode="alloca"/>
<opset="cnt/1 "/>
</bind>
</comp>

<comp id="102" class="1004" name="tmp_read_fu_102">
<pin_list>
<pin id="103" dir="0" index="0" bw="512" slack="0"/>
<pin id="104" dir="0" index="1" bw="512" slack="0"/>
<pin id="105" dir="1" index="2" bw="512" slack="0"/>
</pin_list>
<bind>
<opcode="read(1150) " fcode="read"/>
<opset="tmp/2 "/>
</bind>
</comp>

<comp id="108" class="1004" name="write_ln304_write_fu_108">
<pin_list>
<pin id="109" dir="0" index="0" bw="0" slack="0"/>
<pin id="110" dir="0" index="1" bw="296" slack="0"/>
<pin id="111" dir="0" index="2" bw="37" slack="0"/>
<pin id="112" dir="0" index="3" bw="37" slack="0"/>
<pin id="113" dir="0" index="4" bw="1" slack="0"/>
<pin id="114" dir="0" index="5" bw="1" slack="0"/>
<pin id="115" dir="0" index="6" bw="1" slack="0"/>
<pin id="116" dir="0" index="7" bw="1" slack="0"/>
<pin id="117" dir="0" index="8" bw="296" slack="0"/>
<pin id="118" dir="0" index="9" bw="1" slack="0"/>
<pin id="119" dir="0" index="10" bw="1" slack="0"/>
<pin id="120" dir="0" index="11" bw="1" slack="0"/>
<pin id="121" dir="0" index="12" bw="1" slack="0"/>
<pin id="122" dir="0" index="13" bw="1" slack="0"/>
<pin id="123" dir="0" index="14" bw="1" slack="0"/>
<pin id="124" dir="1" index="15" bw="0" slack="2147483647"/>
</pin_list>
<bind>
<opcode="write(1151) " fcode="write"/>
<opset="write_ln304/5 "/>
</bind>
</comp>

<comp id="139" class="1004" name="write_ln311_write_fu_139">
<pin_list>
<pin id="140" dir="0" index="0" bw="0" slack="0"/>
<pin id="141" dir="0" index="1" bw="32" slack="0"/>
<pin id="142" dir="0" index="2" bw="32" slack="0"/>
<pin id="143" dir="1" index="3" bw="0" slack="2147483647"/>
</pin_list>
<bind>
<opcode="write(1151) " fcode="write"/>
<opset="write_ln311/6 "/>
</bind>
</comp>

<comp id="146" class="1004" name="cntTree_addr_gep_fu_146">
<pin_list>
<pin id="147" dir="0" index="0" bw="32" slack="0"/>
<pin id="148" dir="0" index="1" bw="1" slack="0"/>
<pin id="149" dir="0" index="2" bw="8" slack="0"/>
<pin id="150" dir="1" index="3" bw="8" slack="0"/>
</pin_list>
<bind>
<opcode="getelementptr(29) " fcode="getelementptr"/>
<opset="cntTree_addr/2 "/>
</bind>
</comp>

<comp id="153" class="1004" name="grp_access_fu_153">
<pin_list>
<pin id="154" dir="0" index="0" bw="8" slack="1"/>
<pin id="155" dir="0" index="1" bw="32" slack="0"/>
<pin id="156" dir="0" index="2" bw="0" slack="0"/>
<pin id="158" dir="0" index="4" bw="8" slack="2147483647"/>
<pin id="159" dir="0" index="5" bw="32" slack="2147483647"/>
<pin id="160" dir="0" index="6" bw="0" slack="2147483647"/>
<pin id="157" dir="1" index="3" bw="32" slack="2147483647"/>
<pin id="161" dir="1" index="7" bw="32" slack="0"/>
</pin_list>
<bind>
<opcode="load(27) store(28) " fcode="store"/>
<opset="cntTree_load/2 store_ln306/3 "/>
</bind>
</comp>

<comp id="163" class="1004" name="idxTree_addr_gep_fu_163">
<pin_list>
<pin id="164" dir="0" index="0" bw="32" slack="0"/>
<pin id="165" dir="0" index="1" bw="1" slack="0"/>
<pin id="166" dir="0" index="2" bw="15" slack="0"/>
<pin id="167" dir="1" index="3" bw="15" slack="0"/>
</pin_list>
<bind>
<opcode="getelementptr(29) " fcode="getelementptr"/>
<opset="idxTree_addr/5 "/>
</bind>
</comp>

<comp id="170" class="1004" name="store_ln305_access_fu_170">
<pin_list>
<pin id="171" dir="0" index="0" bw="15" slack="0"/>
<pin id="172" dir="0" index="1" bw="32" slack="0"/>
<pin id="173" dir="0" index="2" bw="0" slack="2147483647"/>
<pin id="174" dir="1" index="3" bw="32" slack="2147483647"/>
</pin_list>
<bind>
<opcode="store(28) " fcode="store"/>
<opset="store_ln305/5 "/>
</bind>
</comp>

<comp id="176" class="1004" name="grp_load_fu_176">
<pin_list>
<pin id="177" dir="0" index="0" bw="32" slack="4"/>
<pin id="178" dir="1" index="1" bw="32" slack="0"/>
</pin_list>
<bind>
<opcode="load(27) " fcode="load"/>
<opset="cnt_load/5 cnt_load_1/6 "/>
</bind>
</comp>

<comp id="181" class="1004" name="store_ln294_store_fu_181">
<pin_list>
<pin id="182" dir="0" index="0" bw="1" slack="0"/>
<pin id="183" dir="0" index="1" bw="32" slack="0"/>
<pin id="184" dir="1" index="2" bw="0" slack="2147483647"/>
</pin_list>
<bind>
<opcode="store(28) " fcode="store"/>
<opset="store_ln294/1 "/>
</bind>
</comp>

<comp id="186" class="1004" name="store_ln0_store_fu_186">
<pin_list>
<pin id="187" dir="0" index="0" bw="1" slack="0"/>
<pin id="188" dir="0" index="1" bw="32" slack="0"/>
<pin id="189" dir="1" index="2" bw="0" slack="2147483647"/>
</pin_list>
<bind>
<opcode="store(28) " fcode="store"/>
<opset="store_ln0/1 "/>
</bind>
</comp>

<comp id="191" class="1004" name="store_ln0_store_fu_191">
<pin_list>
<pin id="192" dir="0" index="0" bw="1" slack="0"/>
<pin id="193" dir="0" index="1" bw="64" slack="0"/>
<pin id="194" dir="1" index="2" bw="0" slack="2147483647"/>
</pin_list>
<bind>
<opcode="store(28) " fcode="store"/>
<opset="store_ln0/1 "/>
</bind>
</comp>

<comp id="196" class="1004" name="flag_V_fu_196">
<pin_list>
<pin id="197" dir="0" index="0" bw="512" slack="0"/>
<pin id="198" dir="1" index="1" bw="1" slack="2147483647"/>
</pin_list>
<bind>
<opcode="trunc(33) " fcode="trunc"/>
<opset="flag_V/2 "/>
</bind>
</comp>

<comp id="200" class="1004" name="data_x_V_fu_200">
<pin_list>
<pin id="201" dir="0" index="0" bw="16" slack="0"/>
<pin id="202" dir="0" index="1" bw="512" slack="0"/>
<pin id="203" dir="0" index="2" bw="6" slack="0"/>
<pin id="204" dir="0" index="3" bw="6" slack="0"/>
<pin id="205" dir="1" index="4" bw="16" slack="3"/>
</pin_list>
<bind>
<opcode="partselect(1002) " fcode="partselect"/>
<opset="data_x_V/2 "/>
</bind>
</comp>

<comp id="210" class="1004" name="data_y_V_fu_210">
<pin_list>
<pin id="211" dir="0" index="0" bw="16" slack="0"/>
<pin id="212" dir="0" index="1" bw="512" slack="0"/>
<pin id="213" dir="0" index="2" bw="7" slack="0"/>
<pin id="214" dir="0" index="3" bw="7" slack="0"/>
<pin id="215" dir="1" index="4" bw="16" slack="3"/>
</pin_list>
<bind>
<opcode="partselect(1002) " fcode="partselect"/>
<opset="data_y_V/2 "/>
</bind>
</comp>

<comp id="220" class="1004" name="data_response_V_fu_220">
<pin_list>
<pin id="221" dir="0" index="0" bw="8" slack="0"/>
<pin id="222" dir="0" index="1" bw="512" slack="0"/>
<pin id="223" dir="0" index="2" bw="7" slack="0"/>
<pin id="224" dir="0" index="3" bw="7" slack="0"/>
<pin id="225" dir="1" index="4" bw="8" slack="0"/>
</pin_list>
<bind>
<opcode="partselect(1002) " fcode="partselect"/>
<opset="data_response_V/2 "/>
</bind>
</comp>

<comp id="230" class="1004" name="data_descriptor_V_fu_230">
<pin_list>
<pin id="231" dir="0" index="0" bw="256" slack="0"/>
<pin id="232" dir="0" index="1" bw="512" slack="0"/>
<pin id="233" dir="0" index="2" bw="10" slack="0"/>
<pin id="234" dir="0" index="3" bw="10" slack="0"/>
<pin id="235" dir="1" index="4" bw="256" slack="3"/>
</pin_list>
<bind>
<opcode="partselect(1002) " fcode="partselect"/>
<opset="data_descriptor_V/2 "/>
</bind>
</comp>

<comp id="240" class="1004" name="zext_ln534_fu_240">
<pin_list>
<pin id="241" dir="0" index="0" bw="8" slack="0"/>
<pin id="242" dir="1" index="1" bw="64" slack="0"/>
</pin_list>
<bind>
<opcode="zext(34) " fcode="zext"/>
<opset="zext_ln534/2 "/>
</bind>
</comp>

<comp id="245" class="1004" name="zext_ln305_fu_245">
<pin_list>
<pin id="246" dir="0" index="0" bw="8" slack="0"/>
<pin id="247" dir="1" index="1" bw="15" slack="0"/>
</pin_list>
<bind>
<opcode="zext(34) " fcode="zext"/>
<opset="zext_ln305/2 "/>
</bind>
</comp>

<comp id="249" class="1004" name="reuse_addr_reg_load_load_fu_249">
<pin_list>
<pin id="250" dir="0" index="0" bw="64" slack="1"/>
<pin id="251" dir="1" index="1" bw="64" slack="0"/>
</pin_list>
<bind>
<opcode="load(27) " fcode="load"/>
<opset="reuse_addr_reg_load/2 "/>
</bind>
</comp>

<comp id="252" class="1004" name="addr_cmp_fu_252">
<pin_list>
<pin id="253" dir="0" index="0" bw="64" slack="0"/>
<pin id="254" dir="0" index="1" bw="8" slack="0"/>
<pin id="255" dir="1" index="2" bw="1" slack="1"/>
</pin_list>
<bind>
<opcode="icmp(45) " fcode="icmp"/>
<opset="addr_cmp/2 "/>
</bind>
</comp>

<comp id="258" class="1004" name="store_ln534_store_fu_258">
<pin_list>
<pin id="259" dir="0" index="0" bw="8" slack="0"/>
<pin id="260" dir="0" index="1" bw="64" slack="1"/>
<pin id="261" dir="1" index="2" bw="0" slack="2147483647"/>
</pin_list>
<bind>
<opcode="store(28) " fcode="store"/>
<opset="store_ln534/2 "/>
</bind>
</comp>

<comp id="263" class="1004" name="reuse_reg_load_load_fu_263">
<pin_list>
<pin id="264" dir="0" index="0" bw="32" slack="2"/>
<pin id="265" dir="1" index="1" bw="32" slack="0"/>
</pin_list>
<bind>
<opcode="load(27) " fcode="load"/>
<opset="reuse_reg_load/3 "/>
</bind>
</comp>

<comp id="266" class="1004" name="reuse_select_fu_266">
<pin_list>
<pin id="267" dir="0" index="0" bw="1" slack="1"/>
<pin id="268" dir="0" index="1" bw="32" slack="0"/>
<pin id="269" dir="0" index="2" bw="32" slack="0"/>
<pin id="270" dir="1" index="3" bw="32" slack="0"/>
</pin_list>
<bind>
<opcode="select(49) " fcode="select"/>
<opset="reuse_select/3 "/>
</bind>
</comp>

<comp id="273" class="1004" name="trunc_ln305_fu_273">
<pin_list>
<pin id="274" dir="0" index="0" bw="32" slack="0"/>
<pin id="275" dir="1" index="1" bw="15" slack="1"/>
</pin_list>
<bind>
<opcode="trunc(33) " fcode="trunc"/>
<opset="trunc_ln305/3 "/>
</bind>
</comp>

<comp id="277" class="1004" name="add_ln306_fu_277">
<pin_list>
<pin id="278" dir="0" index="0" bw="32" slack="0"/>
<pin id="279" dir="0" index="1" bw="1" slack="0"/>
<pin id="280" dir="1" index="2" bw="32" slack="0"/>
</pin_list>
<bind>
<opcode="add(8) " fcode="add"/>
<opset="add_ln306/3 "/>
</bind>
</comp>

<comp id="284" class="1004" name="store_ln306_store_fu_284">
<pin_list>
<pin id="285" dir="0" index="0" bw="32" slack="0"/>
<pin id="286" dir="0" index="1" bw="32" slack="2"/>
<pin id="287" dir="1" index="2" bw="0" slack="2147483647"/>
</pin_list>
<bind>
<opcode="store(28) " fcode="store"/>
<opset="store_ln306/3 "/>
</bind>
</comp>

<comp id="289" class="1004" name="p_Result_s_fu_289">
<pin_list>
<pin id="290" dir="0" index="0" bw="296" slack="0"/>
<pin id="291" dir="0" index="1" bw="16" slack="3"/>
<pin id="292" dir="0" index="2" bw="16" slack="3"/>
<pin id="293" dir="0" index="3" bw="8" slack="3"/>
<pin id="294" dir="0" index="4" bw="256" slack="3"/>
<pin id="295" dir="1" index="5" bw="296" slack="0"/>
</pin_list>
<bind>
<opcode="bitconcatenate(1004) " fcode="bitconcatenate"/>
<opset="p_Result_s/5 "/>
</bind>
</comp>

<comp id="298" class="1004" name="zext_ln305_1_fu_298">
<pin_list>
<pin id="299" dir="0" index="0" bw="15" slack="0"/>
<pin id="300" dir="1" index="1" bw="64" slack="0"/>
</pin_list>
<bind>
<opcode="zext(34) " fcode="zext"/>
<opset="zext_ln305_1/5 "/>
</bind>
</comp>

<comp id="302" class="1004" name="cnt_1_fu_302">
<pin_list>
<pin id="303" dir="0" index="0" bw="32" slack="0"/>
<pin id="304" dir="0" index="1" bw="1" slack="0"/>
<pin id="305" dir="1" index="2" bw="32" slack="0"/>
</pin_list>
<bind>
<opcode="add(8) " fcode="add"/>
<opset="cnt_1/5 "/>
</bind>
</comp>

<comp id="308" class="1004" name="store_ln309_store_fu_308">
<pin_list>
<pin id="309" dir="0" index="0" bw="32" slack="0"/>
<pin id="310" dir="0" index="1" bw="32" slack="4"/>
<pin id="311" dir="1" index="2" bw="0" slack="2147483647"/>
</pin_list>
<bind>
<opcode="store(28) " fcode="store"/>
<opset="store_ln309/5 "/>
</bind>
</comp>

<comp id="313" class="1007" name="grp_fu_313">
<pin_list>
<pin id="314" dir="0" index="0" bw="8" slack="0"/>
<pin id="315" dir="0" index="1" bw="15" slack="0"/>
<pin id="316" dir="0" index="2" bw="15" slack="2147483647"/>
<pin id="317" dir="1" index="3" bw="15" slack="0"/>
</pin_list>
<bind>
<opcode="muladd(1172) " fcode="muladd"/>
<opset="mul_ln305/2 add_ln305/4 "/>
</bind>
</comp>

<comp id="321" class="1005" name="reuse_addr_reg_reg_321">
<pin_list>
<pin id="322" dir="0" index="0" bw="64" slack="0"/>
<pin id="323" dir="1" index="1" bw="64" slack="0"/>
</pin_list>
<bind>
<opset="reuse_addr_reg "/>
</bind>
</comp>

<comp id="328" class="1005" name="reuse_reg_reg_328">
<pin_list>
<pin id="329" dir="0" index="0" bw="32" slack="0"/>
<pin id="330" dir="1" index="1" bw="32" slack="0"/>
</pin_list>
<bind>
<opset="reuse_reg "/>
</bind>
</comp>

<comp id="335" class="1005" name="cnt_reg_335">
<pin_list>
<pin id="336" dir="0" index="0" bw="32" slack="0"/>
<pin id="337" dir="1" index="1" bw="32" slack="0"/>
</pin_list>
<bind>
<opset="cnt "/>
</bind>
</comp>

<comp id="345" class="1005" name="data_x_V_reg_345">
<pin_list>
<pin id="346" dir="0" index="0" bw="16" slack="3"/>
<pin id="347" dir="1" index="1" bw="16" slack="3"/>
</pin_list>
<bind>
<opset="data_x_V "/>
</bind>
</comp>

<comp id="350" class="1005" name="data_y_V_reg_350">
<pin_list>
<pin id="351" dir="0" index="0" bw="16" slack="3"/>
<pin id="352" dir="1" index="1" bw="16" slack="3"/>
</pin_list>
<bind>
<opset="data_y_V "/>
</bind>
</comp>

<comp id="355" class="1005" name="data_response_V_reg_355">
<pin_list>
<pin id="356" dir="0" index="0" bw="8" slack="3"/>
<pin id="357" dir="1" index="1" bw="8" slack="3"/>
</pin_list>
<bind>
<opset="data_response_V "/>
</bind>
</comp>

<comp id="360" class="1005" name="data_descriptor_V_reg_360">
<pin_list>
<pin id="361" dir="0" index="0" bw="256" slack="3"/>
<pin id="362" dir="1" index="1" bw="256" slack="3"/>
</pin_list>
<bind>
<opset="data_descriptor_V "/>
</bind>
</comp>

<comp id="365" class="1005" name="zext_ln305_reg_365">
<pin_list>
<pin id="366" dir="0" index="0" bw="15" slack="1"/>
<pin id="367" dir="1" index="1" bw="15" slack="1"/>
</pin_list>
<bind>
<opset="zext_ln305 "/>
</bind>
</comp>

<comp id="370" class="1005" name="cntTree_addr_reg_370">
<pin_list>
<pin id="371" dir="0" index="0" bw="8" slack="1"/>
<pin id="372" dir="1" index="1" bw="8" slack="1"/>
</pin_list>
<bind>
<opset="cntTree_addr "/>
</bind>
</comp>

<comp id="376" class="1005" name="addr_cmp_reg_376">
<pin_list>
<pin id="377" dir="0" index="0" bw="1" slack="1"/>
<pin id="378" dir="1" index="1" bw="1" slack="1"/>
</pin_list>
<bind>
<opset="addr_cmp "/>
</bind>
</comp>

<comp id="381" class="1005" name="trunc_ln305_reg_381">
<pin_list>
<pin id="382" dir="0" index="0" bw="15" slack="1"/>
<pin id="383" dir="1" index="1" bw="15" slack="1"/>
</pin_list>
<bind>
<opset="trunc_ln305 "/>
</bind>
</comp>

</comp_list>

<net_list>
<net id="93"><net_src comp="22" pin="0"/><net_sink comp="90" pin=0"/></net>

<net id="97"><net_src comp="22" pin="0"/><net_sink comp="94" pin=0"/></net>

<net id="101"><net_src comp="22" pin="0"/><net_sink comp="98" pin=0"/></net>

<net id="106"><net_src comp="50" pin="0"/><net_sink comp="102" pin=0"/></net>

<net id="107"><net_src comp="0" pin="0"/><net_sink comp="102" pin=1"/></net>

<net id="125"><net_src comp="80" pin="0"/><net_sink comp="108" pin=0"/></net>

<net id="126"><net_src comp="2" pin="0"/><net_sink comp="108" pin=1"/></net>

<net id="127"><net_src comp="4" pin="0"/><net_sink comp="108" pin=2"/></net>

<net id="128"><net_src comp="6" pin="0"/><net_sink comp="108" pin=3"/></net>

<net id="129"><net_src comp="8" pin="0"/><net_sink comp="108" pin=4"/></net>

<net id="130"><net_src comp="10" pin="0"/><net_sink comp="108" pin=5"/></net>

<net id="131"><net_src comp="12" pin="0"/><net_sink comp="108" pin=6"/></net>

<net id="132"><net_src comp="14" pin="0"/><net_sink comp="108" pin=7"/></net>

<net id="133"><net_src comp="82" pin="0"/><net_sink comp="108" pin=9"/></net>

<net id="134"><net_src comp="84" pin="0"/><net_sink comp="108" pin=10"/></net>

<net id="135"><net_src comp="86" pin="0"/><net_sink comp="108" pin=11"/></net>

<net id="136"><net_src comp="86" pin="0"/><net_sink comp="108" pin=12"/></net>

<net id="137"><net_src comp="86" pin="0"/><net_sink comp="108" pin=13"/></net>

<net id="138"><net_src comp="86" pin="0"/><net_sink comp="108" pin=14"/></net>

<net id="144"><net_src comp="88" pin="0"/><net_sink comp="139" pin=0"/></net>

<net id="145"><net_src comp="16" pin="0"/><net_sink comp="139" pin=1"/></net>

<net id="151"><net_src comp="18" pin="0"/><net_sink comp="146" pin=0"/></net>

<net id="152"><net_src comp="76" pin="0"/><net_sink comp="146" pin=1"/></net>

<net id="162"><net_src comp="146" pin="3"/><net_sink comp="153" pin=2"/></net>

<net id="168"><net_src comp="20" pin="0"/><net_sink comp="163" pin=0"/></net>

<net id="169"><net_src comp="76" pin="0"/><net_sink comp="163" pin=1"/></net>

<net id="175"><net_src comp="163" pin="3"/><net_sink comp="170" pin=0"/></net>

<net id="179"><net_src comp="176" pin="1"/><net_sink comp="170" pin=1"/></net>

<net id="180"><net_src comp="176" pin="1"/><net_sink comp="139" pin=2"/></net>

<net id="185"><net_src comp="28" pin="0"/><net_sink comp="181" pin=0"/></net>

<net id="190"><net_src comp="28" pin="0"/><net_sink comp="186" pin=0"/></net>

<net id="195"><net_src comp="44" pin="0"/><net_sink comp="191" pin=0"/></net>

<net id="199"><net_src comp="102" pin="2"/><net_sink comp="196" pin=0"/></net>

<net id="206"><net_src comp="52" pin="0"/><net_sink comp="200" pin=0"/></net>

<net id="207"><net_src comp="102" pin="2"/><net_sink comp="200" pin=1"/></net>

<net id="208"><net_src comp="54" pin="0"/><net_sink comp="200" pin=2"/></net>

<net id="209"><net_src comp="56" pin="0"/><net_sink comp="200" pin=3"/></net>

<net id="216"><net_src comp="52" pin="0"/><net_sink comp="210" pin=0"/></net>

<net id="217"><net_src comp="102" pin="2"/><net_sink comp="210" pin=1"/></net>

<net id="218"><net_src comp="58" pin="0"/><net_sink comp="210" pin=2"/></net>

<net id="219"><net_src comp="60" pin="0"/><net_sink comp="210" pin=3"/></net>

<net id="226"><net_src comp="62" pin="0"/><net_sink comp="220" pin=0"/></net>

<net id="227"><net_src comp="102" pin="2"/><net_sink comp="220" pin=1"/></net>

<net id="228"><net_src comp="64" pin="0"/><net_sink comp="220" pin=2"/></net>

<net id="229"><net_src comp="66" pin="0"/><net_sink comp="220" pin=3"/></net>

<net id="236"><net_src comp="68" pin="0"/><net_sink comp="230" pin=0"/></net>

<net id="237"><net_src comp="102" pin="2"/><net_sink comp="230" pin=1"/></net>

<net id="238"><net_src comp="70" pin="0"/><net_sink comp="230" pin=2"/></net>

<net id="239"><net_src comp="72" pin="0"/><net_sink comp="230" pin=3"/></net>

<net id="243"><net_src comp="220" pin="4"/><net_sink comp="240" pin=0"/></net>

<net id="244"><net_src comp="240" pin="1"/><net_sink comp="146" pin=2"/></net>

<net id="248"><net_src comp="220" pin="4"/><net_sink comp="245" pin=0"/></net>

<net id="256"><net_src comp="249" pin="1"/><net_sink comp="252" pin=0"/></net>

<net id="257"><net_src comp="240" pin="1"/><net_sink comp="252" pin=1"/></net>

<net id="262"><net_src comp="240" pin="1"/><net_sink comp="258" pin=0"/></net>

<net id="271"><net_src comp="263" pin="1"/><net_sink comp="266" pin=1"/></net>

<net id="272"><net_src comp="153" pin="7"/><net_sink comp="266" pin=2"/></net>

<net id="276"><net_src comp="266" pin="3"/><net_sink comp="273" pin=0"/></net>

<net id="281"><net_src comp="266" pin="3"/><net_sink comp="277" pin=0"/></net>

<net id="282"><net_src comp="22" pin="0"/><net_sink comp="277" pin=1"/></net>

<net id="283"><net_src comp="277" pin="2"/><net_sink comp="153" pin=1"/></net>

<net id="288"><net_src comp="277" pin="2"/><net_sink comp="284" pin=0"/></net>

<net id="296"><net_src comp="78" pin="0"/><net_sink comp="289" pin=0"/></net>

<net id="297"><net_src comp="289" pin="5"/><net_sink comp="108" pin=8"/></net>

<net id="301"><net_src comp="298" pin="1"/><net_sink comp="163" pin=2"/></net>

<net id="306"><net_src comp="176" pin="1"/><net_sink comp="302" pin=0"/></net>

<net id="307"><net_src comp="22" pin="0"/><net_sink comp="302" pin=1"/></net>

<net id="312"><net_src comp="302" pin="2"/><net_sink comp="308" pin=0"/></net>

<net id="318"><net_src comp="245" pin="1"/><net_sink comp="313" pin=0"/></net>

<net id="319"><net_src comp="74" pin="0"/><net_sink comp="313" pin=1"/></net>

<net id="320"><net_src comp="313" pin="3"/><net_sink comp="298" pin=0"/></net>

<net id="324"><net_src comp="90" pin="1"/><net_sink comp="321" pin=0"/></net>

<net id="325"><net_src comp="321" pin="1"/><net_sink comp="191" pin=1"/></net>

<net id="326"><net_src comp="321" pin="1"/><net_sink comp="249" pin=0"/></net>

<net id="327"><net_src comp="321" pin="1"/><net_sink comp="258" pin=1"/></net>

<net id="331"><net_src comp="94" pin="1"/><net_sink comp="328" pin=0"/></net>

<net id="332"><net_src comp="328" pin="1"/><net_sink comp="186" pin=1"/></net>

<net id="333"><net_src comp="328" pin="1"/><net_sink comp="263" pin=0"/></net>

<net id="334"><net_src comp="328" pin="1"/><net_sink comp="284" pin=1"/></net>

<net id="338"><net_src comp="98" pin="1"/><net_sink comp="335" pin=0"/></net>

<net id="339"><net_src comp="335" pin="1"/><net_sink comp="181" pin=1"/></net>

<net id="340"><net_src comp="335" pin="1"/><net_sink comp="176" pin=0"/></net>

<net id="341"><net_src comp="335" pin="1"/><net_sink comp="308" pin=1"/></net>

<net id="348"><net_src comp="200" pin="4"/><net_sink comp="345" pin=0"/></net>

<net id="349"><net_src comp="345" pin="1"/><net_sink comp="289" pin=1"/></net>

<net id="353"><net_src comp="210" pin="4"/><net_sink comp="350" pin=0"/></net>

<net id="354"><net_src comp="350" pin="1"/><net_sink comp="289" pin=2"/></net>

<net id="358"><net_src comp="220" pin="4"/><net_sink comp="355" pin=0"/></net>

<net id="359"><net_src comp="355" pin="1"/><net_sink comp="289" pin=3"/></net>

<net id="363"><net_src comp="230" pin="4"/><net_sink comp="360" pin=0"/></net>

<net id="364"><net_src comp="360" pin="1"/><net_sink comp="289" pin=4"/></net>

<net id="368"><net_src comp="245" pin="1"/><net_sink comp="365" pin=0"/></net>

<net id="369"><net_src comp="365" pin="1"/><net_sink comp="313" pin=0"/></net>

<net id="373"><net_src comp="146" pin="3"/><net_sink comp="370" pin=0"/></net>

<net id="374"><net_src comp="370" pin="1"/><net_sink comp="153" pin=2"/></net>

<net id="375"><net_src comp="370" pin="1"/><net_sink comp="153" pin=0"/></net>

<net id="379"><net_src comp="252" pin="2"/><net_sink comp="376" pin=0"/></net>

<net id="380"><net_src comp="376" pin="1"/><net_sink comp="266" pin=0"/></net>

<net id="384"><net_src comp="273" pin="1"/><net_sink comp="381" pin=0"/></net>

<net id="385"><net_src comp="381" pin="1"/><net_sink comp="313" pin=1"/></net>

</net_list>

</model> 
---------------- Datapath Model END ------------------

* FSMD analyzer results:
  - Output states:
	Port: dst_V_data_V | {5 }
	Port: dst_V_keep_V | {5 }
	Port: dst_V_strb_V | {5 }
	Port: dst_V_user_V | {5 }
	Port: dst_V_last_V | {5 }
	Port: dst_V_id_V | {5 }
	Port: dst_V_dest_V | {5 }
	Port: length_r | {6 }
	Port: cntTree | {3 }
	Port: idxTree | {5 }
 - Input state : 
	Port: process_output<8, 0, 1080, 1920, 1> : src | {2 }
	Port: process_output<8, 0, 1080, 1920, 1> : cntTree | {2 3 }
  - Chain level:
	State 1
		store_ln294 : 1
		store_ln0 : 1
		store_ln0 : 1
	State 2
		br_ln297 : 1
		zext_ln534 : 1
		zext_ln305 : 1
		mul_ln305 : 2
		cntTree_addr : 2
		cntTree_load : 3
		addr_cmp : 2
		store_ln534 : 2
	State 3
		reuse_select : 1
		trunc_ln305 : 2
		add_ln306 : 2
		store_ln306 : 3
		store_ln306 : 3
	State 4
		add_ln305 : 1
	State 5
		zext_ln305_1 : 1
		idxTree_addr : 2
		store_ln305 : 3
		cnt_1 : 1
		write_ln304 : 1
		store_ln309 : 2
	State 6
		write_ln311 : 1


============================================================
+ Verbose Summary: Datapath Resource usage 
============================================================

* Functional unit list:
|----------|--------------------------|---------|---------|---------|
| Operation|      Functional Unit     |   DSP   |    FF   |   LUT   |
|----------|--------------------------|---------|---------|---------|
|    add   |     add_ln306_fu_277     |    0    |    0    |    39   |
|          |       cnt_1_fu_302       |    0    |    0    |    39   |
|----------|--------------------------|---------|---------|---------|
|  select  |    reuse_select_fu_266   |    0    |    0    |    32   |
|----------|--------------------------|---------|---------|---------|
|   icmp   |      addr_cmp_fu_252     |    0    |    0    |    29   |
|----------|--------------------------|---------|---------|---------|
|  muladd  |        grp_fu_313        |    1    |    0    |    0    |
|----------|--------------------------|---------|---------|---------|
|   read   |      tmp_read_fu_102     |    0    |    0    |    0    |
|----------|--------------------------|---------|---------|---------|
|   write  | write_ln304_write_fu_108 |    0    |    0    |    0    |
|          | write_ln311_write_fu_139 |    0    |    0    |    0    |
|----------|--------------------------|---------|---------|---------|
|   trunc  |       flag_V_fu_196      |    0    |    0    |    0    |
|          |    trunc_ln305_fu_273    |    0    |    0    |    0    |
|----------|--------------------------|---------|---------|---------|
|          |      data_x_V_fu_200     |    0    |    0    |    0    |
|partselect|      data_y_V_fu_210     |    0    |    0    |    0    |
|          |  data_response_V_fu_220  |    0    |    0    |    0    |
|          | data_descriptor_V_fu_230 |    0    |    0    |    0    |
|----------|--------------------------|---------|---------|---------|
|          |     zext_ln534_fu_240    |    0    |    0    |    0    |
|   zext   |     zext_ln305_fu_245    |    0    |    0    |    0    |
|          |    zext_ln305_1_fu_298   |    0    |    0    |    0    |
|----------|--------------------------|---------|---------|---------|
|bitconcatenate|     p_Result_s_fu_289    |    0    |    0    |    0    |
|----------|--------------------------|---------|---------|---------|
|   Total  |                          |    1    |    0    |   139   |
|----------|--------------------------|---------|---------|---------|

Memories:
N/A

* Register list:
+-------------------------+--------+
|                         |   FF   |
+-------------------------+--------+
|     addr_cmp_reg_376    |    1   |
|   cntTree_addr_reg_370  |    8   |
|       cnt_reg_335       |   32   |
|data_descriptor_V_reg_360|   256  |
| data_response_V_reg_355 |    8   |
|     data_x_V_reg_345    |   16   |
|     data_y_V_reg_350    |   16   |
|  reuse_addr_reg_reg_321 |   64   |
|    reuse_reg_reg_328    |   32   |
|   trunc_ln305_reg_381   |   15   |
|    zext_ln305_reg_365   |   15   |
+-------------------------+--------+
|          Total          |   463  |
+-------------------------+--------+

* Multiplexer (MUX) list: 
|-------------------|------|------|------|--------||---------||---------|
|        Comp       |  Pin | Size |  BW  | S x BW ||  Delay  ||   LUT   |
|-------------------|------|------|------|--------||---------||---------|
| grp_access_fu_153 |  p2  |   2  |   0  |    0   ||    9    |
|     grp_fu_313    |  p0  |   2  |   8  |   16   ||    9    |
|     grp_fu_313    |  p1  |   2  |  15  |   30   ||    9    |
|-------------------|------|------|------|--------||---------||---------|
|       Total       |      |      |      |   46   ||  1.281  ||    27   |
|-------------------|------|------|------|--------||---------||---------|



* Summary:
+-----------+--------+--------+--------+--------+
|           |   DSP  |  Delay |   FF   |   LUT  |
+-----------+--------+--------+--------+--------+
|  Function |    1   |    -   |    0   |   139  |
|   Memory  |    -   |    -   |    -   |    -   |
|Multiplexer|    -   |    1   |    -   |   27   |
|  Register |    -   |    -   |   463  |    -   |
+-----------+--------+--------+--------+--------+
|   Total   |    1   |    1   |   463  |   166  |
+-----------+--------+--------+--------+--------+
