

================================================================
== Vitis HLS Report for 'process_stream2xfMat_8_0_1080_1920_1_s'
================================================================
* Date:           Sun Jan 21 17:46:45 2024

* Version:        2020.2 (Build 3064766 on Wed Nov 18 09:12:45 MST 2020)
* Project:        hls_project
* Solution:       solution1 (Vivado IP Flow Target)
* Product family: zynquplus
* Target device:  xczu7ev-ffvc1156-2-e


================================================================
== Performance Estimates
================================================================
+ Timing: 
    * Summary: 
    +--------+----------+----------+------------+
    |  Clock |  Target  | Estimated| Uncertainty|
    +--------+----------+----------+------------+
    |ap_clk  |  10.00 ns|  3.676 ns|     2.70 ns|
    +--------+----------+----------+------------+

+ Latency: 
    * Summary: 
    +---------+---------+----------+----------+-----+-----+---------+
    |  Latency (cycles) |  Latency (absolute) |  Interval | Pipeline|
    |   min   |   max   |    min   |    max   | min | max |   Type  |
    +---------+---------+----------+----------+-----+-----+---------+
    |        ?|        ?|         ?|         ?|    ?|    ?|     none|
    +---------+---------+----------+----------+-----+-----+---------+

    + Detail: 
        * Instance: 
        N/A

        * Loop: 
        +-------------------+---------+---------+----------+-----------+-----------+------+----------+
        |                   |  Latency (cycles) | Iteration|  Initiation Interval  | Trip |          |
        |     Loop Name     |   min   |   max   |  Latency |  achieved |   target  | Count| Pipelined|
        +-------------------+---------+---------+----------+-----------+-----------+------+----------+
        |- VITIS_LOOP_88_1  |        ?|        ?|         9|          8|          1|     ?|       yes|
        +-------------------+---------+---------+----------+-----------+-----------+------+----------+



================================================================
== Utilization Estimates
================================================================
* Summary: 
+-----------------+---------+------+--------+--------+-----+
|       Name      | BRAM_18K|  DSP |   FF   |   LUT  | URAM|
+-----------------+---------+------+--------+--------+-----+
|DSP              |        -|     1|       -|       -|    -|
|Expression       |        -|     -|       0|     506|    -|
|FIFO             |        -|     -|       -|       -|    -|
|Instance         |        -|     -|       -|       -|    -|
|Memory           |        -|     -|       -|       -|    -|
|Multiplexer      |        -|     -|       -|     160|    -|
|Register         |        -|     -|     129|       -|    -|
+-----------------+---------+------+--------+--------+-----+
|Total            |        0|     1|     129|     666|    0|
+-----------------+---------+------+--------+--------+-----+
|Available        |      624|  1728|  460800|  230400|   96|
+-----------------+---------+------+--------+--------+-----+
|Utilization (%)  |        0|    ~0|      ~0|      ~0|    0|
+-----------------+---------+------+--------+--------+-----+

+ Detail: 
    * Instance: 
    N/A

    * DSP: 
    +------------------------------+--------------------------+-----------+
    |           Instance           |          Module          | Expression|
    +------------------------------+--------------------------+-----------+
    |mul_mul_11ns_11ns_22_4_1_U35  |mul_mul_11ns_11ns_22_4_1  |    i0 * i1|
    +------------------------------+--------------------------+-----------+

    * Memory: 
    N/A

    * FIFO: 
    N/A

    * Expression: 
    +-----------------------------------+----------+----+---+----+------------+------------+
    |           Variable Name           | Operation| DSP| FF| LUT| Bitwidth P0| Bitwidth P1|
    +-----------------------------------+----------+----+---+----+------------+------------+
    |add_ln88_1_fu_137_p2               |         +|   0|  0|  29|          22|           3|
    |add_ln88_fu_246_p2                 |         +|   0|  0|  39|          32|           4|
    |ap_block_pp0_stage0_01001          |       and|   0|  0|   2|           1|           1|
    |ap_block_pp0_stage1_01001          |       and|   0|  0|   2|           1|           1|
    |ap_block_pp0_stage2_01001          |       and|   0|  0|   2|           1|           1|
    |ap_block_pp0_stage3_01001          |       and|   0|  0|   2|           1|           1|
    |ap_block_pp0_stage4_01001          |       and|   0|  0|   2|           1|           1|
    |ap_block_pp0_stage5_01001          |       and|   0|  0|   2|           1|           1|
    |ap_block_pp0_stage6_01001          |       and|   0|  0|   2|           1|           1|
    |ap_block_pp0_stage7_01001          |       and|   0|  0|   2|           1|           1|
    |ap_predicate_op67_read_state7      |       and|   0|  0|   2|           1|           1|
    |ap_predicate_op69_read_state8      |       and|   0|  0|   2|           1|           1|
    |ap_predicate_op71_read_state9      |       and|   0|  0|   2|           1|           1|
    |ap_predicate_op73_read_state10     |       and|   0|  0|   2|           1|           1|
    |ap_predicate_op75_read_state11     |       and|   0|  0|   2|           1|           1|
    |ap_predicate_op77_read_state12     |       and|   0|  0|   2|           1|           1|
    |ap_predicate_op80_read_state13     |       and|   0|  0|   2|           1|           1|
    |icmp_ln88_1_fu_175_p2              |      icmp|   0|  0|  20|          32|          32|
    |icmp_ln88_2_fu_186_p2              |      icmp|   0|  0|  20|          32|          32|
    |icmp_ln88_3_fu_197_p2              |      icmp|   0|  0|  20|          32|          32|
    |icmp_ln88_4_fu_208_p2              |      icmp|   0|  0|  20|          32|          32|
    |icmp_ln88_5_fu_219_p2              |      icmp|   0|  0|  20|          32|          32|
    |icmp_ln88_6_fu_230_p2              |      icmp|   0|  0|  20|          32|          32|
    |icmp_ln88_7_fu_241_p2              |      icmp|   0|  0|  20|          32|          32|
    |icmp_ln88_fu_164_p2                |      icmp|   0|  0|  20|          32|          32|
    |ap_block_state1                    |        or|   0|  0|   2|           1|           1|
    |ap_block_state10_pp0_stage5_iter0  |        or|   0|  0|   2|           1|           1|
    |ap_block_state11_pp0_stage6_iter0  |        or|   0|  0|   2|           1|           1|
    |ap_block_state12_pp0_stage7_iter0  |        or|   0|  0|   2|           1|           1|
    |ap_block_state13_pp0_stage0_iter1  |        or|   0|  0|   2|           1|           1|
    |ap_block_state6_pp0_stage1_iter0   |        or|   0|  0|   2|           1|           1|
    |ap_block_state7_pp0_stage2_iter0   |        or|   0|  0|   2|           1|           1|
    |ap_block_state8_pp0_stage3_iter0   |        or|   0|  0|   2|           1|           1|
    |ap_block_state9_pp0_stage4_iter0   |        or|   0|  0|   2|           1|           1|
    |ap_predicate_tran12to14_state12    |        or|   0|  0|   2|           1|           1|
    |or_ln88_1_fu_180_p2                |        or|   0|  0|  32|          32|           2|
    |or_ln88_2_fu_191_p2                |        or|   0|  0|  32|          32|           2|
    |or_ln88_3_fu_202_p2                |        or|   0|  0|  32|          32|           3|
    |or_ln88_4_fu_213_p2                |        or|   0|  0|  32|          32|           3|
    |or_ln88_5_fu_224_p2                |        or|   0|  0|  32|          32|           3|
    |or_ln88_6_fu_235_p2                |        or|   0|  0|  32|          32|           3|
    |or_ln88_fu_169_p2                  |        or|   0|  0|  32|          32|           1|
    |ap_enable_pp0                      |       xor|   0|  0|   2|           1|           2|
    |ap_enable_reg_pp0_iter1            |       xor|   0|  0|   2|           2|           1|
    +-----------------------------------+----------+----+---+----+------------+------------+
    |Total                              |          |   0|  0| 506|         562|         308|
    +-----------------------------------+----------+----+---+----+------------+------------+

    * Multiplexer: 
    +-----------------------------------+----+-----------+-----+-----------+
    |                Name               | LUT| Input Size| Bits| Total Bits|
    +-----------------------------------+----+-----------+-----+-----------+
    |ap_NS_fsm                          |  65|         14|    1|         14|
    |ap_done                            |   9|          2|    1|          2|
    |ap_enable_reg_pp0_iter1            |  14|          3|    1|          3|
    |ap_phi_mux_i_02_0_i_phi_fu_118_p4  |   9|          2|   32|         64|
    |dst_cols_blk_n                     |   9|          2|    1|          2|
    |dst_cols_out_blk_n                 |   9|          2|    1|          2|
    |dst_rows_blk_n                     |   9|          2|    1|          2|
    |dst_rows_out_blk_n                 |   9|          2|    1|          2|
    |i_02_0_i_reg_114                   |   9|          2|   32|         64|
    |img31_blk_n                        |   9|          2|    1|          2|
    |img_mat_429_blk_n                  |   9|          2|    1|          2|
    +-----------------------------------+----+-----------+-----+-----------+
    |Total                              | 160|         35|   73|        159|
    +-----------------------------------+----+-----------+-----+-----------+

    * Register: 
    +-------------------------+----+----+-----+-----------+
    |           Name          | FF | LUT| Bits| Const Bits|
    +-------------------------+----+----+-----+-----------+
    |add_ln88_reg_318         |  32|   0|   32|          0|
    |ap_CS_fsm                |  13|   0|   13|          0|
    |ap_done_reg              |   1|   0|    1|          0|
    |ap_enable_reg_pp0_iter0  |   1|   0|    1|          0|
    |ap_enable_reg_pp0_iter1  |   1|   0|    1|          0|
    |i_02_0_i_reg_114         |  32|   0|   32|          0|
    |icmp_ln88_1_reg_290      |   1|   0|    1|          0|
    |icmp_ln88_2_reg_294      |   1|   0|    1|          0|
    |icmp_ln88_3_reg_298      |   1|   0|    1|          0|
    |icmp_ln88_4_reg_302      |   1|   0|    1|          0|
    |icmp_ln88_5_reg_306      |   1|   0|    1|          0|
    |icmp_ln88_6_reg_310      |   1|   0|    1|          0|
    |icmp_ln88_7_reg_314      |   1|   0|    1|          0|
    |icmp_ln88_reg_286        |   1|   0|    1|          0|
    |zext_ln88_1_reg_281      |  19|   0|   32|         13|
    |zext_ln88_reg_270        |  22|   0|   32|         10|
    +-------------------------+----+----+-----+-----------+
    |Total                    | 129|   0|  152|         23|
    +-------------------------+----+----+-----+-----------+



================================================================
== Interface
================================================================
* Summary: 
+---------------------+-----+-----+------------+-------------------------------------------+--------------+
|      RTL Ports      | Dir | Bits|  Protocol  |               Source Object               |    C Type    |
+---------------------+-----+-----+------------+-------------------------------------------+--------------+
|ap_clk               |   in|    1|  ap_ctrl_hs|  process_stream2xfMat<8, 0, 1080, 1920, 1>|  return value|
|ap_rst               |   in|    1|  ap_ctrl_hs|  process_stream2xfMat<8, 0, 1080, 1920, 1>|  return value|
|ap_start             |   in|    1|  ap_ctrl_hs|  process_stream2xfMat<8, 0, 1080, 1920, 1>|  return value|
|ap_done              |  out|    1|  ap_ctrl_hs|  process_stream2xfMat<8, 0, 1080, 1920, 1>|  return value|
|ap_continue          |   in|    1|  ap_ctrl_hs|  process_stream2xfMat<8, 0, 1080, 1920, 1>|  return value|
|ap_idle              |  out|    1|  ap_ctrl_hs|  process_stream2xfMat<8, 0, 1080, 1920, 1>|  return value|
|ap_ready             |  out|    1|  ap_ctrl_hs|  process_stream2xfMat<8, 0, 1080, 1920, 1>|  return value|
|img31_dout           |   in|    8|     ap_fifo|                                      img31|       pointer|
|img31_empty_n        |   in|    1|     ap_fifo|                                      img31|       pointer|
|img31_read           |  out|    1|     ap_fifo|                                      img31|       pointer|
|img_mat_429_din      |  out|    8|     ap_fifo|                                img_mat_429|       pointer|
|img_mat_429_full_n   |   in|    1|     ap_fifo|                                img_mat_429|       pointer|
|img_mat_429_write    |  out|    1|     ap_fifo|                                img_mat_429|       pointer|
|dst_rows_dout        |   in|   11|     ap_fifo|                                   dst_rows|       pointer|
|dst_rows_empty_n     |   in|    1|     ap_fifo|                                   dst_rows|       pointer|
|dst_rows_read        |  out|    1|     ap_fifo|                                   dst_rows|       pointer|
|dst_cols_dout        |   in|   11|     ap_fifo|                                   dst_cols|       pointer|
|dst_cols_empty_n     |   in|    1|     ap_fifo|                                   dst_cols|       pointer|
|dst_cols_read        |  out|    1|     ap_fifo|                                   dst_cols|       pointer|
|dst_rows_out_din     |  out|   11|     ap_fifo|                               dst_rows_out|       pointer|
|dst_rows_out_full_n  |   in|    1|     ap_fifo|                               dst_rows_out|       pointer|
|dst_rows_out_write   |  out|    1|     ap_fifo|                               dst_rows_out|       pointer|
|dst_cols_out_din     |  out|   11|     ap_fifo|                               dst_cols_out|       pointer|
|dst_cols_out_full_n  |   in|    1|     ap_fifo|                               dst_cols_out|       pointer|
|dst_cols_out_write   |  out|    1|     ap_fifo|                               dst_cols_out|       pointer|
+---------------------+-----+-----+------------+-------------------------------------------+--------------+

============================================================
+ Verbose Summary: Synthesis Manager
============================================================
InlineROM: 1
ExposeGlobal: 0
============================================================
+ Verbose Summary: CDFG Model
============================================================
IsTopModel: 0
ResetActiveHigh: 1
IsCombinational: 2
IsDatapathOnly: 0
HasWiredReturn: 1
HasMFsm: 0
HasVarLatency: 1
IsPipeline: 0
IsRtlPipelined: 0
IsInstanceOverlapped: 0
IsDontTouch: 0
HasImplIP: 0
IsGatedGlobalClock: 0

+ Individual pipeline summary: 
  * Pipeline-0: initiation interval (II) = 8, depth = 9


============================================================
+ Verbose Summary: Schedule
============================================================
* Number of FSM states : 14
* Pipeline : 1
  Pipeline-0 : II = 8, D = 9, States = { 5 6 7 8 9 10 11 12 13 }
* Dataflow Pipeline: 0

* FSM state transitions: 
1 --> 2 
2 --> 3 
3 --> 4 
4 --> 5 
5 --> 6 
6 --> 7 
7 --> 8 
8 --> 9 
9 --> 10 
10 --> 11 
11 --> 12 
12 --> 14 13 
13 --> 5 
14 --> 

* FSM state operations: 

State 1 <SV = 0> <Delay = 3.67>
ST_1 : Operation 15 [1/1] (1.83ns)   --->   "%dst_rows_read = read i11 @_ssdm_op_Read.ap_fifo.i11P0A, i11 %dst_rows"   --->   Operation 15 'read' 'dst_rows_read' <Predicate = true> <Delay = 1.83> <CoreInst = "FIFO_SRL">   --->   Core 81 'FIFO_SRL' <Latency = 0> <II = 1> <Delay = 1.83> <Storage> <Opcode : 'read' 'write' 'nbread' 'nbwrite'> <Ports = 0> <Width = 11> <Depth = 2> <FIFO>
ST_1 : Operation 16 [1/1] (1.83ns)   --->   "%dst_cols_read = read i11 @_ssdm_op_Read.ap_fifo.i11P0A, i11 %dst_cols"   --->   Operation 16 'read' 'dst_cols_read' <Predicate = true> <Delay = 1.83> <CoreInst = "FIFO_SRL">   --->   Core 81 'FIFO_SRL' <Latency = 0> <II = 1> <Delay = 1.83> <Storage> <Opcode : 'read' 'write' 'nbread' 'nbwrite'> <Ports = 0> <Width = 11> <Depth = 2> <FIFO>
ST_1 : Operation 17 [1/1] (1.83ns)   --->   "%write_ln0 = write void @_ssdm_op_Write.ap_fifo.i11P0A, i11 %dst_rows_out, i11 %dst_rows_read"   --->   Operation 17 'write' 'write_ln0' <Predicate = true> <Delay = 1.83> <CoreInst = "FIFO_SRL">   --->   Core 81 'FIFO_SRL' <Latency = 0> <II = 1> <Delay = 1.83> <Storage> <Opcode : 'read' 'write' 'nbread' 'nbwrite'> <Ports = 0> <Width = 11> <Depth = 2> <FIFO>
ST_1 : Operation 18 [1/1] (1.83ns)   --->   "%write_ln0 = write void @_ssdm_op_Write.ap_fifo.i11P0A, i11 %dst_cols_out, i11 %dst_cols_read"   --->   Operation 18 'write' 'write_ln0' <Predicate = true> <Delay = 1.83> <CoreInst = "FIFO_SRL">   --->   Core 81 'FIFO_SRL' <Latency = 0> <II = 1> <Delay = 1.83> <Storage> <Opcode : 'read' 'write' 'nbread' 'nbwrite'> <Ports = 0> <Width = 11> <Depth = 2> <FIFO>
ST_1 : Operation 19 [1/1] (0.00ns)   --->   "%dst_cols_load_cast_i = zext i11 %dst_cols_read"   --->   Operation 19 'zext' 'dst_cols_load_cast_i' <Predicate = true> <Delay = 0.00>
ST_1 : Operation 20 [1/1] (0.00ns)   --->   "%dst_rows_load_cast_i = zext i11 %dst_rows_read"   --->   Operation 20 'zext' 'dst_rows_load_cast_i' <Predicate = true> <Delay = 0.00>
ST_1 : Operation 21 [4/4] (0.53ns) (root node of the DSP)   --->   "%mul_i = mul i22 %dst_rows_load_cast_i, i22 %dst_cols_load_cast_i"   --->   Operation 21 'mul' 'mul_i' <Predicate = true> <Delay = 0.53> <CoreInst = "DSP48">   --->   Core 127 'DSP48' <Latency = 3> <II = 1> <Delay = 0.53> <IPBlock> <Opcode : 'mul' 'add' 'sub' 'select'> <InPorts = 0> <OutPorts = 1> <Sync> <CReg>

State 2 <SV = 1> <Delay = 0.53>
ST_2 : Operation 22 [3/4] (0.53ns) (root node of the DSP)   --->   "%mul_i = mul i22 %dst_rows_load_cast_i, i22 %dst_cols_load_cast_i"   --->   Operation 22 'mul' 'mul_i' <Predicate = true> <Delay = 0.53> <CoreInst = "DSP48">   --->   Core 127 'DSP48' <Latency = 3> <II = 1> <Delay = 0.53> <IPBlock> <Opcode : 'mul' 'add' 'sub' 'select'> <InPorts = 0> <OutPorts = 1> <Sync> <CReg>

State 3 <SV = 2> <Delay = 0.53>
ST_3 : Operation 23 [2/4] (0.53ns) (root node of the DSP)   --->   "%mul_i = mul i22 %dst_rows_load_cast_i, i22 %dst_cols_load_cast_i"   --->   Operation 23 'mul' 'mul_i' <Predicate = true> <Delay = 0.53> <CoreInst = "DSP48">   --->   Core 127 'DSP48' <Latency = 3> <II = 1> <Delay = 0.53> <IPBlock> <Opcode : 'mul' 'add' 'sub' 'select'> <InPorts = 0> <OutPorts = 1> <Sync> <CReg>

State 4 <SV = 3> <Delay = 0.91>
ST_4 : Operation 24 [1/1] (0.00ns)   --->   "%specinterface_ln0 = specinterface void @_ssdm_op_SpecInterface, i8 %img31, void @empty_1, i32 0, i32 0, void @empty_24, i32 0, i32 0, void @empty_24, void @empty_24, void @empty_24, i32 0, i32 0, i32 0, i32 0, void @empty_24, void @empty_24"   --->   Operation 24 'specinterface' 'specinterface_ln0' <Predicate = true> <Delay = 0.00>
ST_4 : Operation 25 [1/1] (0.00ns)   --->   "%specinterface_ln0 = specinterface void @_ssdm_op_SpecInterface, i8 %img_mat_429, void @empty_1, i32 0, i32 0, void @empty_24, i32 0, i32 0, void @empty_24, void @empty_24, void @empty_24, i32 0, i32 0, i32 0, i32 0, void @empty_24, void @empty_24"   --->   Operation 25 'specinterface' 'specinterface_ln0' <Predicate = true> <Delay = 0.00>
ST_4 : Operation 26 [1/1] (0.00ns)   --->   "%specinterface_ln0 = specinterface void @_ssdm_op_SpecInterface, i11 %dst_cols, void @ap_fifo_str, i32 0, i32 0, void @p_str, i32 0, i32 0, void @p_str, void @p_str, void @p_str, i32 2, i32 2, i32 16, i32 16, void @p_str, void @ScalarProp_str"   --->   Operation 26 'specinterface' 'specinterface_ln0' <Predicate = true> <Delay = 0.00>
ST_4 : Operation 27 [1/1] (0.00ns)   --->   "%specinterface_ln0 = specinterface void @_ssdm_op_SpecInterface, i11 %dst_rows, void @ap_fifo_str, i32 0, i32 0, void @p_str, i32 0, i32 0, void @p_str, void @p_str, void @p_str, i32 2, i32 2, i32 16, i32 16, void @p_str, void @ScalarProp_str"   --->   Operation 27 'specinterface' 'specinterface_ln0' <Predicate = true> <Delay = 0.00>
ST_4 : Operation 28 [1/1] (0.00ns)   --->   "%specinterface_ln0 = specinterface void @_ssdm_op_SpecInterface, i11 %dst_rows_out, void @ap_fifo_str, i32 0, i32 0, void @p_str, i32 0, i32 0, void @p_str, void @p_str, void @p_str, i32 2, i32 2, i32 16, i32 16, void @p_str, void @ScalarProp_str"   --->   Operation 28 'specinterface' 'specinterface_ln0' <Predicate = true> <Delay = 0.00>
ST_4 : Operation 29 [1/1] (0.00ns)   --->   "%specinterface_ln0 = specinterface void @_ssdm_op_SpecInterface, i11 %dst_cols_out, void @ap_fifo_str, i32 0, i32 0, void @p_str, i32 0, i32 0, void @p_str, void @p_str, void @p_str, i32 2, i32 2, i32 16, i32 16, void @p_str, void @ScalarProp_str"   --->   Operation 29 'specinterface' 'specinterface_ln0' <Predicate = true> <Delay = 0.00>
ST_4 : Operation 30 [1/1] (0.00ns)   --->   "%specinterface_ln0 = specinterface void @_ssdm_op_SpecInterface, i8 %img31, void @empty_1, i32 0, i32 0, void @empty_24, i32 0, i32 0, void @empty_24, void @empty_24, void @empty_24, i32 0, i32 0, i32 0, i32 0, void @empty_24, void @empty_24"   --->   Operation 30 'specinterface' 'specinterface_ln0' <Predicate = true> <Delay = 0.00>
ST_4 : Operation 31 [1/1] (0.00ns)   --->   "%specinterface_ln0 = specinterface void @_ssdm_op_SpecInterface, i8 %img_mat_429, void @empty_1, i32 0, i32 0, void @empty_24, i32 0, i32 0, void @empty_24, void @empty_24, void @empty_24, i32 0, i32 0, i32 0, i32 0, void @empty_24, void @empty_24"   --->   Operation 31 'specinterface' 'specinterface_ln0' <Predicate = true> <Delay = 0.00>
ST_4 : Operation 32 [1/4] (0.00ns) (root node of the DSP)   --->   "%mul_i = mul i22 %dst_rows_load_cast_i, i22 %dst_cols_load_cast_i"   --->   Operation 32 'mul' 'mul_i' <Predicate = true> <Delay = 0.00> <CoreInst = "DSP48">   --->   Core 127 'DSP48' <Latency = 3> <II = 1> <Delay = 0.53> <IPBlock> <Opcode : 'mul' 'add' 'sub' 'select'> <InPorts = 0> <OutPorts = 1> <Sync> <CReg>
ST_4 : Operation 33 [1/1] (0.00ns)   --->   "%zext_ln88 = zext i22 %mul_i" [src/ORB.cpp:88]   --->   Operation 33 'zext' 'zext_ln88' <Predicate = true> <Delay = 0.00>
ST_4 : Operation 34 [1/1] (0.91ns)   --->   "%add_ln88_1 = add i22 %mul_i, i22 7" [src/ORB.cpp:88]   --->   Operation 34 'add' 'add_ln88_1' <Predicate = true> <Delay = 0.91> <CoreInst = "Adder">   --->   Core 1 'Adder' <Latency = 0> <II = 1> <Delay = 1.01> <FuncUnit> <Opcode : 'add' 'sub'> <InPorts = 2> <OutPorts = 1>
ST_4 : Operation 35 [1/1] (0.00ns)   --->   "%tmp = partselect i19 @_ssdm_op_PartSelect.i19.i22.i32.i32, i22 %add_ln88_1, i32 3, i32 21" [src/ORB.cpp:88]   --->   Operation 35 'partselect' 'tmp' <Predicate = true> <Delay = 0.00>
ST_4 : Operation 36 [1/1] (0.00ns)   --->   "%tmp_11 = bitconcatenate i22 @_ssdm_op_BitConcatenate.i22.i19.i3, i19 %tmp, i3 0" [src/ORB.cpp:88]   --->   Operation 36 'bitconcatenate' 'tmp_11' <Predicate = true> <Delay = 0.00>
ST_4 : Operation 37 [1/1] (0.00ns)   --->   "%zext_ln88_1 = zext i22 %tmp_11" [src/ORB.cpp:88]   --->   Operation 37 'zext' 'zext_ln88_1' <Predicate = true> <Delay = 0.00>
ST_4 : Operation 38 [1/1] (0.42ns)   --->   "%br_ln88 = br void" [src/ORB.cpp:88]   --->   Operation 38 'br' 'br_ln88' <Predicate = true> <Delay = 0.42>

State 5 <SV = 4> <Delay = 1.34>
ST_5 : Operation 39 [1/1] (0.00ns)   --->   "%i_02_0_i = phi i32 0, void %entry, i32 %add_ln88, void %.split.7.i" [src/ORB.cpp:88]   --->   Operation 39 'phi' 'i_02_0_i' <Predicate = true> <Delay = 0.00>
ST_5 : Operation 40 [1/1] (0.00ns)   --->   "%specpipeline_ln0 = specpipeline void @_ssdm_op_SpecPipeline, i32 4294967295, i32 0, i32 1, i32 0, void @p_str35"   --->   Operation 40 'specpipeline' 'specpipeline_ln0' <Predicate = true> <Delay = 0.00>
ST_5 : Operation 41 [1/1] (0.99ns)   --->   "%icmp_ln88 = icmp_eq  i32 %i_02_0_i, i32 %zext_ln88_1" [src/ORB.cpp:88]   --->   Operation 41 'icmp' 'icmp_ln88' <Predicate = true> <Delay = 0.99> <CoreInst = "Cmp">   --->   Core 9 'Cmp' <Latency = 0> <II = 1> <Delay = 0.99> <FuncUnit> <Opcode : 'icmp'> <InPorts = 2> <OutPorts = 1>
ST_5 : Operation 42 [1/1] (0.00ns)   --->   "%br_ln88 = br i1 %icmp_ln88, void %.split.0.i, void %.exit" [src/ORB.cpp:88]   --->   Operation 42 'br' 'br_ln88' <Predicate = true> <Delay = 0.00>
ST_5 : Operation 43 [1/1] (0.00ns) (grouped into LUT with out node icmp_ln88_1)   --->   "%or_ln88 = or i32 %i_02_0_i, i32 1" [src/ORB.cpp:88]   --->   Operation 43 'or' 'or_ln88' <Predicate = (!icmp_ln88)> <Delay = 0.00>
ST_5 : Operation 44 [1/1] (0.99ns) (out node of the LUT)   --->   "%icmp_ln88_1 = icmp_slt  i32 %or_ln88, i32 %zext_ln88" [src/ORB.cpp:88]   --->   Operation 44 'icmp' 'icmp_ln88_1' <Predicate = (!icmp_ln88)> <Delay = 0.99> <CoreInst = "Cmp">   --->   Core 9 'Cmp' <Latency = 0> <II = 1> <Delay = 0.99> <FuncUnit> <Opcode : 'icmp'> <InPorts = 2> <OutPorts = 1>
ST_5 : Operation 45 [1/1] (0.00ns)   --->   "%br_ln88 = br i1 %icmp_ln88_1, void %.exit, void %.split.1.i" [src/ORB.cpp:88]   --->   Operation 45 'br' 'br_ln88' <Predicate = (!icmp_ln88)> <Delay = 0.00>
ST_5 : Operation 46 [1/1] (0.00ns) (grouped into LUT with out node icmp_ln88_2)   --->   "%or_ln88_1 = or i32 %i_02_0_i, i32 2" [src/ORB.cpp:88]   --->   Operation 46 'or' 'or_ln88_1' <Predicate = (!icmp_ln88 & icmp_ln88_1)> <Delay = 0.00>
ST_5 : Operation 47 [1/1] (0.99ns) (out node of the LUT)   --->   "%icmp_ln88_2 = icmp_slt  i32 %or_ln88_1, i32 %zext_ln88" [src/ORB.cpp:88]   --->   Operation 47 'icmp' 'icmp_ln88_2' <Predicate = (!icmp_ln88 & icmp_ln88_1)> <Delay = 0.99> <CoreInst = "Cmp">   --->   Core 9 'Cmp' <Latency = 0> <II = 1> <Delay = 0.99> <FuncUnit> <Opcode : 'icmp'> <InPorts = 2> <OutPorts = 1>
ST_5 : Operation 48 [1/1] (0.00ns)   --->   "%br_ln88 = br i1 %icmp_ln88_2, void %.exit, void %.split.2.i" [src/ORB.cpp:88]   --->   Operation 48 'br' 'br_ln88' <Predicate = (!icmp_ln88 & icmp_ln88_1)> <Delay = 0.00>
ST_5 : Operation 49 [1/1] (0.00ns) (grouped into LUT with out node icmp_ln88_3)   --->   "%or_ln88_2 = or i32 %i_02_0_i, i32 3" [src/ORB.cpp:88]   --->   Operation 49 'or' 'or_ln88_2' <Predicate = (!icmp_ln88 & icmp_ln88_1 & icmp_ln88_2)> <Delay = 0.00>
ST_5 : Operation 50 [1/1] (0.99ns) (out node of the LUT)   --->   "%icmp_ln88_3 = icmp_slt  i32 %or_ln88_2, i32 %zext_ln88" [src/ORB.cpp:88]   --->   Operation 50 'icmp' 'icmp_ln88_3' <Predicate = (!icmp_ln88 & icmp_ln88_1 & icmp_ln88_2)> <Delay = 0.99> <CoreInst = "Cmp">   --->   Core 9 'Cmp' <Latency = 0> <II = 1> <Delay = 0.99> <FuncUnit> <Opcode : 'icmp'> <InPorts = 2> <OutPorts = 1>
ST_5 : Operation 51 [1/1] (0.00ns)   --->   "%br_ln88 = br i1 %icmp_ln88_3, void %.exit, void %.split.3.i" [src/ORB.cpp:88]   --->   Operation 51 'br' 'br_ln88' <Predicate = (!icmp_ln88 & icmp_ln88_1 & icmp_ln88_2)> <Delay = 0.00>
ST_5 : Operation 52 [1/1] (0.00ns) (grouped into LUT with out node icmp_ln88_4)   --->   "%or_ln88_3 = or i32 %i_02_0_i, i32 4" [src/ORB.cpp:88]   --->   Operation 52 'or' 'or_ln88_3' <Predicate = (!icmp_ln88 & icmp_ln88_1 & icmp_ln88_2 & icmp_ln88_3)> <Delay = 0.00>
ST_5 : Operation 53 [1/1] (0.99ns) (out node of the LUT)   --->   "%icmp_ln88_4 = icmp_slt  i32 %or_ln88_3, i32 %zext_ln88" [src/ORB.cpp:88]   --->   Operation 53 'icmp' 'icmp_ln88_4' <Predicate = (!icmp_ln88 & icmp_ln88_1 & icmp_ln88_2 & icmp_ln88_3)> <Delay = 0.99> <CoreInst = "Cmp">   --->   Core 9 'Cmp' <Latency = 0> <II = 1> <Delay = 0.99> <FuncUnit> <Opcode : 'icmp'> <InPorts = 2> <OutPorts = 1>
ST_5 : Operation 54 [1/1] (0.00ns)   --->   "%br_ln88 = br i1 %icmp_ln88_4, void %.exit, void %.split.4.i" [src/ORB.cpp:88]   --->   Operation 54 'br' 'br_ln88' <Predicate = (!icmp_ln88 & icmp_ln88_1 & icmp_ln88_2 & icmp_ln88_3)> <Delay = 0.00>
ST_5 : Operation 55 [1/1] (0.00ns) (grouped into LUT with out node icmp_ln88_5)   --->   "%or_ln88_4 = or i32 %i_02_0_i, i32 5" [src/ORB.cpp:88]   --->   Operation 55 'or' 'or_ln88_4' <Predicate = (!icmp_ln88 & icmp_ln88_1 & icmp_ln88_2 & icmp_ln88_3 & icmp_ln88_4)> <Delay = 0.00>
ST_5 : Operation 56 [1/1] (0.99ns) (out node of the LUT)   --->   "%icmp_ln88_5 = icmp_slt  i32 %or_ln88_4, i32 %zext_ln88" [src/ORB.cpp:88]   --->   Operation 56 'icmp' 'icmp_ln88_5' <Predicate = (!icmp_ln88 & icmp_ln88_1 & icmp_ln88_2 & icmp_ln88_3 & icmp_ln88_4)> <Delay = 0.99> <CoreInst = "Cmp">   --->   Core 9 'Cmp' <Latency = 0> <II = 1> <Delay = 0.99> <FuncUnit> <Opcode : 'icmp'> <InPorts = 2> <OutPorts = 1>
ST_5 : Operation 57 [1/1] (0.00ns)   --->   "%br_ln88 = br i1 %icmp_ln88_5, void %.exit, void %.split.5.i" [src/ORB.cpp:88]   --->   Operation 57 'br' 'br_ln88' <Predicate = (!icmp_ln88 & icmp_ln88_1 & icmp_ln88_2 & icmp_ln88_3 & icmp_ln88_4)> <Delay = 0.00>
ST_5 : Operation 58 [1/1] (0.00ns) (grouped into LUT with out node icmp_ln88_6)   --->   "%or_ln88_5 = or i32 %i_02_0_i, i32 6" [src/ORB.cpp:88]   --->   Operation 58 'or' 'or_ln88_5' <Predicate = (!icmp_ln88 & icmp_ln88_1 & icmp_ln88_2 & icmp_ln88_3 & icmp_ln88_4 & icmp_ln88_5)> <Delay = 0.00>
ST_5 : Operation 59 [1/1] (0.99ns) (out node of the LUT)   --->   "%icmp_ln88_6 = icmp_slt  i32 %or_ln88_5, i32 %zext_ln88" [src/ORB.cpp:88]   --->   Operation 59 'icmp' 'icmp_ln88_6' <Predicate = (!icmp_ln88 & icmp_ln88_1 & icmp_ln88_2 & icmp_ln88_3 & icmp_ln88_4 & icmp_ln88_5)> <Delay = 0.99> <CoreInst = "Cmp">   --->   Core 9 'Cmp' <Latency = 0> <II = 1> <Delay = 0.99> <FuncUnit> <Opcode : 'icmp'> <InPorts = 2> <OutPorts = 1>
ST_5 : Operation 60 [1/1] (0.00ns)   --->   "%br_ln88 = br i1 %icmp_ln88_6, void %.exit, void %.split.6.i" [src/ORB.cpp:88]   --->   Operation 60 'br' 'br_ln88' <Predicate = (!icmp_ln88 & icmp_ln88_1 & icmp_ln88_2 & icmp_ln88_3 & icmp_ln88_4 & icmp_ln88_5)> <Delay = 0.00>
ST_5 : Operation 61 [1/1] (0.00ns) (grouped into LUT with out node icmp_ln88_7)   --->   "%or_ln88_6 = or i32 %i_02_0_i, i32 7" [src/ORB.cpp:88]   --->   Operation 61 'or' 'or_ln88_6' <Predicate = (!icmp_ln88 & icmp_ln88_1 & icmp_ln88_2 & icmp_ln88_3 & icmp_ln88_4 & icmp_ln88_5 & icmp_ln88_6)> <Delay = 0.00>
ST_5 : Operation 62 [1/1] (0.99ns) (out node of the LUT)   --->   "%icmp_ln88_7 = icmp_slt  i32 %or_ln88_6, i32 %zext_ln88" [src/ORB.cpp:88]   --->   Operation 62 'icmp' 'icmp_ln88_7' <Predicate = (!icmp_ln88 & icmp_ln88_1 & icmp_ln88_2 & icmp_ln88_3 & icmp_ln88_4 & icmp_ln88_5 & icmp_ln88_6)> <Delay = 0.99> <CoreInst = "Cmp">   --->   Core 9 'Cmp' <Latency = 0> <II = 1> <Delay = 0.99> <FuncUnit> <Opcode : 'icmp'> <InPorts = 2> <OutPorts = 1>
ST_5 : Operation 63 [1/1] (0.00ns)   --->   "%br_ln88 = br i1 %icmp_ln88_7, void %.exit, void %.split.7.i" [src/ORB.cpp:88]   --->   Operation 63 'br' 'br_ln88' <Predicate = (!icmp_ln88 & icmp_ln88_1 & icmp_ln88_2 & icmp_ln88_3 & icmp_ln88_4 & icmp_ln88_5 & icmp_ln88_6)> <Delay = 0.00>

State 6 <SV = 5> <Delay = 3.67>
ST_6 : Operation 64 [1/1] (0.00ns)   --->   "%specloopname_ln88 = specloopname void @_ssdm_op_SpecLoopName, void @empty_25" [src/ORB.cpp:88]   --->   Operation 64 'specloopname' 'specloopname_ln88' <Predicate = (!icmp_ln88)> <Delay = 0.00>
ST_6 : Operation 65 [1/1] (1.83ns)   --->   "%img31_read = read i8 @_ssdm_op_Read.ap_fifo.volatile.i8P0A, i8 %img31" [C:/Xilinx/Vitis_HLS/2020.2/common/technology/autopilot/hls_stream_39.h:145]   --->   Operation 65 'read' 'img31_read' <Predicate = (!icmp_ln88)> <Delay = 1.83> <CoreInst = "FIFO_SRL">   --->   Core 81 'FIFO_SRL' <Latency = 0> <II = 1> <Delay = 1.83> <Storage> <Opcode : 'read' 'write' 'nbread' 'nbwrite'> <Ports = 0> <Width = 8> <Depth = 2> <FIFO>
ST_6 : Operation 66 [1/1] (1.83ns)   --->   "%write_ln174 = write void @_ssdm_op_Write.ap_fifo.volatile.i8P0A, i8 %img_mat_429, i8 %img31_read" [C:/Xilinx/Vitis_HLS/2020.2/common/technology/autopilot/hls_stream_39.h:174]   --->   Operation 66 'write' 'write_ln174' <Predicate = (!icmp_ln88)> <Delay = 1.83> <CoreInst = "FIFO_SRL">   --->   Core 81 'FIFO_SRL' <Latency = 0> <II = 1> <Delay = 1.83> <Storage> <Opcode : 'read' 'write' 'nbread' 'nbwrite'> <Ports = 0> <Width = 8> <Depth = 2> <FIFO>

State 7 <SV = 6> <Delay = 3.67>
ST_7 : Operation 67 [1/1] (1.83ns)   --->   "%img31_read_1 = read i8 @_ssdm_op_Read.ap_fifo.volatile.i8P0A, i8 %img31" [C:/Xilinx/Vitis_HLS/2020.2/common/technology/autopilot/hls_stream_39.h:145]   --->   Operation 67 'read' 'img31_read_1' <Predicate = (!icmp_ln88 & icmp_ln88_1)> <Delay = 1.83> <CoreInst = "FIFO_SRL">   --->   Core 81 'FIFO_SRL' <Latency = 0> <II = 1> <Delay = 1.83> <Storage> <Opcode : 'read' 'write' 'nbread' 'nbwrite'> <Ports = 0> <Width = 8> <Depth = 2> <FIFO>
ST_7 : Operation 68 [1/1] (1.83ns)   --->   "%write_ln174 = write void @_ssdm_op_Write.ap_fifo.volatile.i8P0A, i8 %img_mat_429, i8 %img31_read_1" [C:/Xilinx/Vitis_HLS/2020.2/common/technology/autopilot/hls_stream_39.h:174]   --->   Operation 68 'write' 'write_ln174' <Predicate = (!icmp_ln88 & icmp_ln88_1)> <Delay = 1.83> <CoreInst = "FIFO_SRL">   --->   Core 81 'FIFO_SRL' <Latency = 0> <II = 1> <Delay = 1.83> <Storage> <Opcode : 'read' 'write' 'nbread' 'nbwrite'> <Ports = 0> <Width = 8> <Depth = 2> <FIFO>

State 8 <SV = 7> <Delay = 3.67>
ST_8 : Operation 69 [1/1] (1.83ns)   --->   "%img31_read_2 = read i8 @_ssdm_op_Read.ap_fifo.volatile.i8P0A, i8 %img31" [C:/Xilinx/Vitis_HLS/2020.2/common/technology/autopilot/hls_stream_39.h:145]   --->   Operation 69 'read' 'img31_read_2' <Predicate = (!icmp_ln88 & icmp_ln88_1 & icmp_ln88_2)> <Delay = 1.83> <CoreInst = "FIFO_SRL">   --->   Core 81 'FIFO_SRL' <Latency = 0> <II = 1> <Delay = 1.83> <Storage> <Opcode : 'read' 'write' 'nbread' 'nbwrite'> <Ports = 0> <Width = 8> <Depth = 2> <FIFO>
ST_8 : Operation 70 [1/1] (1.83ns)   --->   "%write_ln174 = write void @_ssdm_op_Write.ap_fifo.volatile.i8P0A, i8 %img_mat_429, i8 %img31_read_2" [C:/Xilinx/Vitis_HLS/2020.2/common/technology/autopilot/hls_stream_39.h:174]   --->   Operation 70 'write' 'write_ln174' <Predicate = (!icmp_ln88 & icmp_ln88_1 & icmp_ln88_2)> <Delay = 1.83> <CoreInst = "FIFO_SRL">   --->   Core 81 'FIFO_SRL' <Latency = 0> <II = 1> <Delay = 1.83> <Storage> <Opcode : 'read' 'write' 'nbread' 'nbwrite'> <Ports = 0> <Width = 8> <Depth = 2> <FIFO>

State 9 <SV = 8> <Delay = 3.67>
ST_9 : Operation 71 [1/1] (1.83ns)   --->   "%img31_read_3 = read i8 @_ssdm_op_Read.ap_fifo.volatile.i8P0A, i8 %img31" [C:/Xilinx/Vitis_HLS/2020.2/common/technology/autopilot/hls_stream_39.h:145]   --->   Operation 71 'read' 'img31_read_3' <Predicate = (!icmp_ln88 & icmp_ln88_1 & icmp_ln88_2 & icmp_ln88_3)> <Delay = 1.83> <CoreInst = "FIFO_SRL">   --->   Core 81 'FIFO_SRL' <Latency = 0> <II = 1> <Delay = 1.83> <Storage> <Opcode : 'read' 'write' 'nbread' 'nbwrite'> <Ports = 0> <Width = 8> <Depth = 2> <FIFO>
ST_9 : Operation 72 [1/1] (1.83ns)   --->   "%write_ln174 = write void @_ssdm_op_Write.ap_fifo.volatile.i8P0A, i8 %img_mat_429, i8 %img31_read_3" [C:/Xilinx/Vitis_HLS/2020.2/common/technology/autopilot/hls_stream_39.h:174]   --->   Operation 72 'write' 'write_ln174' <Predicate = (!icmp_ln88 & icmp_ln88_1 & icmp_ln88_2 & icmp_ln88_3)> <Delay = 1.83> <CoreInst = "FIFO_SRL">   --->   Core 81 'FIFO_SRL' <Latency = 0> <II = 1> <Delay = 1.83> <Storage> <Opcode : 'read' 'write' 'nbread' 'nbwrite'> <Ports = 0> <Width = 8> <Depth = 2> <FIFO>

State 10 <SV = 9> <Delay = 3.67>
ST_10 : Operation 73 [1/1] (1.83ns)   --->   "%img31_read_4 = read i8 @_ssdm_op_Read.ap_fifo.volatile.i8P0A, i8 %img31" [C:/Xilinx/Vitis_HLS/2020.2/common/technology/autopilot/hls_stream_39.h:145]   --->   Operation 73 'read' 'img31_read_4' <Predicate = (!icmp_ln88 & icmp_ln88_1 & icmp_ln88_2 & icmp_ln88_3 & icmp_ln88_4)> <Delay = 1.83> <CoreInst = "FIFO_SRL">   --->   Core 81 'FIFO_SRL' <Latency = 0> <II = 1> <Delay = 1.83> <Storage> <Opcode : 'read' 'write' 'nbread' 'nbwrite'> <Ports = 0> <Width = 8> <Depth = 2> <FIFO>
ST_10 : Operation 74 [1/1] (1.83ns)   --->   "%write_ln174 = write void @_ssdm_op_Write.ap_fifo.volatile.i8P0A, i8 %img_mat_429, i8 %img31_read_4" [C:/Xilinx/Vitis_HLS/2020.2/common/technology/autopilot/hls_stream_39.h:174]   --->   Operation 74 'write' 'write_ln174' <Predicate = (!icmp_ln88 & icmp_ln88_1 & icmp_ln88_2 & icmp_ln88_3 & icmp_ln88_4)> <Delay = 1.83> <CoreInst = "FIFO_SRL">   --->   Core 81 'FIFO_SRL' <Latency = 0> <II = 1> <Delay = 1.83> <Storage> <Opcode : 'read' 'write' 'nbread' 'nbwrite'> <Ports = 0> <Width = 8> <Depth = 2> <FIFO>

State 11 <SV = 10> <Delay = 3.67>
ST_11 : Operation 75 [1/1] (1.83ns)   --->   "%img31_read_5 = read i8 @_ssdm_op_Read.ap_fifo.volatile.i8P0A, i8 %img31" [C:/Xilinx/Vitis_HLS/2020.2/common/technology/autopilot/hls_stream_39.h:145]   --->   Operation 75 'read' 'img31_read_5' <Predicate = (!icmp_ln88 & icmp_ln88_1 & icmp_ln88_2 & icmp_ln88_3 & icmp_ln88_4 & icmp_ln88_5)> <Delay = 1.83> <CoreInst = "FIFO_SRL">   --->   Core 81 'FIFO_SRL' <Latency = 0> <II = 1> <Delay = 1.83> <Storage> <Opcode : 'read' 'write' 'nbread' 'nbwrite'> <Ports = 0> <Width = 8> <Depth = 2> <FIFO>
ST_11 : Operation 76 [1/1] (1.83ns)   --->   "%write_ln174 = write void @_ssdm_op_Write.ap_fifo.volatile.i8P0A, i8 %img_mat_429, i8 %img31_read_5" [C:/Xilinx/Vitis_HLS/2020.2/common/technology/autopilot/hls_stream_39.h:174]   --->   Operation 76 'write' 'write_ln174' <Predicate = (!icmp_ln88 & icmp_ln88_1 & icmp_ln88_2 & icmp_ln88_3 & icmp_ln88_4 & icmp_ln88_5)> <Delay = 1.83> <CoreInst = "FIFO_SRL">   --->   Core 81 'FIFO_SRL' <Latency = 0> <II = 1> <Delay = 1.83> <Storage> <Opcode : 'read' 'write' 'nbread' 'nbwrite'> <Ports = 0> <Width = 8> <Depth = 2> <FIFO>

State 12 <SV = 11> <Delay = 3.67>
ST_12 : Operation 77 [1/1] (1.83ns)   --->   "%img31_read_6 = read i8 @_ssdm_op_Read.ap_fifo.volatile.i8P0A, i8 %img31" [C:/Xilinx/Vitis_HLS/2020.2/common/technology/autopilot/hls_stream_39.h:145]   --->   Operation 77 'read' 'img31_read_6' <Predicate = (!icmp_ln88 & icmp_ln88_1 & icmp_ln88_2 & icmp_ln88_3 & icmp_ln88_4 & icmp_ln88_5 & icmp_ln88_6)> <Delay = 1.83> <CoreInst = "FIFO_SRL">   --->   Core 81 'FIFO_SRL' <Latency = 0> <II = 1> <Delay = 1.83> <Storage> <Opcode : 'read' 'write' 'nbread' 'nbwrite'> <Ports = 0> <Width = 8> <Depth = 2> <FIFO>
ST_12 : Operation 78 [1/1] (1.83ns)   --->   "%write_ln174 = write void @_ssdm_op_Write.ap_fifo.volatile.i8P0A, i8 %img_mat_429, i8 %img31_read_6" [C:/Xilinx/Vitis_HLS/2020.2/common/technology/autopilot/hls_stream_39.h:174]   --->   Operation 78 'write' 'write_ln174' <Predicate = (!icmp_ln88 & icmp_ln88_1 & icmp_ln88_2 & icmp_ln88_3 & icmp_ln88_4 & icmp_ln88_5 & icmp_ln88_6)> <Delay = 1.83> <CoreInst = "FIFO_SRL">   --->   Core 81 'FIFO_SRL' <Latency = 0> <II = 1> <Delay = 1.83> <Storage> <Opcode : 'read' 'write' 'nbread' 'nbwrite'> <Ports = 0> <Width = 8> <Depth = 2> <FIFO>
ST_12 : Operation 79 [1/1] (1.01ns)   --->   "%add_ln88 = add i32 %i_02_0_i, i32 8" [src/ORB.cpp:88]   --->   Operation 79 'add' 'add_ln88' <Predicate = (!icmp_ln88 & icmp_ln88_1 & icmp_ln88_2 & icmp_ln88_3 & icmp_ln88_4 & icmp_ln88_5 & icmp_ln88_6 & icmp_ln88_7)> <Delay = 1.01> <CoreInst = "Adder">   --->   Core 1 'Adder' <Latency = 0> <II = 1> <Delay = 1.01> <FuncUnit> <Opcode : 'add' 'sub'> <InPorts = 2> <OutPorts = 1>

State 13 <SV = 12> <Delay = 3.67>
ST_13 : Operation 80 [1/1] (1.83ns)   --->   "%img31_read_7 = read i8 @_ssdm_op_Read.ap_fifo.volatile.i8P0A, i8 %img31" [C:/Xilinx/Vitis_HLS/2020.2/common/technology/autopilot/hls_stream_39.h:145]   --->   Operation 80 'read' 'img31_read_7' <Predicate = (!icmp_ln88 & icmp_ln88_1 & icmp_ln88_2 & icmp_ln88_3 & icmp_ln88_4 & icmp_ln88_5 & icmp_ln88_6 & icmp_ln88_7)> <Delay = 1.83> <CoreInst = "FIFO_SRL">   --->   Core 81 'FIFO_SRL' <Latency = 0> <II = 1> <Delay = 1.83> <Storage> <Opcode : 'read' 'write' 'nbread' 'nbwrite'> <Ports = 0> <Width = 8> <Depth = 2> <FIFO>
ST_13 : Operation 81 [1/1] (1.83ns)   --->   "%write_ln174 = write void @_ssdm_op_Write.ap_fifo.volatile.i8P0A, i8 %img_mat_429, i8 %img31_read_7" [C:/Xilinx/Vitis_HLS/2020.2/common/technology/autopilot/hls_stream_39.h:174]   --->   Operation 81 'write' 'write_ln174' <Predicate = (!icmp_ln88 & icmp_ln88_1 & icmp_ln88_2 & icmp_ln88_3 & icmp_ln88_4 & icmp_ln88_5 & icmp_ln88_6 & icmp_ln88_7)> <Delay = 1.83> <CoreInst = "FIFO_SRL">   --->   Core 81 'FIFO_SRL' <Latency = 0> <II = 1> <Delay = 1.83> <Storage> <Opcode : 'read' 'write' 'nbread' 'nbwrite'> <Ports = 0> <Width = 8> <Depth = 2> <FIFO>
ST_13 : Operation 82 [1/1] (0.00ns)   --->   "%br_ln0 = br void"   --->   Operation 82 'br' 'br_ln0' <Predicate = (!icmp_ln88 & icmp_ln88_1 & icmp_ln88_2 & icmp_ln88_3 & icmp_ln88_4 & icmp_ln88_5 & icmp_ln88_6 & icmp_ln88_7)> <Delay = 0.00>

State 14 <SV = 12> <Delay = 0.00>
ST_14 : Operation 83 [1/1] (0.00ns)   --->   "%ret_ln0 = ret"   --->   Operation 83 'ret' 'ret_ln0' <Predicate = true> <Delay = 0.00>


============================================================
+ Verbose Summary: Binding
============================================================
STG Binding: 
---------------- STG Properties BEGIN ----------------
- Is combinational: 0
- Is one-state seq: 0
- Is datapath-only: 0
- Is pipelined: 0
- Is top level: 0
Port [ Return ] is wired: 1; IO mode=ap_ctrl_hs:ce=0
Port [ img31]:  wired=1; compound=1; hidden=0; nouse=0; global=0; static=0; extern=0; dir=0; type=3; pingpong=0; private_global=0; IO mode=ap_fifo:ce=0
Port [ img_mat_429]:  wired=1; compound=1; hidden=0; nouse=0; global=0; static=0; extern=0; dir=1; type=3; pingpong=0; private_global=0; IO mode=ap_fifo:ce=0
Port [ dst_rows]:  wired=1; compound=1; hidden=0; nouse=0; global=0; static=0; extern=0; dir=0; type=3; pingpong=0; private_global=0; IO mode=ap_fifo:ce=0
Port [ dst_cols]:  wired=1; compound=1; hidden=0; nouse=0; global=0; static=0; extern=0; dir=0; type=3; pingpong=0; private_global=0; IO mode=ap_fifo:ce=0
Port [ dst_rows_out]:  wired=1; compound=1; hidden=0; nouse=0; global=0; static=0; extern=0; dir=1; type=3; pingpong=0; private_global=0; IO mode=ap_fifo:ce=0
Port [ dst_cols_out]:  wired=1; compound=1; hidden=0; nouse=0; global=0; static=0; extern=0; dir=1; type=3; pingpong=0; private_global=0; IO mode=ap_fifo:ce=0
---------------- STG Properties END ------------------

---------------- Datapath Model BEGIN ----------------

<LifeTime>
<method=bitvector/>
dst_rows_read        (read          ) [ 000000000000000]
dst_cols_read        (read          ) [ 000000000000000]
write_ln0            (write         ) [ 000000000000000]
write_ln0            (write         ) [ 000000000000000]
dst_cols_load_cast_i (zext          ) [ 001110000000000]
dst_rows_load_cast_i (zext          ) [ 001110000000000]
specinterface_ln0    (specinterface ) [ 000000000000000]
specinterface_ln0    (specinterface ) [ 000000000000000]
specinterface_ln0    (specinterface ) [ 000000000000000]
specinterface_ln0    (specinterface ) [ 000000000000000]
specinterface_ln0    (specinterface ) [ 000000000000000]
specinterface_ln0    (specinterface ) [ 000000000000000]
specinterface_ln0    (specinterface ) [ 000000000000000]
specinterface_ln0    (specinterface ) [ 000000000000000]
mul_i                (mul           ) [ 000000000000000]
zext_ln88            (zext          ) [ 000001111111110]
add_ln88_1           (add           ) [ 000000000000000]
tmp                  (partselect    ) [ 000000000000000]
tmp_11               (bitconcatenate) [ 000000000000000]
zext_ln88_1          (zext          ) [ 000001111111110]
br_ln88              (br            ) [ 000011111111110]
i_02_0_i             (phi           ) [ 000001111111100]
specpipeline_ln0     (specpipeline  ) [ 000000000000000]
icmp_ln88            (icmp          ) [ 000001111111110]
br_ln88              (br            ) [ 000000000000000]
or_ln88              (or            ) [ 000000000000000]
icmp_ln88_1          (icmp          ) [ 000001111111110]
br_ln88              (br            ) [ 000000000000000]
or_ln88_1            (or            ) [ 000000000000000]
icmp_ln88_2          (icmp          ) [ 000001111111110]
br_ln88              (br            ) [ 000000000000000]
or_ln88_2            (or            ) [ 000000000000000]
icmp_ln88_3          (icmp          ) [ 000001111111110]
br_ln88              (br            ) [ 000000000000000]
or_ln88_3            (or            ) [ 000000000000000]
icmp_ln88_4          (icmp          ) [ 000001111111110]
br_ln88              (br            ) [ 000000000000000]
or_ln88_4            (or            ) [ 000000000000000]
icmp_ln88_5          (icmp          ) [ 000001111111110]
br_ln88              (br            ) [ 000000000000000]
or_ln88_5            (or            ) [ 000000000000000]
icmp_ln88_6          (icmp          ) [ 000001111111110]
br_ln88              (br            ) [ 000000000000000]
or_ln88_6            (or            ) [ 000000000000000]
icmp_ln88_7          (icmp          ) [ 000001111111110]
br_ln88              (br            ) [ 000000000000000]
specloopname_ln88    (specloopname  ) [ 000000000000000]
img31_read           (read          ) [ 000000000000000]
write_ln174          (write         ) [ 000000000000000]
img31_read_1         (read          ) [ 000000000000000]
write_ln174          (write         ) [ 000000000000000]
img31_read_2         (read          ) [ 000000000000000]
write_ln174          (write         ) [ 000000000000000]
img31_read_3         (read          ) [ 000000000000000]
write_ln174          (write         ) [ 000000000000000]
img31_read_4         (read          ) [ 000000000000000]
write_ln174          (write         ) [ 000000000000000]
img31_read_5         (read          ) [ 000000000000000]
write_ln174          (write         ) [ 000000000000000]
img31_read_6         (read          ) [ 000000000000000]
write_ln174          (write         ) [ 000000000000000]
add_ln88             (add           ) [ 000011000000010]
img31_read_7         (read          ) [ 000000000000000]
write_ln174          (write         ) [ 000000000000000]
br_ln0               (br            ) [ 000011111111110]
ret_ln0              (ret           ) [ 000000000000000]
</LifeTime>

<model>

<comp_list>
<comp id="0" class="1000" name="img31">
<pin_list>
<pin id="1" dir="1" index="0" bw="1" slack="0"/>
</pin_list>
<bind>
<StgValue><ssdm name="img31"/></StgValue>
</bind>
</comp>

<comp id="2" class="1000" name="img_mat_429">
<pin_list>
<pin id="3" dir="1" index="0" bw="1" slack="0"/>
</pin_list>
<bind>
<StgValue><ssdm name="img_mat_429"/></StgValue>
</bind>
</comp>

<comp id="4" class="1000" name="dst_rows">
<pin_list>
<pin id="5" dir="1" index="0" bw="1" slack="0"/>
</pin_list>
<bind>
<StgValue><ssdm name="dst_rows"/></StgValue>
</bind>
</comp>

<comp id="6" class="1000" name="dst_cols">
<pin_list>
<pin id="7" dir="1" index="0" bw="1" slack="0"/>
</pin_list>
<bind>
<StgValue><ssdm name="dst_cols"/></StgValue>
</bind>
</comp>

<comp id="8" class="1000" name="dst_rows_out">
<pin_list>
<pin id="9" dir="1" index="0" bw="1" slack="0"/>
</pin_list>
<bind>
<StgValue><ssdm name="dst_rows_out"/></StgValue>
</bind>
</comp>

<comp id="10" class="1000" name="dst_cols_out">
<pin_list>
<pin id="11" dir="1" index="0" bw="1" slack="0"/>
</pin_list>
<bind>
<StgValue><ssdm name="dst_cols_out"/></StgValue>
</bind>
</comp>

<comp id="12" class="1001" name="const_12">
<pin_list>
<pin id="13" dir="1" index="0" bw="1" slack="0"/>
</pin_list>
<bind>
<StgValue><ssdm name="_ssdm_op_Read.ap_fifo.i11P0A"/></StgValue>
</bind>
</comp>

<comp id="14" class="1001" name="const_14">
<pin_list>
<pin id="15" dir="1" index="0" bw="1" slack="0"/>
</pin_list>
<bind>
<StgValue><ssdm name="_ssdm_op_Write.ap_fifo.i11P0A"/></StgValue>
</bind>
</comp>

<comp id="16" class="1001" name="const_16">
<pin_list>
<pin id="17" dir="1" index="0" bw="1" slack="2147483647"/>
</pin_list>
<bind>
<StgValue><ssdm name="_ssdm_op_SpecInterface"/></StgValue>
</bind>
</comp>

<comp id="18" class="1001" name="const_18">
<pin_list>
<pin id="19" dir="1" index="0" bw="1" slack="2147483647"/>
</pin_list>
<bind>
<StgValue><ssdm name="empty_1"/></StgValue>
</bind>
</comp>

<comp id="20" class="1001" name="const_20">
<pin_list>
<pin id="21" dir="1" index="0" bw="1" slack="1"/>
</pin_list>
<bind>
<StgValue><ssdm name=""/></StgValue>
</bind>
</comp>

<comp id="22" class="1001" name="const_22">
<pin_list>
<pin id="23" dir="1" index="0" bw="1" slack="2147483647"/>
</pin_list>
<bind>
<StgValue><ssdm name="empty_24"/></StgValue>
</bind>
</comp>

<comp id="24" class="1001" name="const_24">
<pin_list>
<pin id="25" dir="1" index="0" bw="1" slack="2147483647"/>
</pin_list>
<bind>
<StgValue><ssdm name="ap_fifo_str"/></StgValue>
</bind>
</comp>

<comp id="26" class="1001" name="const_26">
<pin_list>
<pin id="27" dir="1" index="0" bw="1" slack="2147483647"/>
</pin_list>
<bind>
<StgValue><ssdm name="p_str"/></StgValue>
</bind>
</comp>

<comp id="28" class="1001" name="const_28">
<pin_list>
<pin id="29" dir="1" index="0" bw="1" slack="0"/>
</pin_list>
<bind>
<StgValue><ssdm name=""/></StgValue>
</bind>
</comp>

<comp id="30" class="1001" name="const_30">
<pin_list>
<pin id="31" dir="1" index="0" bw="1" slack="2147483647"/>
</pin_list>
<bind>
<StgValue><ssdm name=""/></StgValue>
</bind>
</comp>

<comp id="32" class="1001" name="const_32">
<pin_list>
<pin id="33" dir="1" index="0" bw="1" slack="2147483647"/>
</pin_list>
<bind>
<StgValue><ssdm name="ScalarProp_str"/></StgValue>
</bind>
</comp>

<comp id="34" class="1001" name="const_34">
<pin_list>
<pin id="35" dir="1" index="0" bw="1" slack="0"/>
</pin_list>
<bind>
<StgValue><ssdm name=""/></StgValue>
</bind>
</comp>

<comp id="36" class="1001" name="const_36">
<pin_list>
<pin id="37" dir="1" index="0" bw="1" slack="0"/>
</pin_list>
<bind>
<StgValue><ssdm name="_ssdm_op_PartSelect.i19.i22.i32.i32"/></StgValue>
</bind>
</comp>

<comp id="38" class="1001" name="const_38">
<pin_list>
<pin id="39" dir="1" index="0" bw="1" slack="0"/>
</pin_list>
<bind>
<StgValue><ssdm name=""/></StgValue>
</bind>
</comp>

<comp id="40" class="1001" name="const_40">
<pin_list>
<pin id="41" dir="1" index="0" bw="1" slack="0"/>
</pin_list>
<bind>
<StgValue><ssdm name=""/></StgValue>
</bind>
</comp>

<comp id="42" class="1001" name="const_42">
<pin_list>
<pin id="43" dir="1" index="0" bw="1" slack="0"/>
</pin_list>
<bind>
<StgValue><ssdm name="_ssdm_op_BitConcatenate.i22.i19.i3"/></StgValue>
</bind>
</comp>

<comp id="44" class="1001" name="const_44">
<pin_list>
<pin id="45" dir="1" index="0" bw="1" slack="0"/>
</pin_list>
<bind>
<StgValue><ssdm name=""/></StgValue>
</bind>
</comp>

<comp id="46" class="1001" name="const_46">
<pin_list>
<pin id="47" dir="1" index="0" bw="1" slack="2147483647"/>
</pin_list>
<bind>
<StgValue><ssdm name="_ssdm_op_SpecPipeline"/></StgValue>
</bind>
</comp>

<comp id="48" class="1001" name="const_48">
<pin_list>
<pin id="49" dir="1" index="0" bw="1" slack="2147483647"/>
</pin_list>
<bind>
<StgValue><ssdm name=""/></StgValue>
</bind>
</comp>

<comp id="50" class="1001" name="const_50">
<pin_list>
<pin id="51" dir="1" index="0" bw="1" slack="0"/>
</pin_list>
<bind>
<StgValue><ssdm name=""/></StgValue>
</bind>
</comp>

<comp id="52" class="1001" name="const_52">
<pin_list>
<pin id="53" dir="1" index="0" bw="1" slack="2147483647"/>
</pin_list>
<bind>
<StgValue><ssdm name="p_str35"/></StgValue>
</bind>
</comp>

<comp id="54" class="1001" name="const_54">
<pin_list>
<pin id="55" dir="1" index="0" bw="1" slack="0"/>
</pin_list>
<bind>
<StgValue><ssdm name=""/></StgValue>
</bind>
</comp>

<comp id="56" class="1001" name="const_56">
<pin_list>
<pin id="57" dir="1" index="0" bw="1" slack="0"/>
</pin_list>
<bind>
<StgValue><ssdm name=""/></StgValue>
</bind>
</comp>

<comp id="58" class="1001" name="const_58">
<pin_list>
<pin id="59" dir="1" index="0" bw="1" slack="0"/>
</pin_list>
<bind>
<StgValue><ssdm name=""/></StgValue>
</bind>
</comp>

<comp id="60" class="1001" name="const_60">
<pin_list>
<pin id="61" dir="1" index="0" bw="1" slack="0"/>
</pin_list>
<bind>
<StgValue><ssdm name=""/></StgValue>
</bind>
</comp>

<comp id="62" class="1001" name="const_62">
<pin_list>
<pin id="63" dir="1" index="0" bw="1" slack="2147483647"/>
</pin_list>
<bind>
<StgValue><ssdm name="_ssdm_op_SpecLoopName"/></StgValue>
</bind>
</comp>

<comp id="64" class="1001" name="const_64">
<pin_list>
<pin id="65" dir="1" index="0" bw="1" slack="2147483647"/>
</pin_list>
<bind>
<StgValue><ssdm name="empty_25"/></StgValue>
</bind>
</comp>

<comp id="66" class="1001" name="const_66">
<pin_list>
<pin id="67" dir="1" index="0" bw="1" slack="0"/>
</pin_list>
<bind>
<StgValue><ssdm name="_ssdm_op_Read.ap_fifo.volatile.i8P0A"/></StgValue>
</bind>
</comp>

<comp id="68" class="1001" name="const_68">
<pin_list>
<pin id="69" dir="1" index="0" bw="1" slack="0"/>
</pin_list>
<bind>
<StgValue><ssdm name="_ssdm_op_Write.ap_fifo.volatile.i8P0A"/></StgValue>
</bind>
</comp>

<comp id="70" class="1001" name="const_70">
<pin_list>
<pin id="71" dir="1" index="0" bw="1" slack="0"/>
</pin_list>
<bind>
<StgValue><ssdm name=""/></StgValue>
</bind>
</comp>

<comp id="72" class="1004" name="dst_rows_read_read_fu_72">
<pin_list>
<pin id="73" dir="0" index="0" bw="11" slack="0"/>
<pin id="74" dir="0" index="1" bw="11" slack="0"/>
<pin id="75" dir="1" index="2" bw="11" slack="0"/>
</pin_list>
<bind>
<opcode="read(1150) " fcode="read"/>
<opset="dst_rows_read/1 "/>
</bind>
</comp>

<comp id="78" class="1004" name="dst_cols_read_read_fu_78">
<pin_list>
<pin id="79" dir="0" index="0" bw="11" slack="0"/>
<pin id="80" dir="0" index="1" bw="11" slack="0"/>
<pin id="81" dir="1" index="2" bw="11" slack="0"/>
</pin_list>
<bind>
<opcode="read(1150) " fcode="read"/>
<opset="dst_cols_read/1 "/>
</bind>
</comp>

<comp id="84" class="1004" name="write_ln0_write_fu_84">
<pin_list>
<pin id="85" dir="0" index="0" bw="0" slack="0"/>
<pin id="86" dir="0" index="1" bw="11" slack="0"/>
<pin id="87" dir="0" index="2" bw="11" slack="0"/>
<pin id="88" dir="1" index="3" bw="0" slack="2147483647"/>
</pin_list>
<bind>
<opcode="write(1151) " fcode="write"/>
<opset="write_ln0/1 "/>
</bind>
</comp>

<comp id="92" class="1004" name="write_ln0_write_fu_92">
<pin_list>
<pin id="93" dir="0" index="0" bw="0" slack="0"/>
<pin id="94" dir="0" index="1" bw="11" slack="0"/>
<pin id="95" dir="0" index="2" bw="11" slack="0"/>
<pin id="96" dir="1" index="3" bw="0" slack="2147483647"/>
</pin_list>
<bind>
<opcode="write(1151) " fcode="write"/>
<opset="write_ln0/1 "/>
</bind>
</comp>

<comp id="100" class="1004" name="grp_read_fu_100">
<pin_list>
<pin id="101" dir="0" index="0" bw="8" slack="0"/>
<pin id="102" dir="0" index="1" bw="8" slack="0"/>
<pin id="103" dir="1" index="2" bw="8" slack="0"/>
</pin_list>
<bind>
<opcode="read(1150) " fcode="read"/>
<opset="img31_read/6 img31_read_1/7 img31_read_2/8 img31_read_3/9 img31_read_4/10 img31_read_5/11 img31_read_6/12 img31_read_7/13 "/>
</bind>
</comp>

<comp id="106" class="1004" name="grp_write_fu_106">
<pin_list>
<pin id="107" dir="0" index="0" bw="0" slack="0"/>
<pin id="108" dir="0" index="1" bw="8" slack="0"/>
<pin id="109" dir="0" index="2" bw="8" slack="0"/>
<pin id="110" dir="1" index="3" bw="0" slack="2147483647"/>
</pin_list>
<bind>
<opcode="write(1151) " fcode="write"/>
<opset="write_ln174/6 write_ln174/7 write_ln174/8 write_ln174/9 write_ln174/10 write_ln174/11 write_ln174/12 write_ln174/13 "/>
</bind>
</comp>

<comp id="114" class="1005" name="i_02_0_i_reg_114">
<pin_list>
<pin id="115" dir="0" index="0" bw="32" slack="1"/>
<pin id="116" dir="1" index="1" bw="32" slack="1"/>
</pin_list>
<bind>
<opset="i_02_0_i (phireg) "/>
</bind>
</comp>

<comp id="118" class="1004" name="i_02_0_i_phi_fu_118">
<pin_list>
<pin id="119" dir="0" index="0" bw="1" slack="1"/>
<pin id="120" dir="0" index="1" bw="0" slack="2147483647"/>
<pin id="121" dir="0" index="2" bw="32" slack="1"/>
<pin id="122" dir="0" index="3" bw="0" slack="2147483647"/>
<pin id="123" dir="1" index="4" bw="32" slack="0"/>
</pin_list>
<bind>
<opcode="phi(47) " fcode="phi"/>
<opset="i_02_0_i/5 "/>
</bind>
</comp>

<comp id="126" class="1004" name="dst_cols_load_cast_i_fu_126">
<pin_list>
<pin id="127" dir="0" index="0" bw="11" slack="0"/>
<pin id="128" dir="1" index="1" bw="22" slack="0"/>
</pin_list>
<bind>
<opcode="zext(34) " fcode="zext"/>
<opset="dst_cols_load_cast_i/1 "/>
</bind>
</comp>

<comp id="130" class="1004" name="dst_rows_load_cast_i_fu_130">
<pin_list>
<pin id="131" dir="0" index="0" bw="11" slack="0"/>
<pin id="132" dir="1" index="1" bw="22" slack="0"/>
</pin_list>
<bind>
<opcode="zext(34) " fcode="zext"/>
<opset="dst_rows_load_cast_i/1 "/>
</bind>
</comp>

<comp id="134" class="1004" name="zext_ln88_fu_134">
<pin_list>
<pin id="135" dir="0" index="0" bw="22" slack="0"/>
<pin id="136" dir="1" index="1" bw="32" slack="1"/>
</pin_list>
<bind>
<opcode="zext(34) " fcode="zext"/>
<opset="zext_ln88/4 "/>
</bind>
</comp>

<comp id="137" class="1004" name="add_ln88_1_fu_137">
<pin_list>
<pin id="138" dir="0" index="0" bw="22" slack="0"/>
<pin id="139" dir="0" index="1" bw="4" slack="0"/>
<pin id="140" dir="1" index="2" bw="22" slack="0"/>
</pin_list>
<bind>
<opcode="add(8) " fcode="add"/>
<opset="add_ln88_1/4 "/>
</bind>
</comp>

<comp id="142" class="1004" name="tmp_fu_142">
<pin_list>
<pin id="143" dir="0" index="0" bw="19" slack="0"/>
<pin id="144" dir="0" index="1" bw="22" slack="0"/>
<pin id="145" dir="0" index="2" bw="3" slack="0"/>
<pin id="146" dir="0" index="3" bw="6" slack="0"/>
<pin id="147" dir="1" index="4" bw="19" slack="0"/>
</pin_list>
<bind>
<opcode="partselect(1002) " fcode="partselect"/>
<opset="tmp/4 "/>
</bind>
</comp>

<comp id="152" class="1004" name="tmp_11_fu_152">
<pin_list>
<pin id="153" dir="0" index="0" bw="22" slack="0"/>
<pin id="154" dir="0" index="1" bw="19" slack="0"/>
<pin id="155" dir="0" index="2" bw="1" slack="0"/>
<pin id="156" dir="1" index="3" bw="22" slack="0"/>
</pin_list>
<bind>
<opcode="bitconcatenate(1004) " fcode="bitconcatenate"/>
<opset="tmp_11/4 "/>
</bind>
</comp>

<comp id="160" class="1004" name="zext_ln88_1_fu_160">
<pin_list>
<pin id="161" dir="0" index="0" bw="22" slack="0"/>
<pin id="162" dir="1" index="1" bw="32" slack="1"/>
</pin_list>
<bind>
<opcode="zext(34) " fcode="zext"/>
<opset="zext_ln88_1/4 "/>
</bind>
</comp>

<comp id="164" class="1004" name="icmp_ln88_fu_164">
<pin_list>
<pin id="165" dir="0" index="0" bw="32" slack="0"/>
<pin id="166" dir="0" index="1" bw="32" slack="1"/>
<pin id="167" dir="1" index="2" bw="1" slack="1"/>
</pin_list>
<bind>
<opcode="icmp(45) " fcode="icmp"/>
<opset="icmp_ln88/5 "/>
</bind>
</comp>

<comp id="169" class="1004" name="or_ln88_fu_169">
<pin_list>
<pin id="170" dir="0" index="0" bw="32" slack="0"/>
<pin id="171" dir="0" index="1" bw="32" slack="0"/>
<pin id="172" dir="1" index="2" bw="32" slack="0"/>
</pin_list>
<bind>
<opcode="or(24) " fcode="or"/>
<opset="or_ln88/5 "/>
</bind>
</comp>

<comp id="175" class="1004" name="icmp_ln88_1_fu_175">
<pin_list>
<pin id="176" dir="0" index="0" bw="32" slack="0"/>
<pin id="177" dir="0" index="1" bw="32" slack="1"/>
<pin id="178" dir="1" index="2" bw="1" slack="2"/>
</pin_list>
<bind>
<opcode="icmp(45) " fcode="icmp"/>
<opset="icmp_ln88_1/5 "/>
</bind>
</comp>

<comp id="180" class="1004" name="or_ln88_1_fu_180">
<pin_list>
<pin id="181" dir="0" index="0" bw="32" slack="0"/>
<pin id="182" dir="0" index="1" bw="32" slack="0"/>
<pin id="183" dir="1" index="2" bw="32" slack="0"/>
</pin_list>
<bind>
<opcode="or(24) " fcode="or"/>
<opset="or_ln88_1/5 "/>
</bind>
</comp>

<comp id="186" class="1004" name="icmp_ln88_2_fu_186">
<pin_list>
<pin id="187" dir="0" index="0" bw="32" slack="0"/>
<pin id="188" dir="0" index="1" bw="32" slack="1"/>
<pin id="189" dir="1" index="2" bw="1" slack="3"/>
</pin_list>
<bind>
<opcode="icmp(45) " fcode="icmp"/>
<opset="icmp_ln88_2/5 "/>
</bind>
</comp>

<comp id="191" class="1004" name="or_ln88_2_fu_191">
<pin_list>
<pin id="192" dir="0" index="0" bw="32" slack="0"/>
<pin id="193" dir="0" index="1" bw="32" slack="0"/>
<pin id="194" dir="1" index="2" bw="32" slack="0"/>
</pin_list>
<bind>
<opcode="or(24) " fcode="or"/>
<opset="or_ln88_2/5 "/>
</bind>
</comp>

<comp id="197" class="1004" name="icmp_ln88_3_fu_197">
<pin_list>
<pin id="198" dir="0" index="0" bw="32" slack="0"/>
<pin id="199" dir="0" index="1" bw="32" slack="1"/>
<pin id="200" dir="1" index="2" bw="1" slack="4"/>
</pin_list>
<bind>
<opcode="icmp(45) " fcode="icmp"/>
<opset="icmp_ln88_3/5 "/>
</bind>
</comp>

<comp id="202" class="1004" name="or_ln88_3_fu_202">
<pin_list>
<pin id="203" dir="0" index="0" bw="32" slack="0"/>
<pin id="204" dir="0" index="1" bw="32" slack="0"/>
<pin id="205" dir="1" index="2" bw="32" slack="0"/>
</pin_list>
<bind>
<opcode="or(24) " fcode="or"/>
<opset="or_ln88_3/5 "/>
</bind>
</comp>

<comp id="208" class="1004" name="icmp_ln88_4_fu_208">
<pin_list>
<pin id="209" dir="0" index="0" bw="32" slack="0"/>
<pin id="210" dir="0" index="1" bw="32" slack="1"/>
<pin id="211" dir="1" index="2" bw="1" slack="5"/>
</pin_list>
<bind>
<opcode="icmp(45) " fcode="icmp"/>
<opset="icmp_ln88_4/5 "/>
</bind>
</comp>

<comp id="213" class="1004" name="or_ln88_4_fu_213">
<pin_list>
<pin id="214" dir="0" index="0" bw="32" slack="0"/>
<pin id="215" dir="0" index="1" bw="32" slack="0"/>
<pin id="216" dir="1" index="2" bw="32" slack="0"/>
</pin_list>
<bind>
<opcode="or(24) " fcode="or"/>
<opset="or_ln88_4/5 "/>
</bind>
</comp>

<comp id="219" class="1004" name="icmp_ln88_5_fu_219">
<pin_list>
<pin id="220" dir="0" index="0" bw="32" slack="0"/>
<pin id="221" dir="0" index="1" bw="32" slack="1"/>
<pin id="222" dir="1" index="2" bw="1" slack="6"/>
</pin_list>
<bind>
<opcode="icmp(45) " fcode="icmp"/>
<opset="icmp_ln88_5/5 "/>
</bind>
</comp>

<comp id="224" class="1004" name="or_ln88_5_fu_224">
<pin_list>
<pin id="225" dir="0" index="0" bw="32" slack="0"/>
<pin id="226" dir="0" index="1" bw="32" slack="0"/>
<pin id="227" dir="1" index="2" bw="32" slack="0"/>
</pin_list>
<bind>
<opcode="or(24) " fcode="or"/>
<opset="or_ln88_5/5 "/>
</bind>
</comp>

<comp id="230" class="1004" name="icmp_ln88_6_fu_230">
<pin_list>
<pin id="231" dir="0" index="0" bw="32" slack="0"/>
<pin id="232" dir="0" index="1" bw="32" slack="1"/>
<pin id="233" dir="1" index="2" bw="1" slack="7"/>
</pin_list>
<bind>
<opcode="icmp(45) " fcode="icmp"/>
<opset="icmp_ln88_6/5 "/>
</bind>
</comp>

<comp id="235" class="1004" name="or_ln88_6_fu_235">
<pin_list>
<pin id="236" dir="0" index="0" bw="32" slack="0"/>
<pin id="237" dir="0" index="1" bw="32" slack="0"/>
<pin id="238" dir="1" index="2" bw="32" slack="0"/>
</pin_list>
<bind>
<opcode="or(24) " fcode="or"/>
<opset="or_ln88_6/5 "/>
</bind>
</comp>

<comp id="241" class="1004" name="icmp_ln88_7_fu_241">
<pin_list>
<pin id="242" dir="0" index="0" bw="32" slack="0"/>
<pin id="243" dir="0" index="1" bw="32" slack="1"/>
<pin id="244" dir="1" index="2" bw="1" slack="7"/>
</pin_list>
<bind>
<opcode="icmp(45) " fcode="icmp"/>
<opset="icmp_ln88_7/5 "/>
</bind>
</comp>

<comp id="246" class="1004" name="add_ln88_fu_246">
<pin_list>
<pin id="247" dir="0" index="0" bw="32" slack="7"/>
<pin id="248" dir="0" index="1" bw="5" slack="0"/>
<pin id="249" dir="1" index="2" bw="32" slack="1"/>
</pin_list>
<bind>
<opcode="add(8) " fcode="add"/>
<opset="add_ln88/12 "/>
</bind>
</comp>

<comp id="252" class="1007" name="grp_fu_252">
<pin_list>
<pin id="253" dir="0" index="0" bw="11" slack="0"/>
<pin id="254" dir="0" index="1" bw="11" slack="0"/>
<pin id="255" dir="1" index="2" bw="22" slack="0"/>
</pin_list>
<bind>
<opcode="mul(12) " fcode="mul"/>
<opset="mul_i/1 "/>
</bind>
</comp>

<comp id="260" class="1005" name="dst_cols_load_cast_i_reg_260">
<pin_list>
<pin id="261" dir="0" index="0" bw="22" slack="1"/>
<pin id="262" dir="1" index="1" bw="22" slack="1"/>
</pin_list>
<bind>
<opset="dst_cols_load_cast_i "/>
</bind>
</comp>

<comp id="265" class="1005" name="dst_rows_load_cast_i_reg_265">
<pin_list>
<pin id="266" dir="0" index="0" bw="22" slack="1"/>
<pin id="267" dir="1" index="1" bw="22" slack="1"/>
</pin_list>
<bind>
<opset="dst_rows_load_cast_i "/>
</bind>
</comp>

<comp id="270" class="1005" name="zext_ln88_reg_270">
<pin_list>
<pin id="271" dir="0" index="0" bw="32" slack="1"/>
<pin id="272" dir="1" index="1" bw="32" slack="1"/>
</pin_list>
<bind>
<opset="zext_ln88 "/>
</bind>
</comp>

<comp id="281" class="1005" name="zext_ln88_1_reg_281">
<pin_list>
<pin id="282" dir="0" index="0" bw="32" slack="1"/>
<pin id="283" dir="1" index="1" bw="32" slack="1"/>
</pin_list>
<bind>
<opset="zext_ln88_1 "/>
</bind>
</comp>

<comp id="286" class="1005" name="icmp_ln88_reg_286">
<pin_list>
<pin id="287" dir="0" index="0" bw="1" slack="1"/>
<pin id="288" dir="1" index="1" bw="1" slack="2147483647"/>
</pin_list>
<bind>
<opset="icmp_ln88 "/>
</bind>
</comp>

<comp id="290" class="1005" name="icmp_ln88_1_reg_290">
<pin_list>
<pin id="291" dir="0" index="0" bw="1" slack="2"/>
<pin id="292" dir="1" index="1" bw="1" slack="2147483647"/>
</pin_list>
<bind>
<opset="icmp_ln88_1 "/>
</bind>
</comp>

<comp id="294" class="1005" name="icmp_ln88_2_reg_294">
<pin_list>
<pin id="295" dir="0" index="0" bw="1" slack="3"/>
<pin id="296" dir="1" index="1" bw="1" slack="2147483647"/>
</pin_list>
<bind>
<opset="icmp_ln88_2 "/>
</bind>
</comp>

<comp id="298" class="1005" name="icmp_ln88_3_reg_298">
<pin_list>
<pin id="299" dir="0" index="0" bw="1" slack="4"/>
<pin id="300" dir="1" index="1" bw="1" slack="2147483647"/>
</pin_list>
<bind>
<opset="icmp_ln88_3 "/>
</bind>
</comp>

<comp id="302" class="1005" name="icmp_ln88_4_reg_302">
<pin_list>
<pin id="303" dir="0" index="0" bw="1" slack="5"/>
<pin id="304" dir="1" index="1" bw="1" slack="2147483647"/>
</pin_list>
<bind>
<opset="icmp_ln88_4 "/>
</bind>
</comp>

<comp id="306" class="1005" name="icmp_ln88_5_reg_306">
<pin_list>
<pin id="307" dir="0" index="0" bw="1" slack="6"/>
<pin id="308" dir="1" index="1" bw="1" slack="2147483647"/>
</pin_list>
<bind>
<opset="icmp_ln88_5 "/>
</bind>
</comp>

<comp id="310" class="1005" name="icmp_ln88_6_reg_310">
<pin_list>
<pin id="311" dir="0" index="0" bw="1" slack="7"/>
<pin id="312" dir="1" index="1" bw="1" slack="2147483647"/>
</pin_list>
<bind>
<opset="icmp_ln88_6 "/>
</bind>
</comp>

<comp id="314" class="1005" name="icmp_ln88_7_reg_314">
<pin_list>
<pin id="315" dir="0" index="0" bw="1" slack="7"/>
<pin id="316" dir="1" index="1" bw="1" slack="2147483647"/>
</pin_list>
<bind>
<opset="icmp_ln88_7 "/>
</bind>
</comp>

<comp id="318" class="1005" name="add_ln88_reg_318">
<pin_list>
<pin id="319" dir="0" index="0" bw="32" slack="1"/>
<pin id="320" dir="1" index="1" bw="32" slack="1"/>
</pin_list>
<bind>
<opset="add_ln88 "/>
</bind>
</comp>

</comp_list>

<net_list>
<net id="76"><net_src comp="12" pin="0"/><net_sink comp="72" pin=0"/></net>

<net id="77"><net_src comp="4" pin="0"/><net_sink comp="72" pin=1"/></net>

<net id="82"><net_src comp="12" pin="0"/><net_sink comp="78" pin=0"/></net>

<net id="83"><net_src comp="6" pin="0"/><net_sink comp="78" pin=1"/></net>

<net id="89"><net_src comp="14" pin="0"/><net_sink comp="84" pin=0"/></net>

<net id="90"><net_src comp="8" pin="0"/><net_sink comp="84" pin=1"/></net>

<net id="91"><net_src comp="72" pin="2"/><net_sink comp="84" pin=2"/></net>

<net id="97"><net_src comp="14" pin="0"/><net_sink comp="92" pin=0"/></net>

<net id="98"><net_src comp="10" pin="0"/><net_sink comp="92" pin=1"/></net>

<net id="99"><net_src comp="78" pin="2"/><net_sink comp="92" pin=2"/></net>

<net id="104"><net_src comp="66" pin="0"/><net_sink comp="100" pin=0"/></net>

<net id="105"><net_src comp="0" pin="0"/><net_sink comp="100" pin=1"/></net>

<net id="111"><net_src comp="68" pin="0"/><net_sink comp="106" pin=0"/></net>

<net id="112"><net_src comp="2" pin="0"/><net_sink comp="106" pin=1"/></net>

<net id="113"><net_src comp="100" pin="2"/><net_sink comp="106" pin=2"/></net>

<net id="117"><net_src comp="20" pin="0"/><net_sink comp="114" pin=0"/></net>

<net id="124"><net_src comp="114" pin="1"/><net_sink comp="118" pin=0"/></net>

<net id="125"><net_src comp="118" pin="4"/><net_sink comp="114" pin=0"/></net>

<net id="129"><net_src comp="78" pin="2"/><net_sink comp="126" pin=0"/></net>

<net id="133"><net_src comp="72" pin="2"/><net_sink comp="130" pin=0"/></net>

<net id="141"><net_src comp="34" pin="0"/><net_sink comp="137" pin=1"/></net>

<net id="148"><net_src comp="36" pin="0"/><net_sink comp="142" pin=0"/></net>

<net id="149"><net_src comp="137" pin="2"/><net_sink comp="142" pin=1"/></net>

<net id="150"><net_src comp="38" pin="0"/><net_sink comp="142" pin=2"/></net>

<net id="151"><net_src comp="40" pin="0"/><net_sink comp="142" pin=3"/></net>

<net id="157"><net_src comp="42" pin="0"/><net_sink comp="152" pin=0"/></net>

<net id="158"><net_src comp="142" pin="4"/><net_sink comp="152" pin=1"/></net>

<net id="159"><net_src comp="44" pin="0"/><net_sink comp="152" pin=2"/></net>

<net id="163"><net_src comp="152" pin="3"/><net_sink comp="160" pin=0"/></net>

<net id="168"><net_src comp="118" pin="4"/><net_sink comp="164" pin=0"/></net>

<net id="173"><net_src comp="118" pin="4"/><net_sink comp="169" pin=0"/></net>

<net id="174"><net_src comp="50" pin="0"/><net_sink comp="169" pin=1"/></net>

<net id="179"><net_src comp="169" pin="2"/><net_sink comp="175" pin=0"/></net>

<net id="184"><net_src comp="118" pin="4"/><net_sink comp="180" pin=0"/></net>

<net id="185"><net_src comp="28" pin="0"/><net_sink comp="180" pin=1"/></net>

<net id="190"><net_src comp="180" pin="2"/><net_sink comp="186" pin=0"/></net>

<net id="195"><net_src comp="118" pin="4"/><net_sink comp="191" pin=0"/></net>

<net id="196"><net_src comp="38" pin="0"/><net_sink comp="191" pin=1"/></net>

<net id="201"><net_src comp="191" pin="2"/><net_sink comp="197" pin=0"/></net>

<net id="206"><net_src comp="118" pin="4"/><net_sink comp="202" pin=0"/></net>

<net id="207"><net_src comp="54" pin="0"/><net_sink comp="202" pin=1"/></net>

<net id="212"><net_src comp="202" pin="2"/><net_sink comp="208" pin=0"/></net>

<net id="217"><net_src comp="118" pin="4"/><net_sink comp="213" pin=0"/></net>

<net id="218"><net_src comp="56" pin="0"/><net_sink comp="213" pin=1"/></net>

<net id="223"><net_src comp="213" pin="2"/><net_sink comp="219" pin=0"/></net>

<net id="228"><net_src comp="118" pin="4"/><net_sink comp="224" pin=0"/></net>

<net id="229"><net_src comp="58" pin="0"/><net_sink comp="224" pin=1"/></net>

<net id="234"><net_src comp="224" pin="2"/><net_sink comp="230" pin=0"/></net>

<net id="239"><net_src comp="118" pin="4"/><net_sink comp="235" pin=0"/></net>

<net id="240"><net_src comp="60" pin="0"/><net_sink comp="235" pin=1"/></net>

<net id="245"><net_src comp="235" pin="2"/><net_sink comp="241" pin=0"/></net>

<net id="250"><net_src comp="114" pin="1"/><net_sink comp="246" pin=0"/></net>

<net id="251"><net_src comp="70" pin="0"/><net_sink comp="246" pin=1"/></net>

<net id="256"><net_src comp="130" pin="1"/><net_sink comp="252" pin=0"/></net>

<net id="257"><net_src comp="126" pin="1"/><net_sink comp="252" pin=1"/></net>

<net id="258"><net_src comp="252" pin="2"/><net_sink comp="134" pin=0"/></net>

<net id="259"><net_src comp="252" pin="2"/><net_sink comp="137" pin=0"/></net>

<net id="263"><net_src comp="126" pin="1"/><net_sink comp="260" pin=0"/></net>

<net id="264"><net_src comp="260" pin="1"/><net_sink comp="252" pin=1"/></net>

<net id="268"><net_src comp="130" pin="1"/><net_sink comp="265" pin=0"/></net>

<net id="269"><net_src comp="265" pin="1"/><net_sink comp="252" pin=0"/></net>

<net id="273"><net_src comp="134" pin="1"/><net_sink comp="270" pin=0"/></net>

<net id="274"><net_src comp="270" pin="1"/><net_sink comp="175" pin=1"/></net>

<net id="275"><net_src comp="270" pin="1"/><net_sink comp="186" pin=1"/></net>

<net id="276"><net_src comp="270" pin="1"/><net_sink comp="197" pin=1"/></net>

<net id="277"><net_src comp="270" pin="1"/><net_sink comp="208" pin=1"/></net>

<net id="278"><net_src comp="270" pin="1"/><net_sink comp="219" pin=1"/></net>

<net id="279"><net_src comp="270" pin="1"/><net_sink comp="230" pin=1"/></net>

<net id="280"><net_src comp="270" pin="1"/><net_sink comp="241" pin=1"/></net>

<net id="284"><net_src comp="160" pin="1"/><net_sink comp="281" pin=0"/></net>

<net id="285"><net_src comp="281" pin="1"/><net_sink comp="164" pin=1"/></net>

<net id="289"><net_src comp="164" pin="2"/><net_sink comp="286" pin=0"/></net>

<net id="293"><net_src comp="175" pin="2"/><net_sink comp="290" pin=0"/></net>

<net id="297"><net_src comp="186" pin="2"/><net_sink comp="294" pin=0"/></net>

<net id="301"><net_src comp="197" pin="2"/><net_sink comp="298" pin=0"/></net>

<net id="305"><net_src comp="208" pin="2"/><net_sink comp="302" pin=0"/></net>

<net id="309"><net_src comp="219" pin="2"/><net_sink comp="306" pin=0"/></net>

<net id="313"><net_src comp="230" pin="2"/><net_sink comp="310" pin=0"/></net>

<net id="317"><net_src comp="241" pin="2"/><net_sink comp="314" pin=0"/></net>

<net id="321"><net_src comp="246" pin="2"/><net_sink comp="318" pin=0"/></net>

<net id="322"><net_src comp="318" pin="1"/><net_sink comp="118" pin=2"/></net>

</net_list>

</model> 
---------------- Datapath Model END ------------------

* FSMD analyzer results:
  - Output states:
	Port: img_mat_429 | {6 7 8 9 10 11 12 13 }
	Port: dst_rows_out | {1 }
	Port: dst_cols_out | {1 }
 - Input state : 
	Port: process_stream2xfMat<8, 0, 1080, 1920, 1> : img31 | {6 7 8 9 10 11 12 13 }
	Port: process_stream2xfMat<8, 0, 1080, 1920, 1> : dst_rows | {1 }
	Port: process_stream2xfMat<8, 0, 1080, 1920, 1> : dst_cols | {1 }
  - Chain level:
	State 1
		mul_i : 1
	State 2
	State 3
	State 4
		zext_ln88 : 1
		add_ln88_1 : 1
		tmp : 2
		tmp_11 : 3
		zext_ln88_1 : 4
	State 5
		icmp_ln88 : 1
		br_ln88 : 2
		or_ln88 : 1
		icmp_ln88_1 : 1
		br_ln88 : 2
		or_ln88_1 : 1
		icmp_ln88_2 : 1
		br_ln88 : 2
		or_ln88_2 : 1
		icmp_ln88_3 : 1
		br_ln88 : 2
		or_ln88_3 : 1
		icmp_ln88_4 : 1
		br_ln88 : 2
		or_ln88_4 : 1
		icmp_ln88_5 : 1
		br_ln88 : 2
		or_ln88_5 : 1
		icmp_ln88_6 : 1
		br_ln88 : 2
		or_ln88_6 : 1
		icmp_ln88_7 : 1
		br_ln88 : 2
	State 6
	State 7
	State 8
	State 9
	State 10
	State 11
	State 12
	State 13
	State 14


============================================================
+ Verbose Summary: Datapath Resource usage 
============================================================

* Functional unit list:
|----------|-----------------------------|---------|---------|---------|
| Operation|       Functional Unit       |   DSP   |    FF   |   LUT   |
|----------|-----------------------------|---------|---------|---------|
|          |       icmp_ln88_fu_164      |    0    |    0    |    20   |
|          |      icmp_ln88_1_fu_175     |    0    |    0    |    20   |
|          |      icmp_ln88_2_fu_186     |    0    |    0    |    20   |
|   icmp   |      icmp_ln88_3_fu_197     |    0    |    0    |    20   |
|          |      icmp_ln88_4_fu_208     |    0    |    0    |    20   |
|          |      icmp_ln88_5_fu_219     |    0    |    0    |    20   |
|          |      icmp_ln88_6_fu_230     |    0    |    0    |    20   |
|          |      icmp_ln88_7_fu_241     |    0    |    0    |    20   |
|----------|-----------------------------|---------|---------|---------|
|    add   |      add_ln88_1_fu_137      |    0    |    0    |    29   |
|          |       add_ln88_fu_246       |    0    |    0    |    39   |
|----------|-----------------------------|---------|---------|---------|
|    mul   |          grp_fu_252         |    1    |    0    |    0    |
|----------|-----------------------------|---------|---------|---------|
|          |   dst_rows_read_read_fu_72  |    0    |    0    |    0    |
|   read   |   dst_cols_read_read_fu_78  |    0    |    0    |    0    |
|          |       grp_read_fu_100       |    0    |    0    |    0    |
|----------|-----------------------------|---------|---------|---------|
|          |    write_ln0_write_fu_84    |    0    |    0    |    0    |
|   write  |    write_ln0_write_fu_92    |    0    |    0    |    0    |
|          |       grp_write_fu_106      |    0    |    0    |    0    |
|----------|-----------------------------|---------|---------|---------|
|          | dst_cols_load_cast_i_fu_126 |    0    |    0    |    0    |
|   zext   | dst_rows_load_cast_i_fu_130 |    0    |    0    |    0    |
|          |       zext_ln88_fu_134      |    0    |    0    |    0    |
|          |      zext_ln88_1_fu_160     |    0    |    0    |    0    |
|----------|-----------------------------|---------|---------|---------|
|partselect|          tmp_fu_142         |    0    |    0    |    0    |
|----------|-----------------------------|---------|---------|---------|
|bitconcatenate|        tmp_11_fu_152        |    0    |    0    |    0    |
|----------|-----------------------------|---------|---------|---------|
|          |        or_ln88_fu_169       |    0    |    0    |    0    |
|          |       or_ln88_1_fu_180      |    0    |    0    |    0    |
|          |       or_ln88_2_fu_191      |    0    |    0    |    0    |
|    or    |       or_ln88_3_fu_202      |    0    |    0    |    0    |
|          |       or_ln88_4_fu_213      |    0    |    0    |    0    |
|          |       or_ln88_5_fu_224      |    0    |    0    |    0    |
|          |       or_ln88_6_fu_235      |    0    |    0    |    0    |
|----------|-----------------------------|---------|---------|---------|
|   Total  |                             |    1    |    0    |   228   |
|----------|-----------------------------|---------|---------|---------|

Memories:
N/A

* Register list:
+----------------------------+--------+
|                            |   FF   |
+----------------------------+--------+
|      add_ln88_reg_318      |   32   |
|dst_cols_load_cast_i_reg_260|   22   |
|dst_rows_load_cast_i_reg_265|   22   |
|      i_02_0_i_reg_114      |   32   |
|     icmp_ln88_1_reg_290    |    1   |
|     icmp_ln88_2_reg_294    |    1   |
|     icmp_ln88_3_reg_298    |    1   |
|     icmp_ln88_4_reg_302    |    1   |
|     icmp_ln88_5_reg_306    |    1   |
|     icmp_ln88_6_reg_310    |    1   |
|     icmp_ln88_7_reg_314    |    1   |
|      icmp_ln88_reg_286     |    1   |
|     zext_ln88_1_reg_281    |   32   |
|      zext_ln88_reg_270     |   32   |
+----------------------------+--------+
|            Total           |   180  |
+----------------------------+--------+

* Multiplexer (MUX) list: 
|------------------|------|------|------|--------||---------||---------|
|       Comp       |  Pin | Size |  BW  | S x BW ||  Delay  ||   LUT   |
|------------------|------|------|------|--------||---------||---------|
| i_02_0_i_reg_114 |  p0  |   2  |  32  |   64   ||    9    |
|    grp_fu_252    |  p0  |   2  |  11  |   22   ||    9    |
|    grp_fu_252    |  p1  |   2  |  11  |   22   ||    9    |
|------------------|------|------|------|--------||---------||---------|
|       Total      |      |      |      |   108  ||  1.281  ||    27   |
|------------------|------|------|------|--------||---------||---------|



* Summary:
+-----------+--------+--------+--------+--------+
|           |   DSP  |  Delay |   FF   |   LUT  |
+-----------+--------+--------+--------+--------+
|  Function |    1   |    -   |    0   |   228  |
|   Memory  |    -   |    -   |    -   |    -   |
|Multiplexer|    -   |    1   |    -   |   27   |
|  Register |    -   |    -   |   180  |    -   |
+-----------+--------+--------+--------+--------+
|   Total   |    1   |    1   |   180  |   255  |
+-----------+--------+--------+--------+--------+
