

================================================================
== Vitis HLS Report for 'process_input_8_0_1080_1920_1_s'
================================================================
* Date:           Sun Jan 21 17:42:08 2024

* Version:        2020.2 (Build 3064766 on Wed Nov 18 09:12:45 MST 2020)
* Project:        hls_project
* Solution:       solution1 (Vivado IP Flow Target)
* Product family: zynquplus
* Target device:  xczu7ev-ffvc1156-2-e


================================================================
== Performance Estimates
================================================================
+ Timing: 
    * Summary: 
    +--------+----------+----------+------------+
    |  Clock |  Target  | Estimated| Uncertainty|
    +--------+----------+----------+------------+
    |ap_clk  |  10.00 ns|  2.373 ns|     2.70 ns|
    +--------+----------+----------+------------+

+ Latency: 
    * Summary: 
    +---------+---------+----------+----------+-----+-----+---------+
    |  Latency (cycles) |  Latency (absolute) |  Interval | Pipeline|
    |   min   |   max   |    min   |    max   | min | max |   Type  |
    +---------+---------+----------+----------+-----+-----+---------+
    |        ?|        ?|         ?|         ?|    ?|    ?|     none|
    +---------+---------+----------+----------+-----+-----+---------+

    + Detail: 
        * Instance: 
        N/A

        * Loop: 
        +-------------------+---------+---------+----------+-----------+-----------+------+----------+
        |                   |  Latency (cycles) | Iteration|  Initiation Interval  | Trip |          |
        |     Loop Name     |   min   |   max   |  Latency |  achieved |   target  | Count| Pipelined|
        +-------------------+---------+---------+----------+-----------+-----------+------+----------+
        |- VITIS_LOOP_75_1  |        ?|        ?|         9|          8|          1|     ?|       yes|
        +-------------------+---------+---------+----------+-----------+-----------+------+----------+

============================================================
+ Verbose Summary: Synthesis Manager
============================================================
InlineROM: 1
ExposeGlobal: 0
============================================================
+ Verbose Summary: CDFG Model
============================================================
IsTopModel: 0
ResetActiveHigh: 1
IsCombinational: 2
IsDatapathOnly: 0
HasWiredReturn: 1
HasMFsm: 0
HasVarLatency: 1
IsPipeline: 0
IsRtlPipelined: 0
IsInstanceOverlapped: 0
IsDontTouch: 0
HasImplIP: 0
IsGatedGlobalClock: 0

+ Individual pipeline summary: 
  * Pipeline-0: initiation interval (II) = 8, depth = 9


============================================================
+ Verbose Summary: Schedule
============================================================
* Number of FSM states : 14
* Pipeline : 1
  Pipeline-0 : II = 8, D = 9, States = { 5 6 7 8 9 10 11 12 13 }
* Dataflow Pipeline: 0

* FSM state transitions: 
1 --> 2 
2 --> 3 
3 --> 4 
4 --> 5 
5 --> 6 
6 --> 7 
7 --> 8 
8 --> 9 
9 --> 10 
10 --> 11 
11 --> 12 
12 --> 14 13 
13 --> 5 
14 --> 

* FSM state operations: 

State 1 <SV = 0> <Delay = 2.37>
ST_1 : Operation 15 [1/1] (1.83ns)   --->   "%height_read = read i11 @_ssdm_op_Read.ap_fifo.i11P0A, i11 %height" [src/ORB.cpp:71]   --->   Operation 15 'read' 'height_read' <Predicate = true> <Delay = 1.83> <CoreInst = "FIFO_SRL">   --->   Core 81 'FIFO_SRL' <Latency = 0> <II = 1> <Delay = 1.83> <Storage> <Opcode : 'read' 'write' 'nbread' 'nbwrite'> <Ports = 0> <Width = 11> <Depth = 2> <FIFO>
ST_1 : Operation 16 [1/1] (1.83ns)   --->   "%width_read = read i11 @_ssdm_op_Read.ap_fifo.i11P0A, i11 %width" [src/ORB.cpp:72]   --->   Operation 16 'read' 'width_read' <Predicate = true> <Delay = 1.83> <CoreInst = "FIFO_SRL">   --->   Core 81 'FIFO_SRL' <Latency = 0> <II = 1> <Delay = 1.83> <Storage> <Opcode : 'read' 'write' 'nbread' 'nbwrite'> <Ports = 0> <Width = 11> <Depth = 2> <FIFO>
ST_1 : Operation 17 [1/1] (0.00ns)   --->   "%height_cast_i = zext i11 %height_read" [src/ORB.cpp:71]   --->   Operation 17 'zext' 'height_cast_i' <Predicate = true> <Delay = 0.00>
ST_1 : Operation 18 [1/1] (0.00ns)   --->   "%width_cast_i = zext i11 %width_read" [src/ORB.cpp:72]   --->   Operation 18 'zext' 'width_cast_i' <Predicate = true> <Delay = 0.00>
ST_1 : Operation 19 [4/4] (0.53ns) (root node of the DSP)   --->   "%mul_i = mul i22 %width_cast_i, i22 %height_cast_i" [src/ORB.cpp:72]   --->   Operation 19 'mul' 'mul_i' <Predicate = true> <Delay = 0.53> <CoreInst = "DSP48">   --->   Core 127 'DSP48' <Latency = 3> <II = 1> <Delay = 0.53> <IPBlock> <Opcode : 'mul' 'add' 'sub' 'select'> <InPorts = 0> <OutPorts = 1> <Sync> <CReg>

State 2 <SV = 1> <Delay = 0.53>
ST_2 : Operation 20 [3/4] (0.53ns) (root node of the DSP)   --->   "%mul_i = mul i22 %width_cast_i, i22 %height_cast_i" [src/ORB.cpp:72]   --->   Operation 20 'mul' 'mul_i' <Predicate = true> <Delay = 0.53> <CoreInst = "DSP48">   --->   Core 127 'DSP48' <Latency = 3> <II = 1> <Delay = 0.53> <IPBlock> <Opcode : 'mul' 'add' 'sub' 'select'> <InPorts = 0> <OutPorts = 1> <Sync> <CReg>

State 3 <SV = 2> <Delay = 0.53>
ST_3 : Operation 21 [2/4] (0.53ns) (root node of the DSP)   --->   "%mul_i = mul i22 %width_cast_i, i22 %height_cast_i" [src/ORB.cpp:72]   --->   Operation 21 'mul' 'mul_i' <Predicate = true> <Delay = 0.53> <CoreInst = "DSP48">   --->   Core 127 'DSP48' <Latency = 3> <II = 1> <Delay = 0.53> <IPBlock> <Opcode : 'mul' 'add' 'sub' 'select'> <InPorts = 0> <OutPorts = 1> <Sync> <CReg>

State 4 <SV = 3> <Delay = 0.91>
ST_4 : Operation 22 [1/1] (0.00ns)   --->   "%specinterface_ln0 = specinterface void @_ssdm_op_SpecInterface, i8 %dst, void @empty_1, i32 0, i32 0, void @empty_24, i32 0, i32 0, void @empty_24, void @empty_24, void @empty_24, i32 0, i32 0, i32 0, i32 0, void @empty_24, void @empty_24"   --->   Operation 22 'specinterface' 'specinterface_ln0' <Predicate = true> <Delay = 0.00>
ST_4 : Operation 23 [1/1] (0.00ns)   --->   "%specinterface_ln0 = specinterface void @_ssdm_op_SpecInterface, i8 %src_V_data_V, i1 %src_V_keep_V, i1 %src_V_strb_V, i1 %src_V_user_V, i1 %src_V_last_V, i1 %src_V_id_V, i1 %src_V_dest_V, void @empty_15, i32 0, i32 0, void @empty_0, i32 0, i32 4800, void @empty_24, void @empty_24, void @empty_24, i32 0, i32 0, i32 0, i32 0, void @empty_24, void @empty_24"   --->   Operation 23 'specinterface' 'specinterface_ln0' <Predicate = true> <Delay = 0.00>
ST_4 : Operation 24 [1/1] (0.00ns)   --->   "%specinterface_ln0 = specinterface void @_ssdm_op_SpecInterface, i8 %src_V_data_V, i1 %src_V_keep_V, i1 %src_V_strb_V, i1 %src_V_user_V, i1 %src_V_last_V, i1 %src_V_id_V, i1 %src_V_dest_V, void @empty_15, i32 0, i32 0, void @empty_0, i32 0, i32 4800, void @empty_24, void @empty_24, void @empty_24, i32 0, i32 0, i32 0, i32 0, void @empty_24, void @empty_24"   --->   Operation 24 'specinterface' 'specinterface_ln0' <Predicate = true> <Delay = 0.00>
ST_4 : Operation 25 [1/1] (0.00ns)   --->   "%specinterface_ln0 = specinterface void @_ssdm_op_SpecInterface, i8 %src_V_data_V, i1 %src_V_keep_V, i1 %src_V_strb_V, i1 %src_V_user_V, i1 %src_V_last_V, i1 %src_V_id_V, i1 %src_V_dest_V, void @empty_15, i32 0, i32 0, void @empty_0, i32 0, i32 4800, void @empty_24, void @empty_24, void @empty_24, i32 0, i32 0, i32 0, i32 0, void @empty_24, void @empty_24"   --->   Operation 25 'specinterface' 'specinterface_ln0' <Predicate = true> <Delay = 0.00>
ST_4 : Operation 26 [1/1] (0.00ns)   --->   "%specinterface_ln0 = specinterface void @_ssdm_op_SpecInterface, i8 %src_V_data_V, i1 %src_V_keep_V, i1 %src_V_strb_V, i1 %src_V_user_V, i1 %src_V_last_V, i1 %src_V_id_V, i1 %src_V_dest_V, void @empty_15, i32 0, i32 0, void @empty_0, i32 0, i32 4800, void @empty_24, void @empty_24, void @empty_24, i32 0, i32 0, i32 0, i32 0, void @empty_24, void @empty_24"   --->   Operation 26 'specinterface' 'specinterface_ln0' <Predicate = true> <Delay = 0.00>
ST_4 : Operation 27 [1/1] (0.00ns)   --->   "%specinterface_ln0 = specinterface void @_ssdm_op_SpecInterface, i8 %src_V_data_V, i1 %src_V_keep_V, i1 %src_V_strb_V, i1 %src_V_user_V, i1 %src_V_last_V, i1 %src_V_id_V, i1 %src_V_dest_V, void @empty_15, i32 0, i32 0, void @empty_0, i32 0, i32 4800, void @empty_24, void @empty_24, void @empty_24, i32 0, i32 0, i32 0, i32 0, void @empty_24, void @empty_24"   --->   Operation 27 'specinterface' 'specinterface_ln0' <Predicate = true> <Delay = 0.00>
ST_4 : Operation 28 [1/1] (0.00ns)   --->   "%specinterface_ln0 = specinterface void @_ssdm_op_SpecInterface, i8 %src_V_data_V, i1 %src_V_keep_V, i1 %src_V_strb_V, i1 %src_V_user_V, i1 %src_V_last_V, i1 %src_V_id_V, i1 %src_V_dest_V, void @empty_15, i32 0, i32 0, void @empty_0, i32 0, i32 4800, void @empty_24, void @empty_24, void @empty_24, i32 0, i32 0, i32 0, i32 0, void @empty_24, void @empty_24"   --->   Operation 28 'specinterface' 'specinterface_ln0' <Predicate = true> <Delay = 0.00>
ST_4 : Operation 29 [1/1] (0.00ns)   --->   "%specinterface_ln0 = specinterface void @_ssdm_op_SpecInterface, i8 %src_V_data_V, i1 %src_V_keep_V, i1 %src_V_strb_V, i1 %src_V_user_V, i1 %src_V_last_V, i1 %src_V_id_V, i1 %src_V_dest_V, void @empty_15, i32 0, i32 0, void @empty_0, i32 0, i32 4800, void @empty_24, void @empty_24, void @empty_24, i32 0, i32 0, i32 0, i32 0, void @empty_24, void @empty_24"   --->   Operation 29 'specinterface' 'specinterface_ln0' <Predicate = true> <Delay = 0.00>
ST_4 : Operation 30 [1/1] (0.00ns)   --->   "%specinterface_ln0 = specinterface void @_ssdm_op_SpecInterface, i11 %width, void @ap_fifo_str, i32 0, i32 0, void @p_str, i32 0, i32 0, void @p_str, void @p_str, void @p_str, i32 2, i32 2, i32 16, i32 16, void @p_str, void @ScalarProp_str"   --->   Operation 30 'specinterface' 'specinterface_ln0' <Predicate = true> <Delay = 0.00>
ST_4 : Operation 31 [1/1] (0.00ns)   --->   "%specinterface_ln0 = specinterface void @_ssdm_op_SpecInterface, i11 %height, void @ap_fifo_str, i32 0, i32 0, void @p_str, i32 0, i32 0, void @p_str, void @p_str, void @p_str, i32 2, i32 2, i32 16, i32 16, void @p_str, void @ScalarProp_str"   --->   Operation 31 'specinterface' 'specinterface_ln0' <Predicate = true> <Delay = 0.00>
ST_4 : Operation 32 [1/1] (0.00ns)   --->   "%specinterface_ln0 = specinterface void @_ssdm_op_SpecInterface, i8 %dst, void @empty_1, i32 0, i32 0, void @empty_24, i32 0, i32 0, void @empty_24, void @empty_24, void @empty_24, i32 0, i32 0, i32 0, i32 0, void @empty_24, void @empty_24"   --->   Operation 32 'specinterface' 'specinterface_ln0' <Predicate = true> <Delay = 0.00>
ST_4 : Operation 33 [1/1] (0.00ns)   --->   "%specinterface_ln0 = specinterface void @_ssdm_op_SpecInterface, i8 %src_V_data_V, i1 %src_V_keep_V, i1 %src_V_strb_V, i1 %src_V_user_V, i1 %src_V_last_V, i1 %src_V_id_V, i1 %src_V_dest_V, void @empty_15, i32 0, i32 0, void @empty_0, i32 0, i32 4800, void @empty_24, void @empty_24, void @empty_24, i32 0, i32 0, i32 0, i32 0, void @empty_24, void @empty_24"   --->   Operation 33 'specinterface' 'specinterface_ln0' <Predicate = true> <Delay = 0.00>
ST_4 : Operation 34 [1/4] (0.00ns) (root node of the DSP)   --->   "%mul_i = mul i22 %width_cast_i, i22 %height_cast_i" [src/ORB.cpp:72]   --->   Operation 34 'mul' 'mul_i' <Predicate = true> <Delay = 0.00> <CoreInst = "DSP48">   --->   Core 127 'DSP48' <Latency = 3> <II = 1> <Delay = 0.53> <IPBlock> <Opcode : 'mul' 'add' 'sub' 'select'> <InPorts = 0> <OutPorts = 1> <Sync> <CReg>
ST_4 : Operation 35 [1/1] (0.00ns)   --->   "%zext_ln75 = zext i22 %mul_i" [src/ORB.cpp:75]   --->   Operation 35 'zext' 'zext_ln75' <Predicate = true> <Delay = 0.00>
ST_4 : Operation 36 [1/1] (0.91ns)   --->   "%add_ln75_1 = add i22 %mul_i, i22 7" [src/ORB.cpp:75]   --->   Operation 36 'add' 'add_ln75_1' <Predicate = true> <Delay = 0.91> <CoreInst = "Adder">   --->   Core 1 'Adder' <Latency = 0> <II = 1> <Delay = 0.91> <FuncUnit> <Opcode : 'add' 'sub'> <InPorts = 2> <OutPorts = 1>
ST_4 : Operation 37 [1/1] (0.00ns)   --->   "%tmp = partselect i19 @_ssdm_op_PartSelect.i19.i22.i32.i32, i22 %add_ln75_1, i32 3, i32 21" [src/ORB.cpp:75]   --->   Operation 37 'partselect' 'tmp' <Predicate = true> <Delay = 0.00>
ST_4 : Operation 38 [1/1] (0.00ns)   --->   "%tmp_25 = bitconcatenate i22 @_ssdm_op_BitConcatenate.i22.i19.i3, i19 %tmp, i3 0" [src/ORB.cpp:75]   --->   Operation 38 'bitconcatenate' 'tmp_25' <Predicate = true> <Delay = 0.00>
ST_4 : Operation 39 [1/1] (0.00ns)   --->   "%zext_ln75_1 = zext i22 %tmp_25" [src/ORB.cpp:75]   --->   Operation 39 'zext' 'zext_ln75_1' <Predicate = true> <Delay = 0.00>
ST_4 : Operation 40 [1/1] (0.42ns)   --->   "%br_ln75 = br void" [src/ORB.cpp:75]   --->   Operation 40 'br' 'br_ln75' <Predicate = true> <Delay = 0.42>

State 5 <SV = 4> <Delay = 1.27>
ST_5 : Operation 41 [1/1] (0.00ns)   --->   "%i_0_i = phi i32 0, void %entry, i32 %add_ln75, void %.split.7.i" [src/ORB.cpp:75]   --->   Operation 41 'phi' 'i_0_i' <Predicate = true> <Delay = 0.00>
ST_5 : Operation 42 [1/1] (0.00ns)   --->   "%specpipeline_ln0 = specpipeline void @_ssdm_op_SpecPipeline, i32 4294967295, i32 0, i32 1, i32 0, void @p_str31"   --->   Operation 42 'specpipeline' 'specpipeline_ln0' <Predicate = true> <Delay = 0.00>
ST_5 : Operation 43 [1/1] (0.99ns)   --->   "%icmp_ln75 = icmp_eq  i32 %i_0_i, i32 %zext_ln75_1" [src/ORB.cpp:75]   --->   Operation 43 'icmp' 'icmp_ln75' <Predicate = true> <Delay = 0.99> <CoreInst = "Cmp">   --->   Core 9 'Cmp' <Latency = 0> <II = 1> <Delay = 0.99> <FuncUnit> <Opcode : 'icmp'> <InPorts = 2> <OutPorts = 1>
ST_5 : Operation 44 [1/1] (0.00ns)   --->   "%br_ln75 = br i1 %icmp_ln75, void %.split.0.i, void %.exit" [src/ORB.cpp:75]   --->   Operation 44 'br' 'br_ln75' <Predicate = true> <Delay = 0.00>
ST_5 : Operation 45 [1/1] (0.00ns)   --->   "%empty = read i14 @_ssdm_op_Read.axis.volatile.i8P0A.i1P0A.i1P0A.i1P0A.i1P0A.i1P0A.i1P0A, i8 %src_V_data_V, i1 %src_V_keep_V, i1 %src_V_strb_V, i1 %src_V_user_V, i1 %src_V_last_V, i1 %src_V_id_V, i1 %src_V_dest_V"   --->   Operation 45 'read' 'empty' <Predicate = (!icmp_ln75)> <Delay = 0.00> <CoreInst = "axis">   --->   Core 123 'axis' <Latency = 0> <II = 1> <Delay = 1.00> <Adapter> <Opcode : >
ST_5 : Operation 46 [1/1] (0.00ns)   --->   "%src_V_data_V_val = extractvalue i14 %empty"   --->   Operation 46 'extractvalue' 'src_V_data_V_val' <Predicate = (!icmp_ln75)> <Delay = 0.00>
ST_5 : Operation 47 [1/1] (0.00ns) (grouped into LUT with out node icmp_ln75_1)   --->   "%or_ln75 = or i32 %i_0_i, i32 1" [src/ORB.cpp:75]   --->   Operation 47 'or' 'or_ln75' <Predicate = (!icmp_ln75)> <Delay = 0.00>
ST_5 : Operation 48 [1/1] (0.99ns) (out node of the LUT)   --->   "%icmp_ln75_1 = icmp_slt  i32 %or_ln75, i32 %zext_ln75" [src/ORB.cpp:75]   --->   Operation 48 'icmp' 'icmp_ln75_1' <Predicate = (!icmp_ln75)> <Delay = 0.99> <CoreInst = "Cmp">   --->   Core 9 'Cmp' <Latency = 0> <II = 1> <Delay = 0.99> <FuncUnit> <Opcode : 'icmp'> <InPorts = 2> <OutPorts = 1>
ST_5 : Operation 49 [1/1] (0.00ns)   --->   "%br_ln75 = br i1 %icmp_ln75_1, void %.exit, void %.split.1.i" [src/ORB.cpp:75]   --->   Operation 49 'br' 'br_ln75' <Predicate = (!icmp_ln75)> <Delay = 0.00>
ST_5 : Operation 50 [1/1] (0.00ns) (grouped into LUT with out node icmp_ln75_2)   --->   "%or_ln75_1 = or i32 %i_0_i, i32 2" [src/ORB.cpp:75]   --->   Operation 50 'or' 'or_ln75_1' <Predicate = (!icmp_ln75 & icmp_ln75_1)> <Delay = 0.00>
ST_5 : Operation 51 [1/1] (0.99ns) (out node of the LUT)   --->   "%icmp_ln75_2 = icmp_slt  i32 %or_ln75_1, i32 %zext_ln75" [src/ORB.cpp:75]   --->   Operation 51 'icmp' 'icmp_ln75_2' <Predicate = (!icmp_ln75 & icmp_ln75_1)> <Delay = 0.99> <CoreInst = "Cmp">   --->   Core 9 'Cmp' <Latency = 0> <II = 1> <Delay = 0.99> <FuncUnit> <Opcode : 'icmp'> <InPorts = 2> <OutPorts = 1>
ST_5 : Operation 52 [1/1] (0.00ns)   --->   "%br_ln75 = br i1 %icmp_ln75_2, void %.exit, void %.split.2.i" [src/ORB.cpp:75]   --->   Operation 52 'br' 'br_ln75' <Predicate = (!icmp_ln75 & icmp_ln75_1)> <Delay = 0.00>
ST_5 : Operation 53 [1/1] (0.00ns) (grouped into LUT with out node icmp_ln75_3)   --->   "%or_ln75_2 = or i32 %i_0_i, i32 3" [src/ORB.cpp:75]   --->   Operation 53 'or' 'or_ln75_2' <Predicate = (!icmp_ln75 & icmp_ln75_1 & icmp_ln75_2)> <Delay = 0.00>
ST_5 : Operation 54 [1/1] (0.99ns) (out node of the LUT)   --->   "%icmp_ln75_3 = icmp_slt  i32 %or_ln75_2, i32 %zext_ln75" [src/ORB.cpp:75]   --->   Operation 54 'icmp' 'icmp_ln75_3' <Predicate = (!icmp_ln75 & icmp_ln75_1 & icmp_ln75_2)> <Delay = 0.99> <CoreInst = "Cmp">   --->   Core 9 'Cmp' <Latency = 0> <II = 1> <Delay = 0.99> <FuncUnit> <Opcode : 'icmp'> <InPorts = 2> <OutPorts = 1>
ST_5 : Operation 55 [1/1] (0.00ns)   --->   "%br_ln75 = br i1 %icmp_ln75_3, void %.exit, void %.split.3.i" [src/ORB.cpp:75]   --->   Operation 55 'br' 'br_ln75' <Predicate = (!icmp_ln75 & icmp_ln75_1 & icmp_ln75_2)> <Delay = 0.00>
ST_5 : Operation 56 [1/1] (0.00ns) (grouped into LUT with out node icmp_ln75_4)   --->   "%or_ln75_3 = or i32 %i_0_i, i32 4" [src/ORB.cpp:75]   --->   Operation 56 'or' 'or_ln75_3' <Predicate = (!icmp_ln75 & icmp_ln75_1 & icmp_ln75_2 & icmp_ln75_3)> <Delay = 0.00>
ST_5 : Operation 57 [1/1] (0.99ns) (out node of the LUT)   --->   "%icmp_ln75_4 = icmp_slt  i32 %or_ln75_3, i32 %zext_ln75" [src/ORB.cpp:75]   --->   Operation 57 'icmp' 'icmp_ln75_4' <Predicate = (!icmp_ln75 & icmp_ln75_1 & icmp_ln75_2 & icmp_ln75_3)> <Delay = 0.99> <CoreInst = "Cmp">   --->   Core 9 'Cmp' <Latency = 0> <II = 1> <Delay = 0.99> <FuncUnit> <Opcode : 'icmp'> <InPorts = 2> <OutPorts = 1>
ST_5 : Operation 58 [1/1] (0.00ns)   --->   "%br_ln75 = br i1 %icmp_ln75_4, void %.exit, void %.split.4.i" [src/ORB.cpp:75]   --->   Operation 58 'br' 'br_ln75' <Predicate = (!icmp_ln75 & icmp_ln75_1 & icmp_ln75_2 & icmp_ln75_3)> <Delay = 0.00>
ST_5 : Operation 59 [1/1] (0.00ns) (grouped into LUT with out node icmp_ln75_5)   --->   "%or_ln75_4 = or i32 %i_0_i, i32 5" [src/ORB.cpp:75]   --->   Operation 59 'or' 'or_ln75_4' <Predicate = (!icmp_ln75 & icmp_ln75_1 & icmp_ln75_2 & icmp_ln75_3 & icmp_ln75_4)> <Delay = 0.00>
ST_5 : Operation 60 [1/1] (0.99ns) (out node of the LUT)   --->   "%icmp_ln75_5 = icmp_slt  i32 %or_ln75_4, i32 %zext_ln75" [src/ORB.cpp:75]   --->   Operation 60 'icmp' 'icmp_ln75_5' <Predicate = (!icmp_ln75 & icmp_ln75_1 & icmp_ln75_2 & icmp_ln75_3 & icmp_ln75_4)> <Delay = 0.99> <CoreInst = "Cmp">   --->   Core 9 'Cmp' <Latency = 0> <II = 1> <Delay = 0.99> <FuncUnit> <Opcode : 'icmp'> <InPorts = 2> <OutPorts = 1>
ST_5 : Operation 61 [1/1] (0.00ns)   --->   "%br_ln75 = br i1 %icmp_ln75_5, void %.exit, void %.split.5.i" [src/ORB.cpp:75]   --->   Operation 61 'br' 'br_ln75' <Predicate = (!icmp_ln75 & icmp_ln75_1 & icmp_ln75_2 & icmp_ln75_3 & icmp_ln75_4)> <Delay = 0.00>
ST_5 : Operation 62 [1/1] (0.00ns) (grouped into LUT with out node icmp_ln75_6)   --->   "%or_ln75_5 = or i32 %i_0_i, i32 6" [src/ORB.cpp:75]   --->   Operation 62 'or' 'or_ln75_5' <Predicate = (!icmp_ln75 & icmp_ln75_1 & icmp_ln75_2 & icmp_ln75_3 & icmp_ln75_4 & icmp_ln75_5)> <Delay = 0.00>
ST_5 : Operation 63 [1/1] (0.99ns) (out node of the LUT)   --->   "%icmp_ln75_6 = icmp_slt  i32 %or_ln75_5, i32 %zext_ln75" [src/ORB.cpp:75]   --->   Operation 63 'icmp' 'icmp_ln75_6' <Predicate = (!icmp_ln75 & icmp_ln75_1 & icmp_ln75_2 & icmp_ln75_3 & icmp_ln75_4 & icmp_ln75_5)> <Delay = 0.99> <CoreInst = "Cmp">   --->   Core 9 'Cmp' <Latency = 0> <II = 1> <Delay = 0.99> <FuncUnit> <Opcode : 'icmp'> <InPorts = 2> <OutPorts = 1>
ST_5 : Operation 64 [1/1] (0.00ns)   --->   "%br_ln75 = br i1 %icmp_ln75_6, void %.exit, void %.split.6.i" [src/ORB.cpp:75]   --->   Operation 64 'br' 'br_ln75' <Predicate = (!icmp_ln75 & icmp_ln75_1 & icmp_ln75_2 & icmp_ln75_3 & icmp_ln75_4 & icmp_ln75_5)> <Delay = 0.00>
ST_5 : Operation 65 [1/1] (0.00ns) (grouped into LUT with out node icmp_ln75_7)   --->   "%or_ln75_6 = or i32 %i_0_i, i32 7" [src/ORB.cpp:75]   --->   Operation 65 'or' 'or_ln75_6' <Predicate = (!icmp_ln75 & icmp_ln75_1 & icmp_ln75_2 & icmp_ln75_3 & icmp_ln75_4 & icmp_ln75_5 & icmp_ln75_6)> <Delay = 0.00>
ST_5 : Operation 66 [1/1] (0.99ns) (out node of the LUT)   --->   "%icmp_ln75_7 = icmp_slt  i32 %or_ln75_6, i32 %zext_ln75" [src/ORB.cpp:75]   --->   Operation 66 'icmp' 'icmp_ln75_7' <Predicate = (!icmp_ln75 & icmp_ln75_1 & icmp_ln75_2 & icmp_ln75_3 & icmp_ln75_4 & icmp_ln75_5 & icmp_ln75_6)> <Delay = 0.99> <CoreInst = "Cmp">   --->   Core 9 'Cmp' <Latency = 0> <II = 1> <Delay = 0.99> <FuncUnit> <Opcode : 'icmp'> <InPorts = 2> <OutPorts = 1>
ST_5 : Operation 67 [1/1] (0.00ns)   --->   "%br_ln75 = br i1 %icmp_ln75_7, void %.exit, void %.split.7.i" [src/ORB.cpp:75]   --->   Operation 67 'br' 'br_ln75' <Predicate = (!icmp_ln75 & icmp_ln75_1 & icmp_ln75_2 & icmp_ln75_3 & icmp_ln75_4 & icmp_ln75_5 & icmp_ln75_6)> <Delay = 0.00>

State 6 <SV = 5> <Delay = 1.83>
ST_6 : Operation 68 [1/1] (0.00ns)   --->   "%specloopname_ln75 = specloopname void @_ssdm_op_SpecLoopName, void @empty_26" [src/ORB.cpp:75]   --->   Operation 68 'specloopname' 'specloopname_ln75' <Predicate = (!icmp_ln75)> <Delay = 0.00>
ST_6 : Operation 69 [1/1] (1.83ns)   --->   "%write_ln174 = write void @_ssdm_op_Write.ap_fifo.volatile.i8P0A, i8 %dst, i8 %src_V_data_V_val" [C:/Xilinx/Vitis_HLS/2020.2/common/technology/autopilot/hls_stream_39.h:174]   --->   Operation 69 'write' 'write_ln174' <Predicate = (!icmp_ln75)> <Delay = 1.83> <CoreInst = "FIFO_SRL">   --->   Core 81 'FIFO_SRL' <Latency = 0> <II = 1> <Delay = 1.83> <Storage> <Opcode : 'read' 'write' 'nbread' 'nbwrite'> <Ports = 0> <Width = 8> <Depth = 2> <FIFO>
ST_6 : Operation 70 [1/1] (0.00ns)   --->   "%empty_74 = read i14 @_ssdm_op_Read.axis.volatile.i8P0A.i1P0A.i1P0A.i1P0A.i1P0A.i1P0A.i1P0A, i8 %src_V_data_V, i1 %src_V_keep_V, i1 %src_V_strb_V, i1 %src_V_user_V, i1 %src_V_last_V, i1 %src_V_id_V, i1 %src_V_dest_V"   --->   Operation 70 'read' 'empty_74' <Predicate = (!icmp_ln75 & icmp_ln75_1)> <Delay = 0.00> <CoreInst = "axis">   --->   Core 123 'axis' <Latency = 0> <II = 1> <Delay = 1.00> <Adapter> <Opcode : >
ST_6 : Operation 71 [1/1] (0.00ns)   --->   "%src_V_data_V_val6 = extractvalue i14 %empty_74"   --->   Operation 71 'extractvalue' 'src_V_data_V_val6' <Predicate = (!icmp_ln75 & icmp_ln75_1)> <Delay = 0.00>

State 7 <SV = 6> <Delay = 1.83>
ST_7 : Operation 72 [1/1] (1.83ns)   --->   "%write_ln174 = write void @_ssdm_op_Write.ap_fifo.volatile.i8P0A, i8 %dst, i8 %src_V_data_V_val6" [C:/Xilinx/Vitis_HLS/2020.2/common/technology/autopilot/hls_stream_39.h:174]   --->   Operation 72 'write' 'write_ln174' <Predicate = (!icmp_ln75 & icmp_ln75_1)> <Delay = 1.83> <CoreInst = "FIFO_SRL">   --->   Core 81 'FIFO_SRL' <Latency = 0> <II = 1> <Delay = 1.83> <Storage> <Opcode : 'read' 'write' 'nbread' 'nbwrite'> <Ports = 0> <Width = 8> <Depth = 2> <FIFO>
ST_7 : Operation 73 [1/1] (0.00ns)   --->   "%empty_75 = read i14 @_ssdm_op_Read.axis.volatile.i8P0A.i1P0A.i1P0A.i1P0A.i1P0A.i1P0A.i1P0A, i8 %src_V_data_V, i1 %src_V_keep_V, i1 %src_V_strb_V, i1 %src_V_user_V, i1 %src_V_last_V, i1 %src_V_id_V, i1 %src_V_dest_V"   --->   Operation 73 'read' 'empty_75' <Predicate = (!icmp_ln75 & icmp_ln75_1 & icmp_ln75_2)> <Delay = 0.00> <CoreInst = "axis">   --->   Core 123 'axis' <Latency = 0> <II = 1> <Delay = 1.00> <Adapter> <Opcode : >
ST_7 : Operation 74 [1/1] (0.00ns)   --->   "%src_V_data_V_val1 = extractvalue i14 %empty_75"   --->   Operation 74 'extractvalue' 'src_V_data_V_val1' <Predicate = (!icmp_ln75 & icmp_ln75_1 & icmp_ln75_2)> <Delay = 0.00>

State 8 <SV = 7> <Delay = 1.83>
ST_8 : Operation 75 [1/1] (1.83ns)   --->   "%write_ln174 = write void @_ssdm_op_Write.ap_fifo.volatile.i8P0A, i8 %dst, i8 %src_V_data_V_val1" [C:/Xilinx/Vitis_HLS/2020.2/common/technology/autopilot/hls_stream_39.h:174]   --->   Operation 75 'write' 'write_ln174' <Predicate = (!icmp_ln75 & icmp_ln75_1 & icmp_ln75_2)> <Delay = 1.83> <CoreInst = "FIFO_SRL">   --->   Core 81 'FIFO_SRL' <Latency = 0> <II = 1> <Delay = 1.83> <Storage> <Opcode : 'read' 'write' 'nbread' 'nbwrite'> <Ports = 0> <Width = 8> <Depth = 2> <FIFO>
ST_8 : Operation 76 [1/1] (0.00ns)   --->   "%empty_76 = read i14 @_ssdm_op_Read.axis.volatile.i8P0A.i1P0A.i1P0A.i1P0A.i1P0A.i1P0A.i1P0A, i8 %src_V_data_V, i1 %src_V_keep_V, i1 %src_V_strb_V, i1 %src_V_user_V, i1 %src_V_last_V, i1 %src_V_id_V, i1 %src_V_dest_V"   --->   Operation 76 'read' 'empty_76' <Predicate = (!icmp_ln75 & icmp_ln75_1 & icmp_ln75_2 & icmp_ln75_3)> <Delay = 0.00> <CoreInst = "axis">   --->   Core 123 'axis' <Latency = 0> <II = 1> <Delay = 1.00> <Adapter> <Opcode : >
ST_8 : Operation 77 [1/1] (0.00ns)   --->   "%src_V_data_V_val2 = extractvalue i14 %empty_76"   --->   Operation 77 'extractvalue' 'src_V_data_V_val2' <Predicate = (!icmp_ln75 & icmp_ln75_1 & icmp_ln75_2 & icmp_ln75_3)> <Delay = 0.00>

State 9 <SV = 8> <Delay = 1.83>
ST_9 : Operation 78 [1/1] (1.83ns)   --->   "%write_ln174 = write void @_ssdm_op_Write.ap_fifo.volatile.i8P0A, i8 %dst, i8 %src_V_data_V_val2" [C:/Xilinx/Vitis_HLS/2020.2/common/technology/autopilot/hls_stream_39.h:174]   --->   Operation 78 'write' 'write_ln174' <Predicate = (!icmp_ln75 & icmp_ln75_1 & icmp_ln75_2 & icmp_ln75_3)> <Delay = 1.83> <CoreInst = "FIFO_SRL">   --->   Core 81 'FIFO_SRL' <Latency = 0> <II = 1> <Delay = 1.83> <Storage> <Opcode : 'read' 'write' 'nbread' 'nbwrite'> <Ports = 0> <Width = 8> <Depth = 2> <FIFO>
ST_9 : Operation 79 [1/1] (0.00ns)   --->   "%empty_77 = read i14 @_ssdm_op_Read.axis.volatile.i8P0A.i1P0A.i1P0A.i1P0A.i1P0A.i1P0A.i1P0A, i8 %src_V_data_V, i1 %src_V_keep_V, i1 %src_V_strb_V, i1 %src_V_user_V, i1 %src_V_last_V, i1 %src_V_id_V, i1 %src_V_dest_V"   --->   Operation 79 'read' 'empty_77' <Predicate = (!icmp_ln75 & icmp_ln75_1 & icmp_ln75_2 & icmp_ln75_3 & icmp_ln75_4)> <Delay = 0.00> <CoreInst = "axis">   --->   Core 123 'axis' <Latency = 0> <II = 1> <Delay = 1.00> <Adapter> <Opcode : >
ST_9 : Operation 80 [1/1] (0.00ns)   --->   "%src_V_data_V_val3 = extractvalue i14 %empty_77"   --->   Operation 80 'extractvalue' 'src_V_data_V_val3' <Predicate = (!icmp_ln75 & icmp_ln75_1 & icmp_ln75_2 & icmp_ln75_3 & icmp_ln75_4)> <Delay = 0.00>

State 10 <SV = 9> <Delay = 1.83>
ST_10 : Operation 81 [1/1] (1.83ns)   --->   "%write_ln174 = write void @_ssdm_op_Write.ap_fifo.volatile.i8P0A, i8 %dst, i8 %src_V_data_V_val3" [C:/Xilinx/Vitis_HLS/2020.2/common/technology/autopilot/hls_stream_39.h:174]   --->   Operation 81 'write' 'write_ln174' <Predicate = (!icmp_ln75 & icmp_ln75_1 & icmp_ln75_2 & icmp_ln75_3 & icmp_ln75_4)> <Delay = 1.83> <CoreInst = "FIFO_SRL">   --->   Core 81 'FIFO_SRL' <Latency = 0> <II = 1> <Delay = 1.83> <Storage> <Opcode : 'read' 'write' 'nbread' 'nbwrite'> <Ports = 0> <Width = 8> <Depth = 2> <FIFO>
ST_10 : Operation 82 [1/1] (0.00ns)   --->   "%empty_78 = read i14 @_ssdm_op_Read.axis.volatile.i8P0A.i1P0A.i1P0A.i1P0A.i1P0A.i1P0A.i1P0A, i8 %src_V_data_V, i1 %src_V_keep_V, i1 %src_V_strb_V, i1 %src_V_user_V, i1 %src_V_last_V, i1 %src_V_id_V, i1 %src_V_dest_V"   --->   Operation 82 'read' 'empty_78' <Predicate = (!icmp_ln75 & icmp_ln75_1 & icmp_ln75_2 & icmp_ln75_3 & icmp_ln75_4 & icmp_ln75_5)> <Delay = 0.00> <CoreInst = "axis">   --->   Core 123 'axis' <Latency = 0> <II = 1> <Delay = 1.00> <Adapter> <Opcode : >
ST_10 : Operation 83 [1/1] (0.00ns)   --->   "%src_V_data_V_val4 = extractvalue i14 %empty_78"   --->   Operation 83 'extractvalue' 'src_V_data_V_val4' <Predicate = (!icmp_ln75 & icmp_ln75_1 & icmp_ln75_2 & icmp_ln75_3 & icmp_ln75_4 & icmp_ln75_5)> <Delay = 0.00>

State 11 <SV = 10> <Delay = 1.83>
ST_11 : Operation 84 [1/1] (1.83ns)   --->   "%write_ln174 = write void @_ssdm_op_Write.ap_fifo.volatile.i8P0A, i8 %dst, i8 %src_V_data_V_val4" [C:/Xilinx/Vitis_HLS/2020.2/common/technology/autopilot/hls_stream_39.h:174]   --->   Operation 84 'write' 'write_ln174' <Predicate = (!icmp_ln75 & icmp_ln75_1 & icmp_ln75_2 & icmp_ln75_3 & icmp_ln75_4 & icmp_ln75_5)> <Delay = 1.83> <CoreInst = "FIFO_SRL">   --->   Core 81 'FIFO_SRL' <Latency = 0> <II = 1> <Delay = 1.83> <Storage> <Opcode : 'read' 'write' 'nbread' 'nbwrite'> <Ports = 0> <Width = 8> <Depth = 2> <FIFO>
ST_11 : Operation 85 [1/1] (0.00ns)   --->   "%empty_79 = read i14 @_ssdm_op_Read.axis.volatile.i8P0A.i1P0A.i1P0A.i1P0A.i1P0A.i1P0A.i1P0A, i8 %src_V_data_V, i1 %src_V_keep_V, i1 %src_V_strb_V, i1 %src_V_user_V, i1 %src_V_last_V, i1 %src_V_id_V, i1 %src_V_dest_V"   --->   Operation 85 'read' 'empty_79' <Predicate = (!icmp_ln75 & icmp_ln75_1 & icmp_ln75_2 & icmp_ln75_3 & icmp_ln75_4 & icmp_ln75_5 & icmp_ln75_6)> <Delay = 0.00> <CoreInst = "axis">   --->   Core 123 'axis' <Latency = 0> <II = 1> <Delay = 1.00> <Adapter> <Opcode : >
ST_11 : Operation 86 [1/1] (0.00ns)   --->   "%src_V_data_V_val5 = extractvalue i14 %empty_79"   --->   Operation 86 'extractvalue' 'src_V_data_V_val5' <Predicate = (!icmp_ln75 & icmp_ln75_1 & icmp_ln75_2 & icmp_ln75_3 & icmp_ln75_4 & icmp_ln75_5 & icmp_ln75_6)> <Delay = 0.00>

State 12 <SV = 11> <Delay = 1.83>
ST_12 : Operation 87 [1/1] (1.83ns)   --->   "%write_ln174 = write void @_ssdm_op_Write.ap_fifo.volatile.i8P0A, i8 %dst, i8 %src_V_data_V_val5" [C:/Xilinx/Vitis_HLS/2020.2/common/technology/autopilot/hls_stream_39.h:174]   --->   Operation 87 'write' 'write_ln174' <Predicate = (!icmp_ln75 & icmp_ln75_1 & icmp_ln75_2 & icmp_ln75_3 & icmp_ln75_4 & icmp_ln75_5 & icmp_ln75_6)> <Delay = 1.83> <CoreInst = "FIFO_SRL">   --->   Core 81 'FIFO_SRL' <Latency = 0> <II = 1> <Delay = 1.83> <Storage> <Opcode : 'read' 'write' 'nbread' 'nbwrite'> <Ports = 0> <Width = 8> <Depth = 2> <FIFO>
ST_12 : Operation 88 [1/1] (0.00ns)   --->   "%empty_80 = read i14 @_ssdm_op_Read.axis.volatile.i8P0A.i1P0A.i1P0A.i1P0A.i1P0A.i1P0A.i1P0A, i8 %src_V_data_V, i1 %src_V_keep_V, i1 %src_V_strb_V, i1 %src_V_user_V, i1 %src_V_last_V, i1 %src_V_id_V, i1 %src_V_dest_V"   --->   Operation 88 'read' 'empty_80' <Predicate = (!icmp_ln75 & icmp_ln75_1 & icmp_ln75_2 & icmp_ln75_3 & icmp_ln75_4 & icmp_ln75_5 & icmp_ln75_6 & icmp_ln75_7)> <Delay = 0.00> <CoreInst = "axis">   --->   Core 123 'axis' <Latency = 0> <II = 1> <Delay = 1.00> <Adapter> <Opcode : >
ST_12 : Operation 89 [1/1] (0.00ns)   --->   "%src_V_data_V_val7 = extractvalue i14 %empty_80"   --->   Operation 89 'extractvalue' 'src_V_data_V_val7' <Predicate = (!icmp_ln75 & icmp_ln75_1 & icmp_ln75_2 & icmp_ln75_3 & icmp_ln75_4 & icmp_ln75_5 & icmp_ln75_6 & icmp_ln75_7)> <Delay = 0.00>
ST_12 : Operation 90 [1/1] (1.01ns)   --->   "%add_ln75 = add i32 %i_0_i, i32 8" [src/ORB.cpp:75]   --->   Operation 90 'add' 'add_ln75' <Predicate = (!icmp_ln75 & icmp_ln75_1 & icmp_ln75_2 & icmp_ln75_3 & icmp_ln75_4 & icmp_ln75_5 & icmp_ln75_6 & icmp_ln75_7)> <Delay = 1.01> <CoreInst = "Adder">   --->   Core 1 'Adder' <Latency = 0> <II = 1> <Delay = 0.91> <FuncUnit> <Opcode : 'add' 'sub'> <InPorts = 2> <OutPorts = 1>

State 13 <SV = 12> <Delay = 1.83>
ST_13 : Operation 91 [1/1] (1.83ns)   --->   "%write_ln174 = write void @_ssdm_op_Write.ap_fifo.volatile.i8P0A, i8 %dst, i8 %src_V_data_V_val7" [C:/Xilinx/Vitis_HLS/2020.2/common/technology/autopilot/hls_stream_39.h:174]   --->   Operation 91 'write' 'write_ln174' <Predicate = (!icmp_ln75 & icmp_ln75_1 & icmp_ln75_2 & icmp_ln75_3 & icmp_ln75_4 & icmp_ln75_5 & icmp_ln75_6 & icmp_ln75_7)> <Delay = 1.83> <CoreInst = "FIFO_SRL">   --->   Core 81 'FIFO_SRL' <Latency = 0> <II = 1> <Delay = 1.83> <Storage> <Opcode : 'read' 'write' 'nbread' 'nbwrite'> <Ports = 0> <Width = 8> <Depth = 2> <FIFO>
ST_13 : Operation 92 [1/1] (0.00ns)   --->   "%br_ln0 = br void"   --->   Operation 92 'br' 'br_ln0' <Predicate = (!icmp_ln75 & icmp_ln75_1 & icmp_ln75_2 & icmp_ln75_3 & icmp_ln75_4 & icmp_ln75_5 & icmp_ln75_6 & icmp_ln75_7)> <Delay = 0.00>

State 14 <SV = 12> <Delay = 0.00>
ST_14 : Operation 93 [1/1] (0.00ns)   --->   "%ret_ln0 = ret"   --->   Operation 93 'ret' 'ret_ln0' <Predicate = true> <Delay = 0.00>


============================================================
+ Verbose Summary: Timing violations
============================================================
Target clock period: 10ns, clock uncertainty: 2.7ns.

 <State 1>: 2.37ns
The critical path consists of the following:
	fifo read on port 'height' (src/ORB.cpp:71) [21]  (1.84 ns)
	'mul' operation of DSP[27] ('mul_i', src/ORB.cpp:72) [27]  (0.535 ns)

 <State 2>: 0.535ns
The critical path consists of the following:
	'mul' operation of DSP[27] ('mul_i', src/ORB.cpp:72) [27]  (0.535 ns)

 <State 3>: 0.535ns
The critical path consists of the following:
	'mul' operation of DSP[27] ('mul_i', src/ORB.cpp:72) [27]  (0.535 ns)

 <State 4>: 0.914ns
The critical path consists of the following:
	'mul' operation of DSP[27] ('mul_i', src/ORB.cpp:72) [27]  (0 ns)
	'add' operation ('add_ln75_1', src/ORB.cpp:75) [29]  (0.914 ns)

 <State 5>: 1.28ns
The critical path consists of the following:
	'phi' operation ('i_0_i', src/ORB.cpp:75) with incoming values : ('add_ln75', src/ORB.cpp:75) [35]  (0 ns)
	'icmp' operation ('icmp_ln75', src/ORB.cpp:75) [37]  (0.991 ns)
	blocking operation 0.287 ns on control path)

 <State 6>: 1.84ns
The critical path consists of the following:
	fifo write on port 'dst' (C:/Xilinx/Vitis_HLS/2020.2/common/technology/autopilot/hls_stream_39.h:174) [43]  (1.84 ns)

 <State 7>: 1.84ns
The critical path consists of the following:
	fifo write on port 'dst' (C:/Xilinx/Vitis_HLS/2020.2/common/technology/autopilot/hls_stream_39.h:174) [50]  (1.84 ns)

 <State 8>: 1.84ns
The critical path consists of the following:
	fifo write on port 'dst' (C:/Xilinx/Vitis_HLS/2020.2/common/technology/autopilot/hls_stream_39.h:174) [57]  (1.84 ns)

 <State 9>: 1.84ns
The critical path consists of the following:
	fifo write on port 'dst' (C:/Xilinx/Vitis_HLS/2020.2/common/technology/autopilot/hls_stream_39.h:174) [64]  (1.84 ns)

 <State 10>: 1.84ns
The critical path consists of the following:
	fifo write on port 'dst' (C:/Xilinx/Vitis_HLS/2020.2/common/technology/autopilot/hls_stream_39.h:174) [71]  (1.84 ns)

 <State 11>: 1.84ns
The critical path consists of the following:
	fifo write on port 'dst' (C:/Xilinx/Vitis_HLS/2020.2/common/technology/autopilot/hls_stream_39.h:174) [78]  (1.84 ns)

 <State 12>: 1.84ns
The critical path consists of the following:
	fifo write on port 'dst' (C:/Xilinx/Vitis_HLS/2020.2/common/technology/autopilot/hls_stream_39.h:174) [85]  (1.84 ns)

 <State 13>: 1.84ns
The critical path consists of the following:
	fifo write on port 'dst' (C:/Xilinx/Vitis_HLS/2020.2/common/technology/autopilot/hls_stream_39.h:174) [92]  (1.84 ns)

 <State 14>: 0ns
The critical path consists of the following:


============================================================
+ Verbose Summary: Binding
============================================================
N/A
* FSMD analyzer results:
  - Output states:
 - Input state : 
  - Chain level:
	State 1
	State 2
	State 3
	State 4
	State 5
	State 6
	State 7
	State 8
	State 9
	State 10
	State 11
	State 12
	State 13
	State 14


============================================================
+ Verbose Summary: Datapath Resource usage 
============================================================
N/A
