

================================================================
== Vitis HLS Report for 'resize_1_0_1080_1920_1080_1920_1_8_s'
================================================================
* Date:           Wed Jan 17 16:58:43 2024

* Version:        2020.2 (Build 3064766 on Wed Nov 18 09:12:45 MST 2020)
* Project:        hls_project
* Solution:       solution1 (Vivado IP Flow Target)
* Product family: zynquplus
* Target device:  xczu7ev-ffvc1156-2-e


================================================================
== Performance Estimates
================================================================
+ Timing: 
    * Summary: 
    +--------+----------+----------+------------+
    |  Clock |  Target  | Estimated| Uncertainty|
    +--------+----------+----------+------------+
    |ap_clk  |  10.00 ns|  6.972 ns|     2.70 ns|
    +--------+----------+----------+------------+

+ Latency: 
    * Summary: 
    +---------+---------+----------+-----------+-----+---------+---------+
    |  Latency (cycles) |  Latency (absolute)  |    Interval   | Pipeline|
    |   min   |   max   |    min   |    max    | min |   max   |   Type  |
    +---------+---------+----------+-----------+-----+---------+---------+
    |      105|  2089420|  1.050 us|  20.894 ms|  105|  2089420|     none|
    +---------+---------+----------+-----------+-----+---------+---------+

    + Detail: 
        * Instance: 
        +----------------------------------------------------------+------------------------------------------------+---------+---------+----------+-----------+-----+---------+---------+
        |                                                          |                                                |  Latency (cycles) |  Latency (absolute)  |    Interval   | Pipeline|
        |                         Instance                         |                     Module                     |   min   |   max   |    min   |    max    | min |   max   |   Type  |
        +----------------------------------------------------------+------------------------------------------------+---------+---------+----------+-----------+-----+---------+---------+
        |grp_resizeNNBilinear_0_1080_1920_1_1080_1920_1_8_s_fu_48  |resizeNNBilinear_0_1080_1920_1_1080_1920_1_8_s  |      104|  2089419|  1.040 us|  20.894 ms|  104|  2089419|     none|
        +----------------------------------------------------------+------------------------------------------------+---------+---------+----------+-----------+-----+---------+---------+

        * Loop: 
        N/A



================================================================
== Utilization Estimates
================================================================
* Summary: 
+-----------------+---------+------+--------+--------+-----+
|       Name      | BRAM_18K|  DSP |   FF   |   LUT  | URAM|
+-----------------+---------+------+--------+--------+-----+
|DSP              |        -|     -|       -|       -|    -|
|Expression       |        -|     -|       -|       -|    -|
|FIFO             |        -|     -|       -|       -|    -|
|Instance         |        3|     6|    2178|    3139|    -|
|Memory           |        -|     -|       -|       -|    -|
|Multiplexer      |        -|     -|       -|      32|    -|
|Register         |        -|     -|       3|       -|    -|
+-----------------+---------+------+--------+--------+-----+
|Total            |        3|     6|    2181|    3171|    0|
+-----------------+---------+------+--------+--------+-----+
|Available        |      624|  1728|  460800|  230400|   96|
+-----------------+---------+------+--------+--------+-----+
|Utilization (%)  |       ~0|    ~0|      ~0|       1|    0|
+-----------------+---------+------+--------+--------+-----+

+ Detail: 
    * Instance: 
    +----------------------------------------------------------+------------------------------------------------+---------+----+------+------+-----+
    |                         Instance                         |                     Module                     | BRAM_18K| DSP|  FF  |  LUT | URAM|
    +----------------------------------------------------------+------------------------------------------------+---------+----+------+------+-----+
    |grp_resizeNNBilinear_0_1080_1920_1_1080_1920_1_8_s_fu_48  |resizeNNBilinear_0_1080_1920_1_1080_1920_1_8_s  |        3|   6|  2178|  3139|    0|
    +----------------------------------------------------------+------------------------------------------------+---------+----+------+------+-----+
    |Total                                                     |                                                |        3|   6|  2178|  3139|    0|
    +----------------------------------------------------------+------------------------------------------------+---------+----+------+------+-----+

    * DSP: 
    N/A

    * Memory: 
    N/A

    * FIFO: 
    N/A

    * Expression: 
    N/A

    * Multiplexer: 
    +-----------------------+----+-----------+-----+-----------+
    |          Name         | LUT| Input Size| Bits| Total Bits|
    +-----------------------+----+-----------+-----+-----------+
    |ap_NS_fsm              |  14|          3|    1|          3|
    |img_mat_429_read       |   9|          2|    1|          2|
    |resized_mat_430_write  |   9|          2|    1|          2|
    +-----------------------+----+-----------+-----+-----------+
    |Total                  |  32|          7|    3|          7|
    +-----------------------+----+-----------+-----+-----------+

    * Register: 
    +-----------------------------------------------------------------------+---+----+-----+-----------+
    |                                  Name                                 | FF| LUT| Bits| Const Bits|
    +-----------------------------------------------------------------------+---+----+-----+-----------+
    |ap_CS_fsm                                                              |  2|   0|    2|          0|
    |grp_resizeNNBilinear_0_1080_1920_1_1080_1920_1_8_s_fu_48_ap_start_reg  |  1|   0|    1|          0|
    +-----------------------------------------------------------------------+---+----+-----+-----------+
    |Total                                                                  |  3|   0|    3|          0|
    +-----------------------------------------------------------------------+---+----+-----+-----------+



================================================================
== Interface
================================================================
* Summary: 
+------------------------+-----+-----+------------+--------------------------------------------+--------------+
|        RTL Ports       | Dir | Bits|  Protocol  |                Source Object               |    C Type    |
+------------------------+-----+-----+------------+--------------------------------------------+--------------+
|ap_clk                  |   in|    1|  ap_ctrl_hs|  resize<1, 0, 1080, 1920, 1080, 1920, 1, 8>|  return value|
|ap_rst                  |   in|    1|  ap_ctrl_hs|  resize<1, 0, 1080, 1920, 1080, 1920, 1, 8>|  return value|
|ap_start                |   in|    1|  ap_ctrl_hs|  resize<1, 0, 1080, 1920, 1080, 1920, 1, 8>|  return value|
|ap_done                 |  out|    1|  ap_ctrl_hs|  resize<1, 0, 1080, 1920, 1080, 1920, 1, 8>|  return value|
|ap_idle                 |  out|    1|  ap_ctrl_hs|  resize<1, 0, 1080, 1920, 1080, 1920, 1, 8>|  return value|
|ap_ready                |  out|    1|  ap_ctrl_hs|  resize<1, 0, 1080, 1920, 1080, 1920, 1, 8>|  return value|
|img_mat_429_dout        |   in|    8|     ap_fifo|                                 img_mat_429|       pointer|
|img_mat_429_empty_n     |   in|    1|     ap_fifo|                                 img_mat_429|       pointer|
|img_mat_429_read        |  out|    1|     ap_fifo|                                 img_mat_429|       pointer|
|resized_mat_430_din     |  out|    8|     ap_fifo|                             resized_mat_430|       pointer|
|resized_mat_430_full_n  |   in|    1|     ap_fifo|                             resized_mat_430|       pointer|
|resized_mat_430_write   |  out|    1|     ap_fifo|                             resized_mat_430|       pointer|
|p_read                  |   in|   11|     ap_none|                                      p_read|        scalar|
|p_read1                 |   in|   11|     ap_none|                                     p_read1|        scalar|
|p_read2                 |   in|   11|     ap_none|                                     p_read2|        scalar|
|p_read3                 |   in|   11|     ap_none|                                     p_read3|        scalar|
+------------------------+-----+-----+------------+--------------------------------------------+--------------+

============================================================
+ Verbose Summary: Synthesis Manager
============================================================
InlineROM: 1
ExposeGlobal: 0
============================================================
+ Verbose Summary: CDFG Model
============================================================
IsTopModel: 0
ResetActiveHigh: 1
IsCombinational: 2
IsDatapathOnly: 2
HasWiredReturn: 1
HasMFsm: 0
HasVarLatency: 1
IsPipeline: 0
IsRtlPipelined: 0
IsInstanceOverlapped: 0
IsDontTouch: 0
HasImplIP: 0
IsGatedGlobalClock: 0


============================================================
+ Verbose Summary: Schedule
============================================================
* Number of FSM states : 2
* Pipeline : 0
* Dataflow Pipeline: 0

* FSM state transitions: 
1 --> 2 
2 --> 

* FSM state operations: 

State 1 <SV = 0> <Delay = 0.00>
ST_1 : Operation 3 [1/1] (0.00ns)   --->   "%p_read_5 = read i11 @_ssdm_op_Read.ap_auto.i11, i11 %p_read3"   --->   Operation 3 'read' 'p_read_5' <Predicate = true> <Delay = 0.00>
ST_1 : Operation 4 [1/1] (0.00ns)   --->   "%p_read_6 = read i11 @_ssdm_op_Read.ap_auto.i11, i11 %p_read2"   --->   Operation 4 'read' 'p_read_6' <Predicate = true> <Delay = 0.00>
ST_1 : Operation 5 [1/1] (0.00ns)   --->   "%p_read15 = read i11 @_ssdm_op_Read.ap_auto.i11, i11 %p_read1"   --->   Operation 5 'read' 'p_read15' <Predicate = true> <Delay = 0.00>
ST_1 : Operation 6 [1/1] (0.00ns)   --->   "%p_read_7 = read i11 @_ssdm_op_Read.ap_auto.i11, i11 %p_read"   --->   Operation 6 'read' 'p_read_7' <Predicate = true> <Delay = 0.00>
ST_1 : Operation 7 [2/2] (0.00ns)   --->   "%call_ln68 = call void @resizeNNBilinear<0, 1080, 1920, 1, 1080, 1920, 1, 8>, i8 %img_mat_429, i8 %resized_mat_430, i11 %p_read_7, i11 %p_read15, i11 %p_read_6, i11 %p_read_5" [vitis_library_vision_L1/include\imgproc/xf_resize.hpp:68]   --->   Operation 7 'call' 'call_ln68' <Predicate = true> <Delay = 0.00> <CoreType = "Generic">   --->   Core 0 '' <Latency = 0> <II = 1> <Delay = 1.00> <Generic> <Opcode : >

State 2 <SV = 1> <Delay = 0.00>
ST_2 : Operation 8 [1/1] (0.00ns)   --->   "%specinterface_ln0 = specinterface void @_ssdm_op_SpecInterface, i8 %img_mat_429, void @empty_28, i32 0, i32 0, void @empty_26, i32 0, i32 0, void @empty_26, void @empty_26, void @empty_26, i32 0, i32 0, i32 0, i32 0, void @empty_26, void @empty_26"   --->   Operation 8 'specinterface' 'specinterface_ln0' <Predicate = true> <Delay = 0.00>
ST_2 : Operation 9 [1/1] (0.00ns)   --->   "%specinterface_ln0 = specinterface void @_ssdm_op_SpecInterface, i8 %resized_mat_430, void @empty_28, i32 0, i32 0, void @empty_26, i32 0, i32 0, void @empty_26, void @empty_26, void @empty_26, i32 0, i32 0, i32 0, i32 0, void @empty_26, void @empty_26"   --->   Operation 9 'specinterface' 'specinterface_ln0' <Predicate = true> <Delay = 0.00>
ST_2 : Operation 10 [1/2] (0.00ns)   --->   "%call_ln68 = call void @resizeNNBilinear<0, 1080, 1920, 1, 1080, 1920, 1, 8>, i8 %img_mat_429, i8 %resized_mat_430, i11 %p_read_7, i11 %p_read15, i11 %p_read_6, i11 %p_read_5" [vitis_library_vision_L1/include\imgproc/xf_resize.hpp:68]   --->   Operation 10 'call' 'call_ln68' <Predicate = true> <Delay = 0.00> <CoreType = "Generic">   --->   Core 0 '' <Latency = 0> <II = 1> <Delay = 1.00> <Generic> <Opcode : >
ST_2 : Operation 11 [1/1] (0.00ns)   --->   "%ret_ln71 = ret" [vitis_library_vision_L1/include\imgproc/xf_resize.hpp:71]   --->   Operation 11 'ret' 'ret_ln71' <Predicate = true> <Delay = 0.00>


============================================================
+ Verbose Summary: Binding
============================================================
STG Binding: 
---------------- STG Properties BEGIN ----------------
- Is combinational: 0
- Is one-state seq: 0
- Is datapath-only: 0
- Is pipelined: 0
- Is top level: 0
Port [ Return ] is wired: 1; IO mode=ap_ctrl_hs:ce=0
Port [ img_mat_429]:  wired=1; compound=1; hidden=0; nouse=0; global=0; static=0; extern=0; dir=0; type=3; pingpong=0; private_global=0; IO mode=ap_fifo:ce=0
Port [ resized_mat_430]:  wired=1; compound=1; hidden=0; nouse=0; global=0; static=0; extern=0; dir=1; type=3; pingpong=0; private_global=0; IO mode=ap_fifo:ce=0
Port [ p_read]:  wired=1; compound=0; hidden=0; nouse=0; global=0; static=0; extern=0; dir=0; type=0; pingpong=0; private_global=0; IO mode=ap_none:ce=0
Port [ p_read1]:  wired=1; compound=0; hidden=0; nouse=0; global=0; static=0; extern=0; dir=0; type=0; pingpong=0; private_global=0; IO mode=ap_none:ce=0
Port [ p_read2]:  wired=1; compound=0; hidden=0; nouse=0; global=0; static=0; extern=0; dir=0; type=0; pingpong=0; private_global=0; IO mode=ap_none:ce=0
Port [ p_read3]:  wired=1; compound=0; hidden=0; nouse=0; global=0; static=0; extern=0; dir=0; type=0; pingpong=0; private_global=0; IO mode=ap_none:ce=0
---------------- STG Properties END ------------------

---------------- Datapath Model BEGIN ----------------

<LifeTime>
<method=bitvector/>
p_read_5          (read         ) [ 001]
p_read_6          (read         ) [ 001]
p_read15          (read         ) [ 001]
p_read_7          (read         ) [ 001]
specinterface_ln0 (specinterface) [ 000]
specinterface_ln0 (specinterface) [ 000]
call_ln68         (call         ) [ 000]
ret_ln71          (ret          ) [ 000]
</LifeTime>

<model>

<comp_list>
<comp id="0" class="1000" name="img_mat_429">
<pin_list>
<pin id="1" dir="1" index="0" bw="1" slack="0"/>
</pin_list>
<bind>
<StgValue><ssdm name="img_mat_429"/></StgValue>
</bind>
</comp>

<comp id="2" class="1000" name="resized_mat_430">
<pin_list>
<pin id="3" dir="1" index="0" bw="1" slack="0"/>
</pin_list>
<bind>
<StgValue><ssdm name="resized_mat_430"/></StgValue>
</bind>
</comp>

<comp id="4" class="1000" name="p_read">
<pin_list>
<pin id="5" dir="1" index="0" bw="1" slack="0"/>
</pin_list>
<bind>
<StgValue><ssdm name="p_read"/></StgValue>
</bind>
</comp>

<comp id="6" class="1000" name="p_read1">
<pin_list>
<pin id="7" dir="1" index="0" bw="1" slack="0"/>
</pin_list>
<bind>
<StgValue><ssdm name="p_read1"/></StgValue>
</bind>
</comp>

<comp id="8" class="1000" name="p_read2">
<pin_list>
<pin id="9" dir="1" index="0" bw="1" slack="0"/>
</pin_list>
<bind>
<StgValue><ssdm name="p_read2"/></StgValue>
</bind>
</comp>

<comp id="10" class="1000" name="p_read3">
<pin_list>
<pin id="11" dir="1" index="0" bw="1" slack="0"/>
</pin_list>
<bind>
<StgValue><ssdm name="p_read3"/></StgValue>
</bind>
</comp>

<comp id="12" class="1001" name="const_12">
<pin_list>
<pin id="13" dir="1" index="0" bw="1" slack="0"/>
</pin_list>
<bind>
<StgValue><ssdm name="_ssdm_op_Read.ap_auto.i11"/></StgValue>
</bind>
</comp>

<comp id="14" class="1001" name="const_14">
<pin_list>
<pin id="15" dir="1" index="0" bw="1" slack="0"/>
</pin_list>
<bind>
<StgValue><ssdm name="resizeNNBilinear<0, 1080, 1920, 1, 1080, 1920, 1, 8>"/></StgValue>
</bind>
</comp>

<comp id="16" class="1001" name="const_16">
<pin_list>
<pin id="17" dir="1" index="0" bw="1" slack="2147483647"/>
</pin_list>
<bind>
<StgValue><ssdm name="_ssdm_op_SpecInterface"/></StgValue>
</bind>
</comp>

<comp id="18" class="1001" name="const_18">
<pin_list>
<pin id="19" dir="1" index="0" bw="1" slack="2147483647"/>
</pin_list>
<bind>
<StgValue><ssdm name="empty_28"/></StgValue>
</bind>
</comp>

<comp id="20" class="1001" name="const_20">
<pin_list>
<pin id="21" dir="1" index="0" bw="1" slack="2147483647"/>
</pin_list>
<bind>
<StgValue><ssdm name=""/></StgValue>
</bind>
</comp>

<comp id="22" class="1001" name="const_22">
<pin_list>
<pin id="23" dir="1" index="0" bw="1" slack="2147483647"/>
</pin_list>
<bind>
<StgValue><ssdm name="empty_26"/></StgValue>
</bind>
</comp>

<comp id="24" class="1004" name="p_read_5_read_fu_24">
<pin_list>
<pin id="25" dir="0" index="0" bw="11" slack="0"/>
<pin id="26" dir="0" index="1" bw="11" slack="0"/>
<pin id="27" dir="1" index="2" bw="11" slack="0"/>
</pin_list>
<bind>
<opcode="read(1150) " fcode="read"/>
<opset="p_read_5/1 "/>
</bind>
</comp>

<comp id="30" class="1004" name="p_read_6_read_fu_30">
<pin_list>
<pin id="31" dir="0" index="0" bw="11" slack="0"/>
<pin id="32" dir="0" index="1" bw="11" slack="0"/>
<pin id="33" dir="1" index="2" bw="11" slack="0"/>
</pin_list>
<bind>
<opcode="read(1150) " fcode="read"/>
<opset="p_read_6/1 "/>
</bind>
</comp>

<comp id="36" class="1004" name="p_read15_read_fu_36">
<pin_list>
<pin id="37" dir="0" index="0" bw="11" slack="0"/>
<pin id="38" dir="0" index="1" bw="11" slack="0"/>
<pin id="39" dir="1" index="2" bw="11" slack="0"/>
</pin_list>
<bind>
<opcode="read(1150) " fcode="read"/>
<opset="p_read15/1 "/>
</bind>
</comp>

<comp id="42" class="1004" name="p_read_7_read_fu_42">
<pin_list>
<pin id="43" dir="0" index="0" bw="11" slack="0"/>
<pin id="44" dir="0" index="1" bw="11" slack="0"/>
<pin id="45" dir="1" index="2" bw="11" slack="0"/>
</pin_list>
<bind>
<opcode="read(1150) " fcode="read"/>
<opset="p_read_7/1 "/>
</bind>
</comp>

<comp id="48" class="1004" name="grp_resizeNNBilinear_0_1080_1920_1_1080_1920_1_8_s_fu_48">
<pin_list>
<pin id="49" dir="0" index="0" bw="0" slack="0"/>
<pin id="50" dir="0" index="1" bw="8" slack="0"/>
<pin id="51" dir="0" index="2" bw="8" slack="0"/>
<pin id="52" dir="0" index="3" bw="11" slack="0"/>
<pin id="53" dir="0" index="4" bw="11" slack="0"/>
<pin id="54" dir="0" index="5" bw="11" slack="0"/>
<pin id="55" dir="0" index="6" bw="11" slack="0"/>
<pin id="56" dir="1" index="7" bw="0" slack="2147483647"/>
</pin_list>
<bind>
<opcode="call(48) " fcode="call"/>
<opset="call_ln68/1 "/>
</bind>
</comp>

<comp id="64" class="1005" name="p_read_5_reg_64">
<pin_list>
<pin id="65" dir="0" index="0" bw="11" slack="1"/>
<pin id="66" dir="1" index="1" bw="11" slack="1"/>
</pin_list>
<bind>
<opset="p_read_5 "/>
</bind>
</comp>

<comp id="69" class="1005" name="p_read_6_reg_69">
<pin_list>
<pin id="70" dir="0" index="0" bw="11" slack="1"/>
<pin id="71" dir="1" index="1" bw="11" slack="1"/>
</pin_list>
<bind>
<opset="p_read_6 "/>
</bind>
</comp>

<comp id="74" class="1005" name="p_read15_reg_74">
<pin_list>
<pin id="75" dir="0" index="0" bw="11" slack="1"/>
<pin id="76" dir="1" index="1" bw="11" slack="1"/>
</pin_list>
<bind>
<opset="p_read15 "/>
</bind>
</comp>

<comp id="79" class="1005" name="p_read_7_reg_79">
<pin_list>
<pin id="80" dir="0" index="0" bw="11" slack="1"/>
<pin id="81" dir="1" index="1" bw="11" slack="1"/>
</pin_list>
<bind>
<opset="p_read_7 "/>
</bind>
</comp>

</comp_list>

<net_list>
<net id="28"><net_src comp="12" pin="0"/><net_sink comp="24" pin=0"/></net>

<net id="29"><net_src comp="10" pin="0"/><net_sink comp="24" pin=1"/></net>

<net id="34"><net_src comp="12" pin="0"/><net_sink comp="30" pin=0"/></net>

<net id="35"><net_src comp="8" pin="0"/><net_sink comp="30" pin=1"/></net>

<net id="40"><net_src comp="12" pin="0"/><net_sink comp="36" pin=0"/></net>

<net id="41"><net_src comp="6" pin="0"/><net_sink comp="36" pin=1"/></net>

<net id="46"><net_src comp="12" pin="0"/><net_sink comp="42" pin=0"/></net>

<net id="47"><net_src comp="4" pin="0"/><net_sink comp="42" pin=1"/></net>

<net id="57"><net_src comp="14" pin="0"/><net_sink comp="48" pin=0"/></net>

<net id="58"><net_src comp="0" pin="0"/><net_sink comp="48" pin=1"/></net>

<net id="59"><net_src comp="2" pin="0"/><net_sink comp="48" pin=2"/></net>

<net id="60"><net_src comp="42" pin="2"/><net_sink comp="48" pin=3"/></net>

<net id="61"><net_src comp="36" pin="2"/><net_sink comp="48" pin=4"/></net>

<net id="62"><net_src comp="30" pin="2"/><net_sink comp="48" pin=5"/></net>

<net id="63"><net_src comp="24" pin="2"/><net_sink comp="48" pin=6"/></net>

<net id="67"><net_src comp="24" pin="2"/><net_sink comp="64" pin=0"/></net>

<net id="68"><net_src comp="64" pin="1"/><net_sink comp="48" pin=6"/></net>

<net id="72"><net_src comp="30" pin="2"/><net_sink comp="69" pin=0"/></net>

<net id="73"><net_src comp="69" pin="1"/><net_sink comp="48" pin=5"/></net>

<net id="77"><net_src comp="36" pin="2"/><net_sink comp="74" pin=0"/></net>

<net id="78"><net_src comp="74" pin="1"/><net_sink comp="48" pin=4"/></net>

<net id="82"><net_src comp="42" pin="2"/><net_sink comp="79" pin=0"/></net>

<net id="83"><net_src comp="79" pin="1"/><net_sink comp="48" pin=3"/></net>

</net_list>

</model> 
---------------- Datapath Model END ------------------

* FSMD analyzer results:
  - Output states:
	Port: img_mat_429 | {}
	Port: resized_mat_430 | {1 2 }
 - Input state : 
	Port: resize<1, 0, 1080, 1920, 1080, 1920, 1, 8> : img_mat_429 | {1 2 }
	Port: resize<1, 0, 1080, 1920, 1080, 1920, 1, 8> : resized_mat_430 | {}
	Port: resize<1, 0, 1080, 1920, 1080, 1920, 1, 8> : p_read | {1 }
	Port: resize<1, 0, 1080, 1920, 1080, 1920, 1, 8> : p_read1 | {1 }
	Port: resize<1, 0, 1080, 1920, 1080, 1920, 1, 8> : p_read2 | {1 }
	Port: resize<1, 0, 1080, 1920, 1080, 1920, 1, 8> : p_read3 | {1 }
  - Chain level:
	State 1
	State 2


============================================================
+ Verbose Summary: Datapath Resource usage 
============================================================

* Functional unit list:
|----------|----------------------------------------------------------|---------|---------|---------|---------|---------|
| Operation|                      Functional Unit                     |   BRAM  |   DSP   |  Delay  |    FF   |   LUT   |
|----------|----------------------------------------------------------|---------|---------|---------|---------|---------|
|   call   | grp_resizeNNBilinear_0_1080_1920_1_1080_1920_1_8_s_fu_48 |    3    |    6    |  13.132 |   2388  |   2459  |
|----------|----------------------------------------------------------|---------|---------|---------|---------|---------|
|          |                    p_read_5_read_fu_24                   |    0    |    0    |    0    |    0    |    0    |
|   read   |                    p_read_6_read_fu_30                   |    0    |    0    |    0    |    0    |    0    |
|          |                    p_read15_read_fu_36                   |    0    |    0    |    0    |    0    |    0    |
|          |                    p_read_7_read_fu_42                   |    0    |    0    |    0    |    0    |    0    |
|----------|----------------------------------------------------------|---------|---------|---------|---------|---------|
|   Total  |                                                          |    3    |    6    |  13.132 |   2388  |   2459  |
|----------|----------------------------------------------------------|---------|---------|---------|---------|---------|

Memories:
N/A

* Register list:
+---------------+--------+
|               |   FF   |
+---------------+--------+
|p_read15_reg_74|   11   |
|p_read_5_reg_64|   11   |
|p_read_6_reg_69|   11   |
|p_read_7_reg_79|   11   |
+---------------+--------+
|     Total     |   44   |
+---------------+--------+

* Multiplexer (MUX) list: 
|----------------------------------------------------------|------|------|------|--------||---------||---------|
|                           Comp                           |  Pin | Size |  BW  | S x BW ||  Delay  ||   LUT   |
|----------------------------------------------------------|------|------|------|--------||---------||---------|
| grp_resizeNNBilinear_0_1080_1920_1_1080_1920_1_8_s_fu_48 |  p3  |   2  |  11  |   22   ||    9    |
| grp_resizeNNBilinear_0_1080_1920_1_1080_1920_1_8_s_fu_48 |  p4  |   2  |  11  |   22   ||    9    |
| grp_resizeNNBilinear_0_1080_1920_1_1080_1920_1_8_s_fu_48 |  p5  |   2  |  11  |   22   ||    9    |
| grp_resizeNNBilinear_0_1080_1920_1_1080_1920_1_8_s_fu_48 |  p6  |   2  |  11  |   22   ||    9    |
|----------------------------------------------------------|------|------|------|--------||---------||---------|
|                           Total                          |      |      |      |   88   ||  1.708  ||    36   |
|----------------------------------------------------------|------|------|------|--------||---------||---------|



* Summary:
+-----------+--------+--------+--------+--------+--------+
|           |  BRAM  |   DSP  |  Delay |   FF   |   LUT  |
+-----------+--------+--------+--------+--------+--------+
|  Function |    3   |    6   |   13   |  2388  |  2459  |
|   Memory  |    -   |    -   |    -   |    -   |    -   |
|Multiplexer|    -   |    -   |    1   |    -   |   36   |
|  Register |    -   |    -   |    -   |   44   |    -   |
+-----------+--------+--------+--------+--------+--------+
|   Total   |    3   |    6   |   14   |  2432  |  2495  |
+-----------+--------+--------+--------+--------+--------+
