

================================================================
== Vitis HLS Report for 'round_fixed_16_9_s'
================================================================
* Date:           Sun Jan 21 17:47:30 2024

* Version:        2020.2 (Build 3064766 on Wed Nov 18 09:12:45 MST 2020)
* Project:        hls_project
* Solution:       solution1 (Vivado IP Flow Target)
* Product family: zynquplus
* Target device:  xczu7ev-ffvc1156-2-e


================================================================
== Performance Estimates
================================================================
+ Timing: 
    * Summary: 
    +--------+----------+----------+------------+
    |  Clock |  Target  | Estimated| Uncertainty|
    +--------+----------+----------+------------+
    |ap_clk  |  10.00 ns|  2.894 ns|     2.70 ns|
    +--------+----------+----------+------------+

+ Latency: 
    * Summary: 
    +---------+---------+----------+----------+-----+-----+---------+
    |  Latency (cycles) |  Latency (absolute) |  Interval | Pipeline|
    |   min   |   max   |    min   |    max   | min | max |   Type  |
    +---------+---------+----------+----------+-----+-----+---------+
    |        0|        0|      0 ns|      0 ns|    1|    1|      yes|
    +---------+---------+----------+----------+-----+-----+---------+

    + Detail: 
        * Instance: 
        N/A

        * Loop: 
        N/A



================================================================
== Utilization Estimates
================================================================
* Summary: 
+-----------------+---------+------+--------+--------+-----+
|       Name      | BRAM_18K|  DSP |   FF   |   LUT  | URAM|
+-----------------+---------+------+--------+--------+-----+
|DSP              |        -|     -|       -|       -|    -|
|Expression       |        -|     -|       0|     100|    -|
|FIFO             |        -|     -|       -|       -|    -|
|Instance         |        -|     -|       -|       -|    -|
|Memory           |        -|     -|       -|       -|    -|
|Multiplexer      |        -|     -|       -|       -|    -|
|Register         |        -|     -|       -|       -|    -|
+-----------------+---------+------+--------+--------+-----+
|Total            |        0|     0|       0|     100|    0|
+-----------------+---------+------+--------+--------+-----+
|Available        |      624|  1728|  460800|  230400|   96|
+-----------------+---------+------+--------+--------+-----+
|Utilization (%)  |        0|     0|       0|      ~0|    0|
+-----------------+---------+------+--------+--------+-----+

+ Detail: 
    * Instance: 
    N/A

    * DSP: 
    N/A

    * Memory: 
    N/A

    * FIFO: 
    N/A

    * Expression: 
    +---------------------+----------+----+---+----+------------+------------+
    |    Variable Name    | Operation| DSP| FF| LUT| Bitwidth P0| Bitwidth P1|
    +---------------------+----------+----+---+----+------------+------------+
    |ret_V_fu_84_p2       |         +|   0|  0|  24|          17|           7|
    |p_Val2_s_fu_44_p2    |         -|   0|  0|  21|           1|          14|
    |sub_ln703_fu_106_p2  |         -|   0|  0|  23|           1|          16|
    |ap_return            |    select|   0|  0|  16|           1|          16|
    |x_pos_fu_72_p3       |    select|   0|  0|  16|           1|          16|
    +---------------------+----------+----+---+----+------------+------------+
    |Total                |          |   0|  0| 100|          21|          69|
    +---------------------+----------+----+---+----+------------+------------+

    * Multiplexer: 
    N/A

    * Register: 
    N/A



================================================================
== Interface
================================================================
* Summary: 
+-----------+-----+-----+------------+--------------------+--------------+
| RTL Ports | Dir | Bits|  Protocol  |    Source Object   |    C Type    |
+-----------+-----+-----+------------+--------------------+--------------+
|ap_ready   |  out|    1|  ap_ctrl_hs|  round_fixed<16, 9>|  return value|
|ap_return  |  out|   16|  ap_ctrl_hs|  round_fixed<16, 9>|  return value|
|x          |   in|   14|     ap_none|                   x|        scalar|
+-----------+-----+-----+------------+--------------------+--------------+

============================================================
+ Verbose Summary: Synthesis Manager
============================================================
InlineROM: 1
ExposeGlobal: 0
============================================================
+ Verbose Summary: CDFG Model
============================================================
IsTopModel: 0
ResetActiveHigh: 1
IsCombinational: 1
IsDatapathOnly: 2
HasWiredReturn: 1
HasMFsm: 2
HasVarLatency: 0
IsPipeline: 1
IsRtlPipelined: 0
IsInstanceOverlapped: 0
IsDontTouch: 0
HasImplIP: 0
IsGatedGlobalClock: 0

+ Individual pipeline summary: 
  * Pipeline-0: initiation interval (II) = 1, depth = 1


============================================================
+ Verbose Summary: Schedule
============================================================
* Number of FSM states : 1
* Pipeline : 1
  Pipeline-0 : II = 1, D = 1, States = { 1 }
* Dataflow Pipeline: 0

* FSM state transitions: 
1 --> 

* FSM state operations: 

State 1 <SV = 0> <Delay = 2.89>
ST_1 : Operation 2 [1/1] (0.00ns)   --->   "%x_read = read i14 @_ssdm_op_Read.ap_auto.i14, i14 %x"   --->   Operation 2 'read' 'x_read' <Predicate = true> <Delay = 0.00>
ST_1 : Operation 3 [1/1] (0.00ns) (grouped into LUT with out node ret_V)   --->   "%sext_ln201 = sext i14 %x_read" [C:/Xilinx/Vitis_HLS/2020.2/common/technology/autopilot/hls_round_copysign_apfixed.h:201]   --->   Operation 3 'sext' 'sext_ln201' <Predicate = (!p_Result_s)> <Delay = 0.00>
ST_1 : Operation 4 [1/1] (0.00ns)   --->   "%specpipeline_ln201 = specpipeline void @_ssdm_op_SpecPipeline, i32 4294967295, i32 0, i32 0, i32 0, void @empty_24" [C:/Xilinx/Vitis_HLS/2020.2/common/technology/autopilot/hls_round_copysign_apfixed.h:201]   --->   Operation 4 'specpipeline' 'specpipeline_ln201' <Predicate = true> <Delay = 0.00>
ST_1 : Operation 5 [1/1] (0.83ns)   --->   "%p_Val2_s = sub i14 0, i14 %x_read"   --->   Operation 5 'sub' 'p_Val2_s' <Predicate = (p_Result_s)> <Delay = 0.83> <CoreInst = "Adder">   --->   Core 1 'Adder' <Latency = 0> <II = 1> <Delay = 0.85> <FuncUnit> <Opcode : 'add' 'sub'> <InPorts = 2> <OutPorts = 1>
ST_1 : Operation 6 [1/1] (0.00ns) (grouped into LUT with out node ret_V)   --->   "%sext_ln104 = sext i14 %p_Val2_s"   --->   Operation 6 'sext' 'sext_ln104' <Predicate = (p_Result_s)> <Delay = 0.00>
ST_1 : Operation 7 [1/1] (0.00ns) (grouped into LUT with out node ret_V)   --->   "%p_Result_2 = bitset i16 @_ssdm_op_BitSet.i16.i16.i32.i1, i16 %sext_ln104, i32 15, i1 0"   --->   Operation 7 'bitset' 'p_Result_2' <Predicate = (p_Result_s)> <Delay = 0.00>
ST_1 : Operation 8 [1/1] (0.00ns)   --->   "%p_Result_s = bitselect i1 @_ssdm_op_BitSelect.i1.i14.i32, i14 %x_read, i32 13"   --->   Operation 8 'bitselect' 'p_Result_s' <Predicate = true> <Delay = 0.00>
ST_1 : Operation 9 [1/1] (0.00ns) (grouped into LUT with out node ret_V)   --->   "%x_pos = select i1 %p_Result_s, i16 %p_Result_2, i16 %sext_ln201" [C:/Xilinx/Vitis_HLS/2020.2/common/technology/autopilot/hls_round_copysign_apfixed.h:180]   --->   Operation 9 'select' 'x_pos' <Predicate = true> <Delay = 0.00> <CoreInst = "Sel">   --->   Core 73 'Sel' <Latency = 0> <II = 1> <Delay = 0.35> <FuncUnit> <Opcode : 'select'> <InPorts = 3> <OutPorts = 1>
ST_1 : Operation 10 [1/1] (0.00ns) (grouped into LUT with out node ret_V)   --->   "%zext_ln703 = zext i16 %x_pos"   --->   Operation 10 'zext' 'zext_ln703' <Predicate = true> <Delay = 0.00>
ST_1 : Operation 11 [1/1] (0.85ns) (out node of the LUT)   --->   "%ret_V = add i17 %zext_ln703, i17 64"   --->   Operation 11 'add' 'ret_V' <Predicate = true> <Delay = 0.85> <CoreInst = "Adder">   --->   Core 1 'Adder' <Latency = 0> <II = 1> <Delay = 0.85> <FuncUnit> <Opcode : 'add' 'sub'> <InPorts = 2> <OutPorts = 1>
ST_1 : Operation 12 [1/1] (0.00ns)   --->   "%p_Result_3 = partset i17 @llvm.part.set.i17.i7, i17 %ret_V, i7 0, i32 0, i32 6"   --->   Operation 12 'partset' 'p_Result_3' <Predicate = true> <Delay = 0.00>
ST_1 : Operation 13 [1/1] (0.00ns)   --->   "%trunc_ln703 = trunc i17 %p_Result_3"   --->   Operation 13 'trunc' 'trunc_ln703' <Predicate = true> <Delay = 0.00>
ST_1 : Operation 14 [1/1] (0.85ns)   --->   "%sub_ln703 = sub i16 0, i16 %trunc_ln703"   --->   Operation 14 'sub' 'sub_ln703' <Predicate = (p_Result_s)> <Delay = 0.85> <CoreInst = "Adder">   --->   Core 1 'Adder' <Latency = 0> <II = 1> <Delay = 0.85> <FuncUnit> <Opcode : 'add' 'sub'> <InPorts = 2> <OutPorts = 1>
ST_1 : Operation 15 [1/1] (0.35ns)   --->   "%select_ln214 = select i1 %p_Result_s, i16 %sub_ln703, i16 %trunc_ln703" [C:/Xilinx/Vitis_HLS/2020.2/common/technology/autopilot/hls_round_copysign_apfixed.h:214]   --->   Operation 15 'select' 'select_ln214' <Predicate = true> <Delay = 0.35> <CoreInst = "Sel">   --->   Core 73 'Sel' <Latency = 0> <II = 1> <Delay = 0.35> <FuncUnit> <Opcode : 'select'> <InPorts = 3> <OutPorts = 1>
ST_1 : Operation 16 [1/1] (0.00ns)   --->   "%ret_ln218 = ret i16 %select_ln214" [C:/Xilinx/Vitis_HLS/2020.2/common/technology/autopilot/hls_round_copysign_apfixed.h:218]   --->   Operation 16 'ret' 'ret_ln218' <Predicate = true> <Delay = 0.00>


============================================================
+ Verbose Summary: Binding
============================================================
STG Binding: 
---------------- STG Properties BEGIN ----------------
- Is combinational: 1
- Is one-state seq: 0
- Is datapath-only: 0
- Is pipelined: 1
- Is top level: 0
Port [ Return ] is wired: 1; IO mode=ap_ctrl_hs:ce=0
Port [ x]:  wired=1; compound=0; hidden=0; nouse=0; global=0; static=0; extern=0; dir=0; type=0; pingpong=0; private_global=0; IO mode=ap_none:ce=0
---------------- STG Properties END ------------------

---------------- Datapath Model BEGIN ----------------

<LifeTime>
<method=bitvector/>
x_read             (read        ) [ 00]
sext_ln201         (sext        ) [ 00]
specpipeline_ln201 (specpipeline) [ 00]
p_Val2_s           (sub         ) [ 00]
sext_ln104         (sext        ) [ 00]
p_Result_2         (bitset      ) [ 00]
p_Result_s         (bitselect   ) [ 01]
x_pos              (select      ) [ 00]
zext_ln703         (zext        ) [ 00]
ret_V              (add         ) [ 00]
p_Result_3         (partset     ) [ 00]
trunc_ln703        (trunc       ) [ 00]
sub_ln703          (sub         ) [ 00]
select_ln214       (select      ) [ 00]
ret_ln218          (ret         ) [ 00]
</LifeTime>

<model>

<comp_list>
<comp id="0" class="1000" name="x">
<pin_list>
<pin id="1" dir="1" index="0" bw="1" slack="0"/>
</pin_list>
<bind>
<StgValue><ssdm name="x"/></StgValue>
</bind>
</comp>

<comp id="2" class="1001" name="const_2">
<pin_list>
<pin id="3" dir="1" index="0" bw="1" slack="0"/>
</pin_list>
<bind>
<StgValue><ssdm name="_ssdm_op_Read.ap_auto.i14"/></StgValue>
</bind>
</comp>

<comp id="4" class="1001" name="const_4">
<pin_list>
<pin id="5" dir="1" index="0" bw="1" slack="2147483647"/>
</pin_list>
<bind>
<StgValue><ssdm name="_ssdm_op_SpecPipeline"/></StgValue>
</bind>
</comp>

<comp id="6" class="1001" name="const_6">
<pin_list>
<pin id="7" dir="1" index="0" bw="1" slack="2147483647"/>
</pin_list>
<bind>
<StgValue><ssdm name=""/></StgValue>
</bind>
</comp>

<comp id="8" class="1001" name="const_8">
<pin_list>
<pin id="9" dir="1" index="0" bw="1" slack="0"/>
</pin_list>
<bind>
<StgValue><ssdm name=""/></StgValue>
</bind>
</comp>

<comp id="10" class="1001" name="const_10">
<pin_list>
<pin id="11" dir="1" index="0" bw="1" slack="2147483647"/>
</pin_list>
<bind>
<StgValue><ssdm name="empty_24"/></StgValue>
</bind>
</comp>

<comp id="12" class="1001" name="const_12">
<pin_list>
<pin id="13" dir="1" index="0" bw="1" slack="0"/>
</pin_list>
<bind>
<StgValue><ssdm name=""/></StgValue>
</bind>
</comp>

<comp id="14" class="1001" name="const_14">
<pin_list>
<pin id="15" dir="1" index="0" bw="1" slack="0"/>
</pin_list>
<bind>
<StgValue><ssdm name="_ssdm_op_BitSet.i16.i16.i32.i1"/></StgValue>
</bind>
</comp>

<comp id="16" class="1001" name="const_16">
<pin_list>
<pin id="17" dir="1" index="0" bw="1" slack="0"/>
</pin_list>
<bind>
<StgValue><ssdm name=""/></StgValue>
</bind>
</comp>

<comp id="18" class="1001" name="const_18">
<pin_list>
<pin id="19" dir="1" index="0" bw="1" slack="0"/>
</pin_list>
<bind>
<StgValue><ssdm name=""/></StgValue>
</bind>
</comp>

<comp id="20" class="1001" name="const_20">
<pin_list>
<pin id="21" dir="1" index="0" bw="1" slack="0"/>
</pin_list>
<bind>
<StgValue><ssdm name="_ssdm_op_BitSelect.i1.i14.i32"/></StgValue>
</bind>
</comp>

<comp id="22" class="1001" name="const_22">
<pin_list>
<pin id="23" dir="1" index="0" bw="1" slack="0"/>
</pin_list>
<bind>
<StgValue><ssdm name=""/></StgValue>
</bind>
</comp>

<comp id="24" class="1001" name="const_24">
<pin_list>
<pin id="25" dir="1" index="0" bw="1" slack="0"/>
</pin_list>
<bind>
<StgValue><ssdm name=""/></StgValue>
</bind>
</comp>

<comp id="26" class="1001" name="const_26">
<pin_list>
<pin id="27" dir="1" index="0" bw="1" slack="0"/>
</pin_list>
<bind>
<StgValue><ssdm name="llvm.part.set.i17.i7"/></StgValue>
</bind>
</comp>

<comp id="28" class="1001" name="const_28">
<pin_list>
<pin id="29" dir="1" index="0" bw="1" slack="0"/>
</pin_list>
<bind>
<StgValue><ssdm name=""/></StgValue>
</bind>
</comp>

<comp id="30" class="1001" name="const_30">
<pin_list>
<pin id="31" dir="1" index="0" bw="1" slack="0"/>
</pin_list>
<bind>
<StgValue><ssdm name=""/></StgValue>
</bind>
</comp>

<comp id="32" class="1001" name="const_32">
<pin_list>
<pin id="33" dir="1" index="0" bw="1" slack="0"/>
</pin_list>
<bind>
<StgValue><ssdm name=""/></StgValue>
</bind>
</comp>

<comp id="34" class="1004" name="x_read_read_fu_34">
<pin_list>
<pin id="35" dir="0" index="0" bw="14" slack="0"/>
<pin id="36" dir="0" index="1" bw="14" slack="0"/>
<pin id="37" dir="1" index="2" bw="14" slack="0"/>
</pin_list>
<bind>
<opcode="read(1150) " fcode="read"/>
<opset="x_read/1 "/>
</bind>
</comp>

<comp id="40" class="1004" name="sext_ln201_fu_40">
<pin_list>
<pin id="41" dir="0" index="0" bw="14" slack="0"/>
<pin id="42" dir="1" index="1" bw="16" slack="0"/>
</pin_list>
<bind>
<opcode="sext(35) " fcode="sext"/>
<opset="sext_ln201/1 "/>
</bind>
</comp>

<comp id="44" class="1004" name="p_Val2_s_fu_44">
<pin_list>
<pin id="45" dir="0" index="0" bw="1" slack="0"/>
<pin id="46" dir="0" index="1" bw="14" slack="0"/>
<pin id="47" dir="1" index="2" bw="14" slack="0"/>
</pin_list>
<bind>
<opcode="sub(10) " fcode="sub"/>
<opset="p_Val2_s/1 "/>
</bind>
</comp>

<comp id="50" class="1004" name="sext_ln104_fu_50">
<pin_list>
<pin id="51" dir="0" index="0" bw="14" slack="0"/>
<pin id="52" dir="1" index="1" bw="16" slack="0"/>
</pin_list>
<bind>
<opcode="sext(35) " fcode="sext"/>
<opset="sext_ln104/1 "/>
</bind>
</comp>

<comp id="54" class="1004" name="p_Result_2_fu_54">
<pin_list>
<pin id="55" dir="0" index="0" bw="16" slack="0"/>
<pin id="56" dir="0" index="1" bw="14" slack="0"/>
<pin id="57" dir="0" index="2" bw="5" slack="0"/>
<pin id="58" dir="0" index="3" bw="1" slack="0"/>
<pin id="59" dir="1" index="4" bw="16" slack="0"/>
</pin_list>
<bind>
<opcode="bitset(1001) " fcode="bitset"/>
<opset="p_Result_2/1 "/>
</bind>
</comp>

<comp id="64" class="1004" name="p_Result_s_fu_64">
<pin_list>
<pin id="65" dir="0" index="0" bw="1" slack="0"/>
<pin id="66" dir="0" index="1" bw="14" slack="0"/>
<pin id="67" dir="0" index="2" bw="5" slack="0"/>
<pin id="68" dir="1" index="3" bw="1" slack="0"/>
</pin_list>
<bind>
<opcode="bitselect(1000) " fcode="bitselect"/>
<opset="p_Result_s/1 "/>
</bind>
</comp>

<comp id="72" class="1004" name="x_pos_fu_72">
<pin_list>
<pin id="73" dir="0" index="0" bw="1" slack="0"/>
<pin id="74" dir="0" index="1" bw="16" slack="0"/>
<pin id="75" dir="0" index="2" bw="16" slack="0"/>
<pin id="76" dir="1" index="3" bw="16" slack="0"/>
</pin_list>
<bind>
<opcode="select(49) " fcode="select"/>
<opset="x_pos/1 "/>
</bind>
</comp>

<comp id="80" class="1004" name="zext_ln703_fu_80">
<pin_list>
<pin id="81" dir="0" index="0" bw="16" slack="0"/>
<pin id="82" dir="1" index="1" bw="17" slack="0"/>
</pin_list>
<bind>
<opcode="zext(34) " fcode="zext"/>
<opset="zext_ln703/1 "/>
</bind>
</comp>

<comp id="84" class="1004" name="ret_V_fu_84">
<pin_list>
<pin id="85" dir="0" index="0" bw="16" slack="0"/>
<pin id="86" dir="0" index="1" bw="8" slack="0"/>
<pin id="87" dir="1" index="2" bw="17" slack="0"/>
</pin_list>
<bind>
<opcode="add(8) " fcode="add"/>
<opset="ret_V/1 "/>
</bind>
</comp>

<comp id="90" class="1004" name="p_Result_3_fu_90">
<pin_list>
<pin id="91" dir="0" index="0" bw="17" slack="0"/>
<pin id="92" dir="0" index="1" bw="17" slack="0"/>
<pin id="93" dir="0" index="2" bw="1" slack="0"/>
<pin id="94" dir="0" index="3" bw="1" slack="0"/>
<pin id="95" dir="0" index="4" bw="4" slack="0"/>
<pin id="96" dir="1" index="5" bw="17" slack="0"/>
</pin_list>
<bind>
<opcode="partset(1003) " fcode="partset"/>
<opset="p_Result_3/1 "/>
</bind>
</comp>

<comp id="102" class="1004" name="trunc_ln703_fu_102">
<pin_list>
<pin id="103" dir="0" index="0" bw="17" slack="0"/>
<pin id="104" dir="1" index="1" bw="16" slack="0"/>
</pin_list>
<bind>
<opcode="trunc(33) " fcode="trunc"/>
<opset="trunc_ln703/1 "/>
</bind>
</comp>

<comp id="106" class="1004" name="sub_ln703_fu_106">
<pin_list>
<pin id="107" dir="0" index="0" bw="1" slack="0"/>
<pin id="108" dir="0" index="1" bw="16" slack="0"/>
<pin id="109" dir="1" index="2" bw="16" slack="0"/>
</pin_list>
<bind>
<opcode="sub(10) " fcode="sub"/>
<opset="sub_ln703/1 "/>
</bind>
</comp>

<comp id="112" class="1004" name="select_ln214_fu_112">
<pin_list>
<pin id="113" dir="0" index="0" bw="1" slack="0"/>
<pin id="114" dir="0" index="1" bw="16" slack="0"/>
<pin id="115" dir="0" index="2" bw="16" slack="0"/>
<pin id="116" dir="1" index="3" bw="16" slack="2147483647"/>
</pin_list>
<bind>
<opcode="select(49) " fcode="select"/>
<opset="select_ln214/1 "/>
</bind>
</comp>

</comp_list>

<net_list>
<net id="38"><net_src comp="2" pin="0"/><net_sink comp="34" pin=0"/></net>

<net id="39"><net_src comp="0" pin="0"/><net_sink comp="34" pin=1"/></net>

<net id="43"><net_src comp="34" pin="2"/><net_sink comp="40" pin=0"/></net>

<net id="48"><net_src comp="12" pin="0"/><net_sink comp="44" pin=0"/></net>

<net id="49"><net_src comp="34" pin="2"/><net_sink comp="44" pin=1"/></net>

<net id="53"><net_src comp="44" pin="2"/><net_sink comp="50" pin=0"/></net>

<net id="60"><net_src comp="14" pin="0"/><net_sink comp="54" pin=0"/></net>

<net id="61"><net_src comp="50" pin="1"/><net_sink comp="54" pin=1"/></net>

<net id="62"><net_src comp="16" pin="0"/><net_sink comp="54" pin=2"/></net>

<net id="63"><net_src comp="18" pin="0"/><net_sink comp="54" pin=3"/></net>

<net id="69"><net_src comp="20" pin="0"/><net_sink comp="64" pin=0"/></net>

<net id="70"><net_src comp="34" pin="2"/><net_sink comp="64" pin=1"/></net>

<net id="71"><net_src comp="22" pin="0"/><net_sink comp="64" pin=2"/></net>

<net id="77"><net_src comp="64" pin="3"/><net_sink comp="72" pin=0"/></net>

<net id="78"><net_src comp="54" pin="4"/><net_sink comp="72" pin=1"/></net>

<net id="79"><net_src comp="40" pin="1"/><net_sink comp="72" pin=2"/></net>

<net id="83"><net_src comp="72" pin="3"/><net_sink comp="80" pin=0"/></net>

<net id="88"><net_src comp="80" pin="1"/><net_sink comp="84" pin=0"/></net>

<net id="89"><net_src comp="24" pin="0"/><net_sink comp="84" pin=1"/></net>

<net id="97"><net_src comp="26" pin="0"/><net_sink comp="90" pin=0"/></net>

<net id="98"><net_src comp="84" pin="2"/><net_sink comp="90" pin=1"/></net>

<net id="99"><net_src comp="28" pin="0"/><net_sink comp="90" pin=2"/></net>

<net id="100"><net_src comp="8" pin="0"/><net_sink comp="90" pin=3"/></net>

<net id="101"><net_src comp="30" pin="0"/><net_sink comp="90" pin=4"/></net>

<net id="105"><net_src comp="90" pin="5"/><net_sink comp="102" pin=0"/></net>

<net id="110"><net_src comp="32" pin="0"/><net_sink comp="106" pin=0"/></net>

<net id="111"><net_src comp="102" pin="1"/><net_sink comp="106" pin=1"/></net>

<net id="117"><net_src comp="64" pin="3"/><net_sink comp="112" pin=0"/></net>

<net id="118"><net_src comp="106" pin="2"/><net_sink comp="112" pin=1"/></net>

<net id="119"><net_src comp="102" pin="1"/><net_sink comp="112" pin=2"/></net>

</net_list>

</model> 
---------------- Datapath Model END ------------------

* FSMD analyzer results:
  - Output states:
 - Input state : 
	Port: round_fixed<16, 9> : x | {1 }
  - Chain level:
	State 1
		sext_ln104 : 1
		p_Result_2 : 2
		x_pos : 3
		zext_ln703 : 4
		ret_V : 5
		p_Result_3 : 6
		trunc_ln703 : 7
		sub_ln703 : 8
		select_ln214 : 9
		ret_ln218 : 10


============================================================
+ Verbose Summary: Datapath Resource usage 
============================================================

* Functional unit list:
|----------|---------------------|---------|---------|
| Operation|   Functional Unit   |    FF   |   LUT   |
|----------|---------------------|---------|---------|
|    sub   |    p_Val2_s_fu_44   |    0    |    21   |
|          |   sub_ln703_fu_106  |    0    |    23   |
|----------|---------------------|---------|---------|
|  select  |     x_pos_fu_72     |    0    |    16   |
|          | select_ln214_fu_112 |    0    |    16   |
|----------|---------------------|---------|---------|
|    add   |     ret_V_fu_84     |    0    |    23   |
|----------|---------------------|---------|---------|
|   read   |  x_read_read_fu_34  |    0    |    0    |
|----------|---------------------|---------|---------|
|   sext   |   sext_ln201_fu_40  |    0    |    0    |
|          |   sext_ln104_fu_50  |    0    |    0    |
|----------|---------------------|---------|---------|
|  bitset  |   p_Result_2_fu_54  |    0    |    0    |
|----------|---------------------|---------|---------|
| bitselect|   p_Result_s_fu_64  |    0    |    0    |
|----------|---------------------|---------|---------|
|   zext   |   zext_ln703_fu_80  |    0    |    0    |
|----------|---------------------|---------|---------|
|  partset |   p_Result_3_fu_90  |    0    |    0    |
|----------|---------------------|---------|---------|
|   trunc  |  trunc_ln703_fu_102 |    0    |    0    |
|----------|---------------------|---------|---------|
|   Total  |                     |    0    |    99   |
|----------|---------------------|---------|---------|

Memories:
N/A

* Register list:
N/A

* Multiplexer (MUX) list: 
|--------|------|------|------|--------|
|  Comp  |  Pin | Size |  BW  | S x BW |
|--------|------|------|------|--------|
|  Total |      |      |      |    0   |
|--------|------|------|------|--------|



* Summary:
+-----------+--------+--------+
|           |   FF   |   LUT  |
+-----------+--------+--------+
|  Function |    0   |   99   |
|   Memory  |    -   |    -   |
|Multiplexer|    -   |    -   |
|  Register |    -   |    -   |
+-----------+--------+--------+
|   Total   |    0   |   99   |
+-----------+--------+--------+
