

================================================================
== Vitis HLS Report for 'scaleCompute_17_42_20_48_16_1_s'
================================================================
* Date:           Wed Jan 17 16:57:37 2024

* Version:        2020.2 (Build 3064766 on Wed Nov 18 09:12:45 MST 2020)
* Project:        hls_project
* Solution:       solution1 (Vivado IP Flow Target)
* Product family: zynquplus
* Target device:  xczu7ev-ffvc1156-2-e


================================================================
== Performance Estimates
================================================================
+ Timing: 
    * Summary: 
    +--------+----------+----------+------------+
    |  Clock |  Target  | Estimated| Uncertainty|
    +--------+----------+----------+------------+
    |ap_clk  |  10.00 ns|  5.062 ns|     2.70 ns|
    +--------+----------+----------+------------+

+ Latency: 
    * Summary: 
    +---------+---------+----------+----------+-----+-----+---------+
    |  Latency (cycles) |  Latency (absolute) |  Interval | Pipeline|
    |   min   |   max   |    min   |    max   | min | max |   Type  |
    +---------+---------+----------+----------+-----+-----+---------+
    |        0|        0|      0 ns|      0 ns|    1|    1|      yes|
    +---------+---------+----------+----------+-----+-----+---------+

    + Detail: 
        * Instance: 
        N/A

        * Loop: 
        N/A

============================================================
+ Verbose Summary: Synthesis Manager
============================================================
InlineROM: 1
ExposeGlobal: 0
============================================================
+ Verbose Summary: CDFG Model
============================================================
IsTopModel: 0
ResetActiveHigh: 1
IsCombinational: 0
IsDatapathOnly: 0
HasWiredReturn: 1
HasMFsm: 2
HasVarLatency: 0
IsPipeline: 1
IsRtlPipelined: 0
IsInstanceOverlapped: 0
IsDontTouch: 0
HasImplIP: 0
IsGatedGlobalClock: 0

+ Individual pipeline summary: 
  * Pipeline-0: initiation interval (II) = 1, depth = 1


============================================================
+ Verbose Summary: Schedule
============================================================
* Number of FSM states : 1
* Pipeline : 1
  Pipeline-0 : II = 1, D = 1, States = { 1 }
* Dataflow Pipeline: 0

* FSM state transitions: 
1 --> 

* FSM state operations: 

State 1 <SV = 0> <Delay = 5.06>
ST_1 : Operation 2 [1/1] (0.00ns)   --->   "%inscale_read = read i48 @_ssdm_op_Read.ap_auto.i48, i48 %inscale" [vitis_library_vision_L1/include\imgproc/xf_resize_nn_bilinear.hpp:184]   --->   Operation 2 'read' 'inscale_read' <Predicate = true> <Delay = 0.00>
ST_1 : Operation 3 [1/1] (0.00ns)   --->   "%currindex_read = read i32 @_ssdm_op_Read.ap_auto.i32, i32 %currindex" [vitis_library_vision_L1/include\imgproc/xf_resize_nn_bilinear.hpp:184]   --->   Operation 3 'read' 'currindex_read' <Predicate = true> <Delay = 0.00>
ST_1 : Operation 4 [1/1] (0.00ns)   --->   "%trunc_ln728 = trunc i32 %currindex_read"   --->   Operation 4 'trunc' 'trunc_ln728' <Predicate = true> <Delay = 0.00>
ST_1 : Operation 5 [1/1] (0.00ns)   --->   "%lhs = bitconcatenate i42 @_ssdm_op_BitConcatenate.i42.i20.i22, i20 %trunc_ln728, i22 0"   --->   Operation 5 'bitconcatenate' 'lhs' <Predicate = true> <Delay = 0.00>
ST_1 : Operation 6 [1/1] (0.00ns)   --->   "%ret_V_2 = or i42 %lhs, i42 2097152"   --->   Operation 6 'or' 'ret_V_2' <Predicate = true> <Delay = 0.00>
ST_1 : Operation 7 [1/1] (0.00ns)   --->   "%sext_ln1115 = sext i42 %ret_V_2"   --->   Operation 7 'sext' 'sext_ln1115' <Predicate = true> <Delay = 0.00>
ST_1 : Operation 8 [1/1] (0.00ns)   --->   "%zext_ln1118 = zext i48 %inscale_read"   --->   Operation 8 'zext' 'zext_ln1118' <Predicate = true> <Delay = 0.00>
ST_1 : Operation 9 [1/1] (3.90ns)   --->   "%r_V_1 = mul i74 %zext_ln1118, i74 %sext_ln1115"   --->   Operation 9 'mul' 'r_V_1' <Predicate = true> <Delay = 3.90> <CoreInst = "Multiplier">   --->   Core 3 'Multiplier' <Latency = 0> <II = 1> <Delay = 3.90> <FuncUnit> <Opcode : 'mul'> <InPorts = 2> <OutPorts = 1>
ST_1 : Operation 10 [1/1] (1.16ns)   --->   "%ret_V = add i74 %r_V_1, i74 18889456924279326113792"   --->   Operation 10 'add' 'ret_V' <Predicate = true> <Delay = 1.16> <CoreInst = "Adder">   --->   Core 1 'Adder' <Latency = 0> <II = 1> <Delay = 1.16> <FuncUnit> <Opcode : 'add' 'sub'> <InPorts = 2> <OutPorts = 1>
ST_1 : Operation 11 [1/1] (0.00ns)   --->   "%ind_pre_V_write_assign = partselect i42 @_ssdm_op_PartSelect.i42.i74.i32.i32, i74 %ret_V, i32 32, i32 73"   --->   Operation 11 'partselect' 'ind_pre_V_write_assign' <Predicate = true> <Delay = 0.00>
ST_1 : Operation 12 [1/1] (0.00ns)   --->   "%ret_ln197 = ret i42 %ind_pre_V_write_assign" [vitis_library_vision_L1/include\imgproc/xf_resize_nn_bilinear.hpp:197]   --->   Operation 12 'ret' 'ret_ln197' <Predicate = true> <Delay = 0.00>


============================================================
+ Verbose Summary: Timing violations
============================================================
Target clock period: 10ns, clock uncertainty: 2.7ns.

 <State 1>: 5.06ns
The critical path consists of the following:
	wire read on port 'inscale' (vitis_library_vision_L1/include\imgproc/xf_resize_nn_bilinear.hpp:184) [3]  (0 ns)
	'mul' operation ('r.V') [10]  (3.9 ns)
	'add' operation ('ret.V') [11]  (1.16 ns)


============================================================
+ Verbose Summary: Binding
============================================================
N/A
* FSMD analyzer results:
  - Output states:
 - Input state : 
  - Chain level:
	State 1


============================================================
+ Verbose Summary: Datapath Resource usage 
============================================================
N/A
