

================================================================
== Vitis HLS Report for 'scaleCompute_17_42_20_48_16_1_s'
================================================================
* Date:           Wed Jan 17 16:57:37 2024

* Version:        2020.2 (Build 3064766 on Wed Nov 18 09:12:45 MST 2020)
* Project:        hls_project
* Solution:       solution1 (Vivado IP Flow Target)
* Product family: zynquplus
* Target device:  xczu7ev-ffvc1156-2-e


================================================================
== Performance Estimates
================================================================
+ Timing: 
    * Summary: 
    +--------+----------+----------+------------+
    |  Clock |  Target  | Estimated| Uncertainty|
    +--------+----------+----------+------------+
    |ap_clk  |  10.00 ns|  5.062 ns|     2.70 ns|
    +--------+----------+----------+------------+

+ Latency: 
    * Summary: 
    +---------+---------+----------+----------+-----+-----+---------+
    |  Latency (cycles) |  Latency (absolute) |  Interval | Pipeline|
    |   min   |   max   |    min   |    max   | min | max |   Type  |
    +---------+---------+----------+----------+-----+-----+---------+
    |        0|        0|      0 ns|      0 ns|    1|    1|      yes|
    +---------+---------+----------+----------+-----+-----+---------+

    + Detail: 
        * Instance: 
        N/A

        * Loop: 
        N/A

============================================================
+ Verbose Summary: Synthesis Manager
============================================================
InlineROM: 1
ExposeGlobal: 0
============================================================
+ Verbose Summary: CDFG Model
============================================================
IsTopModel: 0
ResetActiveHigh: 1
IsCombinational: 0
IsDatapathOnly: 0
HasWiredReturn: 1
HasMFsm: 2
HasVarLatency: 0
IsPipeline: 1
IsRtlPipelined: 0
IsInstanceOverlapped: 0
IsDontTouch: 0
HasImplIP: 0
IsGatedGlobalClock: 0

+ Individual pipeline summary: 
  * Pipeline-0: initiation interval (II) = 1, depth = 1


============================================================
+ Verbose Summary: Schedule
============================================================
* Number of FSM states : 1
* Pipeline : 1
  Pipeline-0 : II = 1, D = 1, States = { 1 }
* Dataflow Pipeline: 0

* FSM state transitions: 
1 --> 

* FSM state operations: 

State 1 <SV = 0> <Delay = 5.06>
ST_1 : Operation 2 [1/1] (0.00ns)   --->   "%inscale_read = read i48 @_ssdm_op_Read.ap_auto.i48, i48 %inscale" [vitis_library_vision_L1/include\imgproc/xf_resize_nn_bilinear.hpp:184]   --->   Operation 2 'read' 'inscale_read' <Predicate = true> <Delay = 0.00>
ST_1 : Operation 3 [1/1] (0.00ns)   --->   "%currindex_read = read i32 @_ssdm_op_Read.ap_auto.i32, i32 %currindex" [vitis_library_vision_L1/include\imgproc/xf_resize_nn_bilinear.hpp:184]   --->   Operation 3 'read' 'currindex_read' <Predicate = true> <Delay = 0.00>
ST_1 : Operation 4 [1/1] (0.00ns)   --->   "%trunc_ln728 = trunc i32 %currindex_read"   --->   Operation 4 'trunc' 'trunc_ln728' <Predicate = true> <Delay = 0.00>
ST_1 : Operation 5 [1/1] (0.00ns)   --->   "%lhs = bitconcatenate i42 @_ssdm_op_BitConcatenate.i42.i20.i22, i20 %trunc_ln728, i22 0"   --->   Operation 5 'bitconcatenate' 'lhs' <Predicate = true> <Delay = 0.00>
ST_1 : Operation 6 [1/1] (0.00ns)   --->   "%ret_V_2 = or i42 %lhs, i42 2097152"   --->   Operation 6 'or' 'ret_V_2' <Predicate = true> <Delay = 0.00>
ST_1 : Operation 7 [1/1] (0.00ns)   --->   "%sext_ln1115 = sext i42 %ret_V_2"   --->   Operation 7 'sext' 'sext_ln1115' <Predicate = true> <Delay = 0.00>
ST_1 : Operation 8 [1/1] (0.00ns)   --->   "%zext_ln1118 = zext i48 %inscale_read"   --->   Operation 8 'zext' 'zext_ln1118' <Predicate = true> <Delay = 0.00>
ST_1 : Operation 9 [1/1] (3.90ns)   --->   "%r_V_1 = mul i74 %zext_ln1118, i74 %sext_ln1115"   --->   Operation 9 'mul' 'r_V_1' <Predicate = true> <Delay = 3.90> <CoreInst = "Multiplier">   --->   Core 3 'Multiplier' <Latency = 0> <II = 1> <Delay = 3.90> <FuncUnit> <Opcode : 'mul'> <InPorts = 2> <OutPorts = 1>
ST_1 : Operation 10 [1/1] (1.16ns)   --->   "%ret_V = add i74 %r_V_1, i74 18889456924279326113792"   --->   Operation 10 'add' 'ret_V' <Predicate = true> <Delay = 1.16> <CoreInst = "Adder">   --->   Core 1 'Adder' <Latency = 0> <II = 1> <Delay = 1.16> <FuncUnit> <Opcode : 'add' 'sub'> <InPorts = 2> <OutPorts = 1>
ST_1 : Operation 11 [1/1] (0.00ns)   --->   "%ind_pre_V_write_assign = partselect i42 @_ssdm_op_PartSelect.i42.i74.i32.i32, i74 %ret_V, i32 32, i32 73"   --->   Operation 11 'partselect' 'ind_pre_V_write_assign' <Predicate = true> <Delay = 0.00>
ST_1 : Operation 12 [1/1] (0.00ns)   --->   "%ret_ln197 = ret i42 %ind_pre_V_write_assign" [vitis_library_vision_L1/include\imgproc/xf_resize_nn_bilinear.hpp:197]   --->   Operation 12 'ret' 'ret_ln197' <Predicate = true> <Delay = 0.00>


============================================================
+ Verbose Summary: Binding
============================================================
STG Binding: 
---------------- STG Properties BEGIN ----------------
- Is combinational: 1
- Is one-state seq: 0
- Is datapath-only: 0
- Is pipelined: 1
- Is top level: 0
Port [ Return ] is wired: 1; IO mode=ap_ctrl_hs:ce=0
Port [ currindex]:  wired=1; compound=0; hidden=0; nouse=0; global=0; static=0; extern=0; dir=0; type=0; pingpong=0; private_global=0; IO mode=ap_none:ce=0
Port [ inscale]:  wired=1; compound=0; hidden=0; nouse=0; global=0; static=0; extern=0; dir=0; type=0; pingpong=0; private_global=0; IO mode=ap_none:ce=0
---------------- STG Properties END ------------------

---------------- Datapath Model BEGIN ----------------

<LifeTime>
<method=bitvector/>
inscale_read           (read          ) [ 00]
currindex_read         (read          ) [ 00]
trunc_ln728            (trunc         ) [ 00]
lhs                    (bitconcatenate) [ 00]
ret_V_2                (or            ) [ 00]
sext_ln1115            (sext          ) [ 00]
zext_ln1118            (zext          ) [ 00]
r_V_1                  (mul           ) [ 00]
ret_V                  (add           ) [ 00]
ind_pre_V_write_assign (partselect    ) [ 00]
ret_ln197              (ret           ) [ 00]
</LifeTime>

<model>

<comp_list>
<comp id="0" class="1000" name="currindex">
<pin_list>
<pin id="1" dir="1" index="0" bw="1" slack="0"/>
</pin_list>
<bind>
<StgValue><ssdm name="currindex"/></StgValue>
</bind>
</comp>

<comp id="2" class="1000" name="inscale">
<pin_list>
<pin id="3" dir="1" index="0" bw="1" slack="0"/>
</pin_list>
<bind>
<StgValue><ssdm name="inscale"/></StgValue>
</bind>
</comp>

<comp id="4" class="1001" name="const_4">
<pin_list>
<pin id="5" dir="1" index="0" bw="1" slack="0"/>
</pin_list>
<bind>
<StgValue><ssdm name="_ssdm_op_Read.ap_auto.i48"/></StgValue>
</bind>
</comp>

<comp id="6" class="1001" name="const_6">
<pin_list>
<pin id="7" dir="1" index="0" bw="1" slack="0"/>
</pin_list>
<bind>
<StgValue><ssdm name="_ssdm_op_Read.ap_auto.i32"/></StgValue>
</bind>
</comp>

<comp id="8" class="1001" name="const_8">
<pin_list>
<pin id="9" dir="1" index="0" bw="1" slack="0"/>
</pin_list>
<bind>
<StgValue><ssdm name="_ssdm_op_BitConcatenate.i42.i20.i22"/></StgValue>
</bind>
</comp>

<comp id="10" class="1001" name="const_10">
<pin_list>
<pin id="11" dir="1" index="0" bw="1" slack="0"/>
</pin_list>
<bind>
<StgValue><ssdm name=""/></StgValue>
</bind>
</comp>

<comp id="12" class="1001" name="const_12">
<pin_list>
<pin id="13" dir="1" index="0" bw="1" slack="0"/>
</pin_list>
<bind>
<StgValue><ssdm name=""/></StgValue>
</bind>
</comp>

<comp id="14" class="1001" name="const_14">
<pin_list>
<pin id="15" dir="1" index="0" bw="1" slack="0"/>
</pin_list>
<bind>
<StgValue><ssdm name=""/></StgValue>
</bind>
</comp>

<comp id="16" class="1001" name="const_16">
<pin_list>
<pin id="17" dir="1" index="0" bw="1" slack="0"/>
</pin_list>
<bind>
<StgValue><ssdm name="_ssdm_op_PartSelect.i42.i74.i32.i32"/></StgValue>
</bind>
</comp>

<comp id="18" class="1001" name="const_18">
<pin_list>
<pin id="19" dir="1" index="0" bw="1" slack="0"/>
</pin_list>
<bind>
<StgValue><ssdm name=""/></StgValue>
</bind>
</comp>

<comp id="20" class="1001" name="const_20">
<pin_list>
<pin id="21" dir="1" index="0" bw="1" slack="0"/>
</pin_list>
<bind>
<StgValue><ssdm name=""/></StgValue>
</bind>
</comp>

<comp id="22" class="1004" name="inscale_read_read_fu_22">
<pin_list>
<pin id="23" dir="0" index="0" bw="48" slack="0"/>
<pin id="24" dir="0" index="1" bw="48" slack="0"/>
<pin id="25" dir="1" index="2" bw="48" slack="0"/>
</pin_list>
<bind>
<opcode="read(1150) " fcode="read"/>
<opset="inscale_read/1 "/>
</bind>
</comp>

<comp id="28" class="1004" name="currindex_read_read_fu_28">
<pin_list>
<pin id="29" dir="0" index="0" bw="32" slack="0"/>
<pin id="30" dir="0" index="1" bw="32" slack="0"/>
<pin id="31" dir="1" index="2" bw="32" slack="0"/>
</pin_list>
<bind>
<opcode="read(1150) " fcode="read"/>
<opset="currindex_read/1 "/>
</bind>
</comp>

<comp id="34" class="1004" name="trunc_ln728_fu_34">
<pin_list>
<pin id="35" dir="0" index="0" bw="32" slack="0"/>
<pin id="36" dir="1" index="1" bw="20" slack="0"/>
</pin_list>
<bind>
<opcode="trunc(33) " fcode="trunc"/>
<opset="trunc_ln728/1 "/>
</bind>
</comp>

<comp id="38" class="1004" name="lhs_fu_38">
<pin_list>
<pin id="39" dir="0" index="0" bw="42" slack="0"/>
<pin id="40" dir="0" index="1" bw="20" slack="0"/>
<pin id="41" dir="0" index="2" bw="1" slack="0"/>
<pin id="42" dir="1" index="3" bw="42" slack="0"/>
</pin_list>
<bind>
<opcode="bitconcatenate(1004) " fcode="bitconcatenate"/>
<opset="lhs/1 "/>
</bind>
</comp>

<comp id="46" class="1004" name="ret_V_2_fu_46">
<pin_list>
<pin id="47" dir="0" index="0" bw="42" slack="0"/>
<pin id="48" dir="0" index="1" bw="23" slack="0"/>
<pin id="49" dir="1" index="2" bw="42" slack="0"/>
</pin_list>
<bind>
<opcode="or(24) " fcode="or"/>
<opset="ret_V_2/1 "/>
</bind>
</comp>

<comp id="52" class="1004" name="sext_ln1115_fu_52">
<pin_list>
<pin id="53" dir="0" index="0" bw="42" slack="0"/>
<pin id="54" dir="1" index="1" bw="74" slack="0"/>
</pin_list>
<bind>
<opcode="sext(35) " fcode="sext"/>
<opset="sext_ln1115/1 "/>
</bind>
</comp>

<comp id="56" class="1004" name="zext_ln1118_fu_56">
<pin_list>
<pin id="57" dir="0" index="0" bw="48" slack="0"/>
<pin id="58" dir="1" index="1" bw="74" slack="0"/>
</pin_list>
<bind>
<opcode="zext(34) " fcode="zext"/>
<opset="zext_ln1118/1 "/>
</bind>
</comp>

<comp id="60" class="1004" name="r_V_1_fu_60">
<pin_list>
<pin id="61" dir="0" index="0" bw="48" slack="0"/>
<pin id="62" dir="0" index="1" bw="42" slack="0"/>
<pin id="63" dir="1" index="2" bw="74" slack="0"/>
</pin_list>
<bind>
<opcode="mul(12) " fcode="mul"/>
<opset="r_V_1/1 "/>
</bind>
</comp>

<comp id="66" class="1004" name="ret_V_fu_66">
<pin_list>
<pin id="67" dir="0" index="0" bw="74" slack="0"/>
<pin id="68" dir="0" index="1" bw="54" slack="0"/>
<pin id="69" dir="1" index="2" bw="74" slack="0"/>
</pin_list>
<bind>
<opcode="add(8) " fcode="add"/>
<opset="ret_V/1 "/>
</bind>
</comp>

<comp id="72" class="1004" name="ind_pre_V_write_assign_fu_72">
<pin_list>
<pin id="73" dir="0" index="0" bw="42" slack="0"/>
<pin id="74" dir="0" index="1" bw="74" slack="0"/>
<pin id="75" dir="0" index="2" bw="7" slack="0"/>
<pin id="76" dir="0" index="3" bw="8" slack="0"/>
<pin id="77" dir="1" index="4" bw="42" slack="2147483647"/>
</pin_list>
<bind>
<opcode="partselect(1002) " fcode="partselect"/>
<opset="ind_pre_V_write_assign/1 "/>
</bind>
</comp>

</comp_list>

<net_list>
<net id="26"><net_src comp="4" pin="0"/><net_sink comp="22" pin=0"/></net>

<net id="27"><net_src comp="2" pin="0"/><net_sink comp="22" pin=1"/></net>

<net id="32"><net_src comp="6" pin="0"/><net_sink comp="28" pin=0"/></net>

<net id="33"><net_src comp="0" pin="0"/><net_sink comp="28" pin=1"/></net>

<net id="37"><net_src comp="28" pin="2"/><net_sink comp="34" pin=0"/></net>

<net id="43"><net_src comp="8" pin="0"/><net_sink comp="38" pin=0"/></net>

<net id="44"><net_src comp="34" pin="1"/><net_sink comp="38" pin=1"/></net>

<net id="45"><net_src comp="10" pin="0"/><net_sink comp="38" pin=2"/></net>

<net id="50"><net_src comp="38" pin="3"/><net_sink comp="46" pin=0"/></net>

<net id="51"><net_src comp="12" pin="0"/><net_sink comp="46" pin=1"/></net>

<net id="55"><net_src comp="46" pin="2"/><net_sink comp="52" pin=0"/></net>

<net id="59"><net_src comp="22" pin="2"/><net_sink comp="56" pin=0"/></net>

<net id="64"><net_src comp="56" pin="1"/><net_sink comp="60" pin=0"/></net>

<net id="65"><net_src comp="52" pin="1"/><net_sink comp="60" pin=1"/></net>

<net id="70"><net_src comp="60" pin="2"/><net_sink comp="66" pin=0"/></net>

<net id="71"><net_src comp="14" pin="0"/><net_sink comp="66" pin=1"/></net>

<net id="78"><net_src comp="16" pin="0"/><net_sink comp="72" pin=0"/></net>

<net id="79"><net_src comp="66" pin="2"/><net_sink comp="72" pin=1"/></net>

<net id="80"><net_src comp="18" pin="0"/><net_sink comp="72" pin=2"/></net>

<net id="81"><net_src comp="20" pin="0"/><net_sink comp="72" pin=3"/></net>

</net_list>

</model> 
---------------- Datapath Model END ------------------

* FSMD analyzer results:
  - Output states:
 - Input state : 
	Port: scaleCompute<17, 42, 20, 48, 16, 1> : currindex | {1 }
	Port: scaleCompute<17, 42, 20, 48, 16, 1> : inscale | {1 }
  - Chain level:
	State 1
		lhs : 1
		ret_V_2 : 2
		sext_ln1115 : 2
		r_V_1 : 3
		ret_V : 4
		ind_pre_V_write_assign : 5
		ret_ln197 : 6


============================================================
+ Verbose Summary: Datapath Resource usage 
============================================================

* Functional unit list:
|----------|------------------------------|---------|---------|---------|
| Operation|        Functional Unit       |   DSP   |    FF   |   LUT   |
|----------|------------------------------|---------|---------|---------|
|    add   |          ret_V_fu_66         |    0    |    0    |    81   |
|----------|------------------------------|---------|---------|---------|
|    mul   |          r_V_1_fu_60         |    2    |    0    |    19   |
|----------|------------------------------|---------|---------|---------|
|   read   |    inscale_read_read_fu_22   |    0    |    0    |    0    |
|          |   currindex_read_read_fu_28  |    0    |    0    |    0    |
|----------|------------------------------|---------|---------|---------|
|   trunc  |       trunc_ln728_fu_34      |    0    |    0    |    0    |
|----------|------------------------------|---------|---------|---------|
|bitconcatenate|           lhs_fu_38          |    0    |    0    |    0    |
|----------|------------------------------|---------|---------|---------|
|    or    |         ret_V_2_fu_46        |    0    |    0    |    0    |
|----------|------------------------------|---------|---------|---------|
|   sext   |       sext_ln1115_fu_52      |    0    |    0    |    0    |
|----------|------------------------------|---------|---------|---------|
|   zext   |       zext_ln1118_fu_56      |    0    |    0    |    0    |
|----------|------------------------------|---------|---------|---------|
|partselect| ind_pre_V_write_assign_fu_72 |    0    |    0    |    0    |
|----------|------------------------------|---------|---------|---------|
|   Total  |                              |    2    |    0    |   100   |
|----------|------------------------------|---------|---------|---------|

Memories:
N/A

* Register list:
N/A

* Multiplexer (MUX) list: 
|--------|------|------|------|--------|
|  Comp  |  Pin | Size |  BW  | S x BW |
|--------|------|------|------|--------|
|  Total |      |      |      |    0   |
|--------|------|------|------|--------|



* Summary:
+-----------+--------+--------+--------+
|           |   DSP  |   FF   |   LUT  |
+-----------+--------+--------+--------+
|  Function |    2   |    0   |   100  |
|   Memory  |    -   |    -   |    -   |
|Multiplexer|    -   |    -   |    -   |
|  Register |    -   |    -   |    -   |
+-----------+--------+--------+--------+
|   Total   |    2   |    0   |   100  |
+-----------+--------+--------+--------+
