

================================================================
== Vitis HLS Report for 'xfUDivResize'
================================================================
* Date:           Sun Jan 21 17:46:46 2024

* Version:        2020.2 (Build 3064766 on Wed Nov 18 09:12:45 MST 2020)
* Project:        hls_project
* Solution:       solution1 (Vivado IP Flow Target)
* Product family: zynquplus
* Target device:  xczu7ev-ffvc1156-2-e


================================================================
== Performance Estimates
================================================================
+ Timing: 
    * Summary: 
    +--------+----------+----------+------------+
    |  Clock |  Target  | Estimated| Uncertainty|
    +--------+----------+----------+------------+
    |ap_clk  |  10.00 ns|  1.507 ns|     2.70 ns|
    +--------+----------+----------+------------+

+ Latency: 
    * Summary: 
    +---------+---------+----------+----------+-----+-----+---------+
    |  Latency (cycles) |  Latency (absolute) |  Interval | Pipeline|
    |   min   |   max   |    min   |    max   | min | max |   Type  |
    +---------+---------+----------+----------+-----+-----+---------+
    |       47|       47|  0.470 us|  0.470 us|   47|   47|     none|
    +---------+---------+----------+----------+-----+-----+---------+

    + Detail: 
        * Instance: 
        N/A

        * Loop: 
        N/A



================================================================
== Utilization Estimates
================================================================
* Summary: 
+-----------------+---------+------+--------+--------+-----+
|       Name      | BRAM_18K|  DSP |   FF   |   LUT  | URAM|
+-----------------+---------+------+--------+--------+-----+
|DSP              |        -|     -|       -|       -|    -|
|Expression       |        -|     -|       -|       -|    -|
|FIFO             |        -|     -|       -|       -|    -|
|Instance         |        -|     -|     526|     317|    -|
|Memory           |        -|     -|       -|       -|    -|
|Multiplexer      |        -|     -|       -|     228|    -|
|Register         |        -|     -|      90|       -|    -|
+-----------------+---------+------+--------+--------+-----+
|Total            |        0|     0|     616|     545|    0|
+-----------------+---------+------+--------+--------+-----+
|Available        |      624|  1728|  460800|  230400|   96|
+-----------------+---------+------+--------+--------+-----+
|Utilization (%)  |        0|     0|      ~0|      ~0|    0|
+-----------------+---------+------+--------+--------+-----+

+ Detail: 
    * Instance: 
    +--------------------------------+----------------------------+---------+----+-----+-----+-----+
    |            Instance            |           Module           | BRAM_18K| DSP|  FF | LUT | URAM|
    +--------------------------------+----------------------------+---------+----+-----+-----+-----+
    |udiv_43ns_16ns_43_47_seq_1_U42  |udiv_43ns_16ns_43_47_seq_1  |        0|   0|  526|  317|    0|
    +--------------------------------+----------------------------+---------+----+-----+-----+-----+
    |Total                           |                            |        0|   0|  526|  317|    0|
    +--------------------------------+----------------------------+---------+----+-----+-----+-----+

    * DSP: 
    N/A

    * Memory: 
    N/A

    * FIFO: 
    N/A

    * Expression: 
    N/A

    * Multiplexer: 
    +-----------+-----+-----------+-----+-----------+
    |    Name   | LUT | Input Size| Bits| Total Bits|
    +-----------+-----+-----------+-----+-----------+
    |ap_NS_fsm  |  219|         48|    1|         48|
    |ap_return  |    9|          2|   43|         86|
    +-----------+-----+-----------+-----+-----------+
    |Total      |  228|         50|   44|        134|
    +-----------+-----+-----------+-----+-----------+

    * Register: 
    +----------------+----+----+-----+-----------+
    |      Name      | FF | LUT| Bits| Const Bits|
    +----------------+----+----+-----+-----------+
    |ap_CS_fsm       |  47|   0|   47|          0|
    |ap_return_preg  |  43|   0|   64|         21|
    +----------------+----+----+-----+-----------+
    |Total           |  90|   0|  111|         21|
    +----------------+----+----+-----+-----------+



================================================================
== Interface
================================================================
* Summary: 
+-----------+-----+-----+------------+--------------+--------------+
| RTL Ports | Dir | Bits|  Protocol  | Source Object|    C Type    |
+-----------+-----+-----+------------+--------------+--------------+
|ap_clk     |   in|    1|  ap_ctrl_hs|  xfUDivResize|  return value|
|ap_rst     |   in|    1|  ap_ctrl_hs|  xfUDivResize|  return value|
|ap_start   |   in|    1|  ap_ctrl_hs|  xfUDivResize|  return value|
|ap_done    |  out|    1|  ap_ctrl_hs|  xfUDivResize|  return value|
|ap_idle    |  out|    1|  ap_ctrl_hs|  xfUDivResize|  return value|
|ap_ready   |  out|    1|  ap_ctrl_hs|  xfUDivResize|  return value|
|ap_return  |  out|   64|  ap_ctrl_hs|  xfUDivResize|  return value|
|in_n       |   in|   64|     ap_none|          in_n|        scalar|
|in_d       |   in|   16|     ap_none|          in_d|        scalar|
+-----------+-----+-----+------------+--------------+--------------+

============================================================
+ Verbose Summary: Synthesis Manager
============================================================
InlineROM: 1
ExposeGlobal: 0
============================================================
+ Verbose Summary: CDFG Model
============================================================
IsTopModel: 0
ResetActiveHigh: 1
IsCombinational: 2
IsDatapathOnly: 2
HasWiredReturn: 1
HasMFsm: 0
HasVarLatency: 1
IsPipeline: 0
IsRtlPipelined: 0
IsInstanceOverlapped: 1
IsDontTouch: 0
HasImplIP: 0
IsGatedGlobalClock: 0


============================================================
+ Verbose Summary: Schedule
============================================================
* Number of FSM states : 47
* Pipeline : 0
* Dataflow Pipeline: 0

* FSM state transitions: 
1 --> 2 
2 --> 3 
3 --> 4 
4 --> 5 
5 --> 6 
6 --> 7 
7 --> 8 
8 --> 9 
9 --> 10 
10 --> 11 
11 --> 12 
12 --> 13 
13 --> 14 
14 --> 15 
15 --> 16 
16 --> 17 
17 --> 18 
18 --> 19 
19 --> 20 
20 --> 21 
21 --> 22 
22 --> 23 
23 --> 24 
24 --> 25 
25 --> 26 
26 --> 27 
27 --> 28 
28 --> 29 
29 --> 30 
30 --> 31 
31 --> 32 
32 --> 33 
33 --> 34 
34 --> 35 
35 --> 36 
36 --> 37 
37 --> 38 
38 --> 39 
39 --> 40 
40 --> 41 
41 --> 42 
42 --> 43 
43 --> 44 
44 --> 45 
45 --> 46 
46 --> 47 
47 --> 

* FSM state operations: 

State 1 <SV = 0> <Delay = 1.50>
ST_1 : Operation 48 [1/1] (0.00ns)   --->   "%in_d_read = read i16 @_ssdm_op_Read.ap_auto.i16, i16 %in_d"   --->   Operation 48 'read' 'in_d_read' <Predicate = true> <Delay = 0.00>
ST_1 : Operation 49 [1/1] (0.00ns)   --->   "%in_n_read = read i64 @_ssdm_op_Read.ap_auto.i64, i64 %in_n"   --->   Operation 49 'read' 'in_n_read' <Predicate = true> <Delay = 0.00>
ST_1 : Operation 50 [1/1] (0.00ns)   --->   "%trunc_ln156 = trunc i64 %in_n_read" [vitis_library_vision_L1/include\imgproc/xf_resize_nn_bilinear.hpp:156]   --->   Operation 50 'trunc' 'trunc_ln156' <Predicate = true> <Delay = 0.00>
ST_1 : Operation 51 [1/1] (0.00ns)   --->   "%zext_ln160 = zext i16 %in_d_read" [vitis_library_vision_L1/include\imgproc/xf_resize_nn_bilinear.hpp:160]   --->   Operation 51 'zext' 'zext_ln160' <Predicate = true> <Delay = 0.00>
ST_1 : Operation 52 [47/47] (1.50ns)   --->   "%out_res = udiv i43 %trunc_ln156, i43 %zext_ln160" [vitis_library_vision_L1/include\imgproc/xf_resize_nn_bilinear.hpp:160]   --->   Operation 52 'udiv' 'out_res' <Predicate = true> <Delay = 1.50> <CoreInst = "DivnS_SEQ">   --->   Core 7 'DivnS_SEQ' <Latency = 46> <II = 43> <Delay = 1.50> <FuncUnit> <Opcode : 'sdiv' 'srem' 'udiv' 'urem'> <InPorts = 2> <OutPorts = 1>

State 2 <SV = 1> <Delay = 1.50>
ST_2 : Operation 53 [46/47] (1.50ns)   --->   "%out_res = udiv i43 %trunc_ln156, i43 %zext_ln160" [vitis_library_vision_L1/include\imgproc/xf_resize_nn_bilinear.hpp:160]   --->   Operation 53 'udiv' 'out_res' <Predicate = true> <Delay = 1.50> <CoreInst = "DivnS_SEQ">   --->   Core 7 'DivnS_SEQ' <Latency = 46> <II = 43> <Delay = 1.50> <FuncUnit> <Opcode : 'sdiv' 'srem' 'udiv' 'urem'> <InPorts = 2> <OutPorts = 1>

State 3 <SV = 2> <Delay = 1.50>
ST_3 : Operation 54 [45/47] (1.50ns)   --->   "%out_res = udiv i43 %trunc_ln156, i43 %zext_ln160" [vitis_library_vision_L1/include\imgproc/xf_resize_nn_bilinear.hpp:160]   --->   Operation 54 'udiv' 'out_res' <Predicate = true> <Delay = 1.50> <CoreInst = "DivnS_SEQ">   --->   Core 7 'DivnS_SEQ' <Latency = 46> <II = 43> <Delay = 1.50> <FuncUnit> <Opcode : 'sdiv' 'srem' 'udiv' 'urem'> <InPorts = 2> <OutPorts = 1>

State 4 <SV = 3> <Delay = 1.50>
ST_4 : Operation 55 [44/47] (1.50ns)   --->   "%out_res = udiv i43 %trunc_ln156, i43 %zext_ln160" [vitis_library_vision_L1/include\imgproc/xf_resize_nn_bilinear.hpp:160]   --->   Operation 55 'udiv' 'out_res' <Predicate = true> <Delay = 1.50> <CoreInst = "DivnS_SEQ">   --->   Core 7 'DivnS_SEQ' <Latency = 46> <II = 43> <Delay = 1.50> <FuncUnit> <Opcode : 'sdiv' 'srem' 'udiv' 'urem'> <InPorts = 2> <OutPorts = 1>

State 5 <SV = 4> <Delay = 1.50>
ST_5 : Operation 56 [43/47] (1.50ns)   --->   "%out_res = udiv i43 %trunc_ln156, i43 %zext_ln160" [vitis_library_vision_L1/include\imgproc/xf_resize_nn_bilinear.hpp:160]   --->   Operation 56 'udiv' 'out_res' <Predicate = true> <Delay = 1.50> <CoreInst = "DivnS_SEQ">   --->   Core 7 'DivnS_SEQ' <Latency = 46> <II = 43> <Delay = 1.50> <FuncUnit> <Opcode : 'sdiv' 'srem' 'udiv' 'urem'> <InPorts = 2> <OutPorts = 1>

State 6 <SV = 5> <Delay = 1.50>
ST_6 : Operation 57 [42/47] (1.50ns)   --->   "%out_res = udiv i43 %trunc_ln156, i43 %zext_ln160" [vitis_library_vision_L1/include\imgproc/xf_resize_nn_bilinear.hpp:160]   --->   Operation 57 'udiv' 'out_res' <Predicate = true> <Delay = 1.50> <CoreInst = "DivnS_SEQ">   --->   Core 7 'DivnS_SEQ' <Latency = 46> <II = 43> <Delay = 1.50> <FuncUnit> <Opcode : 'sdiv' 'srem' 'udiv' 'urem'> <InPorts = 2> <OutPorts = 1>

State 7 <SV = 6> <Delay = 1.50>
ST_7 : Operation 58 [41/47] (1.50ns)   --->   "%out_res = udiv i43 %trunc_ln156, i43 %zext_ln160" [vitis_library_vision_L1/include\imgproc/xf_resize_nn_bilinear.hpp:160]   --->   Operation 58 'udiv' 'out_res' <Predicate = true> <Delay = 1.50> <CoreInst = "DivnS_SEQ">   --->   Core 7 'DivnS_SEQ' <Latency = 46> <II = 43> <Delay = 1.50> <FuncUnit> <Opcode : 'sdiv' 'srem' 'udiv' 'urem'> <InPorts = 2> <OutPorts = 1>

State 8 <SV = 7> <Delay = 1.50>
ST_8 : Operation 59 [40/47] (1.50ns)   --->   "%out_res = udiv i43 %trunc_ln156, i43 %zext_ln160" [vitis_library_vision_L1/include\imgproc/xf_resize_nn_bilinear.hpp:160]   --->   Operation 59 'udiv' 'out_res' <Predicate = true> <Delay = 1.50> <CoreInst = "DivnS_SEQ">   --->   Core 7 'DivnS_SEQ' <Latency = 46> <II = 43> <Delay = 1.50> <FuncUnit> <Opcode : 'sdiv' 'srem' 'udiv' 'urem'> <InPorts = 2> <OutPorts = 1>

State 9 <SV = 8> <Delay = 1.50>
ST_9 : Operation 60 [39/47] (1.50ns)   --->   "%out_res = udiv i43 %trunc_ln156, i43 %zext_ln160" [vitis_library_vision_L1/include\imgproc/xf_resize_nn_bilinear.hpp:160]   --->   Operation 60 'udiv' 'out_res' <Predicate = true> <Delay = 1.50> <CoreInst = "DivnS_SEQ">   --->   Core 7 'DivnS_SEQ' <Latency = 46> <II = 43> <Delay = 1.50> <FuncUnit> <Opcode : 'sdiv' 'srem' 'udiv' 'urem'> <InPorts = 2> <OutPorts = 1>

State 10 <SV = 9> <Delay = 1.50>
ST_10 : Operation 61 [38/47] (1.50ns)   --->   "%out_res = udiv i43 %trunc_ln156, i43 %zext_ln160" [vitis_library_vision_L1/include\imgproc/xf_resize_nn_bilinear.hpp:160]   --->   Operation 61 'udiv' 'out_res' <Predicate = true> <Delay = 1.50> <CoreInst = "DivnS_SEQ">   --->   Core 7 'DivnS_SEQ' <Latency = 46> <II = 43> <Delay = 1.50> <FuncUnit> <Opcode : 'sdiv' 'srem' 'udiv' 'urem'> <InPorts = 2> <OutPorts = 1>

State 11 <SV = 10> <Delay = 1.50>
ST_11 : Operation 62 [37/47] (1.50ns)   --->   "%out_res = udiv i43 %trunc_ln156, i43 %zext_ln160" [vitis_library_vision_L1/include\imgproc/xf_resize_nn_bilinear.hpp:160]   --->   Operation 62 'udiv' 'out_res' <Predicate = true> <Delay = 1.50> <CoreInst = "DivnS_SEQ">   --->   Core 7 'DivnS_SEQ' <Latency = 46> <II = 43> <Delay = 1.50> <FuncUnit> <Opcode : 'sdiv' 'srem' 'udiv' 'urem'> <InPorts = 2> <OutPorts = 1>

State 12 <SV = 11> <Delay = 1.50>
ST_12 : Operation 63 [36/47] (1.50ns)   --->   "%out_res = udiv i43 %trunc_ln156, i43 %zext_ln160" [vitis_library_vision_L1/include\imgproc/xf_resize_nn_bilinear.hpp:160]   --->   Operation 63 'udiv' 'out_res' <Predicate = true> <Delay = 1.50> <CoreInst = "DivnS_SEQ">   --->   Core 7 'DivnS_SEQ' <Latency = 46> <II = 43> <Delay = 1.50> <FuncUnit> <Opcode : 'sdiv' 'srem' 'udiv' 'urem'> <InPorts = 2> <OutPorts = 1>

State 13 <SV = 12> <Delay = 1.50>
ST_13 : Operation 64 [35/47] (1.50ns)   --->   "%out_res = udiv i43 %trunc_ln156, i43 %zext_ln160" [vitis_library_vision_L1/include\imgproc/xf_resize_nn_bilinear.hpp:160]   --->   Operation 64 'udiv' 'out_res' <Predicate = true> <Delay = 1.50> <CoreInst = "DivnS_SEQ">   --->   Core 7 'DivnS_SEQ' <Latency = 46> <II = 43> <Delay = 1.50> <FuncUnit> <Opcode : 'sdiv' 'srem' 'udiv' 'urem'> <InPorts = 2> <OutPorts = 1>

State 14 <SV = 13> <Delay = 1.50>
ST_14 : Operation 65 [34/47] (1.50ns)   --->   "%out_res = udiv i43 %trunc_ln156, i43 %zext_ln160" [vitis_library_vision_L1/include\imgproc/xf_resize_nn_bilinear.hpp:160]   --->   Operation 65 'udiv' 'out_res' <Predicate = true> <Delay = 1.50> <CoreInst = "DivnS_SEQ">   --->   Core 7 'DivnS_SEQ' <Latency = 46> <II = 43> <Delay = 1.50> <FuncUnit> <Opcode : 'sdiv' 'srem' 'udiv' 'urem'> <InPorts = 2> <OutPorts = 1>

State 15 <SV = 14> <Delay = 1.50>
ST_15 : Operation 66 [33/47] (1.50ns)   --->   "%out_res = udiv i43 %trunc_ln156, i43 %zext_ln160" [vitis_library_vision_L1/include\imgproc/xf_resize_nn_bilinear.hpp:160]   --->   Operation 66 'udiv' 'out_res' <Predicate = true> <Delay = 1.50> <CoreInst = "DivnS_SEQ">   --->   Core 7 'DivnS_SEQ' <Latency = 46> <II = 43> <Delay = 1.50> <FuncUnit> <Opcode : 'sdiv' 'srem' 'udiv' 'urem'> <InPorts = 2> <OutPorts = 1>

State 16 <SV = 15> <Delay = 1.50>
ST_16 : Operation 67 [32/47] (1.50ns)   --->   "%out_res = udiv i43 %trunc_ln156, i43 %zext_ln160" [vitis_library_vision_L1/include\imgproc/xf_resize_nn_bilinear.hpp:160]   --->   Operation 67 'udiv' 'out_res' <Predicate = true> <Delay = 1.50> <CoreInst = "DivnS_SEQ">   --->   Core 7 'DivnS_SEQ' <Latency = 46> <II = 43> <Delay = 1.50> <FuncUnit> <Opcode : 'sdiv' 'srem' 'udiv' 'urem'> <InPorts = 2> <OutPorts = 1>

State 17 <SV = 16> <Delay = 1.50>
ST_17 : Operation 68 [31/47] (1.50ns)   --->   "%out_res = udiv i43 %trunc_ln156, i43 %zext_ln160" [vitis_library_vision_L1/include\imgproc/xf_resize_nn_bilinear.hpp:160]   --->   Operation 68 'udiv' 'out_res' <Predicate = true> <Delay = 1.50> <CoreInst = "DivnS_SEQ">   --->   Core 7 'DivnS_SEQ' <Latency = 46> <II = 43> <Delay = 1.50> <FuncUnit> <Opcode : 'sdiv' 'srem' 'udiv' 'urem'> <InPorts = 2> <OutPorts = 1>

State 18 <SV = 17> <Delay = 1.50>
ST_18 : Operation 69 [30/47] (1.50ns)   --->   "%out_res = udiv i43 %trunc_ln156, i43 %zext_ln160" [vitis_library_vision_L1/include\imgproc/xf_resize_nn_bilinear.hpp:160]   --->   Operation 69 'udiv' 'out_res' <Predicate = true> <Delay = 1.50> <CoreInst = "DivnS_SEQ">   --->   Core 7 'DivnS_SEQ' <Latency = 46> <II = 43> <Delay = 1.50> <FuncUnit> <Opcode : 'sdiv' 'srem' 'udiv' 'urem'> <InPorts = 2> <OutPorts = 1>

State 19 <SV = 18> <Delay = 1.50>
ST_19 : Operation 70 [29/47] (1.50ns)   --->   "%out_res = udiv i43 %trunc_ln156, i43 %zext_ln160" [vitis_library_vision_L1/include\imgproc/xf_resize_nn_bilinear.hpp:160]   --->   Operation 70 'udiv' 'out_res' <Predicate = true> <Delay = 1.50> <CoreInst = "DivnS_SEQ">   --->   Core 7 'DivnS_SEQ' <Latency = 46> <II = 43> <Delay = 1.50> <FuncUnit> <Opcode : 'sdiv' 'srem' 'udiv' 'urem'> <InPorts = 2> <OutPorts = 1>

State 20 <SV = 19> <Delay = 1.50>
ST_20 : Operation 71 [28/47] (1.50ns)   --->   "%out_res = udiv i43 %trunc_ln156, i43 %zext_ln160" [vitis_library_vision_L1/include\imgproc/xf_resize_nn_bilinear.hpp:160]   --->   Operation 71 'udiv' 'out_res' <Predicate = true> <Delay = 1.50> <CoreInst = "DivnS_SEQ">   --->   Core 7 'DivnS_SEQ' <Latency = 46> <II = 43> <Delay = 1.50> <FuncUnit> <Opcode : 'sdiv' 'srem' 'udiv' 'urem'> <InPorts = 2> <OutPorts = 1>

State 21 <SV = 20> <Delay = 1.50>
ST_21 : Operation 72 [27/47] (1.50ns)   --->   "%out_res = udiv i43 %trunc_ln156, i43 %zext_ln160" [vitis_library_vision_L1/include\imgproc/xf_resize_nn_bilinear.hpp:160]   --->   Operation 72 'udiv' 'out_res' <Predicate = true> <Delay = 1.50> <CoreInst = "DivnS_SEQ">   --->   Core 7 'DivnS_SEQ' <Latency = 46> <II = 43> <Delay = 1.50> <FuncUnit> <Opcode : 'sdiv' 'srem' 'udiv' 'urem'> <InPorts = 2> <OutPorts = 1>

State 22 <SV = 21> <Delay = 1.50>
ST_22 : Operation 73 [26/47] (1.50ns)   --->   "%out_res = udiv i43 %trunc_ln156, i43 %zext_ln160" [vitis_library_vision_L1/include\imgproc/xf_resize_nn_bilinear.hpp:160]   --->   Operation 73 'udiv' 'out_res' <Predicate = true> <Delay = 1.50> <CoreInst = "DivnS_SEQ">   --->   Core 7 'DivnS_SEQ' <Latency = 46> <II = 43> <Delay = 1.50> <FuncUnit> <Opcode : 'sdiv' 'srem' 'udiv' 'urem'> <InPorts = 2> <OutPorts = 1>

State 23 <SV = 22> <Delay = 1.50>
ST_23 : Operation 74 [25/47] (1.50ns)   --->   "%out_res = udiv i43 %trunc_ln156, i43 %zext_ln160" [vitis_library_vision_L1/include\imgproc/xf_resize_nn_bilinear.hpp:160]   --->   Operation 74 'udiv' 'out_res' <Predicate = true> <Delay = 1.50> <CoreInst = "DivnS_SEQ">   --->   Core 7 'DivnS_SEQ' <Latency = 46> <II = 43> <Delay = 1.50> <FuncUnit> <Opcode : 'sdiv' 'srem' 'udiv' 'urem'> <InPorts = 2> <OutPorts = 1>

State 24 <SV = 23> <Delay = 1.50>
ST_24 : Operation 75 [24/47] (1.50ns)   --->   "%out_res = udiv i43 %trunc_ln156, i43 %zext_ln160" [vitis_library_vision_L1/include\imgproc/xf_resize_nn_bilinear.hpp:160]   --->   Operation 75 'udiv' 'out_res' <Predicate = true> <Delay = 1.50> <CoreInst = "DivnS_SEQ">   --->   Core 7 'DivnS_SEQ' <Latency = 46> <II = 43> <Delay = 1.50> <FuncUnit> <Opcode : 'sdiv' 'srem' 'udiv' 'urem'> <InPorts = 2> <OutPorts = 1>

State 25 <SV = 24> <Delay = 1.50>
ST_25 : Operation 76 [23/47] (1.50ns)   --->   "%out_res = udiv i43 %trunc_ln156, i43 %zext_ln160" [vitis_library_vision_L1/include\imgproc/xf_resize_nn_bilinear.hpp:160]   --->   Operation 76 'udiv' 'out_res' <Predicate = true> <Delay = 1.50> <CoreInst = "DivnS_SEQ">   --->   Core 7 'DivnS_SEQ' <Latency = 46> <II = 43> <Delay = 1.50> <FuncUnit> <Opcode : 'sdiv' 'srem' 'udiv' 'urem'> <InPorts = 2> <OutPorts = 1>

State 26 <SV = 25> <Delay = 1.50>
ST_26 : Operation 77 [22/47] (1.50ns)   --->   "%out_res = udiv i43 %trunc_ln156, i43 %zext_ln160" [vitis_library_vision_L1/include\imgproc/xf_resize_nn_bilinear.hpp:160]   --->   Operation 77 'udiv' 'out_res' <Predicate = true> <Delay = 1.50> <CoreInst = "DivnS_SEQ">   --->   Core 7 'DivnS_SEQ' <Latency = 46> <II = 43> <Delay = 1.50> <FuncUnit> <Opcode : 'sdiv' 'srem' 'udiv' 'urem'> <InPorts = 2> <OutPorts = 1>

State 27 <SV = 26> <Delay = 1.50>
ST_27 : Operation 78 [21/47] (1.50ns)   --->   "%out_res = udiv i43 %trunc_ln156, i43 %zext_ln160" [vitis_library_vision_L1/include\imgproc/xf_resize_nn_bilinear.hpp:160]   --->   Operation 78 'udiv' 'out_res' <Predicate = true> <Delay = 1.50> <CoreInst = "DivnS_SEQ">   --->   Core 7 'DivnS_SEQ' <Latency = 46> <II = 43> <Delay = 1.50> <FuncUnit> <Opcode : 'sdiv' 'srem' 'udiv' 'urem'> <InPorts = 2> <OutPorts = 1>

State 28 <SV = 27> <Delay = 1.50>
ST_28 : Operation 79 [20/47] (1.50ns)   --->   "%out_res = udiv i43 %trunc_ln156, i43 %zext_ln160" [vitis_library_vision_L1/include\imgproc/xf_resize_nn_bilinear.hpp:160]   --->   Operation 79 'udiv' 'out_res' <Predicate = true> <Delay = 1.50> <CoreInst = "DivnS_SEQ">   --->   Core 7 'DivnS_SEQ' <Latency = 46> <II = 43> <Delay = 1.50> <FuncUnit> <Opcode : 'sdiv' 'srem' 'udiv' 'urem'> <InPorts = 2> <OutPorts = 1>

State 29 <SV = 28> <Delay = 1.50>
ST_29 : Operation 80 [19/47] (1.50ns)   --->   "%out_res = udiv i43 %trunc_ln156, i43 %zext_ln160" [vitis_library_vision_L1/include\imgproc/xf_resize_nn_bilinear.hpp:160]   --->   Operation 80 'udiv' 'out_res' <Predicate = true> <Delay = 1.50> <CoreInst = "DivnS_SEQ">   --->   Core 7 'DivnS_SEQ' <Latency = 46> <II = 43> <Delay = 1.50> <FuncUnit> <Opcode : 'sdiv' 'srem' 'udiv' 'urem'> <InPorts = 2> <OutPorts = 1>

State 30 <SV = 29> <Delay = 1.50>
ST_30 : Operation 81 [18/47] (1.50ns)   --->   "%out_res = udiv i43 %trunc_ln156, i43 %zext_ln160" [vitis_library_vision_L1/include\imgproc/xf_resize_nn_bilinear.hpp:160]   --->   Operation 81 'udiv' 'out_res' <Predicate = true> <Delay = 1.50> <CoreInst = "DivnS_SEQ">   --->   Core 7 'DivnS_SEQ' <Latency = 46> <II = 43> <Delay = 1.50> <FuncUnit> <Opcode : 'sdiv' 'srem' 'udiv' 'urem'> <InPorts = 2> <OutPorts = 1>

State 31 <SV = 30> <Delay = 1.50>
ST_31 : Operation 82 [17/47] (1.50ns)   --->   "%out_res = udiv i43 %trunc_ln156, i43 %zext_ln160" [vitis_library_vision_L1/include\imgproc/xf_resize_nn_bilinear.hpp:160]   --->   Operation 82 'udiv' 'out_res' <Predicate = true> <Delay = 1.50> <CoreInst = "DivnS_SEQ">   --->   Core 7 'DivnS_SEQ' <Latency = 46> <II = 43> <Delay = 1.50> <FuncUnit> <Opcode : 'sdiv' 'srem' 'udiv' 'urem'> <InPorts = 2> <OutPorts = 1>

State 32 <SV = 31> <Delay = 1.50>
ST_32 : Operation 83 [16/47] (1.50ns)   --->   "%out_res = udiv i43 %trunc_ln156, i43 %zext_ln160" [vitis_library_vision_L1/include\imgproc/xf_resize_nn_bilinear.hpp:160]   --->   Operation 83 'udiv' 'out_res' <Predicate = true> <Delay = 1.50> <CoreInst = "DivnS_SEQ">   --->   Core 7 'DivnS_SEQ' <Latency = 46> <II = 43> <Delay = 1.50> <FuncUnit> <Opcode : 'sdiv' 'srem' 'udiv' 'urem'> <InPorts = 2> <OutPorts = 1>

State 33 <SV = 32> <Delay = 1.50>
ST_33 : Operation 84 [15/47] (1.50ns)   --->   "%out_res = udiv i43 %trunc_ln156, i43 %zext_ln160" [vitis_library_vision_L1/include\imgproc/xf_resize_nn_bilinear.hpp:160]   --->   Operation 84 'udiv' 'out_res' <Predicate = true> <Delay = 1.50> <CoreInst = "DivnS_SEQ">   --->   Core 7 'DivnS_SEQ' <Latency = 46> <II = 43> <Delay = 1.50> <FuncUnit> <Opcode : 'sdiv' 'srem' 'udiv' 'urem'> <InPorts = 2> <OutPorts = 1>

State 34 <SV = 33> <Delay = 1.50>
ST_34 : Operation 85 [14/47] (1.50ns)   --->   "%out_res = udiv i43 %trunc_ln156, i43 %zext_ln160" [vitis_library_vision_L1/include\imgproc/xf_resize_nn_bilinear.hpp:160]   --->   Operation 85 'udiv' 'out_res' <Predicate = true> <Delay = 1.50> <CoreInst = "DivnS_SEQ">   --->   Core 7 'DivnS_SEQ' <Latency = 46> <II = 43> <Delay = 1.50> <FuncUnit> <Opcode : 'sdiv' 'srem' 'udiv' 'urem'> <InPorts = 2> <OutPorts = 1>

State 35 <SV = 34> <Delay = 1.50>
ST_35 : Operation 86 [13/47] (1.50ns)   --->   "%out_res = udiv i43 %trunc_ln156, i43 %zext_ln160" [vitis_library_vision_L1/include\imgproc/xf_resize_nn_bilinear.hpp:160]   --->   Operation 86 'udiv' 'out_res' <Predicate = true> <Delay = 1.50> <CoreInst = "DivnS_SEQ">   --->   Core 7 'DivnS_SEQ' <Latency = 46> <II = 43> <Delay = 1.50> <FuncUnit> <Opcode : 'sdiv' 'srem' 'udiv' 'urem'> <InPorts = 2> <OutPorts = 1>

State 36 <SV = 35> <Delay = 1.50>
ST_36 : Operation 87 [12/47] (1.50ns)   --->   "%out_res = udiv i43 %trunc_ln156, i43 %zext_ln160" [vitis_library_vision_L1/include\imgproc/xf_resize_nn_bilinear.hpp:160]   --->   Operation 87 'udiv' 'out_res' <Predicate = true> <Delay = 1.50> <CoreInst = "DivnS_SEQ">   --->   Core 7 'DivnS_SEQ' <Latency = 46> <II = 43> <Delay = 1.50> <FuncUnit> <Opcode : 'sdiv' 'srem' 'udiv' 'urem'> <InPorts = 2> <OutPorts = 1>

State 37 <SV = 36> <Delay = 1.50>
ST_37 : Operation 88 [11/47] (1.50ns)   --->   "%out_res = udiv i43 %trunc_ln156, i43 %zext_ln160" [vitis_library_vision_L1/include\imgproc/xf_resize_nn_bilinear.hpp:160]   --->   Operation 88 'udiv' 'out_res' <Predicate = true> <Delay = 1.50> <CoreInst = "DivnS_SEQ">   --->   Core 7 'DivnS_SEQ' <Latency = 46> <II = 43> <Delay = 1.50> <FuncUnit> <Opcode : 'sdiv' 'srem' 'udiv' 'urem'> <InPorts = 2> <OutPorts = 1>

State 38 <SV = 37> <Delay = 1.50>
ST_38 : Operation 89 [10/47] (1.50ns)   --->   "%out_res = udiv i43 %trunc_ln156, i43 %zext_ln160" [vitis_library_vision_L1/include\imgproc/xf_resize_nn_bilinear.hpp:160]   --->   Operation 89 'udiv' 'out_res' <Predicate = true> <Delay = 1.50> <CoreInst = "DivnS_SEQ">   --->   Core 7 'DivnS_SEQ' <Latency = 46> <II = 43> <Delay = 1.50> <FuncUnit> <Opcode : 'sdiv' 'srem' 'udiv' 'urem'> <InPorts = 2> <OutPorts = 1>

State 39 <SV = 38> <Delay = 1.50>
ST_39 : Operation 90 [9/47] (1.50ns)   --->   "%out_res = udiv i43 %trunc_ln156, i43 %zext_ln160" [vitis_library_vision_L1/include\imgproc/xf_resize_nn_bilinear.hpp:160]   --->   Operation 90 'udiv' 'out_res' <Predicate = true> <Delay = 1.50> <CoreInst = "DivnS_SEQ">   --->   Core 7 'DivnS_SEQ' <Latency = 46> <II = 43> <Delay = 1.50> <FuncUnit> <Opcode : 'sdiv' 'srem' 'udiv' 'urem'> <InPorts = 2> <OutPorts = 1>

State 40 <SV = 39> <Delay = 1.50>
ST_40 : Operation 91 [8/47] (1.50ns)   --->   "%out_res = udiv i43 %trunc_ln156, i43 %zext_ln160" [vitis_library_vision_L1/include\imgproc/xf_resize_nn_bilinear.hpp:160]   --->   Operation 91 'udiv' 'out_res' <Predicate = true> <Delay = 1.50> <CoreInst = "DivnS_SEQ">   --->   Core 7 'DivnS_SEQ' <Latency = 46> <II = 43> <Delay = 1.50> <FuncUnit> <Opcode : 'sdiv' 'srem' 'udiv' 'urem'> <InPorts = 2> <OutPorts = 1>

State 41 <SV = 40> <Delay = 1.50>
ST_41 : Operation 92 [7/47] (1.50ns)   --->   "%out_res = udiv i43 %trunc_ln156, i43 %zext_ln160" [vitis_library_vision_L1/include\imgproc/xf_resize_nn_bilinear.hpp:160]   --->   Operation 92 'udiv' 'out_res' <Predicate = true> <Delay = 1.50> <CoreInst = "DivnS_SEQ">   --->   Core 7 'DivnS_SEQ' <Latency = 46> <II = 43> <Delay = 1.50> <FuncUnit> <Opcode : 'sdiv' 'srem' 'udiv' 'urem'> <InPorts = 2> <OutPorts = 1>

State 42 <SV = 41> <Delay = 1.50>
ST_42 : Operation 93 [6/47] (1.50ns)   --->   "%out_res = udiv i43 %trunc_ln156, i43 %zext_ln160" [vitis_library_vision_L1/include\imgproc/xf_resize_nn_bilinear.hpp:160]   --->   Operation 93 'udiv' 'out_res' <Predicate = true> <Delay = 1.50> <CoreInst = "DivnS_SEQ">   --->   Core 7 'DivnS_SEQ' <Latency = 46> <II = 43> <Delay = 1.50> <FuncUnit> <Opcode : 'sdiv' 'srem' 'udiv' 'urem'> <InPorts = 2> <OutPorts = 1>

State 43 <SV = 42> <Delay = 1.50>
ST_43 : Operation 94 [5/47] (1.50ns)   --->   "%out_res = udiv i43 %trunc_ln156, i43 %zext_ln160" [vitis_library_vision_L1/include\imgproc/xf_resize_nn_bilinear.hpp:160]   --->   Operation 94 'udiv' 'out_res' <Predicate = true> <Delay = 1.50> <CoreInst = "DivnS_SEQ">   --->   Core 7 'DivnS_SEQ' <Latency = 46> <II = 43> <Delay = 1.50> <FuncUnit> <Opcode : 'sdiv' 'srem' 'udiv' 'urem'> <InPorts = 2> <OutPorts = 1>

State 44 <SV = 43> <Delay = 1.50>
ST_44 : Operation 95 [4/47] (1.50ns)   --->   "%out_res = udiv i43 %trunc_ln156, i43 %zext_ln160" [vitis_library_vision_L1/include\imgproc/xf_resize_nn_bilinear.hpp:160]   --->   Operation 95 'udiv' 'out_res' <Predicate = true> <Delay = 1.50> <CoreInst = "DivnS_SEQ">   --->   Core 7 'DivnS_SEQ' <Latency = 46> <II = 43> <Delay = 1.50> <FuncUnit> <Opcode : 'sdiv' 'srem' 'udiv' 'urem'> <InPorts = 2> <OutPorts = 1>

State 45 <SV = 44> <Delay = 1.50>
ST_45 : Operation 96 [3/47] (1.50ns)   --->   "%out_res = udiv i43 %trunc_ln156, i43 %zext_ln160" [vitis_library_vision_L1/include\imgproc/xf_resize_nn_bilinear.hpp:160]   --->   Operation 96 'udiv' 'out_res' <Predicate = true> <Delay = 1.50> <CoreInst = "DivnS_SEQ">   --->   Core 7 'DivnS_SEQ' <Latency = 46> <II = 43> <Delay = 1.50> <FuncUnit> <Opcode : 'sdiv' 'srem' 'udiv' 'urem'> <InPorts = 2> <OutPorts = 1>

State 46 <SV = 45> <Delay = 1.50>
ST_46 : Operation 97 [2/47] (1.50ns)   --->   "%out_res = udiv i43 %trunc_ln156, i43 %zext_ln160" [vitis_library_vision_L1/include\imgproc/xf_resize_nn_bilinear.hpp:160]   --->   Operation 97 'udiv' 'out_res' <Predicate = true> <Delay = 1.50> <CoreInst = "DivnS_SEQ">   --->   Core 7 'DivnS_SEQ' <Latency = 46> <II = 43> <Delay = 1.50> <FuncUnit> <Opcode : 'sdiv' 'srem' 'udiv' 'urem'> <InPorts = 2> <OutPorts = 1>

State 47 <SV = 46> <Delay = 1.50>
ST_47 : Operation 98 [1/47] (1.50ns)   --->   "%out_res = udiv i43 %trunc_ln156, i43 %zext_ln160" [vitis_library_vision_L1/include\imgproc/xf_resize_nn_bilinear.hpp:160]   --->   Operation 98 'udiv' 'out_res' <Predicate = true> <Delay = 1.50> <CoreInst = "DivnS_SEQ">   --->   Core 7 'DivnS_SEQ' <Latency = 46> <II = 43> <Delay = 1.50> <FuncUnit> <Opcode : 'sdiv' 'srem' 'udiv' 'urem'> <InPorts = 2> <OutPorts = 1>
ST_47 : Operation 99 [1/1] (0.00ns)   --->   "%zext_ln160_1 = zext i43 %out_res" [vitis_library_vision_L1/include\imgproc/xf_resize_nn_bilinear.hpp:160]   --->   Operation 99 'zext' 'zext_ln160_1' <Predicate = true> <Delay = 0.00>
ST_47 : Operation 100 [1/1] (0.00ns)   --->   "%ret_ln161 = ret i64 %zext_ln160_1" [vitis_library_vision_L1/include\imgproc/xf_resize_nn_bilinear.hpp:161]   --->   Operation 100 'ret' 'ret_ln161' <Predicate = true> <Delay = 0.00>


============================================================
+ Verbose Summary: Binding
============================================================
STG Binding: 
---------------- STG Properties BEGIN ----------------
- Is combinational: 0
- Is one-state seq: 0
- Is datapath-only: 0
- Is pipelined: 0
- Is top level: 0
Port [ Return ] is wired: 1; IO mode=ap_ctrl_hs:ce=0
Port [ in_n]:  wired=1; compound=0; hidden=0; nouse=0; global=0; static=0; extern=0; dir=0; type=0; pingpong=0; private_global=0; IO mode=ap_none:ce=0
Port [ in_d]:  wired=1; compound=0; hidden=0; nouse=0; global=0; static=0; extern=0; dir=0; type=0; pingpong=0; private_global=0; IO mode=ap_none:ce=0
---------------- STG Properties END ------------------

---------------- Datapath Model BEGIN ----------------

<LifeTime>
<method=bitvector/>
in_d_read    (read ) [ 000000000000000000000000000000000000000000000000]
in_n_read    (read ) [ 000000000000000000000000000000000000000000000000]
trunc_ln156  (trunc) [ 001111111111111111111111111111111111111111111111]
zext_ln160   (zext ) [ 001111111111111111111111111111111111111111111111]
out_res      (udiv ) [ 000000000000000000000000000000000000000000000000]
zext_ln160_1 (zext ) [ 000000000000000000000000000000000000000000000000]
ret_ln161    (ret  ) [ 000000000000000000000000000000000000000000000000]
</LifeTime>

<model>

<comp_list>
<comp id="0" class="1000" name="in_n">
<pin_list>
<pin id="1" dir="1" index="0" bw="1" slack="0"/>
</pin_list>
<bind>
<StgValue><ssdm name="in_n"/></StgValue>
</bind>
</comp>

<comp id="2" class="1000" name="in_d">
<pin_list>
<pin id="3" dir="1" index="0" bw="1" slack="0"/>
</pin_list>
<bind>
<StgValue><ssdm name="in_d"/></StgValue>
</bind>
</comp>

<comp id="4" class="1001" name="const_4">
<pin_list>
<pin id="5" dir="1" index="0" bw="1" slack="0"/>
</pin_list>
<bind>
<StgValue><ssdm name="_ssdm_op_Read.ap_auto.i16"/></StgValue>
</bind>
</comp>

<comp id="6" class="1001" name="const_6">
<pin_list>
<pin id="7" dir="1" index="0" bw="1" slack="0"/>
</pin_list>
<bind>
<StgValue><ssdm name="_ssdm_op_Read.ap_auto.i64"/></StgValue>
</bind>
</comp>

<comp id="8" class="1004" name="in_d_read_read_fu_8">
<pin_list>
<pin id="9" dir="0" index="0" bw="16" slack="0"/>
<pin id="10" dir="0" index="1" bw="16" slack="0"/>
<pin id="11" dir="1" index="2" bw="16" slack="0"/>
</pin_list>
<bind>
<opcode="read(1150) " fcode="read"/>
<opset="in_d_read/1 "/>
</bind>
</comp>

<comp id="14" class="1004" name="in_n_read_read_fu_14">
<pin_list>
<pin id="15" dir="0" index="0" bw="64" slack="0"/>
<pin id="16" dir="0" index="1" bw="64" slack="0"/>
<pin id="17" dir="1" index="2" bw="64" slack="0"/>
</pin_list>
<bind>
<opcode="read(1150) " fcode="read"/>
<opset="in_n_read/1 "/>
</bind>
</comp>

<comp id="20" class="1004" name="trunc_ln156_fu_20">
<pin_list>
<pin id="21" dir="0" index="0" bw="64" slack="0"/>
<pin id="22" dir="1" index="1" bw="43" slack="0"/>
</pin_list>
<bind>
<opcode="trunc(33) " fcode="trunc"/>
<opset="trunc_ln156/1 "/>
</bind>
</comp>

<comp id="24" class="1004" name="zext_ln160_fu_24">
<pin_list>
<pin id="25" dir="0" index="0" bw="16" slack="0"/>
<pin id="26" dir="1" index="1" bw="43" slack="0"/>
</pin_list>
<bind>
<opcode="zext(34) " fcode="zext"/>
<opset="zext_ln160/1 "/>
</bind>
</comp>

<comp id="28" class="1004" name="grp_fu_28">
<pin_list>
<pin id="29" dir="0" index="0" bw="43" slack="0"/>
<pin id="30" dir="0" index="1" bw="16" slack="0"/>
<pin id="31" dir="1" index="2" bw="43" slack="0"/>
</pin_list>
<bind>
<opcode="udiv(14) " fcode="udiv"/>
<opset="out_res/1 "/>
</bind>
</comp>

<comp id="34" class="1004" name="zext_ln160_1_fu_34">
<pin_list>
<pin id="35" dir="0" index="0" bw="43" slack="0"/>
<pin id="36" dir="1" index="1" bw="64" slack="2147483647"/>
</pin_list>
<bind>
<opcode="zext(34) " fcode="zext"/>
<opset="zext_ln160_1/47 "/>
</bind>
</comp>

<comp id="38" class="1005" name="trunc_ln156_reg_38">
<pin_list>
<pin id="39" dir="0" index="0" bw="43" slack="1"/>
<pin id="40" dir="1" index="1" bw="43" slack="1"/>
</pin_list>
<bind>
<opset="trunc_ln156 "/>
</bind>
</comp>

<comp id="43" class="1005" name="zext_ln160_reg_43">
<pin_list>
<pin id="44" dir="0" index="0" bw="43" slack="1"/>
<pin id="45" dir="1" index="1" bw="43" slack="1"/>
</pin_list>
<bind>
<opset="zext_ln160 "/>
</bind>
</comp>

</comp_list>

<net_list>
<net id="12"><net_src comp="4" pin="0"/><net_sink comp="8" pin=0"/></net>

<net id="13"><net_src comp="2" pin="0"/><net_sink comp="8" pin=1"/></net>

<net id="18"><net_src comp="6" pin="0"/><net_sink comp="14" pin=0"/></net>

<net id="19"><net_src comp="0" pin="0"/><net_sink comp="14" pin=1"/></net>

<net id="23"><net_src comp="14" pin="2"/><net_sink comp="20" pin=0"/></net>

<net id="27"><net_src comp="8" pin="2"/><net_sink comp="24" pin=0"/></net>

<net id="32"><net_src comp="20" pin="1"/><net_sink comp="28" pin=0"/></net>

<net id="33"><net_src comp="24" pin="1"/><net_sink comp="28" pin=1"/></net>

<net id="37"><net_src comp="28" pin="2"/><net_sink comp="34" pin=0"/></net>

<net id="41"><net_src comp="20" pin="1"/><net_sink comp="38" pin=0"/></net>

<net id="42"><net_src comp="38" pin="1"/><net_sink comp="28" pin=0"/></net>

<net id="46"><net_src comp="24" pin="1"/><net_sink comp="43" pin=0"/></net>

<net id="47"><net_src comp="43" pin="1"/><net_sink comp="28" pin=1"/></net>

</net_list>

</model> 
---------------- Datapath Model END ------------------

* FSMD analyzer results:
  - Output states:
 - Input state : 
	Port: xfUDivResize : in_n | {1 }
	Port: xfUDivResize : in_d | {1 }
  - Chain level:
	State 1
		out_res : 1
	State 2
	State 3
	State 4
	State 5
	State 6
	State 7
	State 8
	State 9
	State 10
	State 11
	State 12
	State 13
	State 14
	State 15
	State 16
	State 17
	State 18
	State 19
	State 20
	State 21
	State 22
	State 23
	State 24
	State 25
	State 26
	State 27
	State 28
	State 29
	State 30
	State 31
	State 32
	State 33
	State 34
	State 35
	State 36
	State 37
	State 38
	State 39
	State 40
	State 41
	State 42
	State 43
	State 44
	State 45
	State 46
	State 47
		zext_ln160_1 : 1
		ret_ln161 : 2


============================================================
+ Verbose Summary: Datapath Resource usage 
============================================================

* Functional unit list:
|----------|----------------------|---------|---------|
| Operation|    Functional Unit   |    FF   |   LUT   |
|----------|----------------------|---------|---------|
|   udiv   |       grp_fu_28      |   526   |   317   |
|----------|----------------------|---------|---------|
|   read   |  in_d_read_read_fu_8 |    0    |    0    |
|          | in_n_read_read_fu_14 |    0    |    0    |
|----------|----------------------|---------|---------|
|   trunc  |   trunc_ln156_fu_20  |    0    |    0    |
|----------|----------------------|---------|---------|
|   zext   |   zext_ln160_fu_24   |    0    |    0    |
|          |  zext_ln160_1_fu_34  |    0    |    0    |
|----------|----------------------|---------|---------|
|   Total  |                      |   526   |   317   |
|----------|----------------------|---------|---------|

Memories:
N/A

* Register list:
+------------------+--------+
|                  |   FF   |
+------------------+--------+
|trunc_ln156_reg_38|   43   |
| zext_ln160_reg_43|   43   |
+------------------+--------+
|       Total      |   86   |
+------------------+--------+

* Multiplexer (MUX) list: 
|-----------|------|------|------|--------||---------||---------|
|    Comp   |  Pin | Size |  BW  | S x BW ||  Delay  ||   LUT   |
|-----------|------|------|------|--------||---------||---------|
| grp_fu_28 |  p0  |   2  |  43  |   86   ||    9    |
| grp_fu_28 |  p1  |   2  |  16  |   32   ||    9    |
|-----------|------|------|------|--------||---------||---------|
|   Total   |      |      |      |   118  ||  0.854  ||    18   |
|-----------|------|------|------|--------||---------||---------|



* Summary:
+-----------+--------+--------+--------+
|           |  Delay |   FF   |   LUT  |
+-----------+--------+--------+--------+
|  Function |    -   |   526  |   317  |
|   Memory  |    -   |    -   |    -   |
|Multiplexer|    0   |    -   |   18   |
|  Register |    -   |   86   |    -   |
+-----------+--------+--------+--------+
|   Total   |    0   |   612  |   335  |
+-----------+--------+--------+--------+
