

================================================================
== Vitis HLS Report for 'xfUDivResize'
================================================================
* Date:           Wed Jan 17 16:57:36 2024

* Version:        2020.2 (Build 3064766 on Wed Nov 18 09:12:45 MST 2020)
* Project:        hls_project
* Solution:       solution1 (Vivado IP Flow Target)
* Product family: zynquplus
* Target device:  xczu7ev-ffvc1156-2-e


================================================================
== Performance Estimates
================================================================
+ Timing: 
    * Summary: 
    +--------+----------+----------+------------+
    |  Clock |  Target  | Estimated| Uncertainty|
    +--------+----------+----------+------------+
    |ap_clk  |  10.00 ns|  1.507 ns|     2.70 ns|
    +--------+----------+----------+------------+

+ Latency: 
    * Summary: 
    +---------+---------+----------+----------+-----+-----+---------+
    |  Latency (cycles) |  Latency (absolute) |  Interval | Pipeline|
    |   min   |   max   |    min   |    max   | min | max |   Type  |
    +---------+---------+----------+----------+-----+-----+---------+
    |       46|       46|  0.460 us|  0.460 us|   46|   46|     none|
    +---------+---------+----------+----------+-----+-----+---------+

    + Detail: 
        * Instance: 
        N/A

        * Loop: 
        N/A

============================================================
+ Verbose Summary: Synthesis Manager
============================================================
InlineROM: 1
ExposeGlobal: 0
============================================================
+ Verbose Summary: CDFG Model
============================================================
IsTopModel: 0
ResetActiveHigh: 1
IsCombinational: 0
IsDatapathOnly: 0
HasWiredReturn: 1
HasMFsm: 0
HasVarLatency: 1
IsPipeline: 0
IsRtlPipelined: 0
IsInstanceOverlapped: 0
IsDontTouch: 0
HasImplIP: 0
IsGatedGlobalClock: 0


============================================================
+ Verbose Summary: Schedule
============================================================
* Number of FSM states : 47
* Pipeline : 0
* Dataflow Pipeline: 0

* FSM state transitions: 
1 --> 2 
2 --> 3 
3 --> 4 
4 --> 5 
5 --> 6 
6 --> 7 
7 --> 8 
8 --> 9 
9 --> 10 
10 --> 11 
11 --> 12 
12 --> 13 
13 --> 14 
14 --> 15 
15 --> 16 
16 --> 17 
17 --> 18 
18 --> 19 
19 --> 20 
20 --> 21 
21 --> 22 
22 --> 23 
23 --> 24 
24 --> 25 
25 --> 26 
26 --> 27 
27 --> 28 
28 --> 29 
29 --> 30 
30 --> 31 
31 --> 32 
32 --> 33 
33 --> 34 
34 --> 35 
35 --> 36 
36 --> 37 
37 --> 38 
38 --> 39 
39 --> 40 
40 --> 41 
41 --> 42 
42 --> 43 
43 --> 44 
44 --> 45 
45 --> 46 
46 --> 47 
47 --> 

* FSM state operations: 

State 1 <SV = 0> <Delay = 1.50>
ST_1 : Operation 48 [1/1] (0.00ns)   --->   "%in_d_read = read i16 @_ssdm_op_Read.ap_auto.i16, i16 %in_d"   --->   Operation 48 'read' 'in_d_read' <Predicate = true> <Delay = 0.00>
ST_1 : Operation 49 [1/1] (0.00ns)   --->   "%in_n_read = read i64 @_ssdm_op_Read.ap_auto.i64, i64 %in_n"   --->   Operation 49 'read' 'in_n_read' <Predicate = true> <Delay = 0.00>
ST_1 : Operation 50 [1/1] (0.00ns)   --->   "%trunc_ln156 = trunc i64 %in_n_read" [vitis_library_vision_L1/include\imgproc/xf_resize_nn_bilinear.hpp:156]   --->   Operation 50 'trunc' 'trunc_ln156' <Predicate = true> <Delay = 0.00>
ST_1 : Operation 51 [1/1] (0.00ns)   --->   "%zext_ln160 = zext i16 %in_d_read" [vitis_library_vision_L1/include\imgproc/xf_resize_nn_bilinear.hpp:160]   --->   Operation 51 'zext' 'zext_ln160' <Predicate = true> <Delay = 0.00>
ST_1 : Operation 52 [47/47] (1.50ns)   --->   "%out_res = udiv i43 %trunc_ln156, i43 %zext_ln160" [vitis_library_vision_L1/include\imgproc/xf_resize_nn_bilinear.hpp:160]   --->   Operation 52 'udiv' 'out_res' <Predicate = true> <Delay = 1.50> <CoreInst = "DivnS_SEQ">   --->   Core 7 'DivnS_SEQ' <Latency = 46> <II = 43> <Delay = 1.50> <FuncUnit> <Opcode : 'sdiv' 'srem' 'udiv' 'urem'> <InPorts = 2> <OutPorts = 1>

State 2 <SV = 1> <Delay = 1.50>
ST_2 : Operation 53 [46/47] (1.50ns)   --->   "%out_res = udiv i43 %trunc_ln156, i43 %zext_ln160" [vitis_library_vision_L1/include\imgproc/xf_resize_nn_bilinear.hpp:160]   --->   Operation 53 'udiv' 'out_res' <Predicate = true> <Delay = 1.50> <CoreInst = "DivnS_SEQ">   --->   Core 7 'DivnS_SEQ' <Latency = 46> <II = 43> <Delay = 1.50> <FuncUnit> <Opcode : 'sdiv' 'srem' 'udiv' 'urem'> <InPorts = 2> <OutPorts = 1>

State 3 <SV = 2> <Delay = 1.50>
ST_3 : Operation 54 [45/47] (1.50ns)   --->   "%out_res = udiv i43 %trunc_ln156, i43 %zext_ln160" [vitis_library_vision_L1/include\imgproc/xf_resize_nn_bilinear.hpp:160]   --->   Operation 54 'udiv' 'out_res' <Predicate = true> <Delay = 1.50> <CoreInst = "DivnS_SEQ">   --->   Core 7 'DivnS_SEQ' <Latency = 46> <II = 43> <Delay = 1.50> <FuncUnit> <Opcode : 'sdiv' 'srem' 'udiv' 'urem'> <InPorts = 2> <OutPorts = 1>

State 4 <SV = 3> <Delay = 1.50>
ST_4 : Operation 55 [44/47] (1.50ns)   --->   "%out_res = udiv i43 %trunc_ln156, i43 %zext_ln160" [vitis_library_vision_L1/include\imgproc/xf_resize_nn_bilinear.hpp:160]   --->   Operation 55 'udiv' 'out_res' <Predicate = true> <Delay = 1.50> <CoreInst = "DivnS_SEQ">   --->   Core 7 'DivnS_SEQ' <Latency = 46> <II = 43> <Delay = 1.50> <FuncUnit> <Opcode : 'sdiv' 'srem' 'udiv' 'urem'> <InPorts = 2> <OutPorts = 1>

State 5 <SV = 4> <Delay = 1.50>
ST_5 : Operation 56 [43/47] (1.50ns)   --->   "%out_res = udiv i43 %trunc_ln156, i43 %zext_ln160" [vitis_library_vision_L1/include\imgproc/xf_resize_nn_bilinear.hpp:160]   --->   Operation 56 'udiv' 'out_res' <Predicate = true> <Delay = 1.50> <CoreInst = "DivnS_SEQ">   --->   Core 7 'DivnS_SEQ' <Latency = 46> <II = 43> <Delay = 1.50> <FuncUnit> <Opcode : 'sdiv' 'srem' 'udiv' 'urem'> <InPorts = 2> <OutPorts = 1>

State 6 <SV = 5> <Delay = 1.50>
ST_6 : Operation 57 [42/47] (1.50ns)   --->   "%out_res = udiv i43 %trunc_ln156, i43 %zext_ln160" [vitis_library_vision_L1/include\imgproc/xf_resize_nn_bilinear.hpp:160]   --->   Operation 57 'udiv' 'out_res' <Predicate = true> <Delay = 1.50> <CoreInst = "DivnS_SEQ">   --->   Core 7 'DivnS_SEQ' <Latency = 46> <II = 43> <Delay = 1.50> <FuncUnit> <Opcode : 'sdiv' 'srem' 'udiv' 'urem'> <InPorts = 2> <OutPorts = 1>

State 7 <SV = 6> <Delay = 1.50>
ST_7 : Operation 58 [41/47] (1.50ns)   --->   "%out_res = udiv i43 %trunc_ln156, i43 %zext_ln160" [vitis_library_vision_L1/include\imgproc/xf_resize_nn_bilinear.hpp:160]   --->   Operation 58 'udiv' 'out_res' <Predicate = true> <Delay = 1.50> <CoreInst = "DivnS_SEQ">   --->   Core 7 'DivnS_SEQ' <Latency = 46> <II = 43> <Delay = 1.50> <FuncUnit> <Opcode : 'sdiv' 'srem' 'udiv' 'urem'> <InPorts = 2> <OutPorts = 1>

State 8 <SV = 7> <Delay = 1.50>
ST_8 : Operation 59 [40/47] (1.50ns)   --->   "%out_res = udiv i43 %trunc_ln156, i43 %zext_ln160" [vitis_library_vision_L1/include\imgproc/xf_resize_nn_bilinear.hpp:160]   --->   Operation 59 'udiv' 'out_res' <Predicate = true> <Delay = 1.50> <CoreInst = "DivnS_SEQ">   --->   Core 7 'DivnS_SEQ' <Latency = 46> <II = 43> <Delay = 1.50> <FuncUnit> <Opcode : 'sdiv' 'srem' 'udiv' 'urem'> <InPorts = 2> <OutPorts = 1>

State 9 <SV = 8> <Delay = 1.50>
ST_9 : Operation 60 [39/47] (1.50ns)   --->   "%out_res = udiv i43 %trunc_ln156, i43 %zext_ln160" [vitis_library_vision_L1/include\imgproc/xf_resize_nn_bilinear.hpp:160]   --->   Operation 60 'udiv' 'out_res' <Predicate = true> <Delay = 1.50> <CoreInst = "DivnS_SEQ">   --->   Core 7 'DivnS_SEQ' <Latency = 46> <II = 43> <Delay = 1.50> <FuncUnit> <Opcode : 'sdiv' 'srem' 'udiv' 'urem'> <InPorts = 2> <OutPorts = 1>

State 10 <SV = 9> <Delay = 1.50>
ST_10 : Operation 61 [38/47] (1.50ns)   --->   "%out_res = udiv i43 %trunc_ln156, i43 %zext_ln160" [vitis_library_vision_L1/include\imgproc/xf_resize_nn_bilinear.hpp:160]   --->   Operation 61 'udiv' 'out_res' <Predicate = true> <Delay = 1.50> <CoreInst = "DivnS_SEQ">   --->   Core 7 'DivnS_SEQ' <Latency = 46> <II = 43> <Delay = 1.50> <FuncUnit> <Opcode : 'sdiv' 'srem' 'udiv' 'urem'> <InPorts = 2> <OutPorts = 1>

State 11 <SV = 10> <Delay = 1.50>
ST_11 : Operation 62 [37/47] (1.50ns)   --->   "%out_res = udiv i43 %trunc_ln156, i43 %zext_ln160" [vitis_library_vision_L1/include\imgproc/xf_resize_nn_bilinear.hpp:160]   --->   Operation 62 'udiv' 'out_res' <Predicate = true> <Delay = 1.50> <CoreInst = "DivnS_SEQ">   --->   Core 7 'DivnS_SEQ' <Latency = 46> <II = 43> <Delay = 1.50> <FuncUnit> <Opcode : 'sdiv' 'srem' 'udiv' 'urem'> <InPorts = 2> <OutPorts = 1>

State 12 <SV = 11> <Delay = 1.50>
ST_12 : Operation 63 [36/47] (1.50ns)   --->   "%out_res = udiv i43 %trunc_ln156, i43 %zext_ln160" [vitis_library_vision_L1/include\imgproc/xf_resize_nn_bilinear.hpp:160]   --->   Operation 63 'udiv' 'out_res' <Predicate = true> <Delay = 1.50> <CoreInst = "DivnS_SEQ">   --->   Core 7 'DivnS_SEQ' <Latency = 46> <II = 43> <Delay = 1.50> <FuncUnit> <Opcode : 'sdiv' 'srem' 'udiv' 'urem'> <InPorts = 2> <OutPorts = 1>

State 13 <SV = 12> <Delay = 1.50>
ST_13 : Operation 64 [35/47] (1.50ns)   --->   "%out_res = udiv i43 %trunc_ln156, i43 %zext_ln160" [vitis_library_vision_L1/include\imgproc/xf_resize_nn_bilinear.hpp:160]   --->   Operation 64 'udiv' 'out_res' <Predicate = true> <Delay = 1.50> <CoreInst = "DivnS_SEQ">   --->   Core 7 'DivnS_SEQ' <Latency = 46> <II = 43> <Delay = 1.50> <FuncUnit> <Opcode : 'sdiv' 'srem' 'udiv' 'urem'> <InPorts = 2> <OutPorts = 1>

State 14 <SV = 13> <Delay = 1.50>
ST_14 : Operation 65 [34/47] (1.50ns)   --->   "%out_res = udiv i43 %trunc_ln156, i43 %zext_ln160" [vitis_library_vision_L1/include\imgproc/xf_resize_nn_bilinear.hpp:160]   --->   Operation 65 'udiv' 'out_res' <Predicate = true> <Delay = 1.50> <CoreInst = "DivnS_SEQ">   --->   Core 7 'DivnS_SEQ' <Latency = 46> <II = 43> <Delay = 1.50> <FuncUnit> <Opcode : 'sdiv' 'srem' 'udiv' 'urem'> <InPorts = 2> <OutPorts = 1>

State 15 <SV = 14> <Delay = 1.50>
ST_15 : Operation 66 [33/47] (1.50ns)   --->   "%out_res = udiv i43 %trunc_ln156, i43 %zext_ln160" [vitis_library_vision_L1/include\imgproc/xf_resize_nn_bilinear.hpp:160]   --->   Operation 66 'udiv' 'out_res' <Predicate = true> <Delay = 1.50> <CoreInst = "DivnS_SEQ">   --->   Core 7 'DivnS_SEQ' <Latency = 46> <II = 43> <Delay = 1.50> <FuncUnit> <Opcode : 'sdiv' 'srem' 'udiv' 'urem'> <InPorts = 2> <OutPorts = 1>

State 16 <SV = 15> <Delay = 1.50>
ST_16 : Operation 67 [32/47] (1.50ns)   --->   "%out_res = udiv i43 %trunc_ln156, i43 %zext_ln160" [vitis_library_vision_L1/include\imgproc/xf_resize_nn_bilinear.hpp:160]   --->   Operation 67 'udiv' 'out_res' <Predicate = true> <Delay = 1.50> <CoreInst = "DivnS_SEQ">   --->   Core 7 'DivnS_SEQ' <Latency = 46> <II = 43> <Delay = 1.50> <FuncUnit> <Opcode : 'sdiv' 'srem' 'udiv' 'urem'> <InPorts = 2> <OutPorts = 1>

State 17 <SV = 16> <Delay = 1.50>
ST_17 : Operation 68 [31/47] (1.50ns)   --->   "%out_res = udiv i43 %trunc_ln156, i43 %zext_ln160" [vitis_library_vision_L1/include\imgproc/xf_resize_nn_bilinear.hpp:160]   --->   Operation 68 'udiv' 'out_res' <Predicate = true> <Delay = 1.50> <CoreInst = "DivnS_SEQ">   --->   Core 7 'DivnS_SEQ' <Latency = 46> <II = 43> <Delay = 1.50> <FuncUnit> <Opcode : 'sdiv' 'srem' 'udiv' 'urem'> <InPorts = 2> <OutPorts = 1>

State 18 <SV = 17> <Delay = 1.50>
ST_18 : Operation 69 [30/47] (1.50ns)   --->   "%out_res = udiv i43 %trunc_ln156, i43 %zext_ln160" [vitis_library_vision_L1/include\imgproc/xf_resize_nn_bilinear.hpp:160]   --->   Operation 69 'udiv' 'out_res' <Predicate = true> <Delay = 1.50> <CoreInst = "DivnS_SEQ">   --->   Core 7 'DivnS_SEQ' <Latency = 46> <II = 43> <Delay = 1.50> <FuncUnit> <Opcode : 'sdiv' 'srem' 'udiv' 'urem'> <InPorts = 2> <OutPorts = 1>

State 19 <SV = 18> <Delay = 1.50>
ST_19 : Operation 70 [29/47] (1.50ns)   --->   "%out_res = udiv i43 %trunc_ln156, i43 %zext_ln160" [vitis_library_vision_L1/include\imgproc/xf_resize_nn_bilinear.hpp:160]   --->   Operation 70 'udiv' 'out_res' <Predicate = true> <Delay = 1.50> <CoreInst = "DivnS_SEQ">   --->   Core 7 'DivnS_SEQ' <Latency = 46> <II = 43> <Delay = 1.50> <FuncUnit> <Opcode : 'sdiv' 'srem' 'udiv' 'urem'> <InPorts = 2> <OutPorts = 1>

State 20 <SV = 19> <Delay = 1.50>
ST_20 : Operation 71 [28/47] (1.50ns)   --->   "%out_res = udiv i43 %trunc_ln156, i43 %zext_ln160" [vitis_library_vision_L1/include\imgproc/xf_resize_nn_bilinear.hpp:160]   --->   Operation 71 'udiv' 'out_res' <Predicate = true> <Delay = 1.50> <CoreInst = "DivnS_SEQ">   --->   Core 7 'DivnS_SEQ' <Latency = 46> <II = 43> <Delay = 1.50> <FuncUnit> <Opcode : 'sdiv' 'srem' 'udiv' 'urem'> <InPorts = 2> <OutPorts = 1>

State 21 <SV = 20> <Delay = 1.50>
ST_21 : Operation 72 [27/47] (1.50ns)   --->   "%out_res = udiv i43 %trunc_ln156, i43 %zext_ln160" [vitis_library_vision_L1/include\imgproc/xf_resize_nn_bilinear.hpp:160]   --->   Operation 72 'udiv' 'out_res' <Predicate = true> <Delay = 1.50> <CoreInst = "DivnS_SEQ">   --->   Core 7 'DivnS_SEQ' <Latency = 46> <II = 43> <Delay = 1.50> <FuncUnit> <Opcode : 'sdiv' 'srem' 'udiv' 'urem'> <InPorts = 2> <OutPorts = 1>

State 22 <SV = 21> <Delay = 1.50>
ST_22 : Operation 73 [26/47] (1.50ns)   --->   "%out_res = udiv i43 %trunc_ln156, i43 %zext_ln160" [vitis_library_vision_L1/include\imgproc/xf_resize_nn_bilinear.hpp:160]   --->   Operation 73 'udiv' 'out_res' <Predicate = true> <Delay = 1.50> <CoreInst = "DivnS_SEQ">   --->   Core 7 'DivnS_SEQ' <Latency = 46> <II = 43> <Delay = 1.50> <FuncUnit> <Opcode : 'sdiv' 'srem' 'udiv' 'urem'> <InPorts = 2> <OutPorts = 1>

State 23 <SV = 22> <Delay = 1.50>
ST_23 : Operation 74 [25/47] (1.50ns)   --->   "%out_res = udiv i43 %trunc_ln156, i43 %zext_ln160" [vitis_library_vision_L1/include\imgproc/xf_resize_nn_bilinear.hpp:160]   --->   Operation 74 'udiv' 'out_res' <Predicate = true> <Delay = 1.50> <CoreInst = "DivnS_SEQ">   --->   Core 7 'DivnS_SEQ' <Latency = 46> <II = 43> <Delay = 1.50> <FuncUnit> <Opcode : 'sdiv' 'srem' 'udiv' 'urem'> <InPorts = 2> <OutPorts = 1>

State 24 <SV = 23> <Delay = 1.50>
ST_24 : Operation 75 [24/47] (1.50ns)   --->   "%out_res = udiv i43 %trunc_ln156, i43 %zext_ln160" [vitis_library_vision_L1/include\imgproc/xf_resize_nn_bilinear.hpp:160]   --->   Operation 75 'udiv' 'out_res' <Predicate = true> <Delay = 1.50> <CoreInst = "DivnS_SEQ">   --->   Core 7 'DivnS_SEQ' <Latency = 46> <II = 43> <Delay = 1.50> <FuncUnit> <Opcode : 'sdiv' 'srem' 'udiv' 'urem'> <InPorts = 2> <OutPorts = 1>

State 25 <SV = 24> <Delay = 1.50>
ST_25 : Operation 76 [23/47] (1.50ns)   --->   "%out_res = udiv i43 %trunc_ln156, i43 %zext_ln160" [vitis_library_vision_L1/include\imgproc/xf_resize_nn_bilinear.hpp:160]   --->   Operation 76 'udiv' 'out_res' <Predicate = true> <Delay = 1.50> <CoreInst = "DivnS_SEQ">   --->   Core 7 'DivnS_SEQ' <Latency = 46> <II = 43> <Delay = 1.50> <FuncUnit> <Opcode : 'sdiv' 'srem' 'udiv' 'urem'> <InPorts = 2> <OutPorts = 1>

State 26 <SV = 25> <Delay = 1.50>
ST_26 : Operation 77 [22/47] (1.50ns)   --->   "%out_res = udiv i43 %trunc_ln156, i43 %zext_ln160" [vitis_library_vision_L1/include\imgproc/xf_resize_nn_bilinear.hpp:160]   --->   Operation 77 'udiv' 'out_res' <Predicate = true> <Delay = 1.50> <CoreInst = "DivnS_SEQ">   --->   Core 7 'DivnS_SEQ' <Latency = 46> <II = 43> <Delay = 1.50> <FuncUnit> <Opcode : 'sdiv' 'srem' 'udiv' 'urem'> <InPorts = 2> <OutPorts = 1>

State 27 <SV = 26> <Delay = 1.50>
ST_27 : Operation 78 [21/47] (1.50ns)   --->   "%out_res = udiv i43 %trunc_ln156, i43 %zext_ln160" [vitis_library_vision_L1/include\imgproc/xf_resize_nn_bilinear.hpp:160]   --->   Operation 78 'udiv' 'out_res' <Predicate = true> <Delay = 1.50> <CoreInst = "DivnS_SEQ">   --->   Core 7 'DivnS_SEQ' <Latency = 46> <II = 43> <Delay = 1.50> <FuncUnit> <Opcode : 'sdiv' 'srem' 'udiv' 'urem'> <InPorts = 2> <OutPorts = 1>

State 28 <SV = 27> <Delay = 1.50>
ST_28 : Operation 79 [20/47] (1.50ns)   --->   "%out_res = udiv i43 %trunc_ln156, i43 %zext_ln160" [vitis_library_vision_L1/include\imgproc/xf_resize_nn_bilinear.hpp:160]   --->   Operation 79 'udiv' 'out_res' <Predicate = true> <Delay = 1.50> <CoreInst = "DivnS_SEQ">   --->   Core 7 'DivnS_SEQ' <Latency = 46> <II = 43> <Delay = 1.50> <FuncUnit> <Opcode : 'sdiv' 'srem' 'udiv' 'urem'> <InPorts = 2> <OutPorts = 1>

State 29 <SV = 28> <Delay = 1.50>
ST_29 : Operation 80 [19/47] (1.50ns)   --->   "%out_res = udiv i43 %trunc_ln156, i43 %zext_ln160" [vitis_library_vision_L1/include\imgproc/xf_resize_nn_bilinear.hpp:160]   --->   Operation 80 'udiv' 'out_res' <Predicate = true> <Delay = 1.50> <CoreInst = "DivnS_SEQ">   --->   Core 7 'DivnS_SEQ' <Latency = 46> <II = 43> <Delay = 1.50> <FuncUnit> <Opcode : 'sdiv' 'srem' 'udiv' 'urem'> <InPorts = 2> <OutPorts = 1>

State 30 <SV = 29> <Delay = 1.50>
ST_30 : Operation 81 [18/47] (1.50ns)   --->   "%out_res = udiv i43 %trunc_ln156, i43 %zext_ln160" [vitis_library_vision_L1/include\imgproc/xf_resize_nn_bilinear.hpp:160]   --->   Operation 81 'udiv' 'out_res' <Predicate = true> <Delay = 1.50> <CoreInst = "DivnS_SEQ">   --->   Core 7 'DivnS_SEQ' <Latency = 46> <II = 43> <Delay = 1.50> <FuncUnit> <Opcode : 'sdiv' 'srem' 'udiv' 'urem'> <InPorts = 2> <OutPorts = 1>

State 31 <SV = 30> <Delay = 1.50>
ST_31 : Operation 82 [17/47] (1.50ns)   --->   "%out_res = udiv i43 %trunc_ln156, i43 %zext_ln160" [vitis_library_vision_L1/include\imgproc/xf_resize_nn_bilinear.hpp:160]   --->   Operation 82 'udiv' 'out_res' <Predicate = true> <Delay = 1.50> <CoreInst = "DivnS_SEQ">   --->   Core 7 'DivnS_SEQ' <Latency = 46> <II = 43> <Delay = 1.50> <FuncUnit> <Opcode : 'sdiv' 'srem' 'udiv' 'urem'> <InPorts = 2> <OutPorts = 1>

State 32 <SV = 31> <Delay = 1.50>
ST_32 : Operation 83 [16/47] (1.50ns)   --->   "%out_res = udiv i43 %trunc_ln156, i43 %zext_ln160" [vitis_library_vision_L1/include\imgproc/xf_resize_nn_bilinear.hpp:160]   --->   Operation 83 'udiv' 'out_res' <Predicate = true> <Delay = 1.50> <CoreInst = "DivnS_SEQ">   --->   Core 7 'DivnS_SEQ' <Latency = 46> <II = 43> <Delay = 1.50> <FuncUnit> <Opcode : 'sdiv' 'srem' 'udiv' 'urem'> <InPorts = 2> <OutPorts = 1>

State 33 <SV = 32> <Delay = 1.50>
ST_33 : Operation 84 [15/47] (1.50ns)   --->   "%out_res = udiv i43 %trunc_ln156, i43 %zext_ln160" [vitis_library_vision_L1/include\imgproc/xf_resize_nn_bilinear.hpp:160]   --->   Operation 84 'udiv' 'out_res' <Predicate = true> <Delay = 1.50> <CoreInst = "DivnS_SEQ">   --->   Core 7 'DivnS_SEQ' <Latency = 46> <II = 43> <Delay = 1.50> <FuncUnit> <Opcode : 'sdiv' 'srem' 'udiv' 'urem'> <InPorts = 2> <OutPorts = 1>

State 34 <SV = 33> <Delay = 1.50>
ST_34 : Operation 85 [14/47] (1.50ns)   --->   "%out_res = udiv i43 %trunc_ln156, i43 %zext_ln160" [vitis_library_vision_L1/include\imgproc/xf_resize_nn_bilinear.hpp:160]   --->   Operation 85 'udiv' 'out_res' <Predicate = true> <Delay = 1.50> <CoreInst = "DivnS_SEQ">   --->   Core 7 'DivnS_SEQ' <Latency = 46> <II = 43> <Delay = 1.50> <FuncUnit> <Opcode : 'sdiv' 'srem' 'udiv' 'urem'> <InPorts = 2> <OutPorts = 1>

State 35 <SV = 34> <Delay = 1.50>
ST_35 : Operation 86 [13/47] (1.50ns)   --->   "%out_res = udiv i43 %trunc_ln156, i43 %zext_ln160" [vitis_library_vision_L1/include\imgproc/xf_resize_nn_bilinear.hpp:160]   --->   Operation 86 'udiv' 'out_res' <Predicate = true> <Delay = 1.50> <CoreInst = "DivnS_SEQ">   --->   Core 7 'DivnS_SEQ' <Latency = 46> <II = 43> <Delay = 1.50> <FuncUnit> <Opcode : 'sdiv' 'srem' 'udiv' 'urem'> <InPorts = 2> <OutPorts = 1>

State 36 <SV = 35> <Delay = 1.50>
ST_36 : Operation 87 [12/47] (1.50ns)   --->   "%out_res = udiv i43 %trunc_ln156, i43 %zext_ln160" [vitis_library_vision_L1/include\imgproc/xf_resize_nn_bilinear.hpp:160]   --->   Operation 87 'udiv' 'out_res' <Predicate = true> <Delay = 1.50> <CoreInst = "DivnS_SEQ">   --->   Core 7 'DivnS_SEQ' <Latency = 46> <II = 43> <Delay = 1.50> <FuncUnit> <Opcode : 'sdiv' 'srem' 'udiv' 'urem'> <InPorts = 2> <OutPorts = 1>

State 37 <SV = 36> <Delay = 1.50>
ST_37 : Operation 88 [11/47] (1.50ns)   --->   "%out_res = udiv i43 %trunc_ln156, i43 %zext_ln160" [vitis_library_vision_L1/include\imgproc/xf_resize_nn_bilinear.hpp:160]   --->   Operation 88 'udiv' 'out_res' <Predicate = true> <Delay = 1.50> <CoreInst = "DivnS_SEQ">   --->   Core 7 'DivnS_SEQ' <Latency = 46> <II = 43> <Delay = 1.50> <FuncUnit> <Opcode : 'sdiv' 'srem' 'udiv' 'urem'> <InPorts = 2> <OutPorts = 1>

State 38 <SV = 37> <Delay = 1.50>
ST_38 : Operation 89 [10/47] (1.50ns)   --->   "%out_res = udiv i43 %trunc_ln156, i43 %zext_ln160" [vitis_library_vision_L1/include\imgproc/xf_resize_nn_bilinear.hpp:160]   --->   Operation 89 'udiv' 'out_res' <Predicate = true> <Delay = 1.50> <CoreInst = "DivnS_SEQ">   --->   Core 7 'DivnS_SEQ' <Latency = 46> <II = 43> <Delay = 1.50> <FuncUnit> <Opcode : 'sdiv' 'srem' 'udiv' 'urem'> <InPorts = 2> <OutPorts = 1>

State 39 <SV = 38> <Delay = 1.50>
ST_39 : Operation 90 [9/47] (1.50ns)   --->   "%out_res = udiv i43 %trunc_ln156, i43 %zext_ln160" [vitis_library_vision_L1/include\imgproc/xf_resize_nn_bilinear.hpp:160]   --->   Operation 90 'udiv' 'out_res' <Predicate = true> <Delay = 1.50> <CoreInst = "DivnS_SEQ">   --->   Core 7 'DivnS_SEQ' <Latency = 46> <II = 43> <Delay = 1.50> <FuncUnit> <Opcode : 'sdiv' 'srem' 'udiv' 'urem'> <InPorts = 2> <OutPorts = 1>

State 40 <SV = 39> <Delay = 1.50>
ST_40 : Operation 91 [8/47] (1.50ns)   --->   "%out_res = udiv i43 %trunc_ln156, i43 %zext_ln160" [vitis_library_vision_L1/include\imgproc/xf_resize_nn_bilinear.hpp:160]   --->   Operation 91 'udiv' 'out_res' <Predicate = true> <Delay = 1.50> <CoreInst = "DivnS_SEQ">   --->   Core 7 'DivnS_SEQ' <Latency = 46> <II = 43> <Delay = 1.50> <FuncUnit> <Opcode : 'sdiv' 'srem' 'udiv' 'urem'> <InPorts = 2> <OutPorts = 1>

State 41 <SV = 40> <Delay = 1.50>
ST_41 : Operation 92 [7/47] (1.50ns)   --->   "%out_res = udiv i43 %trunc_ln156, i43 %zext_ln160" [vitis_library_vision_L1/include\imgproc/xf_resize_nn_bilinear.hpp:160]   --->   Operation 92 'udiv' 'out_res' <Predicate = true> <Delay = 1.50> <CoreInst = "DivnS_SEQ">   --->   Core 7 'DivnS_SEQ' <Latency = 46> <II = 43> <Delay = 1.50> <FuncUnit> <Opcode : 'sdiv' 'srem' 'udiv' 'urem'> <InPorts = 2> <OutPorts = 1>

State 42 <SV = 41> <Delay = 1.50>
ST_42 : Operation 93 [6/47] (1.50ns)   --->   "%out_res = udiv i43 %trunc_ln156, i43 %zext_ln160" [vitis_library_vision_L1/include\imgproc/xf_resize_nn_bilinear.hpp:160]   --->   Operation 93 'udiv' 'out_res' <Predicate = true> <Delay = 1.50> <CoreInst = "DivnS_SEQ">   --->   Core 7 'DivnS_SEQ' <Latency = 46> <II = 43> <Delay = 1.50> <FuncUnit> <Opcode : 'sdiv' 'srem' 'udiv' 'urem'> <InPorts = 2> <OutPorts = 1>

State 43 <SV = 42> <Delay = 1.50>
ST_43 : Operation 94 [5/47] (1.50ns)   --->   "%out_res = udiv i43 %trunc_ln156, i43 %zext_ln160" [vitis_library_vision_L1/include\imgproc/xf_resize_nn_bilinear.hpp:160]   --->   Operation 94 'udiv' 'out_res' <Predicate = true> <Delay = 1.50> <CoreInst = "DivnS_SEQ">   --->   Core 7 'DivnS_SEQ' <Latency = 46> <II = 43> <Delay = 1.50> <FuncUnit> <Opcode : 'sdiv' 'srem' 'udiv' 'urem'> <InPorts = 2> <OutPorts = 1>

State 44 <SV = 43> <Delay = 1.50>
ST_44 : Operation 95 [4/47] (1.50ns)   --->   "%out_res = udiv i43 %trunc_ln156, i43 %zext_ln160" [vitis_library_vision_L1/include\imgproc/xf_resize_nn_bilinear.hpp:160]   --->   Operation 95 'udiv' 'out_res' <Predicate = true> <Delay = 1.50> <CoreInst = "DivnS_SEQ">   --->   Core 7 'DivnS_SEQ' <Latency = 46> <II = 43> <Delay = 1.50> <FuncUnit> <Opcode : 'sdiv' 'srem' 'udiv' 'urem'> <InPorts = 2> <OutPorts = 1>

State 45 <SV = 44> <Delay = 1.50>
ST_45 : Operation 96 [3/47] (1.50ns)   --->   "%out_res = udiv i43 %trunc_ln156, i43 %zext_ln160" [vitis_library_vision_L1/include\imgproc/xf_resize_nn_bilinear.hpp:160]   --->   Operation 96 'udiv' 'out_res' <Predicate = true> <Delay = 1.50> <CoreInst = "DivnS_SEQ">   --->   Core 7 'DivnS_SEQ' <Latency = 46> <II = 43> <Delay = 1.50> <FuncUnit> <Opcode : 'sdiv' 'srem' 'udiv' 'urem'> <InPorts = 2> <OutPorts = 1>

State 46 <SV = 45> <Delay = 1.50>
ST_46 : Operation 97 [2/47] (1.50ns)   --->   "%out_res = udiv i43 %trunc_ln156, i43 %zext_ln160" [vitis_library_vision_L1/include\imgproc/xf_resize_nn_bilinear.hpp:160]   --->   Operation 97 'udiv' 'out_res' <Predicate = true> <Delay = 1.50> <CoreInst = "DivnS_SEQ">   --->   Core 7 'DivnS_SEQ' <Latency = 46> <II = 43> <Delay = 1.50> <FuncUnit> <Opcode : 'sdiv' 'srem' 'udiv' 'urem'> <InPorts = 2> <OutPorts = 1>

State 47 <SV = 46> <Delay = 1.50>
ST_47 : Operation 98 [1/47] (1.50ns)   --->   "%out_res = udiv i43 %trunc_ln156, i43 %zext_ln160" [vitis_library_vision_L1/include\imgproc/xf_resize_nn_bilinear.hpp:160]   --->   Operation 98 'udiv' 'out_res' <Predicate = true> <Delay = 1.50> <CoreInst = "DivnS_SEQ">   --->   Core 7 'DivnS_SEQ' <Latency = 46> <II = 43> <Delay = 1.50> <FuncUnit> <Opcode : 'sdiv' 'srem' 'udiv' 'urem'> <InPorts = 2> <OutPorts = 1>
ST_47 : Operation 99 [1/1] (0.00ns)   --->   "%zext_ln160_1 = zext i43 %out_res" [vitis_library_vision_L1/include\imgproc/xf_resize_nn_bilinear.hpp:160]   --->   Operation 99 'zext' 'zext_ln160_1' <Predicate = true> <Delay = 0.00>
ST_47 : Operation 100 [1/1] (0.00ns)   --->   "%ret_ln161 = ret i64 %zext_ln160_1" [vitis_library_vision_L1/include\imgproc/xf_resize_nn_bilinear.hpp:161]   --->   Operation 100 'ret' 'ret_ln161' <Predicate = true> <Delay = 0.00>


============================================================
+ Verbose Summary: Timing violations
============================================================
Target clock period: 10ns, clock uncertainty: 2.7ns.

 <State 1>: 1.51ns
The critical path consists of the following:
	wire read on port 'in_d' [3]  (0 ns)
	'udiv' operation ('out_res', vitis_library_vision_L1/include\imgproc/xf_resize_nn_bilinear.hpp:160) [7]  (1.51 ns)

 <State 2>: 1.51ns
The critical path consists of the following:
	'udiv' operation ('out_res', vitis_library_vision_L1/include\imgproc/xf_resize_nn_bilinear.hpp:160) [7]  (1.51 ns)

 <State 3>: 1.51ns
The critical path consists of the following:
	'udiv' operation ('out_res', vitis_library_vision_L1/include\imgproc/xf_resize_nn_bilinear.hpp:160) [7]  (1.51 ns)

 <State 4>: 1.51ns
The critical path consists of the following:
	'udiv' operation ('out_res', vitis_library_vision_L1/include\imgproc/xf_resize_nn_bilinear.hpp:160) [7]  (1.51 ns)

 <State 5>: 1.51ns
The critical path consists of the following:
	'udiv' operation ('out_res', vitis_library_vision_L1/include\imgproc/xf_resize_nn_bilinear.hpp:160) [7]  (1.51 ns)

 <State 6>: 1.51ns
The critical path consists of the following:
	'udiv' operation ('out_res', vitis_library_vision_L1/include\imgproc/xf_resize_nn_bilinear.hpp:160) [7]  (1.51 ns)

 <State 7>: 1.51ns
The critical path consists of the following:
	'udiv' operation ('out_res', vitis_library_vision_L1/include\imgproc/xf_resize_nn_bilinear.hpp:160) [7]  (1.51 ns)

 <State 8>: 1.51ns
The critical path consists of the following:
	'udiv' operation ('out_res', vitis_library_vision_L1/include\imgproc/xf_resize_nn_bilinear.hpp:160) [7]  (1.51 ns)

 <State 9>: 1.51ns
The critical path consists of the following:
	'udiv' operation ('out_res', vitis_library_vision_L1/include\imgproc/xf_resize_nn_bilinear.hpp:160) [7]  (1.51 ns)

 <State 10>: 1.51ns
The critical path consists of the following:
	'udiv' operation ('out_res', vitis_library_vision_L1/include\imgproc/xf_resize_nn_bilinear.hpp:160) [7]  (1.51 ns)

 <State 11>: 1.51ns
The critical path consists of the following:
	'udiv' operation ('out_res', vitis_library_vision_L1/include\imgproc/xf_resize_nn_bilinear.hpp:160) [7]  (1.51 ns)

 <State 12>: 1.51ns
The critical path consists of the following:
	'udiv' operation ('out_res', vitis_library_vision_L1/include\imgproc/xf_resize_nn_bilinear.hpp:160) [7]  (1.51 ns)

 <State 13>: 1.51ns
The critical path consists of the following:
	'udiv' operation ('out_res', vitis_library_vision_L1/include\imgproc/xf_resize_nn_bilinear.hpp:160) [7]  (1.51 ns)

 <State 14>: 1.51ns
The critical path consists of the following:
	'udiv' operation ('out_res', vitis_library_vision_L1/include\imgproc/xf_resize_nn_bilinear.hpp:160) [7]  (1.51 ns)

 <State 15>: 1.51ns
The critical path consists of the following:
	'udiv' operation ('out_res', vitis_library_vision_L1/include\imgproc/xf_resize_nn_bilinear.hpp:160) [7]  (1.51 ns)

 <State 16>: 1.51ns
The critical path consists of the following:
	'udiv' operation ('out_res', vitis_library_vision_L1/include\imgproc/xf_resize_nn_bilinear.hpp:160) [7]  (1.51 ns)

 <State 17>: 1.51ns
The critical path consists of the following:
	'udiv' operation ('out_res', vitis_library_vision_L1/include\imgproc/xf_resize_nn_bilinear.hpp:160) [7]  (1.51 ns)

 <State 18>: 1.51ns
The critical path consists of the following:
	'udiv' operation ('out_res', vitis_library_vision_L1/include\imgproc/xf_resize_nn_bilinear.hpp:160) [7]  (1.51 ns)

 <State 19>: 1.51ns
The critical path consists of the following:
	'udiv' operation ('out_res', vitis_library_vision_L1/include\imgproc/xf_resize_nn_bilinear.hpp:160) [7]  (1.51 ns)

 <State 20>: 1.51ns
The critical path consists of the following:
	'udiv' operation ('out_res', vitis_library_vision_L1/include\imgproc/xf_resize_nn_bilinear.hpp:160) [7]  (1.51 ns)

 <State 21>: 1.51ns
The critical path consists of the following:
	'udiv' operation ('out_res', vitis_library_vision_L1/include\imgproc/xf_resize_nn_bilinear.hpp:160) [7]  (1.51 ns)

 <State 22>: 1.51ns
The critical path consists of the following:
	'udiv' operation ('out_res', vitis_library_vision_L1/include\imgproc/xf_resize_nn_bilinear.hpp:160) [7]  (1.51 ns)

 <State 23>: 1.51ns
The critical path consists of the following:
	'udiv' operation ('out_res', vitis_library_vision_L1/include\imgproc/xf_resize_nn_bilinear.hpp:160) [7]  (1.51 ns)

 <State 24>: 1.51ns
The critical path consists of the following:
	'udiv' operation ('out_res', vitis_library_vision_L1/include\imgproc/xf_resize_nn_bilinear.hpp:160) [7]  (1.51 ns)

 <State 25>: 1.51ns
The critical path consists of the following:
	'udiv' operation ('out_res', vitis_library_vision_L1/include\imgproc/xf_resize_nn_bilinear.hpp:160) [7]  (1.51 ns)

 <State 26>: 1.51ns
The critical path consists of the following:
	'udiv' operation ('out_res', vitis_library_vision_L1/include\imgproc/xf_resize_nn_bilinear.hpp:160) [7]  (1.51 ns)

 <State 27>: 1.51ns
The critical path consists of the following:
	'udiv' operation ('out_res', vitis_library_vision_L1/include\imgproc/xf_resize_nn_bilinear.hpp:160) [7]  (1.51 ns)

 <State 28>: 1.51ns
The critical path consists of the following:
	'udiv' operation ('out_res', vitis_library_vision_L1/include\imgproc/xf_resize_nn_bilinear.hpp:160) [7]  (1.51 ns)

 <State 29>: 1.51ns
The critical path consists of the following:
	'udiv' operation ('out_res', vitis_library_vision_L1/include\imgproc/xf_resize_nn_bilinear.hpp:160) [7]  (1.51 ns)

 <State 30>: 1.51ns
The critical path consists of the following:
	'udiv' operation ('out_res', vitis_library_vision_L1/include\imgproc/xf_resize_nn_bilinear.hpp:160) [7]  (1.51 ns)

 <State 31>: 1.51ns
The critical path consists of the following:
	'udiv' operation ('out_res', vitis_library_vision_L1/include\imgproc/xf_resize_nn_bilinear.hpp:160) [7]  (1.51 ns)

 <State 32>: 1.51ns
The critical path consists of the following:
	'udiv' operation ('out_res', vitis_library_vision_L1/include\imgproc/xf_resize_nn_bilinear.hpp:160) [7]  (1.51 ns)

 <State 33>: 1.51ns
The critical path consists of the following:
	'udiv' operation ('out_res', vitis_library_vision_L1/include\imgproc/xf_resize_nn_bilinear.hpp:160) [7]  (1.51 ns)

 <State 34>: 1.51ns
The critical path consists of the following:
	'udiv' operation ('out_res', vitis_library_vision_L1/include\imgproc/xf_resize_nn_bilinear.hpp:160) [7]  (1.51 ns)

 <State 35>: 1.51ns
The critical path consists of the following:
	'udiv' operation ('out_res', vitis_library_vision_L1/include\imgproc/xf_resize_nn_bilinear.hpp:160) [7]  (1.51 ns)

 <State 36>: 1.51ns
The critical path consists of the following:
	'udiv' operation ('out_res', vitis_library_vision_L1/include\imgproc/xf_resize_nn_bilinear.hpp:160) [7]  (1.51 ns)

 <State 37>: 1.51ns
The critical path consists of the following:
	'udiv' operation ('out_res', vitis_library_vision_L1/include\imgproc/xf_resize_nn_bilinear.hpp:160) [7]  (1.51 ns)

 <State 38>: 1.51ns
The critical path consists of the following:
	'udiv' operation ('out_res', vitis_library_vision_L1/include\imgproc/xf_resize_nn_bilinear.hpp:160) [7]  (1.51 ns)

 <State 39>: 1.51ns
The critical path consists of the following:
	'udiv' operation ('out_res', vitis_library_vision_L1/include\imgproc/xf_resize_nn_bilinear.hpp:160) [7]  (1.51 ns)

 <State 40>: 1.51ns
The critical path consists of the following:
	'udiv' operation ('out_res', vitis_library_vision_L1/include\imgproc/xf_resize_nn_bilinear.hpp:160) [7]  (1.51 ns)

 <State 41>: 1.51ns
The critical path consists of the following:
	'udiv' operation ('out_res', vitis_library_vision_L1/include\imgproc/xf_resize_nn_bilinear.hpp:160) [7]  (1.51 ns)

 <State 42>: 1.51ns
The critical path consists of the following:
	'udiv' operation ('out_res', vitis_library_vision_L1/include\imgproc/xf_resize_nn_bilinear.hpp:160) [7]  (1.51 ns)

 <State 43>: 1.51ns
The critical path consists of the following:
	'udiv' operation ('out_res', vitis_library_vision_L1/include\imgproc/xf_resize_nn_bilinear.hpp:160) [7]  (1.51 ns)

 <State 44>: 1.51ns
The critical path consists of the following:
	'udiv' operation ('out_res', vitis_library_vision_L1/include\imgproc/xf_resize_nn_bilinear.hpp:160) [7]  (1.51 ns)

 <State 45>: 1.51ns
The critical path consists of the following:
	'udiv' operation ('out_res', vitis_library_vision_L1/include\imgproc/xf_resize_nn_bilinear.hpp:160) [7]  (1.51 ns)

 <State 46>: 1.51ns
The critical path consists of the following:
	'udiv' operation ('out_res', vitis_library_vision_L1/include\imgproc/xf_resize_nn_bilinear.hpp:160) [7]  (1.51 ns)

 <State 47>: 1.51ns
The critical path consists of the following:
	'udiv' operation ('out_res', vitis_library_vision_L1/include\imgproc/xf_resize_nn_bilinear.hpp:160) [7]  (1.51 ns)


============================================================
+ Verbose Summary: Binding
============================================================
N/A
* FSMD analyzer results:
  - Output states:
 - Input state : 
  - Chain level:
	State 1
	State 2
	State 3
	State 4
	State 5
	State 6
	State 7
	State 8
	State 9
	State 10
	State 11
	State 12
	State 13
	State 14
	State 15
	State 16
	State 17
	State 18
	State 19
	State 20
	State 21
	State 22
	State 23
	State 24
	State 25
	State 26
	State 27
	State 28
	State 29
	State 30
	State 31
	State 32
	State 33
	State 34
	State 35
	State 36
	State 37
	State 38
	State 39
	State 40
	State 41
	State 42
	State 43
	State 44
	State 45
	State 46
	State 47


============================================================
+ Verbose Summary: Datapath Resource usage 
============================================================
N/A
