Copyright 1986-2020 Xilinx, Inc. All Rights Reserved.
---------------------------------------------------------------------------------------------------------------------------------------------
| Tool Version : Vivado v.2020.2 (win64) Build 3064766 Wed Nov 18 09:12:45 MST 2020
| Date         : Wed Jan 17 17:31:21 2024
| Host         : LXL-MAGIC running 64-bit major release  (build 9200)
| Command      : report_drc -file ORB_accel_wrapper_drc_routed.rpt -pb ORB_accel_wrapper_drc_routed.pb -rpx ORB_accel_wrapper_drc_routed.rpx
| Design       : ORB_accel_wrapper
| Device       : xczu7ev-ffvc1156-2-e
| Speed File   : -2
| Design State : Fully Routed
---------------------------------------------------------------------------------------------------------------------------------------------

Report DRC

Table of Contents
-----------------
1. REPORT SUMMARY
2. REPORT DETAILS

1. REPORT SUMMARY
-----------------
            Netlist: netlist
          Floorplan: design_1
      Design limits: <entire design considered>
           Ruledeck: default
             Max violations: <unlimited>
             Violations found: 102
+-----------+----------+--------------------------------------+------------+
| Rule      | Severity | Description                          | Violations |
+-----------+----------+--------------------------------------+------------+
| DPIP-2    | Warning  | Input pipelining                     | 20         |
| DPOP-3    | Warning  | PREG Output pipelining               | 35         |
| DPOP-4    | Warning  | MREG Output pipelining               | 40         |
| RTSTAT-10 | Warning  | No routable loads                    | 1          |
| REQP-1934 | Advisory | RAMB18E2_nochange_collision_advisory | 2          |
| REQP-1935 | Advisory | RAMB36E2_nochange_collision_advisory | 4          |
+-----------+----------+--------------------------------------+------------+

2. REPORT DETAILS
-----------------
DPIP-2#1 Warning
Input pipelining  
DSP ORB_accel_i/ORB_accel_0/inst/grp_process_ORB_8_0_1080_1920_1_s_fu_247/process_blur_8_0_1080_1920_1_U0/mul_8ns_9ns_16_1_1_U86/ORB_accel_mul_8ns_9ns_16_1_1_Multiplier_1_U/p input ORB_accel_i/ORB_accel_0/inst/grp_process_ORB_8_0_1080_1920_1_s_fu_247/process_blur_8_0_1080_1920_1_U0/mul_8ns_9ns_16_1_1_U86/ORB_accel_mul_8ns_9ns_16_1_1_Multiplier_1_U/p/A[29:0] is not pipelined. Pipelining DSP48 input will improve performance.
Related violations: <none>

DPIP-2#2 Warning
Input pipelining  
DSP ORB_accel_i/ORB_accel_0/inst/grp_process_ORB_8_0_1080_1920_1_s_fu_247/process_blur_8_0_1080_1920_1_U0/mul_8ns_9ns_16_1_1_U87/ORB_accel_mul_8ns_9ns_16_1_1_Multiplier_1_U/p input ORB_accel_i/ORB_accel_0/inst/grp_process_ORB_8_0_1080_1920_1_s_fu_247/process_blur_8_0_1080_1920_1_U0/mul_8ns_9ns_16_1_1_U87/ORB_accel_mul_8ns_9ns_16_1_1_Multiplier_1_U/p/A[29:0] is not pipelined. Pipelining DSP48 input will improve performance.
Related violations: <none>

DPIP-2#3 Warning
Input pipelining  
DSP ORB_accel_i/ORB_accel_0/inst/grp_process_ORB_8_0_1080_1920_1_s_fu_247/process_blur_8_0_1080_1920_1_U0/mul_8ns_9ns_16_1_1_U88/ORB_accel_mul_8ns_9ns_16_1_1_Multiplier_1_U/p input ORB_accel_i/ORB_accel_0/inst/grp_process_ORB_8_0_1080_1920_1_s_fu_247/process_blur_8_0_1080_1920_1_U0/mul_8ns_9ns_16_1_1_U88/ORB_accel_mul_8ns_9ns_16_1_1_Multiplier_1_U/p/A[29:0] is not pipelined. Pipelining DSP48 input will improve performance.
Related violations: <none>

DPIP-2#4 Warning
Input pipelining  
DSP ORB_accel_i/ORB_accel_0/inst/grp_process_ORB_8_0_1080_1920_1_s_fu_247/process_blur_8_0_1080_1920_1_U0/mul_8ns_9ns_16_1_1_U89/ORB_accel_mul_8ns_9ns_16_1_1_Multiplier_1_U/p input ORB_accel_i/ORB_accel_0/inst/grp_process_ORB_8_0_1080_1920_1_s_fu_247/process_blur_8_0_1080_1920_1_U0/mul_8ns_9ns_16_1_1_U89/ORB_accel_mul_8ns_9ns_16_1_1_Multiplier_1_U/p/A[29:0] is not pipelined. Pipelining DSP48 input will improve performance.
Related violations: <none>

DPIP-2#5 Warning
Input pipelining  
DSP ORB_accel_i/ORB_accel_0/inst/grp_process_ORB_8_0_1080_1920_1_s_fu_247/process_blur_8_0_1080_1920_1_U0/mul_8ns_9ns_16_1_1_U90/ORB_accel_mul_8ns_9ns_16_1_1_Multiplier_1_U/p input ORB_accel_i/ORB_accel_0/inst/grp_process_ORB_8_0_1080_1920_1_s_fu_247/process_blur_8_0_1080_1920_1_U0/mul_8ns_9ns_16_1_1_U90/ORB_accel_mul_8ns_9ns_16_1_1_Multiplier_1_U/p/A[29:0] is not pipelined. Pipelining DSP48 input will improve performance.
Related violations: <none>

DPIP-2#6 Warning
Input pipelining  
DSP ORB_accel_i/ORB_accel_0/inst/grp_process_ORB_8_0_1080_1920_1_s_fu_247/process_blur_8_0_1080_1920_1_U0/mul_8ns_9ns_16_1_1_U91/ORB_accel_mul_8ns_9ns_16_1_1_Multiplier_1_U/p input ORB_accel_i/ORB_accel_0/inst/grp_process_ORB_8_0_1080_1920_1_s_fu_247/process_blur_8_0_1080_1920_1_U0/mul_8ns_9ns_16_1_1_U91/ORB_accel_mul_8ns_9ns_16_1_1_Multiplier_1_U/p/A[29:0] is not pipelined. Pipelining DSP48 input will improve performance.
Related violations: <none>

DPIP-2#7 Warning
Input pipelining  
DSP ORB_accel_i/ORB_accel_0/inst/grp_process_ORB_8_0_1080_1920_1_s_fu_247/process_blur_8_0_1080_1920_1_U0/mul_8ns_9ns_16_1_1_U92/ORB_accel_mul_8ns_9ns_16_1_1_Multiplier_1_U/p input ORB_accel_i/ORB_accel_0/inst/grp_process_ORB_8_0_1080_1920_1_s_fu_247/process_blur_8_0_1080_1920_1_U0/mul_8ns_9ns_16_1_1_U92/ORB_accel_mul_8ns_9ns_16_1_1_Multiplier_1_U/p/A[29:0] is not pipelined. Pipelining DSP48 input will improve performance.
Related violations: <none>

DPIP-2#8 Warning
Input pipelining  
DSP ORB_accel_i/ORB_accel_0/inst/grp_process_ORB_8_0_1080_1920_1_s_fu_247/process_blur_8_0_1080_1920_1_U0/mul_8ns_9ns_16_1_1_U93/ORB_accel_mul_8ns_9ns_16_1_1_Multiplier_1_U/p input ORB_accel_i/ORB_accel_0/inst/grp_process_ORB_8_0_1080_1920_1_s_fu_247/process_blur_8_0_1080_1920_1_U0/mul_8ns_9ns_16_1_1_U93/ORB_accel_mul_8ns_9ns_16_1_1_Multiplier_1_U/p/A[29:0] is not pipelined. Pipelining DSP48 input will improve performance.
Related violations: <none>

DPIP-2#9 Warning
Input pipelining  
DSP ORB_accel_i/ORB_accel_0/inst/grp_process_ORB_8_0_1080_1920_1_s_fu_247/process_rBRIEF_8_1080_1920_U0/grp_descriptor_fu_24325/mac_muladd_6ns_7ns_6ns_11_4_1_U196/ORB_accel_mac_muladd_6ns_7ns_6ns_11_4_1_DSP48_11_U/p_reg_reg input ORB_accel_i/ORB_accel_0/inst/grp_process_ORB_8_0_1080_1920_1_s_fu_247/process_rBRIEF_8_1080_1920_U0/grp_descriptor_fu_24325/mac_muladd_6ns_7ns_6ns_11_4_1_U196/ORB_accel_mac_muladd_6ns_7ns_6ns_11_4_1_DSP48_11_U/p_reg_reg/C[47:0] is not pipelined. Pipelining DSP48 input will improve performance.
Related violations: <none>

DPIP-2#10 Warning
Input pipelining  
DSP ORB_accel_i/ORB_accel_0/inst/grp_process_ORB_8_0_1080_1920_1_s_fu_247/process_rBRIEF_8_1080_1920_U0/grp_descriptor_fu_24325/mac_muladd_6ns_7ns_6ns_11_4_1_U197/ORB_accel_mac_muladd_6ns_7ns_6ns_11_4_1_DSP48_11_U/p_reg_reg input ORB_accel_i/ORB_accel_0/inst/grp_process_ORB_8_0_1080_1920_1_s_fu_247/process_rBRIEF_8_1080_1920_U0/grp_descriptor_fu_24325/mac_muladd_6ns_7ns_6ns_11_4_1_U197/ORB_accel_mac_muladd_6ns_7ns_6ns_11_4_1_DSP48_11_U/p_reg_reg/C[47:0] is not pipelined. Pipelining DSP48 input will improve performance.
Related violations: <none>

DPIP-2#11 Warning
Input pipelining  
DSP ORB_accel_i/ORB_accel_0/inst/grp_process_ORB_8_0_1080_1920_1_s_fu_247/process_rBRIEF_8_1080_1920_U0/mac_muladd_20s_9ns_20ns_20_4_1_U1582/ORB_accel_mac_muladd_20s_9ns_20ns_20_4_1_DSP48_13_U/p_reg_reg input ORB_accel_i/ORB_accel_0/inst/grp_process_ORB_8_0_1080_1920_1_s_fu_247/process_rBRIEF_8_1080_1920_U0/mac_muladd_20s_9ns_20ns_20_4_1_U1582/ORB_accel_mac_muladd_20s_9ns_20ns_20_4_1_DSP48_13_U/p_reg_reg/C[47:0] is not pipelined. Pipelining DSP48 input will improve performance.
Related violations: <none>

DPIP-2#12 Warning
Input pipelining  
DSP ORB_accel_i/ORB_accel_0/inst/grp_process_ORB_8_0_1080_1920_1_s_fu_247/process_rBRIEF_8_1080_1920_U0/mac_muladd_8ns_5s_18s_18_4_1_U1581/ORB_accel_mac_muladd_8ns_5s_18s_18_4_1_DSP48_12_U/p_reg_reg input ORB_accel_i/ORB_accel_0/inst/grp_process_ORB_8_0_1080_1920_1_s_fu_247/process_rBRIEF_8_1080_1920_U0/mac_muladd_8ns_5s_18s_18_4_1_U1581/ORB_accel_mac_muladd_8ns_5s_18s_18_4_1_DSP48_12_U/p_reg_reg/C[47:0] is not pipelined. Pipelining DSP48 input will improve performance.
Related violations: <none>

DPIP-2#13 Warning
Input pipelining  
DSP ORB_accel_i/ORB_accel_0/inst/grp_process_ORB_8_0_1080_1920_1_s_fu_247/process_resize_8_0_1080_1920_1_U0/grp_resize_1_0_1080_1920_1080_1920_1_8_s_fu_80/grp_resizeNNBilinear_0_1080_1920_1_1080_1920_1_8_s_fu_48/grp_scaleCompute_17_42_20_48_16_1_s_fu_583/mul_48ns_42s_74_1_1_U46/ORB_accel_mul_48ns_42s_74_1_1_Multiplier_0_U/p input ORB_accel_i/ORB_accel_0/inst/grp_process_ORB_8_0_1080_1920_1_s_fu_247/process_resize_8_0_1080_1920_1_U0/grp_resize_1_0_1080_1920_1080_1920_1_8_s_fu_80/grp_resizeNNBilinear_0_1080_1920_1_1080_1920_1_8_s_fu_48/grp_scaleCompute_17_42_20_48_16_1_s_fu_583/mul_48ns_42s_74_1_1_U46/ORB_accel_mul_48ns_42s_74_1_1_Multiplier_0_U/p/B[17:0] is not pipelined. Pipelining DSP48 input will improve performance.
Related violations: <none>

DPIP-2#14 Warning
Input pipelining  
DSP ORB_accel_i/ORB_accel_0/inst/grp_process_ORB_8_0_1080_1920_1_s_fu_247/process_resize_8_0_1080_1920_1_U0/grp_resize_1_0_1080_1920_1080_1920_1_8_s_fu_80/grp_resizeNNBilinear_0_1080_1920_1_1080_1920_1_8_s_fu_48/grp_scaleCompute_17_42_20_48_16_1_s_fu_583/mul_48ns_42s_74_1_1_U46/ORB_accel_mul_48ns_42s_74_1_1_Multiplier_0_U/p__0 input ORB_accel_i/ORB_accel_0/inst/grp_process_ORB_8_0_1080_1920_1_s_fu_247/process_resize_8_0_1080_1920_1_U0/grp_resize_1_0_1080_1920_1080_1920_1_8_s_fu_80/grp_resizeNNBilinear_0_1080_1920_1_1080_1920_1_8_s_fu_48/grp_scaleCompute_17_42_20_48_16_1_s_fu_583/mul_48ns_42s_74_1_1_U46/ORB_accel_mul_48ns_42s_74_1_1_Multiplier_0_U/p__0/A[29:0] is not pipelined. Pipelining DSP48 input will improve performance.
Related violations: <none>

DPIP-2#15 Warning
Input pipelining  
DSP ORB_accel_i/ORB_accel_0/inst/grp_process_ORB_8_0_1080_1920_1_s_fu_247/process_resize_8_0_1080_1920_1_U0/grp_resize_1_0_1080_1920_1080_1920_1_8_s_fu_80/grp_resizeNNBilinear_0_1080_1920_1_1080_1920_1_8_s_fu_48/grp_scaleCompute_17_42_20_48_16_1_s_fu_583/mul_48ns_42s_74_1_1_U46/ORB_accel_mul_48ns_42s_74_1_1_Multiplier_0_U/p__1 input ORB_accel_i/ORB_accel_0/inst/grp_process_ORB_8_0_1080_1920_1_s_fu_247/process_resize_8_0_1080_1920_1_U0/grp_resize_1_0_1080_1920_1080_1920_1_8_s_fu_80/grp_resizeNNBilinear_0_1080_1920_1_1080_1920_1_8_s_fu_48/grp_scaleCompute_17_42_20_48_16_1_s_fu_583/mul_48ns_42s_74_1_1_U46/ORB_accel_mul_48ns_42s_74_1_1_Multiplier_0_U/p__1/A[29:0] is not pipelined. Pipelining DSP48 input will improve performance.
Related violations: <none>

DPIP-2#16 Warning
Input pipelining  
DSP ORB_accel_i/ORB_accel_0/inst/grp_process_ORB_8_0_1080_1920_1_s_fu_247/process_resize_8_0_1080_1920_1_U0/grp_resize_1_0_1080_1920_1080_1920_1_8_s_fu_80/grp_resizeNNBilinear_0_1080_1920_1_1080_1920_1_8_s_fu_48/grp_scaleCompute_17_42_20_48_16_1_s_fu_583/mul_48ns_42s_74_1_1_U46/ORB_accel_mul_48ns_42s_74_1_1_Multiplier_0_U/p__2 input ORB_accel_i/ORB_accel_0/inst/grp_process_ORB_8_0_1080_1920_1_s_fu_247/process_resize_8_0_1080_1920_1_U0/grp_resize_1_0_1080_1920_1080_1920_1_8_s_fu_80/grp_resizeNNBilinear_0_1080_1920_1_1080_1920_1_8_s_fu_48/grp_scaleCompute_17_42_20_48_16_1_s_fu_583/mul_48ns_42s_74_1_1_U46/ORB_accel_mul_48ns_42s_74_1_1_Multiplier_0_U/p__2/A[29:0] is not pipelined. Pipelining DSP48 input will improve performance.
Related violations: <none>

DPIP-2#17 Warning
Input pipelining  
DSP ORB_accel_i/ORB_accel_0/inst/grp_process_ORB_8_0_1080_1920_1_s_fu_247/process_resize_8_0_1080_1920_1_U0/grp_resize_1_0_1080_1920_1080_1920_1_8_s_fu_80/grp_resizeNNBilinear_0_1080_1920_1_1080_1920_1_8_s_fu_48/grp_scaleCompute_17_42_20_48_16_1_s_fu_583/mul_48ns_42s_74_1_1_U46/ORB_accel_mul_48ns_42s_74_1_1_Multiplier_0_U/p__2 input ORB_accel_i/ORB_accel_0/inst/grp_process_ORB_8_0_1080_1920_1_s_fu_247/process_resize_8_0_1080_1920_1_U0/grp_resize_1_0_1080_1920_1080_1920_1_8_s_fu_80/grp_resizeNNBilinear_0_1080_1920_1_1080_1920_1_8_s_fu_48/grp_scaleCompute_17_42_20_48_16_1_s_fu_583/mul_48ns_42s_74_1_1_U46/ORB_accel_mul_48ns_42s_74_1_1_Multiplier_0_U/p__2/B[17:0] is not pipelined. Pipelining DSP48 input will improve performance.
Related violations: <none>

DPIP-2#18 Warning
Input pipelining  
DSP ORB_accel_i/ORB_accel_0/inst/grp_process_ORB_8_0_1080_1920_1_s_fu_247/process_resize_8_0_1080_1920_1_U0/grp_resize_1_0_1080_1920_1080_1920_1_8_s_fu_80/grp_resizeNNBilinear_0_1080_1920_1_1080_1920_1_8_s_fu_48/grp_scaleCompute_17_42_20_48_16_1_s_fu_583/mul_48ns_42s_74_1_1_U46/ORB_accel_mul_48ns_42s_74_1_1_Multiplier_0_U/p__3 input ORB_accel_i/ORB_accel_0/inst/grp_process_ORB_8_0_1080_1920_1_s_fu_247/process_resize_8_0_1080_1920_1_U0/grp_resize_1_0_1080_1920_1080_1920_1_8_s_fu_80/grp_resizeNNBilinear_0_1080_1920_1_1080_1920_1_8_s_fu_48/grp_scaleCompute_17_42_20_48_16_1_s_fu_583/mul_48ns_42s_74_1_1_U46/ORB_accel_mul_48ns_42s_74_1_1_Multiplier_0_U/p__3/A[29:0] is not pipelined. Pipelining DSP48 input will improve performance.
Related violations: <none>

DPIP-2#19 Warning
Input pipelining  
DSP ORB_accel_i/ORB_accel_0/inst/grp_process_ORB_8_0_1080_1920_1_s_fu_247/process_resize_8_0_1080_1920_1_U0/grp_resize_1_0_1080_1920_1080_1920_1_8_s_fu_80/grp_resizeNNBilinear_0_1080_1920_1_1080_1920_1_8_s_fu_48/grp_scaleCompute_17_42_20_48_16_1_s_fu_583/mul_48ns_42s_74_1_1_U46/ORB_accel_mul_48ns_42s_74_1_1_Multiplier_0_U/p__4 input ORB_accel_i/ORB_accel_0/inst/grp_process_ORB_8_0_1080_1920_1_s_fu_247/process_resize_8_0_1080_1920_1_U0/grp_resize_1_0_1080_1920_1080_1920_1_8_s_fu_80/grp_resizeNNBilinear_0_1080_1920_1_1080_1920_1_8_s_fu_48/grp_scaleCompute_17_42_20_48_16_1_s_fu_583/mul_48ns_42s_74_1_1_U46/ORB_accel_mul_48ns_42s_74_1_1_Multiplier_0_U/p__4/A[29:0] is not pipelined. Pipelining DSP48 input will improve performance.
Related violations: <none>

DPIP-2#20 Warning
Input pipelining  
DSP ORB_accel_i/ORB_accel_0/inst/grp_process_ORB_8_0_1080_1920_1_s_fu_247/process_resize_8_0_1080_1920_1_U0/grp_resize_1_0_1080_1920_1080_1920_1_8_s_fu_80/grp_resizeNNBilinear_0_1080_1920_1_1080_1920_1_8_s_fu_48/grp_scaleCompute_17_42_20_48_16_1_s_fu_583/mul_48ns_42s_74_1_1_U46/ORB_accel_mul_48ns_42s_74_1_1_Multiplier_0_U/p__4 input ORB_accel_i/ORB_accel_0/inst/grp_process_ORB_8_0_1080_1920_1_s_fu_247/process_resize_8_0_1080_1920_1_U0/grp_resize_1_0_1080_1920_1080_1920_1_8_s_fu_80/grp_resizeNNBilinear_0_1080_1920_1_1080_1920_1_8_s_fu_48/grp_scaleCompute_17_42_20_48_16_1_s_fu_583/mul_48ns_42s_74_1_1_U46/ORB_accel_mul_48ns_42s_74_1_1_Multiplier_0_U/p__4/B[17:0] is not pipelined. Pipelining DSP48 input will improve performance.
Related violations: <none>

DPOP-3#1 Warning
PREG Output pipelining  
DSP ORB_accel_i/ORB_accel_0/inst/add_ln354_fu_390_p2 output ORB_accel_i/ORB_accel_0/inst/add_ln354_fu_390_p2/P[47:0] is not pipelined (PREG=0). Pipelining the DSP48 output will improve performance and often saves power so it is suggested whenever possible to fully pipeline this function.  If this DSP48 function was inferred, it is suggested to describe an additional register stage after this function.  If the DSP48 was instantiated in the design, it is suggested to set the PREG attribute to 1.
Related violations: <none>

DPOP-3#2 Warning
PREG Output pipelining  
DSP ORB_accel_i/ORB_accel_0/inst/grp_process_ORB_8_0_1080_1920_1_s_fu_247/process_blur_8_0_1080_1920_1_U0/mul_8ns_10ns_17_1_1_U100/ORB_accel_mul_8ns_10ns_17_1_1_Multiplier_2_U/p output ORB_accel_i/ORB_accel_0/inst/grp_process_ORB_8_0_1080_1920_1_s_fu_247/process_blur_8_0_1080_1920_1_U0/mul_8ns_10ns_17_1_1_U100/ORB_accel_mul_8ns_10ns_17_1_1_Multiplier_2_U/p/P[47:0] is not pipelined (PREG=0). Pipelining the DSP48 output will improve performance and often saves power so it is suggested whenever possible to fully pipeline this function.  If this DSP48 function was inferred, it is suggested to describe an additional register stage after this function.  If the DSP48 was instantiated in the design, it is suggested to set the PREG attribute to 1.
Related violations: <none>

DPOP-3#3 Warning
PREG Output pipelining  
DSP ORB_accel_i/ORB_accel_0/inst/grp_process_ORB_8_0_1080_1920_1_s_fu_247/process_blur_8_0_1080_1920_1_U0/mul_8ns_10ns_17_1_1_U101/ORB_accel_mul_8ns_10ns_17_1_1_Multiplier_2_U/p output ORB_accel_i/ORB_accel_0/inst/grp_process_ORB_8_0_1080_1920_1_s_fu_247/process_blur_8_0_1080_1920_1_U0/mul_8ns_10ns_17_1_1_U101/ORB_accel_mul_8ns_10ns_17_1_1_Multiplier_2_U/p/P[47:0] is not pipelined (PREG=0). Pipelining the DSP48 output will improve performance and often saves power so it is suggested whenever possible to fully pipeline this function.  If this DSP48 function was inferred, it is suggested to describe an additional register stage after this function.  If the DSP48 was instantiated in the design, it is suggested to set the PREG attribute to 1.
Related violations: <none>

DPOP-3#4 Warning
PREG Output pipelining  
DSP ORB_accel_i/ORB_accel_0/inst/grp_process_ORB_8_0_1080_1920_1_s_fu_247/process_blur_8_0_1080_1920_1_U0/mul_8ns_10ns_17_1_1_U103/ORB_accel_mul_8ns_10ns_17_1_1_Multiplier_2_U/p output ORB_accel_i/ORB_accel_0/inst/grp_process_ORB_8_0_1080_1920_1_s_fu_247/process_blur_8_0_1080_1920_1_U0/mul_8ns_10ns_17_1_1_U103/ORB_accel_mul_8ns_10ns_17_1_1_Multiplier_2_U/p/P[47:0] is not pipelined (PREG=0). Pipelining the DSP48 output will improve performance and often saves power so it is suggested whenever possible to fully pipeline this function.  If this DSP48 function was inferred, it is suggested to describe an additional register stage after this function.  If the DSP48 was instantiated in the design, it is suggested to set the PREG attribute to 1.
Related violations: <none>

DPOP-3#5 Warning
PREG Output pipelining  
DSP ORB_accel_i/ORB_accel_0/inst/grp_process_ORB_8_0_1080_1920_1_s_fu_247/process_blur_8_0_1080_1920_1_U0/mul_8ns_10ns_17_1_1_U104/ORB_accel_mul_8ns_10ns_17_1_1_Multiplier_2_U/p output ORB_accel_i/ORB_accel_0/inst/grp_process_ORB_8_0_1080_1920_1_s_fu_247/process_blur_8_0_1080_1920_1_U0/mul_8ns_10ns_17_1_1_U104/ORB_accel_mul_8ns_10ns_17_1_1_Multiplier_2_U/p/P[47:0] is not pipelined (PREG=0). Pipelining the DSP48 output will improve performance and often saves power so it is suggested whenever possible to fully pipeline this function.  If this DSP48 function was inferred, it is suggested to describe an additional register stage after this function.  If the DSP48 was instantiated in the design, it is suggested to set the PREG attribute to 1.
Related violations: <none>

DPOP-3#6 Warning
PREG Output pipelining  
DSP ORB_accel_i/ORB_accel_0/inst/grp_process_ORB_8_0_1080_1920_1_s_fu_247/process_blur_8_0_1080_1920_1_U0/mul_8ns_10ns_17_1_1_U105/ORB_accel_mul_8ns_10ns_17_1_1_Multiplier_2_U/p output ORB_accel_i/ORB_accel_0/inst/grp_process_ORB_8_0_1080_1920_1_s_fu_247/process_blur_8_0_1080_1920_1_U0/mul_8ns_10ns_17_1_1_U105/ORB_accel_mul_8ns_10ns_17_1_1_Multiplier_2_U/p/P[47:0] is not pipelined (PREG=0). Pipelining the DSP48 output will improve performance and often saves power so it is suggested whenever possible to fully pipeline this function.  If this DSP48 function was inferred, it is suggested to describe an additional register stage after this function.  If the DSP48 was instantiated in the design, it is suggested to set the PREG attribute to 1.
Related violations: <none>

DPOP-3#7 Warning
PREG Output pipelining  
DSP ORB_accel_i/ORB_accel_0/inst/grp_process_ORB_8_0_1080_1920_1_s_fu_247/process_blur_8_0_1080_1920_1_U0/mul_8ns_10ns_17_1_1_U106/ORB_accel_mul_8ns_10ns_17_1_1_Multiplier_2_U/p output ORB_accel_i/ORB_accel_0/inst/grp_process_ORB_8_0_1080_1920_1_s_fu_247/process_blur_8_0_1080_1920_1_U0/mul_8ns_10ns_17_1_1_U106/ORB_accel_mul_8ns_10ns_17_1_1_Multiplier_2_U/p/P[47:0] is not pipelined (PREG=0). Pipelining the DSP48 output will improve performance and often saves power so it is suggested whenever possible to fully pipeline this function.  If this DSP48 function was inferred, it is suggested to describe an additional register stage after this function.  If the DSP48 was instantiated in the design, it is suggested to set the PREG attribute to 1.
Related violations: <none>

DPOP-3#8 Warning
PREG Output pipelining  
DSP ORB_accel_i/ORB_accel_0/inst/grp_process_ORB_8_0_1080_1920_1_s_fu_247/process_blur_8_0_1080_1920_1_U0/mul_8ns_10ns_17_1_1_U108/ORB_accel_mul_8ns_10ns_17_1_1_Multiplier_2_U/p output ORB_accel_i/ORB_accel_0/inst/grp_process_ORB_8_0_1080_1920_1_s_fu_247/process_blur_8_0_1080_1920_1_U0/mul_8ns_10ns_17_1_1_U108/ORB_accel_mul_8ns_10ns_17_1_1_Multiplier_2_U/p/P[47:0] is not pipelined (PREG=0). Pipelining the DSP48 output will improve performance and often saves power so it is suggested whenever possible to fully pipeline this function.  If this DSP48 function was inferred, it is suggested to describe an additional register stage after this function.  If the DSP48 was instantiated in the design, it is suggested to set the PREG attribute to 1.
Related violations: <none>

DPOP-3#9 Warning
PREG Output pipelining  
DSP ORB_accel_i/ORB_accel_0/inst/grp_process_ORB_8_0_1080_1920_1_s_fu_247/process_blur_8_0_1080_1920_1_U0/mul_8ns_10ns_17_1_1_U109/ORB_accel_mul_8ns_10ns_17_1_1_Multiplier_2_U/p output ORB_accel_i/ORB_accel_0/inst/grp_process_ORB_8_0_1080_1920_1_s_fu_247/process_blur_8_0_1080_1920_1_U0/mul_8ns_10ns_17_1_1_U109/ORB_accel_mul_8ns_10ns_17_1_1_Multiplier_2_U/p/P[47:0] is not pipelined (PREG=0). Pipelining the DSP48 output will improve performance and often saves power so it is suggested whenever possible to fully pipeline this function.  If this DSP48 function was inferred, it is suggested to describe an additional register stage after this function.  If the DSP48 was instantiated in the design, it is suggested to set the PREG attribute to 1.
Related violations: <none>

DPOP-3#10 Warning
PREG Output pipelining  
DSP ORB_accel_i/ORB_accel_0/inst/grp_process_ORB_8_0_1080_1920_1_s_fu_247/process_blur_8_0_1080_1920_1_U0/mul_8ns_10ns_17_1_1_U110/ORB_accel_mul_8ns_10ns_17_1_1_Multiplier_2_U/p output ORB_accel_i/ORB_accel_0/inst/grp_process_ORB_8_0_1080_1920_1_s_fu_247/process_blur_8_0_1080_1920_1_U0/mul_8ns_10ns_17_1_1_U110/ORB_accel_mul_8ns_10ns_17_1_1_Multiplier_2_U/p/P[47:0] is not pipelined (PREG=0). Pipelining the DSP48 output will improve performance and often saves power so it is suggested whenever possible to fully pipeline this function.  If this DSP48 function was inferred, it is suggested to describe an additional register stage after this function.  If the DSP48 was instantiated in the design, it is suggested to set the PREG attribute to 1.
Related violations: <none>

DPOP-3#11 Warning
PREG Output pipelining  
DSP ORB_accel_i/ORB_accel_0/inst/grp_process_ORB_8_0_1080_1920_1_s_fu_247/process_blur_8_0_1080_1920_1_U0/mul_8ns_10ns_17_1_1_U111/ORB_accel_mul_8ns_10ns_17_1_1_Multiplier_2_U/p output ORB_accel_i/ORB_accel_0/inst/grp_process_ORB_8_0_1080_1920_1_s_fu_247/process_blur_8_0_1080_1920_1_U0/mul_8ns_10ns_17_1_1_U111/ORB_accel_mul_8ns_10ns_17_1_1_Multiplier_2_U/p/P[47:0] is not pipelined (PREG=0). Pipelining the DSP48 output will improve performance and often saves power so it is suggested whenever possible to fully pipeline this function.  If this DSP48 function was inferred, it is suggested to describe an additional register stage after this function.  If the DSP48 was instantiated in the design, it is suggested to set the PREG attribute to 1.
Related violations: <none>

DPOP-3#12 Warning
PREG Output pipelining  
DSP ORB_accel_i/ORB_accel_0/inst/grp_process_ORB_8_0_1080_1920_1_s_fu_247/process_blur_8_0_1080_1920_1_U0/mul_8ns_10ns_17_1_1_U112/ORB_accel_mul_8ns_10ns_17_1_1_Multiplier_2_U/p output ORB_accel_i/ORB_accel_0/inst/grp_process_ORB_8_0_1080_1920_1_s_fu_247/process_blur_8_0_1080_1920_1_U0/mul_8ns_10ns_17_1_1_U112/ORB_accel_mul_8ns_10ns_17_1_1_Multiplier_2_U/p/P[47:0] is not pipelined (PREG=0). Pipelining the DSP48 output will improve performance and often saves power so it is suggested whenever possible to fully pipeline this function.  If this DSP48 function was inferred, it is suggested to describe an additional register stage after this function.  If the DSP48 was instantiated in the design, it is suggested to set the PREG attribute to 1.
Related violations: <none>

DPOP-3#13 Warning
PREG Output pipelining  
DSP ORB_accel_i/ORB_accel_0/inst/grp_process_ORB_8_0_1080_1920_1_s_fu_247/process_blur_8_0_1080_1920_1_U0/mul_8ns_10ns_17_1_1_U94/ORB_accel_mul_8ns_10ns_17_1_1_Multiplier_2_U/p output ORB_accel_i/ORB_accel_0/inst/grp_process_ORB_8_0_1080_1920_1_s_fu_247/process_blur_8_0_1080_1920_1_U0/mul_8ns_10ns_17_1_1_U94/ORB_accel_mul_8ns_10ns_17_1_1_Multiplier_2_U/p/P[47:0] is not pipelined (PREG=0). Pipelining the DSP48 output will improve performance and often saves power so it is suggested whenever possible to fully pipeline this function.  If this DSP48 function was inferred, it is suggested to describe an additional register stage after this function.  If the DSP48 was instantiated in the design, it is suggested to set the PREG attribute to 1.
Related violations: <none>

DPOP-3#14 Warning
PREG Output pipelining  
DSP ORB_accel_i/ORB_accel_0/inst/grp_process_ORB_8_0_1080_1920_1_s_fu_247/process_blur_8_0_1080_1920_1_U0/mul_8ns_10ns_17_1_1_U95/ORB_accel_mul_8ns_10ns_17_1_1_Multiplier_2_U/p output ORB_accel_i/ORB_accel_0/inst/grp_process_ORB_8_0_1080_1920_1_s_fu_247/process_blur_8_0_1080_1920_1_U0/mul_8ns_10ns_17_1_1_U95/ORB_accel_mul_8ns_10ns_17_1_1_Multiplier_2_U/p/P[47:0] is not pipelined (PREG=0). Pipelining the DSP48 output will improve performance and often saves power so it is suggested whenever possible to fully pipeline this function.  If this DSP48 function was inferred, it is suggested to describe an additional register stage after this function.  If the DSP48 was instantiated in the design, it is suggested to set the PREG attribute to 1.
Related violations: <none>

DPOP-3#15 Warning
PREG Output pipelining  
DSP ORB_accel_i/ORB_accel_0/inst/grp_process_ORB_8_0_1080_1920_1_s_fu_247/process_blur_8_0_1080_1920_1_U0/mul_8ns_10ns_17_1_1_U96/ORB_accel_mul_8ns_10ns_17_1_1_Multiplier_2_U/p output ORB_accel_i/ORB_accel_0/inst/grp_process_ORB_8_0_1080_1920_1_s_fu_247/process_blur_8_0_1080_1920_1_U0/mul_8ns_10ns_17_1_1_U96/ORB_accel_mul_8ns_10ns_17_1_1_Multiplier_2_U/p/P[47:0] is not pipelined (PREG=0). Pipelining the DSP48 output will improve performance and often saves power so it is suggested whenever possible to fully pipeline this function.  If this DSP48 function was inferred, it is suggested to describe an additional register stage after this function.  If the DSP48 was instantiated in the design, it is suggested to set the PREG attribute to 1.
Related violations: <none>

DPOP-3#16 Warning
PREG Output pipelining  
DSP ORB_accel_i/ORB_accel_0/inst/grp_process_ORB_8_0_1080_1920_1_s_fu_247/process_blur_8_0_1080_1920_1_U0/mul_8ns_10ns_17_1_1_U97/ORB_accel_mul_8ns_10ns_17_1_1_Multiplier_2_U/p output ORB_accel_i/ORB_accel_0/inst/grp_process_ORB_8_0_1080_1920_1_s_fu_247/process_blur_8_0_1080_1920_1_U0/mul_8ns_10ns_17_1_1_U97/ORB_accel_mul_8ns_10ns_17_1_1_Multiplier_2_U/p/P[47:0] is not pipelined (PREG=0). Pipelining the DSP48 output will improve performance and often saves power so it is suggested whenever possible to fully pipeline this function.  If this DSP48 function was inferred, it is suggested to describe an additional register stage after this function.  If the DSP48 was instantiated in the design, it is suggested to set the PREG attribute to 1.
Related violations: <none>

DPOP-3#17 Warning
PREG Output pipelining  
DSP ORB_accel_i/ORB_accel_0/inst/grp_process_ORB_8_0_1080_1920_1_s_fu_247/process_blur_8_0_1080_1920_1_U0/mul_8ns_10ns_17_1_1_U98/ORB_accel_mul_8ns_10ns_17_1_1_Multiplier_2_U/p output ORB_accel_i/ORB_accel_0/inst/grp_process_ORB_8_0_1080_1920_1_s_fu_247/process_blur_8_0_1080_1920_1_U0/mul_8ns_10ns_17_1_1_U98/ORB_accel_mul_8ns_10ns_17_1_1_Multiplier_2_U/p/P[47:0] is not pipelined (PREG=0). Pipelining the DSP48 output will improve performance and often saves power so it is suggested whenever possible to fully pipeline this function.  If this DSP48 function was inferred, it is suggested to describe an additional register stage after this function.  If the DSP48 was instantiated in the design, it is suggested to set the PREG attribute to 1.
Related violations: <none>

DPOP-3#18 Warning
PREG Output pipelining  
DSP ORB_accel_i/ORB_accel_0/inst/grp_process_ORB_8_0_1080_1920_1_s_fu_247/process_blur_8_0_1080_1920_1_U0/mul_8ns_9ns_16_1_1_U102/ORB_accel_mul_8ns_9ns_16_1_1_Multiplier_1_U/p output ORB_accel_i/ORB_accel_0/inst/grp_process_ORB_8_0_1080_1920_1_s_fu_247/process_blur_8_0_1080_1920_1_U0/mul_8ns_9ns_16_1_1_U102/ORB_accel_mul_8ns_9ns_16_1_1_Multiplier_1_U/p/P[47:0] is not pipelined (PREG=0). Pipelining the DSP48 output will improve performance and often saves power so it is suggested whenever possible to fully pipeline this function.  If this DSP48 function was inferred, it is suggested to describe an additional register stage after this function.  If the DSP48 was instantiated in the design, it is suggested to set the PREG attribute to 1.
Related violations: <none>

DPOP-3#19 Warning
PREG Output pipelining  
DSP ORB_accel_i/ORB_accel_0/inst/grp_process_ORB_8_0_1080_1920_1_s_fu_247/process_blur_8_0_1080_1920_1_U0/mul_8ns_9ns_16_1_1_U107/ORB_accel_mul_8ns_9ns_16_1_1_Multiplier_1_U/p output ORB_accel_i/ORB_accel_0/inst/grp_process_ORB_8_0_1080_1920_1_s_fu_247/process_blur_8_0_1080_1920_1_U0/mul_8ns_9ns_16_1_1_U107/ORB_accel_mul_8ns_9ns_16_1_1_Multiplier_1_U/p/P[47:0] is not pipelined (PREG=0). Pipelining the DSP48 output will improve performance and often saves power so it is suggested whenever possible to fully pipeline this function.  If this DSP48 function was inferred, it is suggested to describe an additional register stage after this function.  If the DSP48 was instantiated in the design, it is suggested to set the PREG attribute to 1.
Related violations: <none>

DPOP-3#20 Warning
PREG Output pipelining  
DSP ORB_accel_i/ORB_accel_0/inst/grp_process_ORB_8_0_1080_1920_1_s_fu_247/process_blur_8_0_1080_1920_1_U0/mul_8ns_9ns_16_1_1_U113/ORB_accel_mul_8ns_9ns_16_1_1_Multiplier_1_U/p output ORB_accel_i/ORB_accel_0/inst/grp_process_ORB_8_0_1080_1920_1_s_fu_247/process_blur_8_0_1080_1920_1_U0/mul_8ns_9ns_16_1_1_U113/ORB_accel_mul_8ns_9ns_16_1_1_Multiplier_1_U/p/P[47:0] is not pipelined (PREG=0). Pipelining the DSP48 output will improve performance and often saves power so it is suggested whenever possible to fully pipeline this function.  If this DSP48 function was inferred, it is suggested to describe an additional register stage after this function.  If the DSP48 was instantiated in the design, it is suggested to set the PREG attribute to 1.
Related violations: <none>

DPOP-3#21 Warning
PREG Output pipelining  
DSP ORB_accel_i/ORB_accel_0/inst/grp_process_ORB_8_0_1080_1920_1_s_fu_247/process_blur_8_0_1080_1920_1_U0/mul_8ns_9ns_16_1_1_U114/ORB_accel_mul_8ns_9ns_16_1_1_Multiplier_1_U/p output ORB_accel_i/ORB_accel_0/inst/grp_process_ORB_8_0_1080_1920_1_s_fu_247/process_blur_8_0_1080_1920_1_U0/mul_8ns_9ns_16_1_1_U114/ORB_accel_mul_8ns_9ns_16_1_1_Multiplier_1_U/p/P[47:0] is not pipelined (PREG=0). Pipelining the DSP48 output will improve performance and often saves power so it is suggested whenever possible to fully pipeline this function.  If this DSP48 function was inferred, it is suggested to describe an additional register stage after this function.  If the DSP48 was instantiated in the design, it is suggested to set the PREG attribute to 1.
Related violations: <none>

DPOP-3#22 Warning
PREG Output pipelining  
DSP ORB_accel_i/ORB_accel_0/inst/grp_process_ORB_8_0_1080_1920_1_s_fu_247/process_blur_8_0_1080_1920_1_U0/mul_8ns_9ns_16_1_1_U115/ORB_accel_mul_8ns_9ns_16_1_1_Multiplier_1_U/p output ORB_accel_i/ORB_accel_0/inst/grp_process_ORB_8_0_1080_1920_1_s_fu_247/process_blur_8_0_1080_1920_1_U0/mul_8ns_9ns_16_1_1_U115/ORB_accel_mul_8ns_9ns_16_1_1_Multiplier_1_U/p/P[47:0] is not pipelined (PREG=0). Pipelining the DSP48 output will improve performance and often saves power so it is suggested whenever possible to fully pipeline this function.  If this DSP48 function was inferred, it is suggested to describe an additional register stage after this function.  If the DSP48 was instantiated in the design, it is suggested to set the PREG attribute to 1.
Related violations: <none>

DPOP-3#23 Warning
PREG Output pipelining  
DSP ORB_accel_i/ORB_accel_0/inst/grp_process_ORB_8_0_1080_1920_1_s_fu_247/process_blur_8_0_1080_1920_1_U0/mul_8ns_9ns_16_1_1_U116/ORB_accel_mul_8ns_9ns_16_1_1_Multiplier_1_U/p output ORB_accel_i/ORB_accel_0/inst/grp_process_ORB_8_0_1080_1920_1_s_fu_247/process_blur_8_0_1080_1920_1_U0/mul_8ns_9ns_16_1_1_U116/ORB_accel_mul_8ns_9ns_16_1_1_Multiplier_1_U/p/P[47:0] is not pipelined (PREG=0). Pipelining the DSP48 output will improve performance and often saves power so it is suggested whenever possible to fully pipeline this function.  If this DSP48 function was inferred, it is suggested to describe an additional register stage after this function.  If the DSP48 was instantiated in the design, it is suggested to set the PREG attribute to 1.
Related violations: <none>

DPOP-3#24 Warning
PREG Output pipelining  
DSP ORB_accel_i/ORB_accel_0/inst/grp_process_ORB_8_0_1080_1920_1_s_fu_247/process_blur_8_0_1080_1920_1_U0/mul_8ns_9ns_16_1_1_U117/ORB_accel_mul_8ns_9ns_16_1_1_Multiplier_1_U/p output ORB_accel_i/ORB_accel_0/inst/grp_process_ORB_8_0_1080_1920_1_s_fu_247/process_blur_8_0_1080_1920_1_U0/mul_8ns_9ns_16_1_1_U117/ORB_accel_mul_8ns_9ns_16_1_1_Multiplier_1_U/p/P[47:0] is not pipelined (PREG=0). Pipelining the DSP48 output will improve performance and often saves power so it is suggested whenever possible to fully pipeline this function.  If this DSP48 function was inferred, it is suggested to describe an additional register stage after this function.  If the DSP48 was instantiated in the design, it is suggested to set the PREG attribute to 1.
Related violations: <none>

DPOP-3#25 Warning
PREG Output pipelining  
DSP ORB_accel_i/ORB_accel_0/inst/grp_process_ORB_8_0_1080_1920_1_s_fu_247/process_blur_8_0_1080_1920_1_U0/mul_8ns_9ns_16_1_1_U90/ORB_accel_mul_8ns_9ns_16_1_1_Multiplier_1_U/p output ORB_accel_i/ORB_accel_0/inst/grp_process_ORB_8_0_1080_1920_1_s_fu_247/process_blur_8_0_1080_1920_1_U0/mul_8ns_9ns_16_1_1_U90/ORB_accel_mul_8ns_9ns_16_1_1_Multiplier_1_U/p/P[47:0] is not pipelined (PREG=0). Pipelining the DSP48 output will improve performance and often saves power so it is suggested whenever possible to fully pipeline this function.  If this DSP48 function was inferred, it is suggested to describe an additional register stage after this function.  If the DSP48 was instantiated in the design, it is suggested to set the PREG attribute to 1.
Related violations: <none>

DPOP-3#26 Warning
PREG Output pipelining  
DSP ORB_accel_i/ORB_accel_0/inst/grp_process_ORB_8_0_1080_1920_1_s_fu_247/process_blur_8_0_1080_1920_1_U0/mul_8ns_9ns_16_1_1_U91/ORB_accel_mul_8ns_9ns_16_1_1_Multiplier_1_U/p output ORB_accel_i/ORB_accel_0/inst/grp_process_ORB_8_0_1080_1920_1_s_fu_247/process_blur_8_0_1080_1920_1_U0/mul_8ns_9ns_16_1_1_U91/ORB_accel_mul_8ns_9ns_16_1_1_Multiplier_1_U/p/P[47:0] is not pipelined (PREG=0). Pipelining the DSP48 output will improve performance and often saves power so it is suggested whenever possible to fully pipeline this function.  If this DSP48 function was inferred, it is suggested to describe an additional register stage after this function.  If the DSP48 was instantiated in the design, it is suggested to set the PREG attribute to 1.
Related violations: <none>

DPOP-3#27 Warning
PREG Output pipelining  
DSP ORB_accel_i/ORB_accel_0/inst/grp_process_ORB_8_0_1080_1920_1_s_fu_247/process_blur_8_0_1080_1920_1_U0/mul_8ns_9ns_16_1_1_U92/ORB_accel_mul_8ns_9ns_16_1_1_Multiplier_1_U/p output ORB_accel_i/ORB_accel_0/inst/grp_process_ORB_8_0_1080_1920_1_s_fu_247/process_blur_8_0_1080_1920_1_U0/mul_8ns_9ns_16_1_1_U92/ORB_accel_mul_8ns_9ns_16_1_1_Multiplier_1_U/p/P[47:0] is not pipelined (PREG=0). Pipelining the DSP48 output will improve performance and often saves power so it is suggested whenever possible to fully pipeline this function.  If this DSP48 function was inferred, it is suggested to describe an additional register stage after this function.  If the DSP48 was instantiated in the design, it is suggested to set the PREG attribute to 1.
Related violations: <none>

DPOP-3#28 Warning
PREG Output pipelining  
DSP ORB_accel_i/ORB_accel_0/inst/grp_process_ORB_8_0_1080_1920_1_s_fu_247/process_blur_8_0_1080_1920_1_U0/mul_8ns_9ns_16_1_1_U93/ORB_accel_mul_8ns_9ns_16_1_1_Multiplier_1_U/p output ORB_accel_i/ORB_accel_0/inst/grp_process_ORB_8_0_1080_1920_1_s_fu_247/process_blur_8_0_1080_1920_1_U0/mul_8ns_9ns_16_1_1_U93/ORB_accel_mul_8ns_9ns_16_1_1_Multiplier_1_U/p/P[47:0] is not pipelined (PREG=0). Pipelining the DSP48 output will improve performance and often saves power so it is suggested whenever possible to fully pipeline this function.  If this DSP48 function was inferred, it is suggested to describe an additional register stage after this function.  If the DSP48 was instantiated in the design, it is suggested to set the PREG attribute to 1.
Related violations: <none>

DPOP-3#29 Warning
PREG Output pipelining  
DSP ORB_accel_i/ORB_accel_0/inst/grp_process_ORB_8_0_1080_1920_1_s_fu_247/process_blur_8_0_1080_1920_1_U0/mul_8ns_9ns_16_1_1_U99/ORB_accel_mul_8ns_9ns_16_1_1_Multiplier_1_U/p output ORB_accel_i/ORB_accel_0/inst/grp_process_ORB_8_0_1080_1920_1_s_fu_247/process_blur_8_0_1080_1920_1_U0/mul_8ns_9ns_16_1_1_U99/ORB_accel_mul_8ns_9ns_16_1_1_Multiplier_1_U/p/P[47:0] is not pipelined (PREG=0). Pipelining the DSP48 output will improve performance and often saves power so it is suggested whenever possible to fully pipeline this function.  If this DSP48 function was inferred, it is suggested to describe an additional register stage after this function.  If the DSP48 was instantiated in the design, it is suggested to set the PREG attribute to 1.
Related violations: <none>

DPOP-3#30 Warning
PREG Output pipelining  
DSP ORB_accel_i/ORB_accel_0/inst/grp_process_ORB_8_0_1080_1920_1_s_fu_247/process_resize_8_0_1080_1920_1_U0/grp_resize_1_0_1080_1920_1080_1920_1_8_s_fu_80/grp_resizeNNBilinear_0_1080_1920_1_1080_1920_1_8_s_fu_48/grp_scaleCompute_17_42_20_48_16_1_s_fu_583/mul_48ns_42s_74_1_1_U46/ORB_accel_mul_48ns_42s_74_1_1_Multiplier_0_U/p output ORB_accel_i/ORB_accel_0/inst/grp_process_ORB_8_0_1080_1920_1_s_fu_247/process_resize_8_0_1080_1920_1_U0/grp_resize_1_0_1080_1920_1080_1920_1_8_s_fu_80/grp_resizeNNBilinear_0_1080_1920_1_1080_1920_1_8_s_fu_48/grp_scaleCompute_17_42_20_48_16_1_s_fu_583/mul_48ns_42s_74_1_1_U46/ORB_accel_mul_48ns_42s_74_1_1_Multiplier_0_U/p/P[47:0] is not pipelined (PREG=0). Pipelining the DSP48 output will improve performance and often saves power so it is suggested whenever possible to fully pipeline this function.  If this DSP48 function was inferred, it is suggested to describe an additional register stage after this function.  If the DSP48 was instantiated in the design, it is suggested to set the PREG attribute to 1.
Related violations: <none>

DPOP-3#31 Warning
PREG Output pipelining  
DSP ORB_accel_i/ORB_accel_0/inst/grp_process_ORB_8_0_1080_1920_1_s_fu_247/process_resize_8_0_1080_1920_1_U0/grp_resize_1_0_1080_1920_1080_1920_1_8_s_fu_80/grp_resizeNNBilinear_0_1080_1920_1_1080_1920_1_8_s_fu_48/grp_scaleCompute_17_42_20_48_16_1_s_fu_583/mul_48ns_42s_74_1_1_U46/ORB_accel_mul_48ns_42s_74_1_1_Multiplier_0_U/p__0 output ORB_accel_i/ORB_accel_0/inst/grp_process_ORB_8_0_1080_1920_1_s_fu_247/process_resize_8_0_1080_1920_1_U0/grp_resize_1_0_1080_1920_1080_1920_1_8_s_fu_80/grp_resizeNNBilinear_0_1080_1920_1_1080_1920_1_8_s_fu_48/grp_scaleCompute_17_42_20_48_16_1_s_fu_583/mul_48ns_42s_74_1_1_U46/ORB_accel_mul_48ns_42s_74_1_1_Multiplier_0_U/p__0/P[47:0] is not pipelined (PREG=0). Pipelining the DSP48 output will improve performance and often saves power so it is suggested whenever possible to fully pipeline this function.  If this DSP48 function was inferred, it is suggested to describe an additional register stage after this function.  If the DSP48 was instantiated in the design, it is suggested to set the PREG attribute to 1.
Related violations: <none>

DPOP-3#32 Warning
PREG Output pipelining  
DSP ORB_accel_i/ORB_accel_0/inst/grp_process_ORB_8_0_1080_1920_1_s_fu_247/process_resize_8_0_1080_1920_1_U0/grp_resize_1_0_1080_1920_1080_1920_1_8_s_fu_80/grp_resizeNNBilinear_0_1080_1920_1_1080_1920_1_8_s_fu_48/grp_scaleCompute_17_42_20_48_16_1_s_fu_583/mul_48ns_42s_74_1_1_U46/ORB_accel_mul_48ns_42s_74_1_1_Multiplier_0_U/p__1 output ORB_accel_i/ORB_accel_0/inst/grp_process_ORB_8_0_1080_1920_1_s_fu_247/process_resize_8_0_1080_1920_1_U0/grp_resize_1_0_1080_1920_1080_1920_1_8_s_fu_80/grp_resizeNNBilinear_0_1080_1920_1_1080_1920_1_8_s_fu_48/grp_scaleCompute_17_42_20_48_16_1_s_fu_583/mul_48ns_42s_74_1_1_U46/ORB_accel_mul_48ns_42s_74_1_1_Multiplier_0_U/p__1/P[47:0] is not pipelined (PREG=0). Pipelining the DSP48 output will improve performance and often saves power so it is suggested whenever possible to fully pipeline this function.  If this DSP48 function was inferred, it is suggested to describe an additional register stage after this function.  If the DSP48 was instantiated in the design, it is suggested to set the PREG attribute to 1.
Related violations: <none>

DPOP-3#33 Warning
PREG Output pipelining  
DSP ORB_accel_i/ORB_accel_0/inst/grp_process_ORB_8_0_1080_1920_1_s_fu_247/process_resize_8_0_1080_1920_1_U0/grp_resize_1_0_1080_1920_1080_1920_1_8_s_fu_80/grp_resizeNNBilinear_0_1080_1920_1_1080_1920_1_8_s_fu_48/grp_scaleCompute_17_42_20_48_16_1_s_fu_583/mul_48ns_42s_74_1_1_U46/ORB_accel_mul_48ns_42s_74_1_1_Multiplier_0_U/p__2 output ORB_accel_i/ORB_accel_0/inst/grp_process_ORB_8_0_1080_1920_1_s_fu_247/process_resize_8_0_1080_1920_1_U0/grp_resize_1_0_1080_1920_1080_1920_1_8_s_fu_80/grp_resizeNNBilinear_0_1080_1920_1_1080_1920_1_8_s_fu_48/grp_scaleCompute_17_42_20_48_16_1_s_fu_583/mul_48ns_42s_74_1_1_U46/ORB_accel_mul_48ns_42s_74_1_1_Multiplier_0_U/p__2/P[47:0] is not pipelined (PREG=0). Pipelining the DSP48 output will improve performance and often saves power so it is suggested whenever possible to fully pipeline this function.  If this DSP48 function was inferred, it is suggested to describe an additional register stage after this function.  If the DSP48 was instantiated in the design, it is suggested to set the PREG attribute to 1.
Related violations: <none>

DPOP-3#34 Warning
PREG Output pipelining  
DSP ORB_accel_i/ORB_accel_0/inst/grp_process_ORB_8_0_1080_1920_1_s_fu_247/process_resize_8_0_1080_1920_1_U0/grp_resize_1_0_1080_1920_1080_1920_1_8_s_fu_80/grp_resizeNNBilinear_0_1080_1920_1_1080_1920_1_8_s_fu_48/grp_scaleCompute_17_42_20_48_16_1_s_fu_583/mul_48ns_42s_74_1_1_U46/ORB_accel_mul_48ns_42s_74_1_1_Multiplier_0_U/p__3 output ORB_accel_i/ORB_accel_0/inst/grp_process_ORB_8_0_1080_1920_1_s_fu_247/process_resize_8_0_1080_1920_1_U0/grp_resize_1_0_1080_1920_1080_1920_1_8_s_fu_80/grp_resizeNNBilinear_0_1080_1920_1_1080_1920_1_8_s_fu_48/grp_scaleCompute_17_42_20_48_16_1_s_fu_583/mul_48ns_42s_74_1_1_U46/ORB_accel_mul_48ns_42s_74_1_1_Multiplier_0_U/p__3/P[47:0] is not pipelined (PREG=0). Pipelining the DSP48 output will improve performance and often saves power so it is suggested whenever possible to fully pipeline this function.  If this DSP48 function was inferred, it is suggested to describe an additional register stage after this function.  If the DSP48 was instantiated in the design, it is suggested to set the PREG attribute to 1.
Related violations: <none>

DPOP-3#35 Warning
PREG Output pipelining  
DSP ORB_accel_i/ORB_accel_0/inst/grp_process_ORB_8_0_1080_1920_1_s_fu_247/process_resize_8_0_1080_1920_1_U0/grp_resize_1_0_1080_1920_1080_1920_1_8_s_fu_80/grp_resizeNNBilinear_0_1080_1920_1_1080_1920_1_8_s_fu_48/grp_scaleCompute_17_42_20_48_16_1_s_fu_583/mul_48ns_42s_74_1_1_U46/ORB_accel_mul_48ns_42s_74_1_1_Multiplier_0_U/p__4 output ORB_accel_i/ORB_accel_0/inst/grp_process_ORB_8_0_1080_1920_1_s_fu_247/process_resize_8_0_1080_1920_1_U0/grp_resize_1_0_1080_1920_1080_1920_1_8_s_fu_80/grp_resizeNNBilinear_0_1080_1920_1_1080_1920_1_8_s_fu_48/grp_scaleCompute_17_42_20_48_16_1_s_fu_583/mul_48ns_42s_74_1_1_U46/ORB_accel_mul_48ns_42s_74_1_1_Multiplier_0_U/p__4/P[47:0] is not pipelined (PREG=0). Pipelining the DSP48 output will improve performance and often saves power so it is suggested whenever possible to fully pipeline this function.  If this DSP48 function was inferred, it is suggested to describe an additional register stage after this function.  If the DSP48 was instantiated in the design, it is suggested to set the PREG attribute to 1.
Related violations: <none>

DPOP-4#1 Warning
MREG Output pipelining  
DSP ORB_accel_i/ORB_accel_0/inst/grp_process_ORB_8_0_1080_1920_1_s_fu_247/process_blur_8_0_1080_1920_1_U0/mul_8ns_10ns_17_1_1_U100/ORB_accel_mul_8ns_10ns_17_1_1_Multiplier_2_U/p multiplier stage ORB_accel_i/ORB_accel_0/inst/grp_process_ORB_8_0_1080_1920_1_s_fu_247/process_blur_8_0_1080_1920_1_U0/mul_8ns_10ns_17_1_1_U100/ORB_accel_mul_8ns_10ns_17_1_1_Multiplier_2_U/p/P[47:0] is not pipelined (MREG=0). Pipelining the multiplier function will improve performance and will save significant power so it is suggested whenever possible to fully pipeline this function.  If this multiplier was inferred, it is suggested to describe an additional register stage after this function.  If there is no registered adder/accumulator following the multiply function, two pipeline stages are suggested to allow both the MREG and PREG registers to be used.  If the DSP48 was instantiated in the design, it is suggested to set both the MREG and PREG attributes to 1 when performing multiply functions.
Related violations: <none>

DPOP-4#2 Warning
MREG Output pipelining  
DSP ORB_accel_i/ORB_accel_0/inst/grp_process_ORB_8_0_1080_1920_1_s_fu_247/process_blur_8_0_1080_1920_1_U0/mul_8ns_10ns_17_1_1_U101/ORB_accel_mul_8ns_10ns_17_1_1_Multiplier_2_U/p multiplier stage ORB_accel_i/ORB_accel_0/inst/grp_process_ORB_8_0_1080_1920_1_s_fu_247/process_blur_8_0_1080_1920_1_U0/mul_8ns_10ns_17_1_1_U101/ORB_accel_mul_8ns_10ns_17_1_1_Multiplier_2_U/p/P[47:0] is not pipelined (MREG=0). Pipelining the multiplier function will improve performance and will save significant power so it is suggested whenever possible to fully pipeline this function.  If this multiplier was inferred, it is suggested to describe an additional register stage after this function.  If there is no registered adder/accumulator following the multiply function, two pipeline stages are suggested to allow both the MREG and PREG registers to be used.  If the DSP48 was instantiated in the design, it is suggested to set both the MREG and PREG attributes to 1 when performing multiply functions.
Related violations: <none>

DPOP-4#3 Warning
MREG Output pipelining  
DSP ORB_accel_i/ORB_accel_0/inst/grp_process_ORB_8_0_1080_1920_1_s_fu_247/process_blur_8_0_1080_1920_1_U0/mul_8ns_10ns_17_1_1_U103/ORB_accel_mul_8ns_10ns_17_1_1_Multiplier_2_U/p multiplier stage ORB_accel_i/ORB_accel_0/inst/grp_process_ORB_8_0_1080_1920_1_s_fu_247/process_blur_8_0_1080_1920_1_U0/mul_8ns_10ns_17_1_1_U103/ORB_accel_mul_8ns_10ns_17_1_1_Multiplier_2_U/p/P[47:0] is not pipelined (MREG=0). Pipelining the multiplier function will improve performance and will save significant power so it is suggested whenever possible to fully pipeline this function.  If this multiplier was inferred, it is suggested to describe an additional register stage after this function.  If there is no registered adder/accumulator following the multiply function, two pipeline stages are suggested to allow both the MREG and PREG registers to be used.  If the DSP48 was instantiated in the design, it is suggested to set both the MREG and PREG attributes to 1 when performing multiply functions.
Related violations: <none>

DPOP-4#4 Warning
MREG Output pipelining  
DSP ORB_accel_i/ORB_accel_0/inst/grp_process_ORB_8_0_1080_1920_1_s_fu_247/process_blur_8_0_1080_1920_1_U0/mul_8ns_10ns_17_1_1_U104/ORB_accel_mul_8ns_10ns_17_1_1_Multiplier_2_U/p multiplier stage ORB_accel_i/ORB_accel_0/inst/grp_process_ORB_8_0_1080_1920_1_s_fu_247/process_blur_8_0_1080_1920_1_U0/mul_8ns_10ns_17_1_1_U104/ORB_accel_mul_8ns_10ns_17_1_1_Multiplier_2_U/p/P[47:0] is not pipelined (MREG=0). Pipelining the multiplier function will improve performance and will save significant power so it is suggested whenever possible to fully pipeline this function.  If this multiplier was inferred, it is suggested to describe an additional register stage after this function.  If there is no registered adder/accumulator following the multiply function, two pipeline stages are suggested to allow both the MREG and PREG registers to be used.  If the DSP48 was instantiated in the design, it is suggested to set both the MREG and PREG attributes to 1 when performing multiply functions.
Related violations: <none>

DPOP-4#5 Warning
MREG Output pipelining  
DSP ORB_accel_i/ORB_accel_0/inst/grp_process_ORB_8_0_1080_1920_1_s_fu_247/process_blur_8_0_1080_1920_1_U0/mul_8ns_10ns_17_1_1_U105/ORB_accel_mul_8ns_10ns_17_1_1_Multiplier_2_U/p multiplier stage ORB_accel_i/ORB_accel_0/inst/grp_process_ORB_8_0_1080_1920_1_s_fu_247/process_blur_8_0_1080_1920_1_U0/mul_8ns_10ns_17_1_1_U105/ORB_accel_mul_8ns_10ns_17_1_1_Multiplier_2_U/p/P[47:0] is not pipelined (MREG=0). Pipelining the multiplier function will improve performance and will save significant power so it is suggested whenever possible to fully pipeline this function.  If this multiplier was inferred, it is suggested to describe an additional register stage after this function.  If there is no registered adder/accumulator following the multiply function, two pipeline stages are suggested to allow both the MREG and PREG registers to be used.  If the DSP48 was instantiated in the design, it is suggested to set both the MREG and PREG attributes to 1 when performing multiply functions.
Related violations: <none>

DPOP-4#6 Warning
MREG Output pipelining  
DSP ORB_accel_i/ORB_accel_0/inst/grp_process_ORB_8_0_1080_1920_1_s_fu_247/process_blur_8_0_1080_1920_1_U0/mul_8ns_10ns_17_1_1_U106/ORB_accel_mul_8ns_10ns_17_1_1_Multiplier_2_U/p multiplier stage ORB_accel_i/ORB_accel_0/inst/grp_process_ORB_8_0_1080_1920_1_s_fu_247/process_blur_8_0_1080_1920_1_U0/mul_8ns_10ns_17_1_1_U106/ORB_accel_mul_8ns_10ns_17_1_1_Multiplier_2_U/p/P[47:0] is not pipelined (MREG=0). Pipelining the multiplier function will improve performance and will save significant power so it is suggested whenever possible to fully pipeline this function.  If this multiplier was inferred, it is suggested to describe an additional register stage after this function.  If there is no registered adder/accumulator following the multiply function, two pipeline stages are suggested to allow both the MREG and PREG registers to be used.  If the DSP48 was instantiated in the design, it is suggested to set both the MREG and PREG attributes to 1 when performing multiply functions.
Related violations: <none>

DPOP-4#7 Warning
MREG Output pipelining  
DSP ORB_accel_i/ORB_accel_0/inst/grp_process_ORB_8_0_1080_1920_1_s_fu_247/process_blur_8_0_1080_1920_1_U0/mul_8ns_10ns_17_1_1_U108/ORB_accel_mul_8ns_10ns_17_1_1_Multiplier_2_U/p multiplier stage ORB_accel_i/ORB_accel_0/inst/grp_process_ORB_8_0_1080_1920_1_s_fu_247/process_blur_8_0_1080_1920_1_U0/mul_8ns_10ns_17_1_1_U108/ORB_accel_mul_8ns_10ns_17_1_1_Multiplier_2_U/p/P[47:0] is not pipelined (MREG=0). Pipelining the multiplier function will improve performance and will save significant power so it is suggested whenever possible to fully pipeline this function.  If this multiplier was inferred, it is suggested to describe an additional register stage after this function.  If there is no registered adder/accumulator following the multiply function, two pipeline stages are suggested to allow both the MREG and PREG registers to be used.  If the DSP48 was instantiated in the design, it is suggested to set both the MREG and PREG attributes to 1 when performing multiply functions.
Related violations: <none>

DPOP-4#8 Warning
MREG Output pipelining  
DSP ORB_accel_i/ORB_accel_0/inst/grp_process_ORB_8_0_1080_1920_1_s_fu_247/process_blur_8_0_1080_1920_1_U0/mul_8ns_10ns_17_1_1_U109/ORB_accel_mul_8ns_10ns_17_1_1_Multiplier_2_U/p multiplier stage ORB_accel_i/ORB_accel_0/inst/grp_process_ORB_8_0_1080_1920_1_s_fu_247/process_blur_8_0_1080_1920_1_U0/mul_8ns_10ns_17_1_1_U109/ORB_accel_mul_8ns_10ns_17_1_1_Multiplier_2_U/p/P[47:0] is not pipelined (MREG=0). Pipelining the multiplier function will improve performance and will save significant power so it is suggested whenever possible to fully pipeline this function.  If this multiplier was inferred, it is suggested to describe an additional register stage after this function.  If there is no registered adder/accumulator following the multiply function, two pipeline stages are suggested to allow both the MREG and PREG registers to be used.  If the DSP48 was instantiated in the design, it is suggested to set both the MREG and PREG attributes to 1 when performing multiply functions.
Related violations: <none>

DPOP-4#9 Warning
MREG Output pipelining  
DSP ORB_accel_i/ORB_accel_0/inst/grp_process_ORB_8_0_1080_1920_1_s_fu_247/process_blur_8_0_1080_1920_1_U0/mul_8ns_10ns_17_1_1_U110/ORB_accel_mul_8ns_10ns_17_1_1_Multiplier_2_U/p multiplier stage ORB_accel_i/ORB_accel_0/inst/grp_process_ORB_8_0_1080_1920_1_s_fu_247/process_blur_8_0_1080_1920_1_U0/mul_8ns_10ns_17_1_1_U110/ORB_accel_mul_8ns_10ns_17_1_1_Multiplier_2_U/p/P[47:0] is not pipelined (MREG=0). Pipelining the multiplier function will improve performance and will save significant power so it is suggested whenever possible to fully pipeline this function.  If this multiplier was inferred, it is suggested to describe an additional register stage after this function.  If there is no registered adder/accumulator following the multiply function, two pipeline stages are suggested to allow both the MREG and PREG registers to be used.  If the DSP48 was instantiated in the design, it is suggested to set both the MREG and PREG attributes to 1 when performing multiply functions.
Related violations: <none>

DPOP-4#10 Warning
MREG Output pipelining  
DSP ORB_accel_i/ORB_accel_0/inst/grp_process_ORB_8_0_1080_1920_1_s_fu_247/process_blur_8_0_1080_1920_1_U0/mul_8ns_10ns_17_1_1_U111/ORB_accel_mul_8ns_10ns_17_1_1_Multiplier_2_U/p multiplier stage ORB_accel_i/ORB_accel_0/inst/grp_process_ORB_8_0_1080_1920_1_s_fu_247/process_blur_8_0_1080_1920_1_U0/mul_8ns_10ns_17_1_1_U111/ORB_accel_mul_8ns_10ns_17_1_1_Multiplier_2_U/p/P[47:0] is not pipelined (MREG=0). Pipelining the multiplier function will improve performance and will save significant power so it is suggested whenever possible to fully pipeline this function.  If this multiplier was inferred, it is suggested to describe an additional register stage after this function.  If there is no registered adder/accumulator following the multiply function, two pipeline stages are suggested to allow both the MREG and PREG registers to be used.  If the DSP48 was instantiated in the design, it is suggested to set both the MREG and PREG attributes to 1 when performing multiply functions.
Related violations: <none>

DPOP-4#11 Warning
MREG Output pipelining  
DSP ORB_accel_i/ORB_accel_0/inst/grp_process_ORB_8_0_1080_1920_1_s_fu_247/process_blur_8_0_1080_1920_1_U0/mul_8ns_10ns_17_1_1_U112/ORB_accel_mul_8ns_10ns_17_1_1_Multiplier_2_U/p multiplier stage ORB_accel_i/ORB_accel_0/inst/grp_process_ORB_8_0_1080_1920_1_s_fu_247/process_blur_8_0_1080_1920_1_U0/mul_8ns_10ns_17_1_1_U112/ORB_accel_mul_8ns_10ns_17_1_1_Multiplier_2_U/p/P[47:0] is not pipelined (MREG=0). Pipelining the multiplier function will improve performance and will save significant power so it is suggested whenever possible to fully pipeline this function.  If this multiplier was inferred, it is suggested to describe an additional register stage after this function.  If there is no registered adder/accumulator following the multiply function, two pipeline stages are suggested to allow both the MREG and PREG registers to be used.  If the DSP48 was instantiated in the design, it is suggested to set both the MREG and PREG attributes to 1 when performing multiply functions.
Related violations: <none>

DPOP-4#12 Warning
MREG Output pipelining  
DSP ORB_accel_i/ORB_accel_0/inst/grp_process_ORB_8_0_1080_1920_1_s_fu_247/process_blur_8_0_1080_1920_1_U0/mul_8ns_10ns_17_1_1_U94/ORB_accel_mul_8ns_10ns_17_1_1_Multiplier_2_U/p multiplier stage ORB_accel_i/ORB_accel_0/inst/grp_process_ORB_8_0_1080_1920_1_s_fu_247/process_blur_8_0_1080_1920_1_U0/mul_8ns_10ns_17_1_1_U94/ORB_accel_mul_8ns_10ns_17_1_1_Multiplier_2_U/p/P[47:0] is not pipelined (MREG=0). Pipelining the multiplier function will improve performance and will save significant power so it is suggested whenever possible to fully pipeline this function.  If this multiplier was inferred, it is suggested to describe an additional register stage after this function.  If there is no registered adder/accumulator following the multiply function, two pipeline stages are suggested to allow both the MREG and PREG registers to be used.  If the DSP48 was instantiated in the design, it is suggested to set both the MREG and PREG attributes to 1 when performing multiply functions.
Related violations: <none>

DPOP-4#13 Warning
MREG Output pipelining  
DSP ORB_accel_i/ORB_accel_0/inst/grp_process_ORB_8_0_1080_1920_1_s_fu_247/process_blur_8_0_1080_1920_1_U0/mul_8ns_10ns_17_1_1_U95/ORB_accel_mul_8ns_10ns_17_1_1_Multiplier_2_U/p multiplier stage ORB_accel_i/ORB_accel_0/inst/grp_process_ORB_8_0_1080_1920_1_s_fu_247/process_blur_8_0_1080_1920_1_U0/mul_8ns_10ns_17_1_1_U95/ORB_accel_mul_8ns_10ns_17_1_1_Multiplier_2_U/p/P[47:0] is not pipelined (MREG=0). Pipelining the multiplier function will improve performance and will save significant power so it is suggested whenever possible to fully pipeline this function.  If this multiplier was inferred, it is suggested to describe an additional register stage after this function.  If there is no registered adder/accumulator following the multiply function, two pipeline stages are suggested to allow both the MREG and PREG registers to be used.  If the DSP48 was instantiated in the design, it is suggested to set both the MREG and PREG attributes to 1 when performing multiply functions.
Related violations: <none>

DPOP-4#14 Warning
MREG Output pipelining  
DSP ORB_accel_i/ORB_accel_0/inst/grp_process_ORB_8_0_1080_1920_1_s_fu_247/process_blur_8_0_1080_1920_1_U0/mul_8ns_10ns_17_1_1_U96/ORB_accel_mul_8ns_10ns_17_1_1_Multiplier_2_U/p multiplier stage ORB_accel_i/ORB_accel_0/inst/grp_process_ORB_8_0_1080_1920_1_s_fu_247/process_blur_8_0_1080_1920_1_U0/mul_8ns_10ns_17_1_1_U96/ORB_accel_mul_8ns_10ns_17_1_1_Multiplier_2_U/p/P[47:0] is not pipelined (MREG=0). Pipelining the multiplier function will improve performance and will save significant power so it is suggested whenever possible to fully pipeline this function.  If this multiplier was inferred, it is suggested to describe an additional register stage after this function.  If there is no registered adder/accumulator following the multiply function, two pipeline stages are suggested to allow both the MREG and PREG registers to be used.  If the DSP48 was instantiated in the design, it is suggested to set both the MREG and PREG attributes to 1 when performing multiply functions.
Related violations: <none>

DPOP-4#15 Warning
MREG Output pipelining  
DSP ORB_accel_i/ORB_accel_0/inst/grp_process_ORB_8_0_1080_1920_1_s_fu_247/process_blur_8_0_1080_1920_1_U0/mul_8ns_10ns_17_1_1_U97/ORB_accel_mul_8ns_10ns_17_1_1_Multiplier_2_U/p multiplier stage ORB_accel_i/ORB_accel_0/inst/grp_process_ORB_8_0_1080_1920_1_s_fu_247/process_blur_8_0_1080_1920_1_U0/mul_8ns_10ns_17_1_1_U97/ORB_accel_mul_8ns_10ns_17_1_1_Multiplier_2_U/p/P[47:0] is not pipelined (MREG=0). Pipelining the multiplier function will improve performance and will save significant power so it is suggested whenever possible to fully pipeline this function.  If this multiplier was inferred, it is suggested to describe an additional register stage after this function.  If there is no registered adder/accumulator following the multiply function, two pipeline stages are suggested to allow both the MREG and PREG registers to be used.  If the DSP48 was instantiated in the design, it is suggested to set both the MREG and PREG attributes to 1 when performing multiply functions.
Related violations: <none>

DPOP-4#16 Warning
MREG Output pipelining  
DSP ORB_accel_i/ORB_accel_0/inst/grp_process_ORB_8_0_1080_1920_1_s_fu_247/process_blur_8_0_1080_1920_1_U0/mul_8ns_10ns_17_1_1_U98/ORB_accel_mul_8ns_10ns_17_1_1_Multiplier_2_U/p multiplier stage ORB_accel_i/ORB_accel_0/inst/grp_process_ORB_8_0_1080_1920_1_s_fu_247/process_blur_8_0_1080_1920_1_U0/mul_8ns_10ns_17_1_1_U98/ORB_accel_mul_8ns_10ns_17_1_1_Multiplier_2_U/p/P[47:0] is not pipelined (MREG=0). Pipelining the multiplier function will improve performance and will save significant power so it is suggested whenever possible to fully pipeline this function.  If this multiplier was inferred, it is suggested to describe an additional register stage after this function.  If there is no registered adder/accumulator following the multiply function, two pipeline stages are suggested to allow both the MREG and PREG registers to be used.  If the DSP48 was instantiated in the design, it is suggested to set both the MREG and PREG attributes to 1 when performing multiply functions.
Related violations: <none>

DPOP-4#17 Warning
MREG Output pipelining  
DSP ORB_accel_i/ORB_accel_0/inst/grp_process_ORB_8_0_1080_1920_1_s_fu_247/process_blur_8_0_1080_1920_1_U0/mul_8ns_9ns_16_1_1_U102/ORB_accel_mul_8ns_9ns_16_1_1_Multiplier_1_U/p multiplier stage ORB_accel_i/ORB_accel_0/inst/grp_process_ORB_8_0_1080_1920_1_s_fu_247/process_blur_8_0_1080_1920_1_U0/mul_8ns_9ns_16_1_1_U102/ORB_accel_mul_8ns_9ns_16_1_1_Multiplier_1_U/p/P[47:0] is not pipelined (MREG=0). Pipelining the multiplier function will improve performance and will save significant power so it is suggested whenever possible to fully pipeline this function.  If this multiplier was inferred, it is suggested to describe an additional register stage after this function.  If there is no registered adder/accumulator following the multiply function, two pipeline stages are suggested to allow both the MREG and PREG registers to be used.  If the DSP48 was instantiated in the design, it is suggested to set both the MREG and PREG attributes to 1 when performing multiply functions.
Related violations: <none>

DPOP-4#18 Warning
MREG Output pipelining  
DSP ORB_accel_i/ORB_accel_0/inst/grp_process_ORB_8_0_1080_1920_1_s_fu_247/process_blur_8_0_1080_1920_1_U0/mul_8ns_9ns_16_1_1_U107/ORB_accel_mul_8ns_9ns_16_1_1_Multiplier_1_U/p multiplier stage ORB_accel_i/ORB_accel_0/inst/grp_process_ORB_8_0_1080_1920_1_s_fu_247/process_blur_8_0_1080_1920_1_U0/mul_8ns_9ns_16_1_1_U107/ORB_accel_mul_8ns_9ns_16_1_1_Multiplier_1_U/p/P[47:0] is not pipelined (MREG=0). Pipelining the multiplier function will improve performance and will save significant power so it is suggested whenever possible to fully pipeline this function.  If this multiplier was inferred, it is suggested to describe an additional register stage after this function.  If there is no registered adder/accumulator following the multiply function, two pipeline stages are suggested to allow both the MREG and PREG registers to be used.  If the DSP48 was instantiated in the design, it is suggested to set both the MREG and PREG attributes to 1 when performing multiply functions.
Related violations: <none>

DPOP-4#19 Warning
MREG Output pipelining  
DSP ORB_accel_i/ORB_accel_0/inst/grp_process_ORB_8_0_1080_1920_1_s_fu_247/process_blur_8_0_1080_1920_1_U0/mul_8ns_9ns_16_1_1_U113/ORB_accel_mul_8ns_9ns_16_1_1_Multiplier_1_U/p multiplier stage ORB_accel_i/ORB_accel_0/inst/grp_process_ORB_8_0_1080_1920_1_s_fu_247/process_blur_8_0_1080_1920_1_U0/mul_8ns_9ns_16_1_1_U113/ORB_accel_mul_8ns_9ns_16_1_1_Multiplier_1_U/p/P[47:0] is not pipelined (MREG=0). Pipelining the multiplier function will improve performance and will save significant power so it is suggested whenever possible to fully pipeline this function.  If this multiplier was inferred, it is suggested to describe an additional register stage after this function.  If there is no registered adder/accumulator following the multiply function, two pipeline stages are suggested to allow both the MREG and PREG registers to be used.  If the DSP48 was instantiated in the design, it is suggested to set both the MREG and PREG attributes to 1 when performing multiply functions.
Related violations: <none>

DPOP-4#20 Warning
MREG Output pipelining  
DSP ORB_accel_i/ORB_accel_0/inst/grp_process_ORB_8_0_1080_1920_1_s_fu_247/process_blur_8_0_1080_1920_1_U0/mul_8ns_9ns_16_1_1_U114/ORB_accel_mul_8ns_9ns_16_1_1_Multiplier_1_U/p multiplier stage ORB_accel_i/ORB_accel_0/inst/grp_process_ORB_8_0_1080_1920_1_s_fu_247/process_blur_8_0_1080_1920_1_U0/mul_8ns_9ns_16_1_1_U114/ORB_accel_mul_8ns_9ns_16_1_1_Multiplier_1_U/p/P[47:0] is not pipelined (MREG=0). Pipelining the multiplier function will improve performance and will save significant power so it is suggested whenever possible to fully pipeline this function.  If this multiplier was inferred, it is suggested to describe an additional register stage after this function.  If there is no registered adder/accumulator following the multiply function, two pipeline stages are suggested to allow both the MREG and PREG registers to be used.  If the DSP48 was instantiated in the design, it is suggested to set both the MREG and PREG attributes to 1 when performing multiply functions.
Related violations: <none>

DPOP-4#21 Warning
MREG Output pipelining  
DSP ORB_accel_i/ORB_accel_0/inst/grp_process_ORB_8_0_1080_1920_1_s_fu_247/process_blur_8_0_1080_1920_1_U0/mul_8ns_9ns_16_1_1_U115/ORB_accel_mul_8ns_9ns_16_1_1_Multiplier_1_U/p multiplier stage ORB_accel_i/ORB_accel_0/inst/grp_process_ORB_8_0_1080_1920_1_s_fu_247/process_blur_8_0_1080_1920_1_U0/mul_8ns_9ns_16_1_1_U115/ORB_accel_mul_8ns_9ns_16_1_1_Multiplier_1_U/p/P[47:0] is not pipelined (MREG=0). Pipelining the multiplier function will improve performance and will save significant power so it is suggested whenever possible to fully pipeline this function.  If this multiplier was inferred, it is suggested to describe an additional register stage after this function.  If there is no registered adder/accumulator following the multiply function, two pipeline stages are suggested to allow both the MREG and PREG registers to be used.  If the DSP48 was instantiated in the design, it is suggested to set both the MREG and PREG attributes to 1 when performing multiply functions.
Related violations: <none>

DPOP-4#22 Warning
MREG Output pipelining  
DSP ORB_accel_i/ORB_accel_0/inst/grp_process_ORB_8_0_1080_1920_1_s_fu_247/process_blur_8_0_1080_1920_1_U0/mul_8ns_9ns_16_1_1_U116/ORB_accel_mul_8ns_9ns_16_1_1_Multiplier_1_U/p multiplier stage ORB_accel_i/ORB_accel_0/inst/grp_process_ORB_8_0_1080_1920_1_s_fu_247/process_blur_8_0_1080_1920_1_U0/mul_8ns_9ns_16_1_1_U116/ORB_accel_mul_8ns_9ns_16_1_1_Multiplier_1_U/p/P[47:0] is not pipelined (MREG=0). Pipelining the multiplier function will improve performance and will save significant power so it is suggested whenever possible to fully pipeline this function.  If this multiplier was inferred, it is suggested to describe an additional register stage after this function.  If there is no registered adder/accumulator following the multiply function, two pipeline stages are suggested to allow both the MREG and PREG registers to be used.  If the DSP48 was instantiated in the design, it is suggested to set both the MREG and PREG attributes to 1 when performing multiply functions.
Related violations: <none>

DPOP-4#23 Warning
MREG Output pipelining  
DSP ORB_accel_i/ORB_accel_0/inst/grp_process_ORB_8_0_1080_1920_1_s_fu_247/process_blur_8_0_1080_1920_1_U0/mul_8ns_9ns_16_1_1_U117/ORB_accel_mul_8ns_9ns_16_1_1_Multiplier_1_U/p multiplier stage ORB_accel_i/ORB_accel_0/inst/grp_process_ORB_8_0_1080_1920_1_s_fu_247/process_blur_8_0_1080_1920_1_U0/mul_8ns_9ns_16_1_1_U117/ORB_accel_mul_8ns_9ns_16_1_1_Multiplier_1_U/p/P[47:0] is not pipelined (MREG=0). Pipelining the multiplier function will improve performance and will save significant power so it is suggested whenever possible to fully pipeline this function.  If this multiplier was inferred, it is suggested to describe an additional register stage after this function.  If there is no registered adder/accumulator following the multiply function, two pipeline stages are suggested to allow both the MREG and PREG registers to be used.  If the DSP48 was instantiated in the design, it is suggested to set both the MREG and PREG attributes to 1 when performing multiply functions.
Related violations: <none>

DPOP-4#24 Warning
MREG Output pipelining  
DSP ORB_accel_i/ORB_accel_0/inst/grp_process_ORB_8_0_1080_1920_1_s_fu_247/process_blur_8_0_1080_1920_1_U0/mul_8ns_9ns_16_1_1_U86/ORB_accel_mul_8ns_9ns_16_1_1_Multiplier_1_U/p multiplier stage ORB_accel_i/ORB_accel_0/inst/grp_process_ORB_8_0_1080_1920_1_s_fu_247/process_blur_8_0_1080_1920_1_U0/mul_8ns_9ns_16_1_1_U86/ORB_accel_mul_8ns_9ns_16_1_1_Multiplier_1_U/p/P[47:0] is not pipelined (MREG=0). Pipelining the multiplier function will improve performance and will save significant power so it is suggested whenever possible to fully pipeline this function.  If this multiplier was inferred, it is suggested to describe an additional register stage after this function.  If there is no registered adder/accumulator following the multiply function, two pipeline stages are suggested to allow both the MREG and PREG registers to be used.  If the DSP48 was instantiated in the design, it is suggested to set both the MREG and PREG attributes to 1 when performing multiply functions.
Related violations: <none>

DPOP-4#25 Warning
MREG Output pipelining  
DSP ORB_accel_i/ORB_accel_0/inst/grp_process_ORB_8_0_1080_1920_1_s_fu_247/process_blur_8_0_1080_1920_1_U0/mul_8ns_9ns_16_1_1_U87/ORB_accel_mul_8ns_9ns_16_1_1_Multiplier_1_U/p multiplier stage ORB_accel_i/ORB_accel_0/inst/grp_process_ORB_8_0_1080_1920_1_s_fu_247/process_blur_8_0_1080_1920_1_U0/mul_8ns_9ns_16_1_1_U87/ORB_accel_mul_8ns_9ns_16_1_1_Multiplier_1_U/p/P[47:0] is not pipelined (MREG=0). Pipelining the multiplier function will improve performance and will save significant power so it is suggested whenever possible to fully pipeline this function.  If this multiplier was inferred, it is suggested to describe an additional register stage after this function.  If there is no registered adder/accumulator following the multiply function, two pipeline stages are suggested to allow both the MREG and PREG registers to be used.  If the DSP48 was instantiated in the design, it is suggested to set both the MREG and PREG attributes to 1 when performing multiply functions.
Related violations: <none>

DPOP-4#26 Warning
MREG Output pipelining  
DSP ORB_accel_i/ORB_accel_0/inst/grp_process_ORB_8_0_1080_1920_1_s_fu_247/process_blur_8_0_1080_1920_1_U0/mul_8ns_9ns_16_1_1_U88/ORB_accel_mul_8ns_9ns_16_1_1_Multiplier_1_U/p multiplier stage ORB_accel_i/ORB_accel_0/inst/grp_process_ORB_8_0_1080_1920_1_s_fu_247/process_blur_8_0_1080_1920_1_U0/mul_8ns_9ns_16_1_1_U88/ORB_accel_mul_8ns_9ns_16_1_1_Multiplier_1_U/p/P[47:0] is not pipelined (MREG=0). Pipelining the multiplier function will improve performance and will save significant power so it is suggested whenever possible to fully pipeline this function.  If this multiplier was inferred, it is suggested to describe an additional register stage after this function.  If there is no registered adder/accumulator following the multiply function, two pipeline stages are suggested to allow both the MREG and PREG registers to be used.  If the DSP48 was instantiated in the design, it is suggested to set both the MREG and PREG attributes to 1 when performing multiply functions.
Related violations: <none>

DPOP-4#27 Warning
MREG Output pipelining  
DSP ORB_accel_i/ORB_accel_0/inst/grp_process_ORB_8_0_1080_1920_1_s_fu_247/process_blur_8_0_1080_1920_1_U0/mul_8ns_9ns_16_1_1_U89/ORB_accel_mul_8ns_9ns_16_1_1_Multiplier_1_U/p multiplier stage ORB_accel_i/ORB_accel_0/inst/grp_process_ORB_8_0_1080_1920_1_s_fu_247/process_blur_8_0_1080_1920_1_U0/mul_8ns_9ns_16_1_1_U89/ORB_accel_mul_8ns_9ns_16_1_1_Multiplier_1_U/p/P[47:0] is not pipelined (MREG=0). Pipelining the multiplier function will improve performance and will save significant power so it is suggested whenever possible to fully pipeline this function.  If this multiplier was inferred, it is suggested to describe an additional register stage after this function.  If there is no registered adder/accumulator following the multiply function, two pipeline stages are suggested to allow both the MREG and PREG registers to be used.  If the DSP48 was instantiated in the design, it is suggested to set both the MREG and PREG attributes to 1 when performing multiply functions.
Related violations: <none>

DPOP-4#28 Warning
MREG Output pipelining  
DSP ORB_accel_i/ORB_accel_0/inst/grp_process_ORB_8_0_1080_1920_1_s_fu_247/process_blur_8_0_1080_1920_1_U0/mul_8ns_9ns_16_1_1_U90/ORB_accel_mul_8ns_9ns_16_1_1_Multiplier_1_U/p multiplier stage ORB_accel_i/ORB_accel_0/inst/grp_process_ORB_8_0_1080_1920_1_s_fu_247/process_blur_8_0_1080_1920_1_U0/mul_8ns_9ns_16_1_1_U90/ORB_accel_mul_8ns_9ns_16_1_1_Multiplier_1_U/p/P[47:0] is not pipelined (MREG=0). Pipelining the multiplier function will improve performance and will save significant power so it is suggested whenever possible to fully pipeline this function.  If this multiplier was inferred, it is suggested to describe an additional register stage after this function.  If there is no registered adder/accumulator following the multiply function, two pipeline stages are suggested to allow both the MREG and PREG registers to be used.  If the DSP48 was instantiated in the design, it is suggested to set both the MREG and PREG attributes to 1 when performing multiply functions.
Related violations: <none>

DPOP-4#29 Warning
MREG Output pipelining  
DSP ORB_accel_i/ORB_accel_0/inst/grp_process_ORB_8_0_1080_1920_1_s_fu_247/process_blur_8_0_1080_1920_1_U0/mul_8ns_9ns_16_1_1_U91/ORB_accel_mul_8ns_9ns_16_1_1_Multiplier_1_U/p multiplier stage ORB_accel_i/ORB_accel_0/inst/grp_process_ORB_8_0_1080_1920_1_s_fu_247/process_blur_8_0_1080_1920_1_U0/mul_8ns_9ns_16_1_1_U91/ORB_accel_mul_8ns_9ns_16_1_1_Multiplier_1_U/p/P[47:0] is not pipelined (MREG=0). Pipelining the multiplier function will improve performance and will save significant power so it is suggested whenever possible to fully pipeline this function.  If this multiplier was inferred, it is suggested to describe an additional register stage after this function.  If there is no registered adder/accumulator following the multiply function, two pipeline stages are suggested to allow both the MREG and PREG registers to be used.  If the DSP48 was instantiated in the design, it is suggested to set both the MREG and PREG attributes to 1 when performing multiply functions.
Related violations: <none>

DPOP-4#30 Warning
MREG Output pipelining  
DSP ORB_accel_i/ORB_accel_0/inst/grp_process_ORB_8_0_1080_1920_1_s_fu_247/process_blur_8_0_1080_1920_1_U0/mul_8ns_9ns_16_1_1_U92/ORB_accel_mul_8ns_9ns_16_1_1_Multiplier_1_U/p multiplier stage ORB_accel_i/ORB_accel_0/inst/grp_process_ORB_8_0_1080_1920_1_s_fu_247/process_blur_8_0_1080_1920_1_U0/mul_8ns_9ns_16_1_1_U92/ORB_accel_mul_8ns_9ns_16_1_1_Multiplier_1_U/p/P[47:0] is not pipelined (MREG=0). Pipelining the multiplier function will improve performance and will save significant power so it is suggested whenever possible to fully pipeline this function.  If this multiplier was inferred, it is suggested to describe an additional register stage after this function.  If there is no registered adder/accumulator following the multiply function, two pipeline stages are suggested to allow both the MREG and PREG registers to be used.  If the DSP48 was instantiated in the design, it is suggested to set both the MREG and PREG attributes to 1 when performing multiply functions.
Related violations: <none>

DPOP-4#31 Warning
MREG Output pipelining  
DSP ORB_accel_i/ORB_accel_0/inst/grp_process_ORB_8_0_1080_1920_1_s_fu_247/process_blur_8_0_1080_1920_1_U0/mul_8ns_9ns_16_1_1_U93/ORB_accel_mul_8ns_9ns_16_1_1_Multiplier_1_U/p multiplier stage ORB_accel_i/ORB_accel_0/inst/grp_process_ORB_8_0_1080_1920_1_s_fu_247/process_blur_8_0_1080_1920_1_U0/mul_8ns_9ns_16_1_1_U93/ORB_accel_mul_8ns_9ns_16_1_1_Multiplier_1_U/p/P[47:0] is not pipelined (MREG=0). Pipelining the multiplier function will improve performance and will save significant power so it is suggested whenever possible to fully pipeline this function.  If this multiplier was inferred, it is suggested to describe an additional register stage after this function.  If there is no registered adder/accumulator following the multiply function, two pipeline stages are suggested to allow both the MREG and PREG registers to be used.  If the DSP48 was instantiated in the design, it is suggested to set both the MREG and PREG attributes to 1 when performing multiply functions.
Related violations: <none>

DPOP-4#32 Warning
MREG Output pipelining  
DSP ORB_accel_i/ORB_accel_0/inst/grp_process_ORB_8_0_1080_1920_1_s_fu_247/process_blur_8_0_1080_1920_1_U0/mul_8ns_9ns_16_1_1_U99/ORB_accel_mul_8ns_9ns_16_1_1_Multiplier_1_U/p multiplier stage ORB_accel_i/ORB_accel_0/inst/grp_process_ORB_8_0_1080_1920_1_s_fu_247/process_blur_8_0_1080_1920_1_U0/mul_8ns_9ns_16_1_1_U99/ORB_accel_mul_8ns_9ns_16_1_1_Multiplier_1_U/p/P[47:0] is not pipelined (MREG=0). Pipelining the multiplier function will improve performance and will save significant power so it is suggested whenever possible to fully pipeline this function.  If this multiplier was inferred, it is suggested to describe an additional register stage after this function.  If there is no registered adder/accumulator following the multiply function, two pipeline stages are suggested to allow both the MREG and PREG registers to be used.  If the DSP48 was instantiated in the design, it is suggested to set both the MREG and PREG attributes to 1 when performing multiply functions.
Related violations: <none>

DPOP-4#33 Warning
MREG Output pipelining  
DSP ORB_accel_i/ORB_accel_0/inst/grp_process_ORB_8_0_1080_1920_1_s_fu_247/process_rBRIEF_8_1080_1920_U0/grp_descriptor_fu_24325/mac_muladd_9s_5s_14ns_14_4_1_U192/ORB_accel_mac_muladd_9s_5s_14ns_14_4_1_DSP48_9_U/p_reg_reg multiplier stage ORB_accel_i/ORB_accel_0/inst/grp_process_ORB_8_0_1080_1920_1_s_fu_247/process_rBRIEF_8_1080_1920_U0/grp_descriptor_fu_24325/mac_muladd_9s_5s_14ns_14_4_1_U192/ORB_accel_mac_muladd_9s_5s_14ns_14_4_1_DSP48_9_U/p_reg_reg/P[47:0] is not pipelined (MREG=0). Pipelining the multiplier function will improve performance and will save significant power so it is suggested whenever possible to fully pipeline this function.  If this multiplier was inferred, it is suggested to describe an additional register stage after this function.  If there is no registered adder/accumulator following the multiply function, two pipeline stages are suggested to allow both the MREG and PREG registers to be used.  If the DSP48 was instantiated in the design, it is suggested to set both the MREG and PREG attributes to 1 when performing multiply functions.
Related violations: <none>

DPOP-4#34 Warning
MREG Output pipelining  
DSP ORB_accel_i/ORB_accel_0/inst/grp_process_ORB_8_0_1080_1920_1_s_fu_247/process_rBRIEF_8_1080_1920_U0/grp_descriptor_fu_24325/mac_muladd_9s_5s_14ns_14_4_1_U193/ORB_accel_mac_muladd_9s_5s_14ns_14_4_1_DSP48_9_U/p_reg_reg multiplier stage ORB_accel_i/ORB_accel_0/inst/grp_process_ORB_8_0_1080_1920_1_s_fu_247/process_rBRIEF_8_1080_1920_U0/grp_descriptor_fu_24325/mac_muladd_9s_5s_14ns_14_4_1_U193/ORB_accel_mac_muladd_9s_5s_14ns_14_4_1_DSP48_9_U/p_reg_reg/P[47:0] is not pipelined (MREG=0). Pipelining the multiplier function will improve performance and will save significant power so it is suggested whenever possible to fully pipeline this function.  If this multiplier was inferred, it is suggested to describe an additional register stage after this function.  If there is no registered adder/accumulator following the multiply function, two pipeline stages are suggested to allow both the MREG and PREG registers to be used.  If the DSP48 was instantiated in the design, it is suggested to set both the MREG and PREG attributes to 1 when performing multiply functions.
Related violations: <none>

DPOP-4#35 Warning
MREG Output pipelining  
DSP ORB_accel_i/ORB_accel_0/inst/grp_process_ORB_8_0_1080_1920_1_s_fu_247/process_resize_8_0_1080_1920_1_U0/grp_resize_1_0_1080_1920_1080_1920_1_8_s_fu_80/grp_resizeNNBilinear_0_1080_1920_1_1080_1920_1_8_s_fu_48/grp_scaleCompute_17_42_20_48_16_1_s_fu_583/mul_48ns_42s_74_1_1_U46/ORB_accel_mul_48ns_42s_74_1_1_Multiplier_0_U/p multiplier stage ORB_accel_i/ORB_accel_0/inst/grp_process_ORB_8_0_1080_1920_1_s_fu_247/process_resize_8_0_1080_1920_1_U0/grp_resize_1_0_1080_1920_1080_1920_1_8_s_fu_80/grp_resizeNNBilinear_0_1080_1920_1_1080_1920_1_8_s_fu_48/grp_scaleCompute_17_42_20_48_16_1_s_fu_583/mul_48ns_42s_74_1_1_U46/ORB_accel_mul_48ns_42s_74_1_1_Multiplier_0_U/p/P[47:0] is not pipelined (MREG=0). Pipelining the multiplier function will improve performance and will save significant power so it is suggested whenever possible to fully pipeline this function.  If this multiplier was inferred, it is suggested to describe an additional register stage after this function.  If there is no registered adder/accumulator following the multiply function, two pipeline stages are suggested to allow both the MREG and PREG registers to be used.  If the DSP48 was instantiated in the design, it is suggested to set both the MREG and PREG attributes to 1 when performing multiply functions.
Related violations: <none>

DPOP-4#36 Warning
MREG Output pipelining  
DSP ORB_accel_i/ORB_accel_0/inst/grp_process_ORB_8_0_1080_1920_1_s_fu_247/process_resize_8_0_1080_1920_1_U0/grp_resize_1_0_1080_1920_1080_1920_1_8_s_fu_80/grp_resizeNNBilinear_0_1080_1920_1_1080_1920_1_8_s_fu_48/grp_scaleCompute_17_42_20_48_16_1_s_fu_583/mul_48ns_42s_74_1_1_U46/ORB_accel_mul_48ns_42s_74_1_1_Multiplier_0_U/p__0 multiplier stage ORB_accel_i/ORB_accel_0/inst/grp_process_ORB_8_0_1080_1920_1_s_fu_247/process_resize_8_0_1080_1920_1_U0/grp_resize_1_0_1080_1920_1080_1920_1_8_s_fu_80/grp_resizeNNBilinear_0_1080_1920_1_1080_1920_1_8_s_fu_48/grp_scaleCompute_17_42_20_48_16_1_s_fu_583/mul_48ns_42s_74_1_1_U46/ORB_accel_mul_48ns_42s_74_1_1_Multiplier_0_U/p__0/P[47:0] is not pipelined (MREG=0). Pipelining the multiplier function will improve performance and will save significant power so it is suggested whenever possible to fully pipeline this function.  If this multiplier was inferred, it is suggested to describe an additional register stage after this function.  If there is no registered adder/accumulator following the multiply function, two pipeline stages are suggested to allow both the MREG and PREG registers to be used.  If the DSP48 was instantiated in the design, it is suggested to set both the MREG and PREG attributes to 1 when performing multiply functions.
Related violations: <none>

DPOP-4#37 Warning
MREG Output pipelining  
DSP ORB_accel_i/ORB_accel_0/inst/grp_process_ORB_8_0_1080_1920_1_s_fu_247/process_resize_8_0_1080_1920_1_U0/grp_resize_1_0_1080_1920_1080_1920_1_8_s_fu_80/grp_resizeNNBilinear_0_1080_1920_1_1080_1920_1_8_s_fu_48/grp_scaleCompute_17_42_20_48_16_1_s_fu_583/mul_48ns_42s_74_1_1_U46/ORB_accel_mul_48ns_42s_74_1_1_Multiplier_0_U/p__1 multiplier stage ORB_accel_i/ORB_accel_0/inst/grp_process_ORB_8_0_1080_1920_1_s_fu_247/process_resize_8_0_1080_1920_1_U0/grp_resize_1_0_1080_1920_1080_1920_1_8_s_fu_80/grp_resizeNNBilinear_0_1080_1920_1_1080_1920_1_8_s_fu_48/grp_scaleCompute_17_42_20_48_16_1_s_fu_583/mul_48ns_42s_74_1_1_U46/ORB_accel_mul_48ns_42s_74_1_1_Multiplier_0_U/p__1/P[47:0] is not pipelined (MREG=0). Pipelining the multiplier function will improve performance and will save significant power so it is suggested whenever possible to fully pipeline this function.  If this multiplier was inferred, it is suggested to describe an additional register stage after this function.  If there is no registered adder/accumulator following the multiply function, two pipeline stages are suggested to allow both the MREG and PREG registers to be used.  If the DSP48 was instantiated in the design, it is suggested to set both the MREG and PREG attributes to 1 when performing multiply functions.
Related violations: <none>

DPOP-4#38 Warning
MREG Output pipelining  
DSP ORB_accel_i/ORB_accel_0/inst/grp_process_ORB_8_0_1080_1920_1_s_fu_247/process_resize_8_0_1080_1920_1_U0/grp_resize_1_0_1080_1920_1080_1920_1_8_s_fu_80/grp_resizeNNBilinear_0_1080_1920_1_1080_1920_1_8_s_fu_48/grp_scaleCompute_17_42_20_48_16_1_s_fu_583/mul_48ns_42s_74_1_1_U46/ORB_accel_mul_48ns_42s_74_1_1_Multiplier_0_U/p__2 multiplier stage ORB_accel_i/ORB_accel_0/inst/grp_process_ORB_8_0_1080_1920_1_s_fu_247/process_resize_8_0_1080_1920_1_U0/grp_resize_1_0_1080_1920_1080_1920_1_8_s_fu_80/grp_resizeNNBilinear_0_1080_1920_1_1080_1920_1_8_s_fu_48/grp_scaleCompute_17_42_20_48_16_1_s_fu_583/mul_48ns_42s_74_1_1_U46/ORB_accel_mul_48ns_42s_74_1_1_Multiplier_0_U/p__2/P[47:0] is not pipelined (MREG=0). Pipelining the multiplier function will improve performance and will save significant power so it is suggested whenever possible to fully pipeline this function.  If this multiplier was inferred, it is suggested to describe an additional register stage after this function.  If there is no registered adder/accumulator following the multiply function, two pipeline stages are suggested to allow both the MREG and PREG registers to be used.  If the DSP48 was instantiated in the design, it is suggested to set both the MREG and PREG attributes to 1 when performing multiply functions.
Related violations: <none>

DPOP-4#39 Warning
MREG Output pipelining  
DSP ORB_accel_i/ORB_accel_0/inst/grp_process_ORB_8_0_1080_1920_1_s_fu_247/process_resize_8_0_1080_1920_1_U0/grp_resize_1_0_1080_1920_1080_1920_1_8_s_fu_80/grp_resizeNNBilinear_0_1080_1920_1_1080_1920_1_8_s_fu_48/grp_scaleCompute_17_42_20_48_16_1_s_fu_583/mul_48ns_42s_74_1_1_U46/ORB_accel_mul_48ns_42s_74_1_1_Multiplier_0_U/p__3 multiplier stage ORB_accel_i/ORB_accel_0/inst/grp_process_ORB_8_0_1080_1920_1_s_fu_247/process_resize_8_0_1080_1920_1_U0/grp_resize_1_0_1080_1920_1080_1920_1_8_s_fu_80/grp_resizeNNBilinear_0_1080_1920_1_1080_1920_1_8_s_fu_48/grp_scaleCompute_17_42_20_48_16_1_s_fu_583/mul_48ns_42s_74_1_1_U46/ORB_accel_mul_48ns_42s_74_1_1_Multiplier_0_U/p__3/P[47:0] is not pipelined (MREG=0). Pipelining the multiplier function will improve performance and will save significant power so it is suggested whenever possible to fully pipeline this function.  If this multiplier was inferred, it is suggested to describe an additional register stage after this function.  If there is no registered adder/accumulator following the multiply function, two pipeline stages are suggested to allow both the MREG and PREG registers to be used.  If the DSP48 was instantiated in the design, it is suggested to set both the MREG and PREG attributes to 1 when performing multiply functions.
Related violations: <none>

DPOP-4#40 Warning
MREG Output pipelining  
DSP ORB_accel_i/ORB_accel_0/inst/grp_process_ORB_8_0_1080_1920_1_s_fu_247/process_resize_8_0_1080_1920_1_U0/grp_resize_1_0_1080_1920_1080_1920_1_8_s_fu_80/grp_resizeNNBilinear_0_1080_1920_1_1080_1920_1_8_s_fu_48/grp_scaleCompute_17_42_20_48_16_1_s_fu_583/mul_48ns_42s_74_1_1_U46/ORB_accel_mul_48ns_42s_74_1_1_Multiplier_0_U/p__4 multiplier stage ORB_accel_i/ORB_accel_0/inst/grp_process_ORB_8_0_1080_1920_1_s_fu_247/process_resize_8_0_1080_1920_1_U0/grp_resize_1_0_1080_1920_1080_1920_1_8_s_fu_80/grp_resizeNNBilinear_0_1080_1920_1_1080_1920_1_8_s_fu_48/grp_scaleCompute_17_42_20_48_16_1_s_fu_583/mul_48ns_42s_74_1_1_U46/ORB_accel_mul_48ns_42s_74_1_1_Multiplier_0_U/p__4/P[47:0] is not pipelined (MREG=0). Pipelining the multiplier function will improve performance and will save significant power so it is suggested whenever possible to fully pipeline this function.  If this multiplier was inferred, it is suggested to describe an additional register stage after this function.  If there is no registered adder/accumulator following the multiply function, two pipeline stages are suggested to allow both the MREG and PREG registers to be used.  If the DSP48 was instantiated in the design, it is suggested to set both the MREG and PREG attributes to 1 when performing multiply functions.
Related violations: <none>

RTSTAT-10#1 Warning
No routable loads  
33 net(s) have no routable loads. The problem bus(es) and/or net(s) are ORB_accel_i/ps8_0_axi_periph/s00_couplers/auto_ds/inst/gen_downsizer.gen_simple_downsizer.axi_downsizer_inst/USE_READ.read_addr_inst/cmd_queue/inst/fifo_gen_inst/inst_fifo_gen/gconvfifo.rf/grf.rf/gntv_or_sync_fifo.gl0.rd/gr1.gr1_int.rfwft/aempty_fwft_i,
ORB_accel_i/ps8_0_axi_periph/s00_couplers/auto_ds/inst/gen_downsizer.gen_simple_downsizer.axi_downsizer_inst/USE_READ.read_addr_inst/cmd_queue/inst/fifo_gen_inst/inst_fifo_gen/gconvfifo.rf/grf.rf/gntv_or_sync_fifo.gl0.rd/grss.rsts/ram_empty_i,
ORB_accel_i/ps8_0_axi_periph/s00_couplers/auto_ds/inst/gen_downsizer.gen_simple_downsizer.axi_downsizer_inst/USE_READ.read_addr_inst/cmd_queue/inst/fifo_gen_inst/inst_fifo_gen/gconvfifo.rf/grf.rf/gntv_or_sync_fifo.gl0.wr/gwss.wsts/ram_afull_fb,
ORB_accel_i/ps8_0_axi_periph/s00_couplers/auto_ds/inst/gen_downsizer.gen_simple_downsizer.axi_downsizer_inst/USE_READ.read_addr_inst/cmd_queue/inst/fifo_gen_inst/inst_fifo_gen/gconvfifo.rf/grf.rf/gntv_or_sync_fifo.gl0.wr/gwss.wsts/ram_afull_i,
ORB_accel_i/ps8_0_axi_periph/s00_couplers/auto_ds/inst/gen_downsizer.gen_simple_downsizer.axi_downsizer_inst/USE_READ.read_addr_inst/cmd_queue/inst/fifo_gen_inst/inst_fifo_gen/gconvfifo.rf/grf.rf/rstblk/rd_rst_reg[2:0],
ORB_accel_i/ps8_0_axi_periph/s00_couplers/auto_ds/inst/gen_downsizer.gen_simple_downsizer.axi_downsizer_inst/USE_WRITE.write_addr_inst/USE_B_CHANNEL.cmd_b_queue/inst/fifo_gen_inst/inst_fifo_gen/gconvfifo.rf/grf.rf/gntv_or_sync_fifo.gl0.rd/gr1.gr1_int.rfwft/aempty_fwft_i,
ORB_accel_i/ps8_0_axi_periph/s00_couplers/auto_ds/inst/gen_downsizer.gen_simple_downsizer.axi_downsizer_inst/USE_WRITE.write_addr_inst/USE_B_CHANNEL.cmd_b_queue/inst/fifo_gen_inst/inst_fifo_gen/gconvfifo.rf/grf.rf/gntv_or_sync_fifo.gl0.rd/grss.rsts/ram_empty_i,
ORB_accel_i/ps8_0_axi_periph/s00_couplers/auto_ds/inst/gen_downsizer.gen_simple_downsizer.axi_downsizer_inst/USE_WRITE.write_addr_inst/USE_B_CHANNEL.cmd_b_queue/inst/fifo_gen_inst/inst_fifo_gen/gconvfifo.rf/grf.rf/gntv_or_sync_fifo.gl0.wr/gwss.wsts/ram_afull_fb,
ORB_accel_i/ps8_0_axi_periph/s00_couplers/auto_ds/inst/gen_downsizer.gen_simple_downsizer.axi_downsizer_inst/USE_WRITE.write_addr_inst/USE_B_CHANNEL.cmd_b_queue/inst/fifo_gen_inst/inst_fifo_gen/gconvfifo.rf/grf.rf/gntv_or_sync_fifo.gl0.wr/gwss.wsts/ram_afull_i,
ORB_accel_i/ps8_0_axi_periph/s00_couplers/auto_ds/inst/gen_downsizer.gen_simple_downsizer.axi_downsizer_inst/USE_WRITE.write_addr_inst/USE_B_CHANNEL.cmd_b_queue/inst/fifo_gen_inst/inst_fifo_gen/gconvfifo.rf/grf.rf/rstblk/rd_rst_reg[2:0],
ORB_accel_i/ps8_0_axi_periph/s00_couplers/auto_ds/inst/gen_downsizer.gen_simple_downsizer.axi_downsizer_inst/USE_WRITE.write_addr_inst/cmd_queue/inst/fifo_gen_inst/inst_fifo_gen/gconvfifo.rf/grf.rf/gntv_or_sync_fifo.gl0.rd/gr1.gr1_int.rfwft/aempty_fwft_i,
ORB_accel_i/ps8_0_axi_periph/s00_couplers/auto_ds/inst/gen_downsizer.gen_simple_downsizer.axi_downsizer_inst/USE_WRITE.write_addr_inst/cmd_queue/inst/fifo_gen_inst/inst_fifo_gen/gconvfifo.rf/grf.rf/gntv_or_sync_fifo.gl0.rd/grss.rsts/ram_empty_i,
ORB_accel_i/ps8_0_axi_periph/s00_couplers/auto_ds/inst/gen_downsizer.gen_simple_downsizer.axi_downsizer_inst/USE_WRITE.write_addr_inst/cmd_queue/inst/fifo_gen_inst/inst_fifo_gen/gconvfifo.rf/grf.rf/gntv_or_sync_fifo.gl0.wr/gwss.wsts/ram_afull_fb,
ORB_accel_i/ps8_0_axi_periph/s00_couplers/auto_ds/inst/gen_downsizer.gen_simple_downsizer.axi_downsizer_inst/USE_WRITE.write_addr_inst/cmd_queue/inst/fifo_gen_inst/inst_fifo_gen/gconvfifo.rf/grf.rf/gntv_or_sync_fifo.gl0.wr/gwss.wsts/ram_afull_i,
ORB_accel_i/ps8_0_axi_periph/s00_couplers/auto_ds/inst/gen_downsizer.gen_simple_downsizer.axi_downsizer_inst/USE_WRITE.write_addr_inst/cmd_queue/inst/fifo_gen_inst/inst_fifo_gen/gconvfifo.rf/grf.rf/rstblk/rd_rst_reg[2:0]
 (the first 15 of 21 listed).
Related violations: <none>

REQP-1934#1 Advisory
RAMB18E2_nochange_collision_advisory  
Synchronous clocking is detected for BRAM (ORB_accel_i/axi_dma_0/U0/I_PRMRY_DATAMOVER/GEN_MM2S_FULL.I_MM2S_FULL_WRAPPER/GEN_INCLUDE_MM2S_SF.I_RD_SF/I_DATA_FIFO/BLK_MEM.I_SYNC_FIFOGEN_FIFO/xpm_fifo_instance.xpm_fifo_sync_inst/xpm_fifo_base_inst/gen_sdpram.xpm_memory_base_inst/gen_wr_a.gen_word_narrow.mem_reg_2) in SDP mode with NO_CHANGE write-mode. This is the preferred mode for best power characteristics. However, NO_CHANGE may exhibit address collisions if the same address appears on both read and write ports resulting in unknown or corrupted read data. It is suggested to confirm via simulation that an address collision never occurs and if so it is suggested to try and avoid this situation. If address collisions cannot be avoided, the write-mode may be set to READ_FIRST which guarantees that the read data is the prior contents of the memory at the cost of additional power in the design. See the FPGA Memory Resources User Guide for additional information.
Related violations: <none>

REQP-1934#2 Advisory
RAMB18E2_nochange_collision_advisory  
Synchronous clocking is detected for BRAM (ORB_accel_i/axi_dma_0/U0/I_PRMRY_DATAMOVER/GEN_S2MM_FULL.I_S2MM_FULL_WRAPPER/GEN_ENABLE_INDET_BTT_SF.I_INDET_BTT/I_DATA_FIFO/BLK_MEM.I_SYNC_FIFOGEN_FIFO/xpm_fifo_instance.xpm_fifo_sync_inst/xpm_fifo_base_inst/gen_sdpram.xpm_memory_base_inst/gen_wr_a.gen_word_narrow.mem_reg_2) in SDP mode with NO_CHANGE write-mode. This is the preferred mode for best power characteristics. However, NO_CHANGE may exhibit address collisions if the same address appears on both read and write ports resulting in unknown or corrupted read data. It is suggested to confirm via simulation that an address collision never occurs and if so it is suggested to try and avoid this situation. If address collisions cannot be avoided, the write-mode may be set to READ_FIRST which guarantees that the read data is the prior contents of the memory at the cost of additional power in the design. See the FPGA Memory Resources User Guide for additional information.
Related violations: <none>

REQP-1935#1 Advisory
RAMB36E2_nochange_collision_advisory  
Synchronous clocking is detected for BRAM (ORB_accel_i/axi_dma_0/U0/I_PRMRY_DATAMOVER/GEN_MM2S_FULL.I_MM2S_FULL_WRAPPER/GEN_INCLUDE_MM2S_SF.I_RD_SF/I_DATA_FIFO/BLK_MEM.I_SYNC_FIFOGEN_FIFO/xpm_fifo_instance.xpm_fifo_sync_inst/xpm_fifo_base_inst/gen_sdpram.xpm_memory_base_inst/gen_wr_a.gen_word_narrow.mem_reg_0) in SDP mode with NO_CHANGE write-mode. This is the preferred mode for best power characteristics. However, NO_CHANGE may exhibit address collisions if the same address appears on both read and write ports resulting in unknown or corrupted read data. It is suggested to confirm via simulation that an address collision never occurs and if so it is suggested to try and avoid this situation. If address collisions cannot be avoided, the write-mode may be set to READ_FIRST which guarantees that the read data is the prior contents of the memory at the cost of additional power in the design. See the FPGA Memory Resources User Guide for additional information.
Related violations: <none>

REQP-1935#2 Advisory
RAMB36E2_nochange_collision_advisory  
Synchronous clocking is detected for BRAM (ORB_accel_i/axi_dma_0/U0/I_PRMRY_DATAMOVER/GEN_MM2S_FULL.I_MM2S_FULL_WRAPPER/GEN_INCLUDE_MM2S_SF.I_RD_SF/I_DATA_FIFO/BLK_MEM.I_SYNC_FIFOGEN_FIFO/xpm_fifo_instance.xpm_fifo_sync_inst/xpm_fifo_base_inst/gen_sdpram.xpm_memory_base_inst/gen_wr_a.gen_word_narrow.mem_reg_1) in SDP mode with NO_CHANGE write-mode. This is the preferred mode for best power characteristics. However, NO_CHANGE may exhibit address collisions if the same address appears on both read and write ports resulting in unknown or corrupted read data. It is suggested to confirm via simulation that an address collision never occurs and if so it is suggested to try and avoid this situation. If address collisions cannot be avoided, the write-mode may be set to READ_FIRST which guarantees that the read data is the prior contents of the memory at the cost of additional power in the design. See the FPGA Memory Resources User Guide for additional information.
Related violations: <none>

REQP-1935#3 Advisory
RAMB36E2_nochange_collision_advisory  
Synchronous clocking is detected for BRAM (ORB_accel_i/axi_dma_0/U0/I_PRMRY_DATAMOVER/GEN_S2MM_FULL.I_S2MM_FULL_WRAPPER/GEN_ENABLE_INDET_BTT_SF.I_INDET_BTT/I_DATA_FIFO/BLK_MEM.I_SYNC_FIFOGEN_FIFO/xpm_fifo_instance.xpm_fifo_sync_inst/xpm_fifo_base_inst/gen_sdpram.xpm_memory_base_inst/gen_wr_a.gen_word_narrow.mem_reg_0) in SDP mode with NO_CHANGE write-mode. This is the preferred mode for best power characteristics. However, NO_CHANGE may exhibit address collisions if the same address appears on both read and write ports resulting in unknown or corrupted read data. It is suggested to confirm via simulation that an address collision never occurs and if so it is suggested to try and avoid this situation. If address collisions cannot be avoided, the write-mode may be set to READ_FIRST which guarantees that the read data is the prior contents of the memory at the cost of additional power in the design. See the FPGA Memory Resources User Guide for additional information.
Related violations: <none>

REQP-1935#4 Advisory
RAMB36E2_nochange_collision_advisory  
Synchronous clocking is detected for BRAM (ORB_accel_i/axi_dma_0/U0/I_PRMRY_DATAMOVER/GEN_S2MM_FULL.I_S2MM_FULL_WRAPPER/GEN_ENABLE_INDET_BTT_SF.I_INDET_BTT/I_DATA_FIFO/BLK_MEM.I_SYNC_FIFOGEN_FIFO/xpm_fifo_instance.xpm_fifo_sync_inst/xpm_fifo_base_inst/gen_sdpram.xpm_memory_base_inst/gen_wr_a.gen_word_narrow.mem_reg_1) in SDP mode with NO_CHANGE write-mode. This is the preferred mode for best power characteristics. However, NO_CHANGE may exhibit address collisions if the same address appears on both read and write ports resulting in unknown or corrupted read data. It is suggested to confirm via simulation that an address collision never occurs and if so it is suggested to try and avoid this situation. If address collisions cannot be avoided, the write-mode may be set to READ_FIRST which guarantees that the read data is the prior contents of the memory at the cost of additional power in the design. See the FPGA Memory Resources User Guide for additional information.
Related violations: <none>


